--------- beginning of main
12-16 16:59:58.871  2936  3034 I VrApi   : OVR::Stats thread Suspend
12-16 16:59:58.874  2936  3034 I VrApi   : OVR::Stats thread stopped
12-16 16:59:59.020  5776  5801 I VrApi   : ---------- vrapi_EnterVrMode [start] ----------
12-16 16:59:59.042  5776  5801 I VrApi   : ovrModeParms::VRAPI_MODE_FLAG_RESET_WINDOW_FULLSCREEN = 0
12-16 16:59:59.042  5776  5801 I VrApi   : ovrModeParms::VRAPI_MODE_FLAG_NATIVE_WINDOW = 1
12-16 16:59:59.042  5776  5801 I VrApi   : ovrModeParms::VRAPI_MODE_FLAG_FRONT_BUFFER_SRGB = 0
12-16 16:59:59.042  5776  5801 I VrApi   : ovrModeParms::VRAPI_MODE_FLAG_PHASE_SYNC = 0
12-16 16:59:59.042  5776  5801 I VrApi   : ovrModeParms::VRAPI_MODE_FLAG_APP_SPACE_WARP = 0
12-16 16:59:59.042  5776  5801 I VrApi   : PhaseSync disabled
12-16 16:59:59.042  5776  5801 I VrApi   : HMD sensor attached.
12-16 16:59:59.046  5776  5801 I VrApi   : Creating Default swapchain
12-16 16:59:59.047  5776  5801 I VrApi   : Creating Loading Icon swapchain
12-16 16:59:59.048  5776  5801 I VrApi   : OVR::Stats thread started
12-16 16:59:59.049  5776  5801 I VrApi   : Initial BaseVsync 293160 
12-16 16:59:59.049  5776  5801 I VrApi   : ---------- vrapi_EnterVrMode [end] ----------
12-16 16:59:59.122  2936  3034 I VrApi   : OVR::Stats thread Resume
12-16 16:59:59.132  5776  5801 I VrApi   : MakeNonblockingRequest: blocked for 2.14ms
12-16 16:59:59.152  2936  3034 I VrApi   : OVR::Stats thread started
12-16 16:59:59.296  5776  5801 W VrApi   : ovr_SubmitFrameInternal: FrameIndex discontinuity: Expected 201257, Received 201258
12-16 17:00:00.137  5776  5801 W VrApi   : ovr_SubmitFrameInternal: FrameIndex discontinuity: Expected 201319, Received 201318
12-16 17:00:00.158  5776  5801 I VrApi   : ---------- vrapi_LeaveVrMode [start] ----------
12-16 17:00:00.320  5776  5801 I VrApi   : OVR::Stats thread stopped
12-16 17:00:00.351  5776  5801 I VrApi   : ---------- vrapi_LeaveVrMode [end] ----------
12-16 17:00:01.673  5776  5801 I VrApi   : ---------- vrapi_EnterVrMode [start] ----------
12-16 17:00:01.697  5776  5801 I VrApi   : ovrModeParms::VRAPI_MODE_FLAG_RESET_WINDOW_FULLSCREEN = 0
12-16 17:00:01.697  5776  5801 I VrApi   : ovrModeParms::VRAPI_MODE_FLAG_NATIVE_WINDOW = 1
12-16 17:00:01.697  5776  5801 I VrApi   : ovrModeParms::VRAPI_MODE_FLAG_FRONT_BUFFER_SRGB = 0
12-16 17:00:01.697  5776  5801 I VrApi   : ovrModeParms::VRAPI_MODE_FLAG_PHASE_SYNC = 0
12-16 17:00:01.697  5776  5801 I VrApi   : ovrModeParms::VRAPI_MODE_FLAG_APP_SPACE_WARP = 0
12-16 17:00:01.697  5776  5801 I VrApi   : PhaseSync disabled
12-16 17:00:01.697  5776  5801 W VrApi   : Operating without a sensor.
12-16 17:00:01.707  5776  5801 I VrApi   : Creating Default swapchain
12-16 17:00:01.707  5776  5801 I VrApi   : Creating Loading Icon swapchain
12-16 17:00:01.707  5776  5801 I VrApi   : OVR::Stats thread started
12-16 17:00:01.707  5776  5801 I VrApi   : Initial BaseVsync 293351 
12-16 17:00:01.707  5776  5801 I VrApi   : ---------- vrapi_EnterVrMode [end] ----------
12-16 17:00:03.007  5776  8514 I VrApi   : FPS=64/72,Prd=0ms,Tear=0,Early=0,Stale=16,Stale2/5/10/max=1/1/1/19,VSnc=1,Lat=0,Fov=0,CPU4/GPU=3/4,1382/525MHz,OC=FF,TA=0/70/0,SP=N/F/N,Mem=2092MHz,Free=7866MB,PLS=0,Temp=31.0C/0.0C,TW=3.84ms,App=-149.13ms,GD=0.74ms,CPU&GPU=15.61ms,LCnt=3(DR8,LM2),GPU%=0.49,CPU%=0.07(W0.15),DSF=1.00,CFL=16.82/27.44,ICFLp95=25.62,LD=1,SF=1.21,LP=0,DVFS=0
12-16 17:00:04.000  5776  8514 I VrApi   : FPS=71/72,Prd=0ms,Tear=0,Early=0,Stale=6,Stale2/5/10/max=2/0/0/4,VSnc=1,Lat=0,Fov=0,CPU4/GPU=3/4,1382/525MHz,OC=FF,TA=0/70/0,SP=N/F/N,Mem=2092MHz,Free=7866MB,PLS=0,Temp=31.0C/0.0C,TW=2.80ms,App=0.47ms,GD=0.20ms,CPU&GPU=13.55ms,LCnt=2(DR0,LM0),GPU%=0.29,CPU%=0.04(W0.05),DSF=1.00,CFL=17.96/27.26,ICFLp95=26.14,LD=1,SF=1.21,LP=0,DVFS=0
12-16 17:00:05.000  5776  8514 I VrApi   : FPS=72/72,Prd=0ms,Tear=0,Early=0,Stale=4,Stale2/5/10/max=1/0/0/4,VSnc=1,Lat=0,Fov=0,CPU4/GPU=3/4,1382/525MHz,OC=FF,TA=0/70/0,SP=N/F/N,Mem=1555MHz,Free=7866MB,PLS=0,Temp=30.7C/0.0C,TW=1.45ms,App=0.78ms,GD=0.00ms,CPU&GPU=13.08ms,LCnt=1(DR68,LM0),GPU%=0.18,CPU%=0.05(W0.10),DSF=1.00,CFL=17.88/26.94,ICFLp95=26.27,LD=1,SF=1.21,LP=0,DVFS=0
12-16 17:00:06.000  5776  8514 I VrApi   : FPS=72/72,Prd=0ms,Tear=0,Early=0,Stale=0,Stale2/5/10/max=0/0/0/0,VSnc=1,Lat=0,Fov=0,CPU4/GPU=3/4,1382/525MHz,OC=FF,TA=0/70/0,SP=N/F/N,Mem=1555MHz,Free=7866MB,PLS=0,Temp=30.7C/0.0C,TW=1.63ms,App=0.77ms,GD=0.00ms,CPU&GPU=13.09ms,LCnt=1(DR72,LM0),GPU%=0.19,CPU%=0.07(W0.14),DSF=1.00,CFL=19.63/24.13,ICFLp95=23.09,LD=1,SF=1.21,LP=0,DVFS=0
12-16 17:00:06.723  2936  3034 I VrApi   : OVR::Stats thread Suspend
12-16 17:00:06.731  2936  3034 I VrApi   : OVR::Stats thread stopped
12-16 17:00:07.000  5776  8514 I VrApi   : FPS=72/72,Prd=0ms,Tear=0,Early=0,Stale=0,Stale2/5/10/max=0/0/0/0,VSnc=1,Lat=0,Fov=0,CPU4/GPU=3/4,1382/525MHz,OC=FF,TA=0/70/0,SP=N/F/N,Mem=1555MHz,Free=7866MB,PLS=0,Temp=30.7C/0.0C,TW=1.68ms,App=0.83ms,GD=0.00ms,CPU&GPU=13.11ms,LCnt=1(DR72,LM0),GPU%=0.20,CPU%=0.02(W0.06),DSF=1.00,CFL=18.83/23.41,ICFLp95=21.67,LD=1,SF=1.21,LP=0,DVFS=0
12-16 17:00:08.000  5776  8514 I VrApi   : FPS=72/72,Prd=0ms,Tear=0,Early=0,Stale=0,Stale2/5/10/max=0/0/0/0,VSnc=1,Lat=0,Fov=0,CPU4/GPU=3/4,1382/525MHz,OC=FF,TA=0/70/0,SP=N/F/N,Mem=1555MHz,Free=7866MB,PLS=0,Temp=30.7C/0.0C,TW=1.82ms,App=0.84ms,GD=0.00ms,CPU&GPU=13.13ms,LCnt=1(DR72,LM0),GPU%=0.21,CPU%=0.08(W0.14),DSF=1.00,CFL=18.16/22.02,ICFLp95=20.97,LD=1,SF=1.21,LP=0,DVFS=0
12-16 17:00:09.000  5776  8514 I VrApi   : FPS=72/72,Prd=0ms,Tear=0,Early=0,Stale=0,Stale2/5/10/max=0/0/0/0,VSnc=1,Lat=0,Fov=0,CPU4/GPU=3/4,1382/525MHz,OC=FF,TA=0/70/0,SP=N/F/N,Mem=1555MHz,Free=7866MB,PLS=0,Temp=30.7C/0.0C,TW=1.73ms,App=0.80ms,GD=0.00ms,CPU&GPU=13.12ms,LCnt=1(DR72,LM0),GPU%=0.21,CPU%=0.16(W0.19),DSF=1.00,CFL=17.92/21.71,ICFLp95=20.55,LD=1,SF=1.21,LP=0,DVFS=0
12-16 17:00:09.147  5776  5801 W VrApi   : ovr_SubmitFrameInternal: FrameIndex discontinuity: Expected 201839, Received 201840
12-16 17:00:10.000  5776  8514 I VrApi   : FPS=72/72,Prd=0ms,Tear=0,Early=0,Stale=9,Stale2/5/10/max=0/1/0/8,VSnc=1,Lat=0,Fov=0,CPU4/GPU=3/4,1382/525MHz,OC=FF,TA=0/70/0,SP=N/F/N,Mem=1555MHz,Free=7866MB,PLS=0,Temp=30.7C/0.0C,TW=1.68ms,App=0.80ms,GD=0.00ms,CPU&GPU=13.12ms,LCnt=1(DR72,LM0),GPU%=0.20,CPU%=0.07(W0.10),DSF=1.00,CFL=17.68/21.64,ICFLp95=20.37,LD=1,SF=1.21,LP=0,DVFS=0
12-16 17:00:11.001  5776  8514 I VrApi   : FPS=70/72,Prd=0ms,Tear=0,Early=0,Stale=0,Stale2/5/10/max=0/0/0/0,VSnc=1,Lat=0,Fov=0,CPU4/GPU=3/4,1382/525MHz,OC=FF,TA=0/70/0,SP=N/F/N,Mem=1555MHz,Free=7866MB,PLS=0,Temp=30.7C/0.0C,TW=1.61ms,App=0.73ms,GD=0.00ms,CPU&GPU=14.24ms,LCnt=1(DR73,LM0),GPU%=0.19,CPU%=0.11(W0.14),DSF=1.00,CFL=17.58/21.88,ICFLp95=20.32,LD=1,SF=1.21,LP=0,DVFS=0
12-16 17:00:12.001  5776  8514 I VrApi   : FPS=72/72,Prd=0ms,Tear=0,Early=0,Stale=2,Stale2/5/10/max=1/0/0/2,VSnc=1,Lat=0,Fov=0,CPU4/GPU=3/4,1382/525MHz,OC=FF,TA=0/70/0,SP=N/F/N,Mem=1555MHz,Free=7866MB,PLS=0,Temp=30.7C/0.0C,TW=1.99ms,App=1.19ms,GD=0.23ms,CPU&GPU=13.86ms,LCnt=2(DR69,LM0),GPU%=0.26,CPU%=0.23(W0.31),DSF=1.00,CFL=17.48/24.47,ICFLp95=21.09,LD=1,SF=1.21,LP=0,DVFS=0
12-16 17:00:13.001  5776  8514 I VrApi   : FPS=73/72,Prd=0ms,Tear=0,Early=0,Stale=0,Stale2/5/10/max=0/0/0/0,VSnc=1,Lat=0,Fov=0,CPU4/GPU=3/4,1382/525MHz,OC=FF,TA=0/70/0,SP=N/F/N,Mem=1555MHz,Free=7866MB,PLS=0,Temp=30.7C/0.0C,TW=3.50ms,App=0.75ms,GD=0.24ms,CPU&GPU=13.80ms,LCnt=2(DR0,LM0),GPU%=0.35,CPU%=0.09(W0.18),DSF=1.00,CFL=19.97/25.00,ICFLp95=23.48,LD=1,SF=1.21,LP=0,DVFS=0
12-16 17:00:13.714  5776  5801 W VrApi   : ovr_SubmitFrameInternal: FrameIndex discontinuity: Expected 202164, Received 202165
12-16 17:00:14.001  5776  8514 I VrApi   : FPS=72/72,Prd=0ms,Tear=0,Early=0,Stale=10,Stale2/5/10/max=0/0/1/10,VSnc=1,Lat=0,Fov=0,CPU4/GPU=3/4,1382/525MHz,OC=FF,TA=0/70/0,SP=N/F/N,Mem=1555MHz,Free=7866MB,PLS=0,Temp=30.7C/0.0C,TW=3.53ms,App=1.45ms,GD=0.24ms,CPU&GPU=13.87ms,LCnt=2(DR0,LM0),GPU%=0.34,CPU%=0.11(W0.14),DSF=1.00,CFL=19.53/23.53,ICFLp95=22.20,LD=1,SF=1.21,LP=0,DVFS=0
12-16 17:00:15.001  5776  8514 I VrApi   : FPS=68/72,Prd=0ms,Tear=0,Early=0,Stale=0,Stale2/5/10/max=0/0/0/0,VSnc=1,Lat=0,Fov=0,CPU4/GPU=3/4,1382/525MHz,OC=FF,TA=0/70/0,SP=N/F/N,Mem=1555MHz,Free=7866MB,PLS=0,Temp=30.5C/0.0C,TW=3.50ms,App=0.46ms,GD=0.25ms,CPU&GPU=14.50ms,LCnt=2(DR0,LM0),GPU%=0.34,CPU%=0.16(W0.29),DSF=1.00,CFL=19.03/22.99,ICFLp95=22.01,LD=1,SF=1.21,LP=0,DVFS=0
12-16 17:00:16.001  5776  8514 I VrApi   : FPS=72/72,Prd=0ms,Tear=0,Early=0,Stale=0,Stale2/5/10/max=0/0/0/0,VSnc=1,Lat=0,Fov=0,CPU4/GPU=3/4,1382/525MHz,OC=FF,TA=0/70/0,SP=N/F/N,Mem=1555MHz,Free=7866MB,PLS=0,Temp=30.5C/0.0C,TW=3.48ms,App=0.76ms,GD=0.25ms,CPU&GPU=13.86ms,LCnt=2(DR0,LM0),GPU%=0.34,CPU%=0.10(W0.14),DSF=1.00,CFL=18.89/22.56,ICFLp95=21.41,LD=1,SF=1.21,LP=0,DVFS=0
12-16 17:00:17.001  5776  8514 I VrApi   : FPS=72/72,Prd=0ms,Tear=0,Early=0,Stale=2,Stale2/5/10/max=1/0/0/2,VSnc=1,Lat=0,Fov=0,CPU4/GPU=3/4,1382/525MHz,OC=FF,TA=0/70/0,SP=N/F/N,Mem=1555MHz,Free=7866MB,PLS=0,Temp=30.5C/0.0C,TW=3.46ms,App=0.67ms,GD=0.24ms,CPU&GPU=13.86ms,LCnt=2(DR0,LM0),GPU%=0.34,CPU%=0.16(W0.26),DSF=1.00,CFL=18.50/23.18,ICFLp95=21.99,LD=1,SF=1.21,LP=0,DVFS=0
12-16 17:00:18.001  5776  8514 I VrApi   : FPS=73/72,Prd=0ms,Tear=0,Early=0,Stale=2,Stale2/5/10/max=1/0/0/2,VSnc=1,Lat=0,Fov=0,CPU4/GPU=3/4,1382/525MHz,OC=FF,TA=0/70/0,SP=N/F/N,Mem=1555MHz,Free=7866MB,PLS=0,Temp=30.5C/0.0C,TW=3.47ms,App=0.77ms,GD=0.24ms,CPU&GPU=13.83ms,LCnt=2(DR0,LM0),GPU%=0.34,CPU%=0.12(W0.14),DSF=1.00,CFL=20.10/24.64,ICFLp95=22.80,LD=1,SF=1.21,LP=0,DVFS=0
12-16 17:00:19.001  5776  8514 I VrApi   : FPS=72/72,Prd=0ms,Tear=0,Early=0,Stale=0,Stale2/5/10/max=0/0/0/0,VSnc=1,Lat=0,Fov=0,CPU4/GPU=3/4,1382/525MHz,OC=FF,TA=0/70/0,SP=N/F/N,Mem=1555MHz,Free=7866MB,PLS=0,Temp=30.5C/0.0C,TW=3.46ms,App=0.69ms,GD=0.25ms,CPU&GPU=13.86ms,LCnt=2(DR0,LM0),GPU%=0.34,CPU%=0.14(W0.18),DSF=1.00,CFL=19.32/23.59,ICFLp95=22.18,LD=1,SF=1.21,LP=0,DVFS=0
12-16 17:00:19.727  5776  5801 W VrApi   : ovr_SubmitFrameInternal: FrameIndex discontinuity: Expected 202595, Received 202596
12-16 17:00:20.001  5776  8514 I VrApi   : FPS=72/72,Prd=0ms,Tear=0,Early=0,Stale=9,Stale2/5/10/max=0/1/0/9,VSnc=1,Lat=0,Fov=0,CPU4/GPU=3/4,1382/525MHz,OC=FF,TA=0/70/0,SP=N/F/N,Mem=1555MHz,Free=7866MB,PLS=0,Temp=30.5C/0.0C,TW=3.47ms,App=1.54ms,GD=0.25ms,CPU&GPU=13.86ms,LCnt=2(DR0,LM0),GPU%=0.34,CPU%=0.04(W0.05),DSF=1.00,CFL=19.26/23.20,ICFLp95=21.87,LD=1,SF=1.21,LP=0,DVFS=0
12-16 17:00:21.001  5776  8514 I VrApi   : FPS=70/72,Prd=0ms,Tear=0,Early=0,Stale=0,Stale2/5/10/max=0/0/0/0,VSnc=1,Lat=0,Fov=0,CPU4/GPU=3/4,1382/525MHz,OC=FF,TA=0/70/0,SP=N/F/N,Mem=1555MHz,Free=7866MB,PLS=0,Temp=30.5C/0.0C,TW=3.45ms,App=0.61ms,GD=0.25ms,CPU&GPU=14.29ms,LCnt=2(DR0,LM0),GPU%=0.34,CPU%=0.07(W0.10),DSF=1.00,CFL=19.09/23.12,ICFLp95=21.82,LD=1,SF=1.21,LP=0,DVFS=0
12-16 17:00:22.001  5776  8514 I VrApi   : FPS=73/72,Prd=0ms,Tear=0,Early=0,Stale=0,Stale2/5/10/max=0/0/0/0,VSnc=1,Lat=0,Fov=0,CPU4/GPU=3/4,1382/525MHz,OC=FF,TA=0/70/0,SP=N/F/N,Mem=1555MHz,Free=7866MB,PLS=0,Temp=30.5C/0.0C,TW=3.41ms,App=0.73ms,GD=0.24ms,CPU&GPU=13.86ms,LCnt=2(DR0,LM0),GPU%=0.34,CPU%=0.12(W0.24),DSF=1.00,CFL=19.10/23.40,ICFLp95=21.81,LD=1,SF=1.21,LP=0,DVFS=0
12-16 17:00:23.008  5776  8514 I VrApi   : FPS=73/72,Prd=0ms,Tear=0,Early=0,Stale=0,Stale2/5/10/max=0/0/0/0,VSnc=1,Lat=0,Fov=0,CPU4/GPU=3/4,1382/525MHz,OC=FF,TA=0/70/0,SP=N/F/N,Mem=1555MHz,Free=7941MB,PLS=0,Temp=30.5C/0.0C,TW=3.44ms,App=0.75ms,GD=0.24ms,CPU&GPU=13.85ms,LCnt=2(DR0,LM0),GPU%=0.34,CPU%=0.28(W0.32),DSF=1.00,CFL=18.78/23.54,ICFLp95=21.92,LD=1,SF=1.21,LP=0,DVFS=0
12-16 17:00:23.352  5776  5801 W VrApi   : ovr_SubmitFrameInternal: FrameIndex discontinuity: Expected 202855, Received 202856
12-16 17:00:24.001  5776  8514 I VrApi   : FPS=72/72,Prd=0ms,Tear=0,Early=0,Stale=7,Stale2/5/10/max=0/1/0/7,VSnc=1,Lat=0,Fov=0,CPU4/GPU=3/4,1382/525MHz,OC=FF,TA=0/70/0,SP=N/F/N,Mem=1555MHz,Free=7941MB,PLS=0,Temp=30.5C/0.0C,TW=3.48ms,App=0.71ms,GD=0.25ms,CPU&GPU=13.86ms,LCnt=2(DR0,LM0),GPU%=0.35,CPU%=0.10(W0.14),DSF=1.00,CFL=18.92/22.97,ICFLp95=21.46,LD=1,SF=1.21,LP=0,DVFS=0
12-16 17:00:25.002  5776  8514 I VrApi   : FPS=70/72,Prd=0ms,Tear=0,Early=0,Stale=7,Stale2/5/10/max=0/1/0/7,VSnc=1,Lat=0,Fov=0,CPU4/GPU=3/4,1382/525MHz,OC=FF,TA=0/70/0,SP=N/F/N,Mem=1555MHz,Free=7941MB,PLS=0,Temp=30.2C/0.0C,TW=3.34ms,App=0.59ms,GD=0.25ms,CPU&GPU=14.08ms,LCnt=2(DR0,LM0),GPU%=0.34,CPU%=0.14(W0.18),DSF=1.00,CFL=18.92/22.97,ICFLp95=21.46,LD=1,SF=1.21,LP=0,DVFS=0
12-16 17:00:26.002  5776  8514 I VrApi   : FPS=73/72,Prd=0ms,Tear=0,Early=0,Stale=0,Stale2/5/10/max=0/0/0/0,VSnc=1,Lat=0,Fov=0,CPU4/GPU=3/4,1382/525MHz,OC=FF,TA=0/70/0,SP=N/F/N,Mem=1555MHz,Free=7941MB,PLS=0,Temp=30.2C/0.0C,TW=3.49ms,App=0.78ms,GD=0.25ms,CPU&GPU=13.85ms,LCnt=2(DR0,LM0),GPU%=0.35,CPU%=0.10(W0.15),DSF=1.00,CFL=18.73/22.42,ICFLp95=21.31,LD=1,SF=1.21,LP=0,DVFS=0
12-16 17:00:27.002  5776  8514 I VrApi   : FPS=72/72,Prd=0ms,Tear=0,Early=0,Stale=0,Stale2/5/10/max=0/0/0/0,VSnc=1,Lat=0,Fov=0,CPU4/GPU=3/4,1382/525MHz,OC=FF,TA=0/70/0,SP=N/F/N,Mem=1555MHz,Free=7941MB,PLS=0,Temp=30.2C/0.0C,TW=3.49ms,App=0.62ms,GD=0.24ms,CPU&GPU=13.86ms,LCnt=2(DR0,LM0),GPU%=0.34,CPU%=0.11(W0.18),DSF=1.00,CFL=18.88/22.88,ICFLp95=21.76,LD=1,SF=1.21,LP=0,DVFS=0
12-16 17:00:27.143  5776  5801 W VrApi   : ovr_SubmitFrameInternal: FrameIndex discontinuity: Expected 203126, Received 203127
12-16 17:00:28.002  5776  8514 I VrApi   : FPS=73/72,Prd=0ms,Tear=0,Early=0,Stale=0,Stale2/5/10/max=0/0/0/0,VSnc=1,Lat=0,Fov=0,CPU4/GPU=3/4,1382/525MHz,OC=FF,TA=0/70/0,SP=N/F/N,Mem=1555MHz,Free=7941MB,PLS=0,Temp=30.2C/0.0C,TW=3.49ms,App=0.86ms,GD=0.25ms,CPU&GPU=13.86ms,LCnt=2(DR0,LM0),GPU%=0.35,CPU%=0.11(W0.18),DSF=1.00,CFL=18.52/22.91,ICFLp95=21.56,LD=1,SF=1.21,LP=0,DVFS=0
12-16 17:00:29.002  5776  8514 I VrApi   : FPS=70/72,Prd=0ms,Tear=0,Early=0,Stale=9,Stale2/5/10/max=0/1/0/9,VSnc=1,Lat=0,Fov=0,CPU4/GPU=3/4,1382/525MHz,OC=FF,TA=0/70/0,SP=N/F/N,Mem=1555MHz,Free=7941MB,PLS=0,Temp=30.2C/0.0C,TW=3.49ms,App=0.76ms,GD=0.24ms,CPU&GPU=14.36ms,LCnt=2(DR0,LM0),GPU%=0.35,CPU%=0.10(W0.19),DSF=1.00,CFL=18.31/22.55,ICFLp95=21.23,LD=1,SF=1.21,LP=0,DVFS=0
12-16 17:00:30.002  5776  8514 I VrApi   : FPS=73/72,Prd=0ms,Tear=0,Early=0,Stale=0,Stale2/5/10/max=0/0/0/0,VSnc=1,Lat=0,Fov=0,CPU4/GPU=3/4,1382/525MHz,OC=FF,TA=0/70/0,SP=N/F/N,Mem=1555MHz,Free=7941MB,PLS=0,Temp=30.2C/0.0C,TW=3.49ms,App=0.82ms,GD=0.24ms,CPU&GPU=13.86ms,LCnt=2(DR0,LM0),GPU%=0.35,CPU%=0.13(W0.15),DSF=1.00,CFL=18.46/23.52,ICFLp95=21.23,LD=1,SF=1.21,LP=0,DVFS=0
12-16 17:00:31.002  5776  8514 I VrApi   : FPS=73/72,Prd=0ms,Tear=0,Early=0,Stale=0,Stale2/5/10/max=0/0/0/0,VSnc=1,Lat=0,Fov=0,CPU4/GPU=3/4,1382/525MHz,OC=FF,TA=0/70/0,SP=N/F/N,Mem=1555MHz,Free=7941MB,PLS=0,Temp=30.2C/0.0C,TW=3.48ms,App=0.89ms,GD=0.24ms,CPU&GPU=13.86ms,LCnt=2(DR0,LM0),GPU%=0.36,CPU%=0.12(W0.18),DSF=1.00,CFL=18.50/22.14,ICFLp95=21.07,LD=1,SF=1.21,LP=0,DVFS=0
12-16 17:00:32.002  5776  8514 I VrApi   : FPS=73/72,Prd=0ms,Tear=0,Early=0,Stale=6,Stale2/5/10/max=0/1/0/6,VSnc=1,Lat=0,Fov=0,CPU4/GPU=3/4,1382/525MHz,OC=FF,TA=0/70/0,SP=N/F/N,Mem=1555MHz,Free=7941MB,PLS=0,Temp=30.2C/0.0C,TW=3.48ms,App=0.85ms,GD=0.25ms,CPU&GPU=13.64ms,LCnt=2(DR0,LM0),GPU%=0.35,CPU%=0.09(W0.14),DSF=1.00,CFL=18.43/22.85,ICFLp95=21.30,LD=1,SF=1.21,LP=0,DVFS=0
12-16 17:00:33.002  5776  8514 I VrApi   : FPS=73/72,Prd=0ms,Tear=0,Early=0,Stale=0,Stale2/5/10/max=0/0/0/0,VSnc=1,Lat=0,Fov=0,CPU4/GPU=3/4,1382/525MHz,OC=FF,TA=0/70/0,SP=N/F/N,Mem=1555MHz,Free=7941MB,PLS=0,Temp=30.2C/0.0C,TW=3.49ms,App=0.93ms,GD=0.25ms,CPU&GPU=13.12ms,LCnt=2(DR0,LM0),GPU%=0.35,CPU%=0.18(W0.26),DSF=1.00,CFL=18.61/22.53,ICFLp95=21.11,LD=1,SF=1.21,LP=0,DVFS=0
12-16 17:00:34.002  5776  8514 I VrApi   : FPS=73/72,Prd=0ms,Tear=0,Early=0,Stale=0,Stale2/5/10/max=0/0/0/0,VSnc=1,Lat=0,Fov=0,CPU4/GPU=3/4,1382/525MHz,OC=FF,TA=0/70/0,SP=N/F/N,Mem=1555MHz,Free=7941MB,PLS=0,Temp=30.2C/0.0C,TW=3.51ms,App=0.88ms,GD=0.25ms,CPU&GPU=13.19ms,LCnt=2(DR0,LM0),GPU%=0.36,CPU%=0.15(W0.18),DSF=1.00,CFL=18.39/22.73,ICFLp95=21.08,LD=1,SF=1.21,LP=0,DVFS=0
12-16 17:00:35.002  5776  8514 I VrApi   : FPS=73/72,Prd=0ms,Tear=0,Early=0,Stale=0,Stale2/5/10/max=0/0/0/0,VSnc=1,Lat=0,Fov=0,CPU4/GPU=3/4,1382/525MHz,OC=FF,TA=0/70/0,SP=N/F/N,Mem=1555MHz,Free=7941MB,PLS=0,Temp=30.2C/0.0C,TW=3.49ms,App=0.85ms,GD=0.25ms,CPU&GPU=13.14ms,LCnt=2(DR0,LM0),GPU%=0.35,CPU%=0.15(W0.22),DSF=1.00,CFL=18.61/22.76,ICFLp95=21.10,LD=1,SF=1.21,LP=0,DVFS=0
12-16 17:00:36.002  5776  8514 I VrApi   : FPS=73/72,Prd=0ms,Tear=0,Early=0,Stale=0,Stale2/5/10/max=0/0/0/0,VSnc=1,Lat=0,Fov=0,CPU4/GPU=3/4,1382/525MHz,OC=FF,TA=0/70/0,SP=N/F/N,Mem=1555MHz,Free=7941MB,PLS=0,Temp=30.2C/0.0C,TW=3.50ms,App=0.92ms,GD=0.25ms,CPU&GPU=13.13ms,LCnt=2(DR0,LM0),GPU%=0.36,CPU%=0.10(W0.14),DSF=1.00,CFL=18.55/22.63,ICFLp95=21.09,LD=1,SF=1.21,LP=0,DVFS=0
12-16 17:00:37.002  5776  8514 I VrApi   : FPS=73/72,Prd=0ms,Tear=0,Early=0,Stale=5,Stale2/5/10/max=2/0/0/3,VSnc=1,Lat=0,Fov=0,CPU4/GPU=3/4,1382/525MHz,OC=FF,TA=0/70/0,SP=N/F/N,Mem=1555MHz,Free=7941MB,PLS=0,Temp=30.2C/0.0C,TW=3.51ms,App=0.91ms,GD=0.24ms,CPU&GPU=13.14ms,LCnt=2(DR0,LM0),GPU%=0.37,CPU%=0.07(W0.14),DSF=1.00,CFL=18.37/23.39,ICFLp95=21.30,LD=1,SF=1.21,LP=0,DVFS=0
12-16 17:00:38.002  5776  8514 I VrApi   : FPS=73/72,Prd=0ms,Tear=0,Early=0,Stale=5,Stale2/5/10/max=2/0/0/3,VSnc=1,Lat=0,Fov=0,CPU4/GPU=3/4,1382/525MHz,OC=FF,TA=0/70/0,SP=N/F/N,Mem=1555MHz,Free=7941MB,PLS=0,Temp=30.2C/0.0C,TW=3.51ms,App=0.95ms,GD=0.24ms,CPU&GPU=13.00ms,LCnt=2(DR0,LM0),GPU%=0.36,CPU%=0.13(W0.15),DSF=1.00,CFL=18.66/22.56,ICFLp95=21.18,LD=1,SF=1.21,LP=0,DVFS=0
12-16 17:00:39.002  5776  8514 I VrApi   : FPS=73/72,Prd=0ms,Tear=0,Early=0,Stale=4,Stale2/5/10/max=1/0/0/4,VSnc=1,Lat=0,Fov=0,CPU4/GPU=3/4,1382/525MHz,OC=FF,TA=0/70/0,SP=N/F/N,Mem=1555MHz,Free=7941MB,PLS=0,Temp=30.2C/0.0C,TW=3.53ms,App=1.01ms,GD=0.24ms,CPU&GPU=13.13ms,LCnt=2(DR0,LM0),GPU%=0.37,CPU%=0.05(W0.06),DSF=1.00,CFL=18.53/22.55,ICFLp95=21.31,LD=1,SF=1.21,LP=0,DVFS=0
12-16 17:00:40.003  5776  8514 I VrApi   : FPS=73/72,Prd=0ms,Tear=0,Early=0,Stale=0,Stale2/5/10/max=0/0/0/0,VSnc=1,Lat=0,Fov=0,CPU4/GPU=3/4,1382/525MHz,OC=FF,TA=0/70/0,SP=N/F/N,Mem=1555MHz,Free=7941MB,PLS=0,Temp=30.2C/0.0C,TW=3.49ms,App=0.98ms,GD=0.24ms,CPU&GPU=13.11ms,LCnt=2(DR0,LM0),GPU%=0.37,CPU%=0.12(W0.23),DSF=1.00,CFL=18.48/22.99,ICFLp95=21.47,LD=1,SF=1.21,LP=0,DVFS=0
12-16 17:00:41.003  5776  8514 I VrApi   : FPS=73/72,Prd=0ms,Tear=0,Early=0,Stale=0,Stale2/5/10/max=0/0/0/0,VSnc=1,Lat=0,Fov=0,CPU4/GPU=3/4,1382/525MHz,OC=FF,TA=0/70/0,SP=N/F/N,Mem=1555MHz,Free=7941MB,PLS=0,Temp=30.2C/0.0C,TW=3.48ms,App=0.92ms,GD=0.25ms,CPU&GPU=13.12ms,LCnt=2(DR0,LM0),GPU%=0.36,CPU%=0.14(W0.19),DSF=1.00,CFL=18.58/22.14,ICFLp95=21.19,LD=1,SF=1.21,LP=0,DVFS=0
12-16 17:00:42.003  5776  8514 I VrApi   : FPS=73/72,Prd=0ms,Tear=0,Early=0,Stale=0,Stale2/5/10/max=0/0/0/0,VSnc=1,Lat=0,Fov=0,CPU4/GPU=3/4,1382/525MHz,OC=FF,TA=0/70/0,SP=N/F/N,Mem=1555MHz,Free=7941MB,PLS=0,Temp=30.2C/0.0C,TW=3.50ms,App=0.87ms,GD=0.24ms,CPU&GPU=13.11ms,LCnt=2(DR0,LM0),GPU%=0.36,CPU%=0.10(W0.18),DSF=1.00,CFL=18.23/22.61,ICFLp95=21.30,LD=1,SF=1.21,LP=0,DVFS=0
12-16 17:00:43.010  5776  8514 I VrApi   : FPS=73/72,Prd=0ms,Tear=0,Early=0,Stale=0,Stale2/5/10/max=0/0/0/0,VSnc=1,Lat=0,Fov=0,CPU4/GPU=3/4,1382/525MHz,OC=FF,TA=0/70/0,SP=N/F/N,Mem=1555MHz,Free=7934MB,PLS=0,Temp=30.2C/0.0C,TW=3.50ms,App=0.99ms,GD=0.24ms,CPU&GPU=13.13ms,LCnt=2(DR0,LM0),GPU%=0.37,CPU%=0.16(W0.18),DSF=1.00,CFL=18.57/22.18,ICFLp95=21.35,LD=1,SF=1.21,LP=0,DVFS=0
12-16 17:00:44.003  5776  8514 I VrApi   : FPS=73/72,Prd=0ms,Tear=0,Early=0,Stale=4,Stale2/5/10/max=1/0/0/4,VSnc=1,Lat=0,Fov=0,CPU4/GPU=3/4,1382/525MHz,OC=FF,TA=0/70/0,SP=N/F/N,Mem=1555MHz,Free=7934MB,PLS=0,Temp=30.2C/0.0C,TW=3.51ms,App=0.88ms,GD=0.25ms,CPU&GPU=13.17ms,LCnt=2(DR0,LM0),GPU%=0.36,CPU%=0.14(W0.19),DSF=1.00,CFL=18.55/22.80,ICFLp95=21.34,LD=1,SF=1.21,LP=0,DVFS=0
12-16 17:00:45.003  5776  8514 I VrApi   : FPS=73/72,Prd=0ms,Tear=0,Early=0,Stale=2,Stale2/5/10/max=1/0/0/2,VSnc=1,Lat=0,Fov=0,CPU4/GPU=3/4,1382/525MHz,OC=FF,TA=0/70/0,SP=N/F/N,Mem=1555MHz,Free=7934MB,PLS=0,Temp=30.5C/0.0C,TW=3.53ms,App=0.85ms,GD=0.24ms,CPU&GPU=13.12ms,LCnt=2(DR0,LM0),GPU%=0.36,CPU%=0.12(W0.15),DSF=1.00,CFL=18.71/22.38,ICFLp95=21.32,LD=1,SF=1.21,LP=0,DVFS=0
12-16 17:00:46.003  5776  8514 I VrApi   : FPS=73/72,Prd=0ms,Tear=0,Early=0,Stale=0,Stale2/5/10/max=0/0/0/0,VSnc=1,Lat=0,Fov=0,CPU4/GPU=3/4,1382/525MHz,OC=FF,TA=0/70/0,SP=N/F/N,Mem=1555MHz,Free=7934MB,PLS=0,Temp=30.5C/0.0C,TW=3.50ms,App=0.90ms,GD=0.25ms,CPU&GPU=13.13ms,LCnt=2(DR0,LM0),GPU%=0.36,CPU%=0.10(W0.14),DSF=1.00,CFL=18.62/22.29,ICFLp95=21.19,LD=1,SF=1.21,LP=0,DVFS=0
12-16 17:00:46.940  5776  5801 W VrApi   : ovr_SubmitFrameInternal: FrameIndex discontinuity: Expected 204526, Received 204527
12-16 17:00:46.954  5776  5801 W VrApi   : ovr_SubmitFrameInternal: FrameIndex discontinuity: Expected 204528, Received 204529
12-16 17:00:46.968  5776  5801 W VrApi   : ovr_SubmitFrameInternal: FrameIndex discontinuity: Expected 204530, Received 204531
12-16 17:00:46.985  5776  5801 W VrApi   : ovr_SubmitFrameInternal: FrameIndex discontinuity: Expected 204532, Received 204533
12-16 17:00:47.003  5776  8514 I VrApi   : FPS=73/72,Prd=0ms,Tear=0,Early=0,Stale=0,Stale2/5/10/max=0/0/0/0,VSnc=1,Lat=0,Fov=0,CPU4/GPU=3/4,1382/525MHz,OC=FF,TA=0/70/0,SP=N/F/N,Mem=1555MHz,Free=7934MB,PLS=0,Temp=30.5C/0.0C,TW=3.51ms,App=1.00ms,GD=0.25ms,CPU&GPU=13.13ms,LCnt=2(DR0,LM0),GPU%=0.30,CPU%=0.12(W0.25),DSF=1.00,CFL=18.55/24.17,ICFLp95=21.63,LD=1,SF=1.21,LP=0,DVFS=0
12-16 17:00:47.011  5776  5801 W VrApi   : ovr_SubmitFrameInternal: FrameIndex discontinuity: Expected 204535, Received 204536
12-16 17:00:47.023  5776  5801 W VrApi   : ovr_SubmitFrameInternal: FrameIndex discontinuity: Expected 204537, Received 204538
12-16 17:00:47.037  5776  5801 W VrApi   : ovr_SubmitFrameInternal: FrameIndex discontinuity: Expected 204539, Received 204540
12-16 17:00:47.056  5776  5801 W VrApi   : ovr_SubmitFrameInternal: FrameIndex discontinuity: Expected 204541, Received 204542
12-16 17:00:47.078  5776  5801 W VrApi   : ovr_SubmitFrameInternal: FrameIndex discontinuity: Expected 204544, Received 204545
12-16 17:00:47.092  5776  5801 W VrApi   : ovr_SubmitFrameInternal: FrameIndex discontinuity: Expected 204546, Received 204547
12-16 17:00:47.107  5776  5801 W VrApi   : ovr_SubmitFrameInternal: FrameIndex discontinuity: Expected 204548, Received 204549
12-16 17:00:47.121  5776  5801 W VrApi   : ovr_SubmitFrameInternal: FrameIndex discontinuity: Expected 204550, Received 204551
12-16 17:00:47.154  5776  5801 W VrApi   : ovr_SubmitFrameInternal: FrameIndex discontinuity: Expected 204552, Received 204553
12-16 17:00:48.003  5776  8514 I VrApi   : FPS=45/72,Prd=0ms,Tear=0,Early=0,Stale=37,Stale2/5/10/max=1/0/0/2,VSnc=1,Lat=0,Fov=0,CPU4/GPU=4/4,1478/525MHz,OC=FF,TA=0/70/0,SP=N/F/N,Mem=1555MHz,Free=7934MB,PLS=0,Temp=30.5C/0.0C,TW=3.54ms,App=-1.60ms,GD=0.24ms,CPU&GPU=17.99ms,LCnt=2(DR0,LM0),GPU%=0.34,CPU%=0.12(W0.18),DSF=1.00,CFL=18.48/22.56,ICFLp95=21.25,LD=1,SF=1.21,LP=0,DVFS=0
12-16 17:00:49.003  5776  8514 I VrApi   : FPS=72/72,Prd=0ms,Tear=0,Early=0,Stale=13,Stale2/5/10/max=0/0/1/46,VSnc=1,Lat=0,Fov=0,CPU4/GPU=3/4,1382/525MHz,OC=FF,TA=0/70/0,SP=N/F/N,Mem=1555MHz,Free=7934MB,PLS=0,Temp=30.5C/0.0C,TW=3.54ms,App=0.67ms,GD=0.24ms,CPU&GPU=14.07ms,LCnt=2(DR0,LM0),GPU%=0.35,CPU%=0.15(W0.22),DSF=1.00,CFL=18.66/23.33,ICFLp95=21.66,LD=1,SF=1.21,LP=0,DVFS=0
12-16 17:00:50.003  5776  8514 I VrApi   : FPS=73/72,Prd=0ms,Tear=0,Early=0,Stale=0,Stale2/5/10/max=0/0/0/1,VSnc=1,Lat=0,Fov=0,CPU4/GPU=3/4,1382/525MHz,OC=FF,TA=0/70/0,SP=N/F/N,Mem=1555MHz,Free=7934MB,PLS=0,Temp=30.5C/0.0C,TW=3.56ms,App=0.75ms,GD=0.25ms,CPU&GPU=13.86ms,LCnt=2(DR0,LM0),GPU%=0.34,CPU%=0.15(W0.15),DSF=1.00,CFL=18.44/22.45,ICFLp95=21.27,LD=1,SF=1.21,LP=0,DVFS=0
12-16 17:00:51.003  5776  8514 I VrApi   : FPS=73/72,Prd=0ms,Tear=0,Early=0,Stale=0,Stale2/5/10/max=0/0/0/0,VSnc=1,Lat=0,Fov=0,CPU4/GPU=3/4,1382/525MHz,OC=FF,TA=0/70/0,SP=N/F/N,Mem=1555MHz,Free=7934MB,PLS=0,Temp=30.5C/0.0C,TW=3.57ms,App=0.80ms,GD=0.25ms,CPU&GPU=13.86ms,LCnt=2(DR0,LM0),GPU%=0.36,CPU%=0.16(W0.18),DSF=1.00,CFL=18.33/22.26,ICFLp95=21.21,LD=1,SF=1.21,LP=0,DVFS=0
12-16 17:00:52.003  5776  8514 I VrApi   : FPS=73/72,Prd=0ms,Tear=0,Early=0,Stale=0,Stale2/5/10/max=0/0/0/0,VSnc=1,Lat=0,Fov=0,CPU4/GPU=3/4,1382/525MHz,OC=FF,TA=0/70/0,SP=N/F/N,Mem=1555MHz,Free=7934MB,PLS=0,Temp=30.5C/0.0C,TW=3.54ms,App=0.72ms,GD=0.24ms,CPU&GPU=13.86ms,LCnt=2(DR0,LM0),GPU%=0.35,CPU%=0.15(W0.18),DSF=1.00,CFL=18.40/22.42,ICFLp95=21.05,LD=1,SF=1.21,LP=0,DVFS=0
12-16 17:00:53.003  5776  8514 I VrApi   : FPS=73/72,Prd=0ms,Tear=0,Early=0,Stale=0,Stale2/5/10/max=0/0/0/0,VSnc=1,Lat=0,Fov=0,CPU4/GPU=3/4,1382/525MHz,OC=FF,TA=0/70/0,SP=N/F/N,Mem=1555MHz,Free=7934MB,PLS=0,Temp=30.5C/0.0C,TW=3.57ms,App=0.75ms,GD=0.25ms,CPU&GPU=13.86ms,LCnt=2(DR0,LM0),GPU%=0.36,CPU%=0.12(W0.15),DSF=1.00,CFL=18.25/22.25,ICFLp95=21.18,LD=1,SF=1.21,LP=0,DVFS=0
12-16 17:00:54.003  5776  8514 I VrApi   : FPS=73/72,Prd=0ms,Tear=0,Early=0,Stale=0,Stale2/5/10/max=0/0/0/0,VSnc=1,Lat=0,Fov=0,CPU4/GPU=3/4,1382/525MHz,OC=FF,TA=0/70/0,SP=N/F/N,Mem=1555MHz,Free=7934MB,PLS=0,Temp=30.5C/0.0C,TW=3.53ms,App=0.79ms,GD=0.25ms,CPU&GPU=13.85ms,LCnt=2(DR0,LM0),GPU%=0.35,CPU%=0.12(W0.15),DSF=1.00,CFL=18.73/22.62,ICFLp95=21.14,LD=1,SF=1.21,LP=0,DVFS=0
12-16 17:00:55.003  5776  8514 I VrApi   : FPS=72/72,Prd=0ms,Tear=0,Early=0,Stale=0,Stale2/5/10/max=0/0/0/0,VSnc=1,Lat=0,Fov=0,CPU4/GPU=3/4,1382/525MHz,OC=FF,TA=0/70/0,SP=N/F/N,Mem=1555MHz,Free=7934MB,PLS=0,Temp=30.5C/0.0C,TW=3.52ms,App=0.77ms,GD=0.25ms,CPU&GPU=13.86ms,LCnt=2(DR0,LM0),GPU%=0.35,CPU%=0.08(W0.14),DSF=1.00,CFL=19.13/22.74,ICFLp95=21.49,LD=1,SF=1.21,LP=0,DVFS=0
12-16 17:00:56.004  5776  8514 I VrApi   : FPS=72/72,Prd=0ms,Tear=0,Early=0,Stale=0,Stale2/5/10/max=0/0/0/0,VSnc=1,Lat=0,Fov=0,CPU4/GPU=3/4,1382/525MHz,OC=FF,TA=0/70/0,SP=N/F/N,Mem=1555MHz,Free=7934MB,PLS=0,Temp=30.5C/0.0C,TW=3.52ms,App=0.86ms,GD=0.25ms,CPU&GPU=13.86ms,LCnt=2(DR0,LM0),GPU%=0.36,CPU%=0.05(W0.05),DSF=1.00,CFL=18.82/22.65,ICFLp95=21.45,LD=1,SF=1.21,LP=0,DVFS=0
12-16 17:00:57.004  5776  8514 I VrApi   : FPS=73/72,Prd=0ms,Tear=0,Early=0,Stale=7,Stale2/5/10/max=3/0/0/3,VSnc=1,Lat=0,Fov=0,CPU4/GPU=3/4,1382/525MHz,OC=FF,TA=0/70/0,SP=N/F/N,Mem=1555MHz,Free=7934MB,PLS=0,Temp=30.5C/0.0C,TW=3.51ms,App=0.89ms,GD=0.24ms,CPU&GPU=13.40ms,LCnt=2(DR0,LM0),GPU%=0.36,CPU%=0.05(W0.05),DSF=1.00,CFL=18.77/22.62,ICFLp95=21.29,LD=1,SF=1.21,LP=0,DVFS=0
12-16 17:00:58.004  5776  8514 I VrApi   : FPS=73/72,Prd=0ms,Tear=0,Early=0,Stale=0,Stale2/5/10/max=0/0/0/0,VSnc=1,Lat=0,Fov=0,CPU4/GPU=3/4,1382/525MHz,OC=FF,TA=0/70/0,SP=N/F/N,Mem=1555MHz,Free=7934MB,PLS=0,Temp=30.5C/0.0C,TW=3.50ms,App=0.85ms,GD=0.24ms,CPU&GPU=13.14ms,LCnt=2(DR0,LM0),GPU%=0.35,CPU%=0.21(W0.36),DSF=1.00,CFL=18.55/23.09,ICFLp95=21.36,LD=1,SF=1.21,LP=0,DVFS=0
12-16 17:00:59.004  5776  8514 I VrApi   : FPS=73/72,Prd=0ms,Tear=0,Early=0,Stale=3,Stale2/5/10/max=1/0/0/3,VSnc=1,Lat=0,Fov=0,CPU4/GPU=3/4,1382/525MHz,OC=FF,TA=0/70/0,SP=N/F/N,Mem=1555MHz,Free=7934MB,PLS=0,Temp=30.5C/0.0C,TW=3.51ms,App=0.92ms,GD=0.24ms,CPU&GPU=13.11ms,LCnt=2(DR0,LM0),GPU%=0.36,CPU%=0.08(W0.14),DSF=1.00,CFL=18.52/22.43,ICFLp95=21.29,LD=1,SF=1.21,LP=0,DVFS=0
12-16 17:00:59.097  5776  5801 W VrApi   : ovr_SubmitFrameInternal: FrameIndex discontinuity: Expected 205410, Received 205411
12-16 17:01:00.004  5776  8514 I VrApi   : FPS=71/72,Prd=0ms,Tear=0,Early=0,Stale=4,Stale2/5/10/max=1/0/0/4,VSnc=1,Lat=0,Fov=0,CPU4/GPU=3/4,1382/525MHz,OC=FF,TA=0/70/0,SP=N/F/N,Mem=1555MHz,Free=7934MB,PLS=0,Temp=30.5C/0.0C,TW=3.52ms,App=0.70ms,GD=0.24ms,CPU&GPU=13.59ms,LCnt=2(DR0,LM0),GPU%=0.35,CPU%=0.07(W0.11),DSF=1.00,CFL=18.65/22.28,ICFLp95=21.16,LD=1,SF=1.21,LP=0,DVFS=0
12-16 17:01:01.004  5776  8514 I VrApi   : FPS=73/72,Prd=0ms,Tear=0,Early=0,Stale=1,Stale2/5/10/max=0/0/0/1,VSnc=1,Lat=0,Fov=0,CPU4/GPU=3/4,1382/525MHz,OC=FF,TA=0/70/0,SP=N/F/N,Mem=1555MHz,Free=7934MB,PLS=0,Temp=30.5C/0.0C,TW=3.45ms,App=0.71ms,GD=0.25ms,CPU&GPU=13.85ms,LCnt=2(DR0,LM0),GPU%=0.34,CPU%=0.13(W0.17),DSF=1.00,CFL=18.61/22.17,ICFLp95=21.07,LD=1,SF=1.21,LP=0,DVFS=0
12-16 17:01:02.004  5776  8514 I VrApi   : FPS=73/72,Prd=0ms,Tear=0,Early=0,Stale=0,Stale2/5/10/max=0/0/0/0,VSnc=1,Lat=0,Fov=0,CPU4/GPU=3/4,1382/525MHz,OC=FF,TA=0/70/0,SP=N/F/N,Mem=1555MHz,Free=7934MB,PLS=0,Temp=30.5C/0.0C,TW=3.52ms,App=0.86ms,GD=0.24ms,CPU&GPU=13.86ms,LCnt=2(DR0,LM0),GPU%=0.35,CPU%=0.08(W0.14),DSF=1.00,CFL=18.49/22.28,ICFLp95=21.16,LD=1,SF=1.21,LP=0,DVFS=0
12-16 17:01:03.011  5776  8514 I VrApi   : FPS=73/72,Prd=0ms,Tear=0,Early=0,Stale=0,Stale2/5/10/max=0/0/0/0,VSnc=1,Lat=0,Fov=0,CPU4/GPU=3/4,1382/525MHz,OC=FF,TA=0/70/0,SP=N/F/N,Mem=1555MHz,Free=7916MB,PLS=0,Temp=30.5C/0.0C,TW=3.54ms,App=0.85ms,GD=0.24ms,CPU&GPU=13.86ms,LCnt=2(DR0,LM0),GPU%=0.35,CPU%=0.13(W0.19),DSF=1.00,CFL=18.52/22.64,ICFLp95=21.09,LD=1,SF=1.21,LP=0,DVFS=0
12-16 17:01:04.004  5776  8514 I VrApi   : FPS=73/72,Prd=0ms,Tear=0,Early=0,Stale=0,Stale2/5/10/max=0/0/0/0,VSnc=1,Lat=0,Fov=0,CPU4/GPU=3/4,1382/525MHz,OC=FF,TA=0/70/0,SP=N/N/N,Mem=1555MHz,Free=7916MB,PLS=0,Temp=30.5C/0.0C,TW=3.54ms,App=0.85ms,GD=0.24ms,CPU&GPU=13.86ms,LCnt=2(DR0,LM0),GPU%=0.35,CPU%=0.13(W0.19),DSF=1.00,CFL=18.52/22.64,ICFLp95=21.09,LD=1,SF=1.21,LP=0,DVFS=0
12-16 17:01:04.174  5776  5801 W VrApi   : ovr_SubmitFrameInternal: FrameIndex discontinuity: Expected 205752, Received 205753
12-16 17:01:04.187  5776  5801 W VrApi   : ovr_SubmitFrameInternal: FrameIndex discontinuity: Expected 205754, Received 205755
12-16 17:01:04.201  5776  5801 W VrApi   : ovr_SubmitFrameInternal: FrameIndex discontinuity: Expected 205756, Received 205757
12-16 17:01:04.215  5776  5801 W VrApi   : ovr_SubmitFrameInternal: FrameIndex discontinuity: Expected 205758, Received 205759
12-16 17:01:04.229  5776  5801 W VrApi   : ovr_SubmitFrameInternal: FrameIndex discontinuity: Expected 205760, Received 205761
12-16 17:01:04.243  5776  5801 W VrApi   : ovr_SubmitFrameInternal: FrameIndex discontinuity: Expected 205762, Received 205763
12-16 17:01:04.257  5776  5801 W VrApi   : ovr_SubmitFrameInternal: FrameIndex discontinuity: Expected 205764, Received 205765
12-16 17:01:04.270  5776  5801 W VrApi   : ovr_SubmitFrameInternal: FrameIndex discontinuity: Expected 205766, Received 205767
12-16 17:01:04.332  5776  5801 W VrApi   : ovr_SubmitFrameInternal: FrameIndex discontinuity: Expected 205768, Received 205769
12-16 17:01:05.004  5776  8514 I VrApi   : FPS=46/72,Prd=0ms,Tear=0,Early=0,Stale=28,Stale2/5/10/max=0/0/0/0,VSnc=1,Lat=0,Fov=0,CPU4/GPU=4/4,1382/525MHz,OC=FF,TA=0/70/0,SP=N/F/N,Mem=1555MHz,Free=7916MB,PLS=0,Temp=30.5C/0.0C,TW=3.57ms,App=-1.45ms,GD=0.24ms,CPU&GPU=18.20ms,LCnt=2(DR0,LM0),GPU%=0.35,CPU%=0.10(W0.15),DSF=1.00,CFL=18.76/22.23,ICFLp95=21.14,LD=1,SF=1.21,LP=0,DVFS=0
12-16 17:01:06.004  5776  8514 I VrApi   : FPS=73/72,Prd=0ms,Tear=0,Early=0,Stale=13,Stale2/5/10/max=0/0/1/41,VSnc=1,Lat=0,Fov=0,CPU4/GPU=3/4,1478/525MHz,OC=FF,TA=0/70/0,SP=N/F/N,Mem=1555MHz,Free=7916MB,PLS=0,Temp=30.5C/0.0C,TW=3.53ms,App=0.73ms,GD=0.25ms,CPU&GPU=13.86ms,LCnt=2(DR0,LM0),GPU%=0.35,CPU%=0.18(W0.22),DSF=1.00,CFL=18.56/22.87,ICFLp95=21.23,LD=1,SF=1.21,LP=0,DVFS=0
12-16 17:01:07.004  5776  8514 I VrApi   : FPS=72/72,Prd=0ms,Tear=0,Early=0,Stale=0,Stale2/5/10/max=0/0/0/0,VSnc=1,Lat=0,Fov=0,CPU4/GPU=3/4,1382/525MHz,OC=FF,TA=0/70/0,SP=N/F/N,Mem=1555MHz,Free=7916MB,PLS=0,Temp=30.5C/0.0C,TW=3.53ms,App=0.68ms,GD=0.24ms,CPU&GPU=13.86ms,LCnt=2(DR0,LM0),GPU%=0.34,CPU%=0.11(W0.14),DSF=1.00,CFL=18.32/22.25,ICFLp95=21.14,LD=1,SF=1.21,LP=0,DVFS=0
12-16 17:01:08.004  5776  8514 I VrApi   : FPS=73/72,Prd=0ms,Tear=0,Early=0,Stale=0,Stale2/5/10/max=0/0/0/0,VSnc=1,Lat=0,Fov=0,CPU4/GPU=3/4,1382/525MHz,OC=FF,TA=0/70/0,SP=N/F/N,Mem=1555MHz,Free=7916MB,PLS=0,Temp=30.5C/0.0C,TW=3.58ms,App=0.78ms,GD=0.24ms,CPU&GPU=13.86ms,LCnt=2(DR0,LM0),GPU%=0.35,CPU%=0.15(W0.23),DSF=1.00,CFL=18.12/22.58,ICFLp95=21.10,LD=1,SF=1.21,LP=0,DVFS=0
12-16 17:01:09.004  5776  8514 I VrApi   : FPS=73/72,Prd=0ms,Tear=0,Early=0,Stale=0,Stale2/5/10/max=0/0/0/0,VSnc=1,Lat=0,Fov=0,CPU4/GPU=3/4,1382/525MHz,OC=FF,TA=0/70/0,SP=N/F/N,Mem=1555MHz,Free=7916MB,PLS=0,Temp=30.5C/0.0C,TW=3.58ms,App=0.78ms,GD=0.25ms,CPU&GPU=13.86ms,LCnt=2(DR0,LM0),GPU%=0.36,CPU%=0.18(W0.25),DSF=1.00,CFL=18.59/22.36,ICFLp95=21.05,LD=1,SF=1.21,LP=0,DVFS=0
12-16 17:01:10.005  5776  8514 I VrApi   : FPS=73/72,Prd=0ms,Tear=0,Early=0,Stale=0,Stale2/5/10/max=0/0/0/0,VSnc=1,Lat=0,Fov=0,CPU4/GPU=3/4,1382/525MHz,OC=FF,TA=0/70/0,SP=N/F/N,Mem=1555MHz,Free=7916MB,PLS=0,Temp=30.5C/0.0C,TW=3.53ms,App=0.76ms,GD=0.24ms,CPU&GPU=13.85ms,LCnt=2(DR0,LM0),GPU%=0.35,CPU%=0.08(W0.14),DSF=1.00,CFL=18.41/22.48,ICFLp95=21.14,LD=1,SF=1.21,LP=0,DVFS=0
12-16 17:01:11.005  5776  8514 I VrApi   : FPS=73/72,Prd=0ms,Tear=0,Early=0,Stale=0,Stale2/5/10/max=0/0/0/0,VSnc=1,Lat=0,Fov=0,CPU4/GPU=3/4,1382/525MHz,OC=FF,TA=0/70/0,SP=N/F/N,Mem=1555MHz,Free=7916MB,PLS=0,Temp=30.5C/0.0C,TW=3.52ms,App=0.75ms,GD=0.24ms,CPU&GPU=13.86ms,LCnt=2(DR0,LM0),GPU%=0.35,CPU%=0.12(W0.14),DSF=1.00,CFL=18.51/22.55,ICFLp95=21.39,LD=1,SF=1.21,LP=0,DVFS=0
12-16 17:01:12.005  5776  8514 I VrApi   : FPS=73/72,Prd=0ms,Tear=0,Early=0,Stale=0,Stale2/5/10/max=0/0/0/0,VSnc=1,Lat=0,Fov=0,CPU4/GPU=3/4,1382/525MHz,OC=FF,TA=0/70/0,SP=N/F/N,Mem=1555MHz,Free=7916MB,PLS=0,Temp=30.5C/0.0C,TW=3.54ms,App=0.80ms,GD=0.25ms,CPU&GPU=13.85ms,LCnt=2(DR0,LM0),GPU%=0.35,CPU%=0.13(W0.18),DSF=1.00,CFL=18.61/22.69,ICFLp95=21.05,LD=1,SF=1.21,LP=0,DVFS=0
12-16 17:01:13.005  5776  8514 I VrApi   : FPS=73/72,Prd=0ms,Tear=0,Early=0,Stale=0,Stale2/5/10/max=0/0/0/0,VSnc=1,Lat=0,Fov=0,CPU4/GPU=3/4,1382/525MHz,OC=FF,TA=0/70/0,SP=N/F/N,Mem=1555MHz,Free=7916MB,PLS=0,Temp=30.5C/0.0C,TW=3.52ms,App=0.82ms,GD=0.24ms,CPU&GPU=13.85ms,LCnt=2(DR0,LM0),GPU%=0.35,CPU%=0.08(W0.17),DSF=1.00,CFL=18.49/22.88,ICFLp95=21.30,LD=1,SF=1.21,LP=0,DVFS=0
12-16 17:01:13.506  5776  5801 W VrApi   : ovr_SubmitFrameInternal: FrameIndex discontinuity: Expected 206403, Received 206404
12-16 17:01:13.520  5776  5801 W VrApi   : ovr_SubmitFrameInternal: FrameIndex discontinuity: Expected 206405, Received 206406
12-16 17:01:13.533  5776  5801 W VrApi   : ovr_SubmitFrameInternal: FrameIndex discontinuity: Expected 206407, Received 206408
12-16 17:01:13.547  5776  5801 W VrApi   : ovr_SubmitFrameInternal: FrameIndex discontinuity: Expected 206409, Received 206410
12-16 17:01:13.561  5776  5801 W VrApi   : ovr_SubmitFrameInternal: FrameIndex discontinuity: Expected 206411, Received 206412
12-16 17:01:13.575  5776  5801 W VrApi   : ovr_SubmitFrameInternal: FrameIndex discontinuity: Expected 206413, Received 206414
12-16 17:01:13.588  5776  5801 W VrApi   : ovr_SubmitFrameInternal: FrameIndex discontinuity: Expected 206415, Received 206416
12-16 17:01:13.650  5776  5801 W VrApi   : ovr_SubmitFrameInternal: FrameIndex discontinuity: Expected 206417, Received 206418
12-16 17:01:14.005  5776  8514 I VrApi   : FPS=46/72,Prd=0ms,Tear=0,Early=0,Stale=13,Stale2/5/10/max=0/0/0/0,VSnc=1,Lat=0,Fov=0,CPU4/GPU=4/4,1382/525MHz,OC=FF,TA=0/70/0,SP=N/F/N,Mem=1555MHz,Free=7916MB,PLS=0,Temp=30.5C/0.0C,TW=3.54ms,App=0.17ms,GD=0.25ms,CPU&GPU=19.77ms,LCnt=2(DR0,LM0),GPU%=0.35,CPU%=0.13(W0.15),DSF=1.00,CFL=18.52/23.35,ICFLp95=21.42,LD=1,SF=1.21,LP=0,DVFS=0
12-16 17:01:15.005  5776  8514 I VrApi   : FPS=69/72,Prd=0ms,Tear=0,Early=0,Stale=29,Stale2/5/10/max=0/0/1/42,VSnc=1,Lat=0,Fov=0,CPU4/GPU=3/4,1478/525MHz,OC=FF,TA=0/70/0,SP=N/F/N,Mem=1555MHz,Free=7916MB,PLS=0,Temp=30.5C/0.0C,TW=3.56ms,App=0.58ms,GD=0.24ms,CPU&GPU=14.27ms,LCnt=2(DR0,LM0),GPU%=0.35,CPU%=0.16(W0.23),DSF=1.00,CFL=18.62/23.07,ICFLp95=21.52,LD=1,SF=1.21,LP=0,DVFS=0
12-16 17:01:16.005  5776  8514 I VrApi   : FPS=73/72,Prd=0ms,Tear=0,Early=0,Stale=0,Stale2/5/10/max=0/0/0/0,VSnc=1,Lat=0,Fov=0,CPU4/GPU=3/4,1382/525MHz,OC=FF,TA=0/70/0,SP=N/F/N,Mem=1555MHz,Free=7916MB,PLS=0,Temp=30.5C/0.0C,TW=3.54ms,App=0.73ms,GD=0.24ms,CPU&GPU=13.85ms,LCnt=2(DR0,LM0),GPU%=0.34,CPU%=0.08(W0.14),DSF=1.00,CFL=18.51/22.54,ICFLp95=21.26,LD=1,SF=1.21,LP=0,DVFS=0
12-16 17:01:17.005  5776  8514 I VrApi   : FPS=73/72,Prd=0ms,Tear=0,Early=0,Stale=0,Stale2/5/10/max=0/0/0/0,VSnc=1,Lat=0,Fov=0,CPU4/GPU=3/4,1382/525MHz,OC=FF,TA=0/70/0,SP=N/F/N,Mem=1555MHz,Free=7916MB,PLS=0,Temp=30.5C/0.0C,TW=3.52ms,App=0.73ms,GD=0.25ms,CPU&GPU=13.85ms,LCnt=2(DR0,LM0),GPU%=0.35,CPU%=0.17(W0.23),DSF=1.00,CFL=18.53/22.38,ICFLp95=21.22,LD=1,SF=1.21,LP=0,DVFS=0
12-16 17:01:18.005  5776  8514 I VrApi   : FPS=73/72,Prd=0ms,Tear=0,Early=0,Stale=0,Stale2/5/10/max=0/0/0/0,VSnc=1,Lat=0,Fov=0,CPU4/GPU=3/4,1382/525MHz,OC=FF,TA=0/70/0,SP=N/F/N,Mem=1555MHz,Free=7916MB,PLS=0,Temp=30.5C/0.0C,TW=3.51ms,App=0.81ms,GD=0.25ms,CPU&GPU=13.86ms,LCnt=2(DR0,LM0),GPU%=0.35,CPU%=0.10(W0.15),DSF=1.00,CFL=18.61/22.43,ICFLp95=21.17,LD=1,SF=1.21,LP=0,DVFS=0
12-16 17:01:19.005  5776  8514 I VrApi   : FPS=73/72,Prd=0ms,Tear=0,Early=0,Stale=0,Stale2/5/10/max=0/0/0/0,VSnc=1,Lat=0,Fov=0,CPU4/GPU=3/4,1382/525MHz,OC=FF,TA=0/70/0,SP=N/F/N,Mem=1555MHz,Free=7916MB,PLS=0,Temp=30.5C/0.0C,TW=3.48ms,App=0.71ms,GD=0.25ms,CPU&GPU=13.86ms,LCnt=2(DR0,LM0),GPU%=0.34,CPU%=0.12(W0.25),DSF=1.00,CFL=18.39/22.31,ICFLp95=21.16,LD=1,SF=1.21,LP=0,DVFS=0
12-16 17:01:20.005  5776  8514 I VrApi   : FPS=73/72,Prd=0ms,Tear=0,Early=0,Stale=0,Stale2/5/10/max=0/0/0/0,VSnc=1,Lat=0,Fov=0,CPU4/GPU=3/4,1382/525MHz,OC=FF,TA=0/70/0,SP=N/F/N,Mem=1555MHz,Free=7916MB,PLS=0,Temp=30.5C/0.0C,TW=3.53ms,App=0.83ms,GD=0.25ms,CPU&GPU=13.85ms,LCnt=2(DR0,LM0),GPU%=0.35,CPU%=0.13(W0.18),DSF=1.00,CFL=18.37/22.41,ICFLp95=21.19,LD=1,SF=1.21,LP=0,DVFS=0
12-16 17:01:21.005  5776  8514 I VrApi   : FPS=73/72,Prd=0ms,Tear=0,Early=0,Stale=0,Stale2/5/10/max=0/0/0/0,VSnc=1,Lat=0,Fov=0,CPU4/GPU=3/4,1382/525MHz,OC=FF,TA=0/70/0,SP=N/F/N,Mem=1555MHz,Free=7916MB,PLS=0,Temp=30.2C/0.0C,TW=3.50ms,App=0.76ms,GD=0.25ms,CPU&GPU=13.85ms,LCnt=2(DR0,LM0),GPU%=0.35,CPU%=0.13(W0.18),DSF=1.00,CFL=18.39/22.21,ICFLp95=21.06,LD=1,SF=1.21,LP=0,DVFS=0
12-16 17:01:22.005  5776  8514 I VrApi   : FPS=73/72,Prd=0ms,Tear=0,Early=0,Stale=6,Stale2/5/10/max=2/0/0/4,VSnc=1,Lat=0,Fov=0,CPU4/GPU=3/4,1382/525MHz,OC=FF,TA=0/70/0,SP=N/F/N,Mem=1555MHz,Free=7916MB,PLS=0,Temp=30.2C/0.0C,TW=3.51ms,App=0.87ms,GD=0.24ms,CPU&GPU=13.32ms,LCnt=2(DR0,LM0),GPU%=0.35,CPU%=0.07(W0.10),DSF=1.00,CFL=18.49/22.10,ICFLp95=21.09,LD=1,SF=1.21,LP=0,DVFS=0
12-16 17:01:23.013  5776  8514 I VrApi   : FPS=73/72,Prd=0ms,Tear=0,Early=0,Stale=2,Stale2/5/10/max=1/0/0/2,VSnc=1,Lat=0,Fov=0,CPU4/GPU=3/4,1382/525MHz,OC=FF,TA=0/70/0,SP=N/F/N,Mem=1555MHz,Free=7924MB,PLS=0,Temp=30.2C/0.0C,TW=3.52ms,App=0.73ms,GD=0.24ms,CPU&GPU=13.49ms,LCnt=2(DR0,LM0),GPU%=0.34,CPU%=0.14(W0.17),DSF=1.00,CFL=15.00/27.23,ICFLp95=25.04,LD=1,SF=1.21,LP=0,DVFS=0
12-16 17:01:23.474  5776  5801 W VrApi   : ovr_SubmitFrameInternal: FrameIndex discontinuity: Expected 207103, Received 207104
12-16 17:01:23.487  5776  5801 W VrApi   : ovr_SubmitFrameInternal: FrameIndex discontinuity: Expected 207105, Received 207106
12-16 17:01:23.506  5776  5801 W VrApi   : ovr_SubmitFrameInternal: FrameIndex discontinuity: Expected 207107, Received 207108
12-16 17:01:23.530  5776  5801 W VrApi   : ovr_SubmitFrameInternal: FrameIndex discontinuity: Expected 207110, Received 207111
12-16 17:01:23.545  5776  5801 W VrApi   : ovr_SubmitFrameInternal: FrameIndex discontinuity: Expected 207112, Received 207113
12-16 17:01:23.557  5776  5801 W VrApi   : ovr_SubmitFrameInternal: FrameIndex discontinuity: Expected 207114, Received 207115
12-16 17:01:23.571  5776  5801 W VrApi   : ovr_SubmitFrameInternal: FrameIndex discontinuity: Expected 207116, Received 207117
12-16 17:01:23.585  5776  5801 W VrApi   : ovr_SubmitFrameInternal: FrameIndex discontinuity: Expected 207118, Received 207119
12-16 17:01:23.599  5776  5801 W VrApi   : ovr_SubmitFrameInternal: FrameIndex discontinuity: Expected 207120, Received 207121
12-16 17:01:23.613  5776  5801 W VrApi   : ovr_SubmitFrameInternal: FrameIndex discontinuity: Expected 207122, Received 207123
12-16 17:01:23.675  5776  5801 W VrApi   : ovr_SubmitFrameInternal: FrameIndex discontinuity: Expected 207124, Received 207125
12-16 17:01:24.005  5776  8514 I VrApi   : FPS=50/72,Prd=0ms,Tear=0,Early=0,Stale=17,Stale2/5/10/max=0/0/0/0,VSnc=1,Lat=0,Fov=0,CPU4/GPU=4/4,1382/525MHz,OC=FF,TA=0/70/0,SP=N/F/N,Mem=1555MHz,Free=7924MB,PLS=0,Temp=30.2C/0.0C,TW=3.47ms,App=0.31ms,GD=0.24ms,CPU&GPU=17.61ms,LCnt=2(DR0,LM0),GPU%=0.35,CPU%=0.10(W0.15),DSF=1.00,CFL=21.23/26.43,ICFLp95=25.25,LD=1,SF=1.21,LP=0,DVFS=0
12-16 17:01:25.006  5776  8514 I VrApi   : FPS=69/72,Prd=0ms,Tear=0,Early=0,Stale=25,Stale2/5/10/max=0/0/1/42,VSnc=1,Lat=0,Fov=0,CPU4/GPU=4/4,1478/525MHz,OC=FF,TA=0/70/0,SP=N/F/N,Mem=1555MHz,Free=7924MB,PLS=0,Temp=30.2C/0.0C,TW=3.49ms,App=0.55ms,GD=0.24ms,CPU&GPU=13.87ms,LCnt=2(DR0,LM0),GPU%=0.34,CPU%=0.07(W0.11),DSF=1.00,CFL=20.11/24.21,ICFLp95=23.11,LD=1,SF=1.21,LP=0,DVFS=0
12-16 17:01:26.006  5776  8514 I VrApi   : FPS=72/72,Prd=0ms,Tear=0,Early=0,Stale=0,Stale2/5/10/max=0/0/0/0,VSnc=1,Lat=0,Fov=0,CPU4/GPU=3/4,1382/525MHz,OC=FF,TA=0/70/0,SP=N/F/N,Mem=1555MHz,Free=7924MB,PLS=0,Temp=30.2C/0.0C,TW=3.52ms,App=0.74ms,GD=0.25ms,CPU&GPU=13.87ms,LCnt=2(DR0,LM0),GPU%=0.34,CPU%=0.15(W0.25),DSF=1.00,CFL=19.30/23.14,ICFLp95=22.07,LD=1,SF=1.21,LP=0,DVFS=0
12-16 17:01:27.006  5776  8514 I VrApi   : FPS=72/72,Prd=0ms,Tear=0,Early=0,Stale=0,Stale2/5/10/max=0/0/0/0,VSnc=1,Lat=0,Fov=0,CPU4/GPU=3/4,1382/525MHz,OC=FF,TA=0/70/0,SP=N/F/N,Mem=1555MHz,Free=7924MB,PLS=0,Temp=30.2C/0.0C,TW=3.48ms,App=0.72ms,GD=0.24ms,CPU&GPU=13.86ms,LCnt=2(DR0,LM0),GPU%=0.34,CPU%=0.14(W0.17),DSF=1.00,CFL=18.94/22.67,ICFLp95=21.55,LD=1,SF=1.21,LP=0,DVFS=0
12-16 17:01:28.006  5776  8514 I VrApi   : FPS=72/72,Prd=0ms,Tear=0,Early=0,Stale=0,Stale2/5/10/max=0/0/0/0,VSnc=1,Lat=0,Fov=0,CPU4/GPU=3/4,1382/525MHz,OC=FF,TA=0/70/0,SP=N/F/N,Mem=1555MHz,Free=7924MB,PLS=0,Temp=30.2C/0.0C,TW=3.48ms,App=0.73ms,GD=0.25ms,CPU&GPU=13.86ms,LCnt=2(DR0,LM0),GPU%=0.34,CPU%=0.10(W0.11),DSF=1.00,CFL=18.38/23.01,ICFLp95=21.34,LD=1,SF=1.21,LP=0,DVFS=0
12-16 17:01:29.006  5776  8514 I VrApi   : FPS=73/72,Prd=0ms,Tear=0,Early=0,Stale=0,Stale2/5/10/max=0/0/0/0,VSnc=1,Lat=0,Fov=0,CPU4/GPU=3/4,1382/525MHz,OC=FF,TA=0/70/0,SP=N/F/N,Mem=1555MHz,Free=7924MB,PLS=0,Temp=30.2C/0.0C,TW=3.49ms,App=0.81ms,GD=0.25ms,CPU&GPU=13.86ms,LCnt=2(DR0,LM0),GPU%=0.34,CPU%=0.13(W0.15),DSF=1.00,CFL=18.42/22.38,ICFLp95=21.10,LD=1,SF=1.21,LP=0,DVFS=0
12-16 17:01:30.006  5776  8514 I VrApi   : FPS=73/72,Prd=0ms,Tear=0,Early=0,Stale=0,Stale2/5/10/max=0/0/0/0,VSnc=1,Lat=0,Fov=0,CPU4/GPU=3/4,1382/525MHz,OC=FF,TA=0/70/0,SP=N/F/N,Mem=1555MHz,Free=7924MB,PLS=0,Temp=30.2C/0.0C,TW=3.50ms,App=0.78ms,GD=0.25ms,CPU&GPU=13.86ms,LCnt=2(DR0,LM0),GPU%=0.34,CPU%=0.05(W0.10),DSF=1.00,CFL=18.34/22.18,ICFLp95=21.09,LD=1,SF=1.21,LP=0,DVFS=0
12-16 17:01:31.006  5776  8514 I VrApi   : FPS=73/72,Prd=0ms,Tear=0,Early=0,Stale=0,Stale2/5/10/max=0/0/0/0,VSnc=1,Lat=0,Fov=0,CPU4/GPU=3/4,1382/525MHz,OC=FF,TA=0/70/0,SP=N/F/N,Mem=1555MHz,Free=7924MB,PLS=0,Temp=30.2C/0.0C,TW=3.51ms,App=0.85ms,GD=0.24ms,CPU&GPU=13.85ms,LCnt=2(DR0,LM0),GPU%=0.35,CPU%=0.11(W0.17),DSF=1.00,CFL=18.36/22.31,ICFLp95=21.22,LD=1,SF=1.21,LP=0,DVFS=0
12-16 17:01:32.006  5776  8514 I VrApi   : FPS=73/72,Prd=0ms,Tear=0,Early=0,Stale=0,Stale2/5/10/max=0/0/0/0,VSnc=1,Lat=0,Fov=0,CPU4/GPU=3/4,1382/525MHz,OC=FF,TA=0/70/0,SP=N/F/N,Mem=1555MHz,Free=7924MB,PLS=0,Temp=30.2C/0.0C,TW=3.52ms,App=1.17ms,GD=0.24ms,CPU&GPU=13.86ms,LCnt=2(DR0,LM0),GPU%=0.35,CPU%=0.12(W0.14),DSF=1.00,CFL=18.56/22.78,ICFLp95=21.30,LD=1,SF=1.21,LP=0,DVFS=0
12-16 17:01:33.006  5776  8514 I VrApi   : FPS=73/72,Prd=0ms,Tear=0,Early=0,Stale=3,Stale2/5/10/max=1/0/0/3,VSnc=1,Lat=0,Fov=0,CPU4/GPU=3/4,1382/525MHz,OC=FF,TA=0/70/0,SP=N/F/N,Mem=1555MHz,Free=7924MB,PLS=0,Temp=30.2C/0.0C,TW=3.53ms,App=0.93ms,GD=0.24ms,CPU&GPU=13.11ms,LCnt=2(DR0,LM0),GPU%=0.36,CPU%=0.17(W0.18),DSF=1.00,CFL=18.43/22.25,ICFLp95=21.20,LD=1,SF=1.21,LP=0,DVFS=0
12-16 17:01:34.006  5776  8514 I VrApi   : FPS=73/72,Prd=0ms,Tear=0,Early=0,Stale=0,Stale2/5/10/max=0/0/0/0,VSnc=1,Lat=0,Fov=0,CPU4/GPU=3/4,1382/525MHz,OC=FF,TA=0/70/0,SP=N/F/N,Mem=1555MHz,Free=7924MB,PLS=0,Temp=30.2C/0.0C,TW=3.49ms,App=0.83ms,GD=0.24ms,CPU&GPU=13.13ms,LCnt=2(DR0,LM0),GPU%=0.35,CPU%=0.17(W0.19),DSF=1.00,CFL=18.47/22.70,ICFLp95=21.30,LD=1,SF=1.21,LP=0,DVFS=0
12-16 17:01:35.006  5776  8514 I VrApi   : FPS=73/72,Prd=0ms,Tear=0,Early=0,Stale=1,Stale2/5/10/max=0/0/0/1,VSnc=1,Lat=0,Fov=0,CPU4/GPU=3/4,1382/525MHz,OC=FF,TA=0/70/0,SP=N/F/N,Mem=1555MHz,Free=7924MB,PLS=0,Temp=30.2C/0.0C,TW=3.51ms,App=0.79ms,GD=0.24ms,CPU&GPU=13.69ms,LCnt=2(DR0,LM0),GPU%=0.35,CPU%=0.08(W0.10),DSF=1.00,CFL=18.34/22.23,ICFLp95=21.13,LD=1,SF=1.21,LP=0,DVFS=0
12-16 17:01:36.006  5776  8514 I VrApi   : FPS=73/72,Prd=0ms,Tear=0,Early=0,Stale=3,Stale2/5/10/max=1/0/0/2,VSnc=1,Lat=0,Fov=0,CPU4/GPU=3/4,1382/525MHz,OC=FF,TA=0/70/0,SP=N/F/N,Mem=1555MHz,Free=7924MB,PLS=0,Temp=30.2C/0.0C,TW=3.48ms,App=0.77ms,GD=0.24ms,CPU&GPU=13.84ms,LCnt=2(DR0,LM0),GPU%=0.34,CPU%=0.09(W0.14),DSF=1.00,CFL=18.53/22.64,ICFLp95=21.28,LD=1,SF=1.21,LP=0,DVFS=0
12-16 17:01:37.007  5776  8514 I VrApi   : FPS=73/72,Prd=0ms,Tear=0,Early=0,Stale=0,Stale2/5/10/max=0/0/0/0,VSnc=1,Lat=0,Fov=0,CPU4/GPU=3/4,1382/525MHz,OC=FF,TA=0/70/0,SP=N/F/N,Mem=1555MHz,Free=7924MB,PLS=0,Temp=30.2C/0.0C,TW=3.51ms,App=0.76ms,GD=0.24ms,CPU&GPU=13.86ms,LCnt=2(DR0,LM0),GPU%=0.34,CPU%=0.12(W0.26),DSF=1.00,CFL=18.42/22.15,ICFLp95=21.12,LD=1,SF=1.21,LP=0,DVFS=0
12-16 17:01:37.355  5776  5801 W VrApi   : ovr_SubmitFrameInternal: FrameIndex discontinuity: Expected 208108, Received 208109
12-16 17:01:38.007  5776  8514 I VrApi   : FPS=71/72,Prd=0ms,Tear=0,Early=0,Stale=7,Stale2/5/10/max=0/1/0/7,VSnc=1,Lat=0,Fov=0,CPU4/GPU=3/4,1382/525MHz,OC=FF,TA=0/70/0,SP=N/F/N,Mem=1555MHz,Free=7924MB,PLS=0,Temp=30.2C/0.0C,TW=3.51ms,App=0.80ms,GD=0.25ms,CPU&GPU=14.02ms,LCnt=2(DR0,LM0),GPU%=0.35,CPU%=0.20(W0.32),DSF=1.00,CFL=18.75/22.49,ICFLp95=21.23,LD=1,SF=1.21,LP=0,DVFS=0
12-16 17:01:39.007  5776  8514 I VrApi   : FPS=73/72,Prd=0ms,Tear=0,Early=0,Stale=0,Stale2/5/10/max=0/0/0/0,VSnc=1,Lat=0,Fov=0,CPU4/GPU=3/4,1382/525MHz,OC=FF,TA=0/70/0,SP=N/F/N,Mem=1555MHz,Free=7924MB,PLS=0,Temp=30.2C/0.0C,TW=3.51ms,App=0.65ms,GD=0.25ms,CPU&GPU=13.86ms,LCnt=2(DR0,LM0),GPU%=0.35,CPU%=0.08(W0.14),DSF=1.00,CFL=18.56/22.45,ICFLp95=21.32,LD=1,SF=1.21,LP=0,DVFS=0
12-16 17:01:39.843  5776  5801 W VrApi   : ovr_SubmitFrameInternal: FrameIndex discontinuity: Expected 208287, Received 208288
12-16 17:01:40.007  5776  8514 I VrApi   : FPS=72/72,Prd=0ms,Tear=0,Early=0,Stale=0,Stale2/5/10/max=0/0/0/0,VSnc=1,Lat=0,Fov=0,CPU4/GPU=3/4,1382/525MHz,OC=FF,TA=0/70/0,SP=N/F/N,Mem=1555MHz,Free=7924MB,PLS=0,Temp=30.2C/0.0C,TW=3.51ms,App=0.79ms,GD=0.25ms,CPU&GPU=14.00ms,LCnt=2(DR0,LM0),GPU%=0.35,CPU%=0.11(W0.17),DSF=1.00,CFL=18.78/22.47,ICFLp95=21.14,LD=1,SF=1.21,LP=0,DVFS=0
12-16 17:01:41.007  5776  8514 I VrApi   : FPS=72/72,Prd=0ms,Tear=0,Early=0,Stale=8,Stale2/5/10/max=1/1/0/6,VSnc=1,Lat=0,Fov=0,CPU4/GPU=3/4,1382/525MHz,OC=FF,TA=0/70/0,SP=N/F/N,Mem=1555MHz,Free=7924MB,PLS=0,Temp=30.2C/0.0C,TW=3.50ms,App=0.76ms,GD=0.24ms,CPU&GPU=13.82ms,LCnt=2(DR0,LM0),GPU%=0.35,CPU%=0.13(W0.14),DSF=1.00,CFL=18.58/24.88,ICFLp95=24.13,LD=1,SF=1.21,LP=0,DVFS=0
12-16 17:01:42.007  5776  8514 I VrApi   : FPS=72/72,Prd=0ms,Tear=0,Early=0,Stale=0,Stale2/5/10/max=0/0/0/0,VSnc=1,Lat=0,Fov=0,CPU4/GPU=3/4,1382/525MHz,OC=FF,TA=0/70/0,SP=N/F/N,Mem=1555MHz,Free=7924MB,PLS=0,Temp=30.2C/0.0C,TW=3.50ms,App=0.81ms,GD=0.24ms,CPU&GPU=13.87ms,LCnt=2(DR0,LM0),GPU%=0.35,CPU%=0.16(W0.29),DSF=1.00,CFL=19.98/24.49,ICFLp95=23.24,LD=1,SF=1.21,LP=0,DVFS=0
12-16 17:01:43.015  5776  5801 W VrApi   : ovr_SubmitFrameInternal: FrameIndex discontinuity: Expected 208495, Received 208496
12-16 17:01:43.015  5776  8514 I VrApi   : FPS=72/72,Prd=0ms,Tear=0,Early=0,Stale=0,Stale2/5/10/max=0/0/0/0,VSnc=1,Lat=0,Fov=0,CPU4/GPU=3/4,1382/525MHz,OC=FF,TA=0/70/0,SP=N/F/N,Mem=1555MHz,Free=7926MB,PLS=0,Temp=30.2C/0.0C,TW=3.52ms,App=0.73ms,GD=0.25ms,CPU&GPU=13.87ms,LCnt=2(DR0,LM0),GPU%=0.29,CPU%=0.06(W0.10),DSF=1.00,CFL=19.37/23.87,ICFLp95=22.26,LD=1,SF=1.21,LP=0,DVFS=0
12-16 17:01:43.032  5776  5801 W VrApi   : ovr_SubmitFrameInternal: FrameIndex discontinuity: Expected 208497, Received 208498
12-16 17:01:43.056  5776  5801 W VrApi   : ovr_SubmitFrameInternal: FrameIndex discontinuity: Expected 208500, Received 208501
12-16 17:01:43.070  5776  5801 W VrApi   : ovr_SubmitFrameInternal: FrameIndex discontinuity: Expected 208502, Received 208503
12-16 17:01:43.084  5776  5801 W VrApi   : ovr_SubmitFrameInternal: FrameIndex discontinuity: Expected 208504, Received 208505
12-16 17:01:43.098  5776  5801 W VrApi   : ovr_SubmitFrameInternal: FrameIndex discontinuity: Expected 208506, Received 208507
12-16 17:01:43.111  5776  5801 W VrApi   : ovr_SubmitFrameInternal: FrameIndex discontinuity: Expected 208508, Received 208509
12-16 17:01:43.173  5776  5801 W VrApi   : ovr_SubmitFrameInternal: FrameIndex discontinuity: Expected 208510, Received 208511
12-16 17:01:44.007  5776  8514 I VrApi   : FPS=59/72,Prd=0ms,Tear=0,Early=0,Stale=42,Stale2/5/10/max=0/0/1/42,VSnc=1,Lat=0,Fov=0,CPU4/GPU=4/4,1382/525MHz,OC=FF,TA=0/70/0,SP=N/F/N,Mem=1555MHz,Free=7926MB,PLS=0,Temp=30.2C/0.0C,TW=3.49ms,App=-0.16ms,GD=0.25ms,CPU&GPU=19.21ms,LCnt=2(DR0,LM0),GPU%=0.34,CPU%=0.17(W0.23),DSF=1.00,CFL=19.14/22.98,ICFLp95=21.65,LD=1,SF=1.21,LP=0,DVFS=0
12-16 17:01:45.007  5776  8514 I VrApi   : FPS=72/72,Prd=0ms,Tear=0,Early=0,Stale=0,Stale2/5/10/max=0/0/0/0,VSnc=1,Lat=0,Fov=0,CPU4/GPU=3/4,1478/525MHz,OC=FF,TA=0/70/0,SP=N/F/N,Mem=1555MHz,Free=7926MB,PLS=0,Temp=30.2C/0.0C,TW=3.49ms,App=0.68ms,GD=0.24ms,CPU&GPU=13.74ms,LCnt=2(DR0,LM0),GPU%=0.34,CPU%=0.19(W0.26),DSF=1.00,CFL=18.67/22.48,ICFLp95=21.34,LD=1,SF=1.21,LP=0,DVFS=0
12-16 17:01:46.007  5776  8514 I VrApi   : FPS=72/72,Prd=0ms,Tear=0,Early=0,Stale=0,Stale2/5/10/max=0/0/0/0,VSnc=1,Lat=0,Fov=0,CPU4/GPU=3/4,1382/525MHz,OC=FF,TA=0/70/0,SP=N/F/N,Mem=1555MHz,Free=7926MB,PLS=0,Temp=30.2C/0.0C,TW=3.53ms,App=0.80ms,GD=0.24ms,CPU&GPU=13.86ms,LCnt=2(DR0,LM0),GPU%=0.35,CPU%=0.24(W0.31),DSF=1.00,CFL=18.59/22.43,ICFLp95=21.12,LD=1,SF=1.21,LP=0,DVFS=0
