--------- beginning of main
01-16 16:02:33.001  2265 10309 I VrApi   : FPS=90/90,Prd=31ms,Tear=0,Early=0,Stale=0,Stale2/5/10/max=0/0/0/0,VSnc=1,Lat=-1,Fov=0,CPU4/GPU=5/3,1478/490MHz,OC=FF,TA=0/70/0,SP=N/F/N,Mem=2092MHz,Free=8078MB,PLS=0,Temp=24.7C/0.0C,TW=1.40ms,App=4.52ms,GD=0.00ms,CPU&GPU=7.12ms,LCnt=2(DR90,LM0),GPU%=0.56,CPU%=0.24(W0.35),DSF=1.00,CFL=15.72/19.87,ICFLp95=18.72,LD=0,SF=1.00,LP=0,DVFS=0
01-16 16:02:33.436  2265  2826 I VrApi   : OVR::Stats thread Suspend
01-16 16:02:33.447  2265  2826 I VrApi   : OVR::Stats thread stopped
01-16 16:02:33.541  2479  2822 I VrApi   : OVR::Stats thread Suspend
01-16 16:02:33.550  2479  2822 I VrApi   : OVR::Stats thread stopped
01-16 16:02:33.566  3186  3386 I VrApi   : OVR::Stats thread Resume
01-16 16:02:33.627  3186  3386 I VrApi   : OVR::Stats thread started
01-16 16:02:34.243 10473 10495 I VrApi   : ----------- vrapi_Initialize [start] ----------
01-16 16:02:34.253 10473 10495 I VrApi   : Client type: 0 flags: 0x0 placement: 0
01-16 16:02:34.272 10473 10495 I VrApi   : vrapi_Initialize: Connected to VrRuntimeService after 0.019126s
01-16 16:02:34.422 10473 10495 I VrApi   : SkipPushFinalBlack=1
01-16 16:02:34.423 10473 10495 I VrApi   : isActivityFocusAware = 1
01-16 16:02:34.437 10473 10495 I VrApi   : ----------- vrapi_Initialize [end] ----------
01-16 16:02:34.437 10473 10495 I VrApi   : ------------ vrapi_Shutdown [start] -----------
01-16 16:02:34.437 10473 10495 W VrApi   : IsOvrValid: ovr == nullptr. Package: com.AnotherAxiom.GorillaTag
01-16 16:02:34.441 10473 10495 I VrApi   : ------------ vrapi_Shutdown [end] -----------
01-16 16:02:34.462 10473 10495 I VrApi   : ----------- vrapi_Initialize [start] ----------
01-16 16:02:34.572 10473 10495 I VrApi   : Client type: 0 flags: 0x0 placement: 0
01-16 16:02:34.694 10473 10495 I VrApi   : vrapi_Initialize: Connected to VrRuntimeService after 0.121651s
01-16 16:02:34.725 10473 10495 I VrApi   : SkipPushFinalBlack=1
01-16 16:02:34.726 10473 10495 I VrApi   : isActivityFocusAware = 1
01-16 16:02:34.736 10473 10495 I VrApi   : ----------- vrapi_Initialize [end] ----------
01-16 16:02:34.736 10473 10495 W VrApi   : vrapi_LocateTrackingSpace: ovr == NULL
01-16 16:02:34.770 10473 10532 I VrApi   : ---------- vrapi_EnterVrMode [start] ----------
01-16 16:02:34.792 10473 10532 I VrApi   : ovrModeParms::VRAPI_MODE_FLAG_RESET_WINDOW_FULLSCREEN = 1
01-16 16:02:34.792 10473 10532 I VrApi   : ovrModeParms::VRAPI_MODE_FLAG_NATIVE_WINDOW = 1
01-16 16:02:34.793 10473 10532 I VrApi   : ovrModeParms::VRAPI_MODE_FLAG_FRONT_BUFFER_SRGB = 1
01-16 16:02:34.793 10473 10532 I VrApi   : ovrModeParms::VRAPI_MODE_FLAG_PHASE_SYNC = 0
01-16 16:02:34.793 10473 10532 I VrApi   : ovrModeParms::VRAPI_MODE_FLAG_APP_SPACE_WARP = 0
01-16 16:02:34.793 10473 10532 I VrApi   : PhaseSync disabled
01-16 16:02:34.793 10473 10532 I VrApi   : HMD sensor attached.
01-16 16:02:34.799 10473 10532 I VrApi   : Creating Default swapchain
01-16 16:02:34.799 10473 10532 I VrApi   : Creating Loading Icon swapchain
01-16 16:02:34.799 10473 10532 I VrApi   : OVR::Stats thread started
01-16 16:02:34.799 10473 10532 I VrApi   : Initial BaseVsync 43376 
01-16 16:02:34.799 10473 10532 I VrApi   : ---------- vrapi_EnterVrMode [end] ----------
01-16 16:02:36.023 10473 10607 I VrApi   : FPS=0/72,Prd=0ms,Tear=0,Early=0,Stale=0,Stale2/5/10/max=0/0/0/0,VSnc=1,Lat=0,Fov=0,CPU4/GPU=5/3,1478/490MHz,OC=FF,TA=0/0/0,SP=N/N/N,Mem=2092MHz,Free=7704MB,PLS=0,Temp=0.0C/0.0C,TW=0.00ms,App=0.00ms,GD=0.00ms,CPU&GPU=0.00ms,LCnt=0(DR0,LM0),GPU%=0.42,CPU%=0.27(W0.35),DSF=1.00,CFL=0.00/0.00,ICFLp95=0.00,LD=0,SF=0.00,LP=0,DVFS=0
01-16 16:02:37.001 10473 10607 I VrApi   : FPS=0/72,Prd=0ms,Tear=0,Early=0,Stale=0,Stale2/5/10/max=0/0/0/0,VSnc=1,Lat=0,Fov=0,CPU4/GPU=5/3,1478/490MHz,OC=FF,TA=0/0/0,SP=N/N/N,Mem=2092MHz,Free=7704MB,PLS=0,Temp=0.0C/0.0C,TW=0.00ms,App=0.00ms,GD=0.00ms,CPU&GPU=0.00ms,LCnt=0(DR0,LM0),GPU%=0.42,CPU%=0.27(W0.35),DSF=1.00,CFL=0.00/0.00,ICFLp95=0.00,LD=0,SF=0.00,LP=0,DVFS=0
01-16 16:02:37.433 10473 10532 W VrApi   : Time to first swap: 3.199 seconds
01-16 16:02:38.001 10473 10607 I VrApi   : FPS=1/72,Prd=0ms,Tear=0,Early=0,Stale=72,Stale2/5/10/max=0/0/0/0,VSnc=0,Lat=1,Fov=0,CPU4/GPU=5/2,2419/441MHz,OC=FF,TA=0/0/0,SP=N/N/N,Mem=2092MHz,Free=7704MB,PLS=0,Temp=24.7C/0.0C,TW=1.90ms,App=-208.25ms,GD=0.71ms,CPU&GPU=0.00ms,LCnt=3(DR72,LM3),GPU%=0.24,CPU%=0.42(W0.75),DSF=1.00,CFL=17.30/22.34,ICFLp95=20.81,LD=0,SF=0.00,LP=0,DVFS=0
01-16 16:02:39.001 10473 10607 I VrApi   : FPS=68/72,Prd=51ms,Tear=1,Early=52,Stale=22,Stale2/5/10/max=0/0/1/199,VSnc=1,Lat=1,Fov=0,CPU4/GPU=5/2,2419/441MHz,OC=FF,TA=0/0/0,SP=N/N/N,Mem=2092MHz,Free=7704MB,PLS=0,Temp=25.2C/0.0C,TW=1.81ms,App=0.11ms,GD=0.69ms,CPU&GPU=2.06ms,LCnt=3(DR72,LM3),GPU%=0.22,CPU%=0.45(W0.75),DSF=1.00,CFL=14.35/27.69,ICFLp95=28.43,LD=0,SF=1.00,LP=0,DVFS=0
01-16 16:02:39.827  3186  3386 I VrApi   : OVR::Stats thread Suspend
01-16 16:02:39.833  3186  3386 I VrApi   : OVR::Stats thread stopped
01-16 16:02:40.001 10473 10607 I VrApi   : FPS=68/72,Prd=51ms,Tear=1,Early=52,Stale=22,Stale2/5/10/max=0/0/1/199,VSnc=1,Lat=1,Fov=0,CPU4/GPU=5/2,2419/441MHz,OC=FF,TA=0/0/0,SP=N/N/N,Mem=2092MHz,Free=7704MB,PLS=0,Temp=25.2C/0.0C,TW=1.81ms,App=0.11ms,GD=0.69ms,CPU&GPU=2.06ms,LCnt=3(DR72,LM3),GPU%=0.22,CPU%=0.45(W0.75),DSF=1.00,CFL=14.35/27.69,ICFLp95=28.43,LD=0,SF=1.00,LP=0,DVFS=0
01-16 16:02:41.001 10473 10607 I VrApi   : FPS=68/72,Prd=51ms,Tear=1,Early=52,Stale=22,Stale2/5/10/max=0/0/1/199,VSnc=1,Lat=1,Fov=0,CPU4/GPU=5/2,2419/441MHz,OC=FF,TA=0/0/0,SP=N/N/N,Mem=2092MHz,Free=7704MB,PLS=0,Temp=25.2C/0.0C,TW=1.81ms,App=0.11ms,GD=0.69ms,CPU&GPU=2.06ms,LCnt=3(DR72,LM3),GPU%=0.22,CPU%=0.45(W0.75),DSF=1.00,CFL=14.35/27.69,ICFLp95=28.43,LD=0,SF=1.00,LP=0,DVFS=0
01-16 16:02:42.001 10473 10607 I VrApi   : FPS=68/72,Prd=51ms,Tear=1,Early=52,Stale=22,Stale2/5/10/max=0/0/1/199,VSnc=1,Lat=1,Fov=0,CPU4/GPU=5/2,2419/441MHz,OC=FF,TA=0/0/0,SP=N/N/N,Mem=2092MHz,Free=7704MB,PLS=0,Temp=25.2C/0.0C,TW=1.81ms,App=0.11ms,GD=0.69ms,CPU&GPU=2.06ms,LCnt=3(DR72,LM3),GPU%=0.22,CPU%=0.45(W0.75),DSF=1.00,CFL=14.35/27.69,ICFLp95=28.43,LD=0,SF=1.00,LP=0,DVFS=0
01-16 16:02:43.001 10473 10607 I VrApi   : FPS=64/90,Prd=48ms,Tear=0,Early=0,Stale=72,Stale2/5/10/max=0/0/0/0,VSnc=1,Lat=1,Fov=0,CPU4/GPU=5/2,1478/441MHz,OC=FF,TA=0/0/0,SP=N/N/N,Mem=2092MHz,Free=7704MB,PLS=0,Temp=25.2C/0.0C,TW=1.71ms,App=3.41ms,GD=0.74ms,CPU&GPU=1.90ms,LCnt=2(DR72,LM2),GPU%=0.47,CPU%=0.28(W0.45),DSF=1.00,CFL=15.90/19.57,ICFLp95=18.61,LD=0,SF=1.00,LP=0,DVFS=0
01-16 16:02:44.001 10473 10607 I VrApi   : FPS=87/90,Prd=40ms,Tear=0,Early=69,Stale=19,Stale2/5/10/max=0/0/1/230,VSnc=1,Lat=1,Fov=0,CPU4/GPU=5/2,1478/441MHz,OC=FF,TA=0/0/0,SP=N/N/N,Mem=2092MHz,Free=7704MB,PLS=0,Temp=25.2C/0.0C,TW=1.70ms,App=3.20ms,GD=0.72ms,CPU&GPU=8.06ms,LCnt=2(DR87,LM2),GPU%=0.53,CPU%=0.32(W0.53),DSF=1.00,CFL=15.74/28.28,ICFLp95=19.20,LD=0,SF=1.00,LP=0,DVFS=0
01-16 16:02:45.001 10473 10607 I VrApi   : FPS=87/90,Prd=41ms,Tear=0,Early=86,Stale=4,Stale2/5/10/max=1/0/0/4,VSnc=1,Lat=1,Fov=0,CPU4/GPU=5/2,1478/441MHz,OC=FF,TA=0/0/0,SP=N/N/N,Mem=2092MHz,Free=7704MB,PLS=0,Temp=25.2C/0.0C,TW=1.69ms,App=2.72ms,GD=0.69ms,CPU&GPU=7.71ms,LCnt=2(DR90,LM2),GPU%=0.50,CPU%=0.31(W0.55),DSF=1.00,CFL=15.97/19.88,ICFLp95=18.61,LD=0,SF=1.00,LP=0,DVFS=0
01-16 16:02:46.001 10473 10607 I VrApi   : FPS=90/90,Prd=41ms,Tear=0,Early=89,Stale=0,Stale2/5/10/max=0/0/0/0,VSnc=1,Lat=1,Fov=0,CPU4/GPU=5/2,1478/441MHz,OC=FF,TA=0/0/0,SP=N/N/N,Mem=2092MHz,Free=7704MB,PLS=0,Temp=25.2C/0.0C,TW=1.71ms,App=3.65ms,GD=0.73ms,CPU&GPU=8.40ms,LCnt=2(DR90,LM2),GPU%=0.56,CPU%=0.66(W0.83),DSF=1.00,CFL=15.99/19.73,ICFLp95=18.59,LD=0,SF=1.00,LP=0,DVFS=0
01-16 16:02:47.001 10473 10607 I VrApi   : FPS=87/90,Prd=41ms,Tear=0,Early=84,Stale=4,Stale2/5/10/max=1/0/0/4,VSnc=1,Lat=1,Fov=0,CPU4/GPU=5/2,1478/441MHz,OC=FF,TA=0/0/0,SP=N/N/N,Mem=2092MHz,Free=7704MB,PLS=0,Temp=25.0C/0.0C,TW=1.71ms,App=3.41ms,GD=0.73ms,CPU&GPU=8.95ms,LCnt=2(DR90,LM2),GPU%=0.56,CPU%=0.34(W0.45),DSF=1.00,CFL=16.24/19.58,ICFLp95=18.63,LD=0,SF=1.00,LP=0,DVFS=0
01-16 16:02:48.001 10473 10607 I VrApi   : FPS=90/90,Prd=41ms,Tear=0,Early=90,Stale=0,Stale2/5/10/max=0/0/0/0,VSnc=1,Lat=1,Fov=0,CPU4/GPU=5/2,1478/441MHz,OC=FF,TA=0/0/0,SP=N/N/N,Mem=2092MHz,Free=7704MB,PLS=0,Temp=25.0C/0.0C,TW=1.70ms,App=3.30ms,GD=0.74ms,CPU&GPU=8.14ms,LCnt=2(DR90,LM2),GPU%=0.54,CPU%=0.37(W0.45),DSF=1.00,CFL=15.98/19.75,ICFLp95=18.65,LD=0,SF=1.00,LP=0,DVFS=0
01-16 16:02:49.002 10473 10607 I VrApi   : FPS=90/90,Prd=41ms,Tear=0,Early=90,Stale=0,Stale2/5/10/max=0/0/0/0,VSnc=1,Lat=1,Fov=0,CPU4/GPU=5/2,1478/441MHz,OC=FF,TA=0/0/0,SP=N/N/N,Mem=2092MHz,Free=7704MB,PLS=0,Temp=25.0C/0.0C,TW=1.71ms,App=3.31ms,GD=0.73ms,CPU&GPU=8.07ms,LCnt=2(DR90,LM2),GPU%=0.54,CPU%=0.32(W0.52),DSF=1.00,CFL=16.22/19.50,ICFLp95=18.47,LD=0,SF=1.00,LP=0,DVFS=0
01-16 16:02:49.629  3186  3386 I VrApi   : OVR::Stats thread Resume
01-16 16:02:49.646  3186  3386 I VrApi   : OVR::Stats thread started
01-16 16:02:50.002 10473 10607 I VrApi   : FPS=90/90,Prd=41ms,Tear=0,Early=90,Stale=0,Stale2/5/10/max=0/0/0/0,VSnc=1,Lat=1,Fov=0,CPU4/GPU=5/2,1478/441MHz,OC=FF,TA=0/0/0,SP=N/N/N,Mem=2092MHz,Free=7704MB,PLS=0,Temp=25.0C/0.0C,TW=1.72ms,App=3.34ms,GD=0.74ms,CPU&GPU=8.05ms,LCnt=2(DR90,LM2),GPU%=0.54,CPU%=0.42(W0.45),DSF=1.00,CFL=16.00/19.91,ICFLp95=18.52,LD=0,SF=1.00,LP=0,DVFS=0
01-16 16:02:51.002 10473 10607 I VrApi   : FPS=91/90,Prd=43ms,Tear=0,Early=90,Stale=0,Stale2/5/10/max=0/0/0/0,VSnc=1,Lat=1,Fov=0,CPU4/GPU=5/2,1478/441MHz,OC=FF,TA=0/0/0,SP=N/N/N,Mem=2092MHz,Free=7704MB,PLS=0,Temp=25.0C/0.0C,TW=2.98ms,App=3.89ms,GD=0.72ms,CPU&GPU=8.53ms,LCnt=3(DR69,LM0),GPU%=0.68,CPU%=0.49(W0.55),DSF=1.00,CFL=16.20/25.41,ICFLp95=22.81,LD=0,SF=1.00,LP=0,DVFS=0
01-16 16:02:52.002 10473 10607 I VrApi   : FPS=89/90,Prd=42ms,Tear=0,Early=88,Stale=1,Stale2/5/10/max=0/0/0/1,VSnc=1,Lat=1,Fov=0,CPU4/GPU=5/2,1478/441MHz,OC=FF,TA=0/0/0,SP=N/N/N,Mem=2092MHz,Free=7704MB,PLS=0,Temp=25.0C/0.0C,TW=1.71ms,App=3.66ms,GD=0.75ms,CPU&GPU=8.66ms,LCnt=2(DR45,LM2),GPU%=0.58,CPU%=0.36(W0.40),DSF=1.00,CFL=16.20/25.01,ICFLp95=23.53,LD=0,SF=1.00,LP=0,DVFS=0
01-16 16:02:53.002 10473 10607 I VrApi   : FPS=90/90,Prd=41ms,Tear=0,Early=90,Stale=0,Stale2/5/10/max=0/0/0/0,VSnc=1,Lat=1,Fov=0,CPU4/GPU=5/2,1478/441MHz,OC=FF,TA=0/0/0,SP=N/N/N,Mem=2092MHz,Free=7704MB,PLS=0,Temp=25.0C/0.0C,TW=1.71ms,App=3.66ms,GD=0.75ms,CPU&GPU=8.65ms,LCnt=2(DR90,LM2),GPU%=0.57,CPU%=0.34(W0.53),DSF=1.00,CFL=16.11/19.75,ICFLp95=18.54,LD=0,SF=1.00,LP=0,DVFS=0
01-16 16:02:54.002 10473 10607 I VrApi   : FPS=90/90,Prd=41ms,Tear=0,Early=90,Stale=0,Stale2/5/10/max=0/0/0/0,VSnc=1,Lat=1,Fov=0,CPU4/GPU=5/2,1478/441MHz,OC=FF,TA=0/0/0,SP=N/N/N,Mem=2092MHz,Free=7704MB,PLS=0,Temp=25.0C/0.0C,TW=1.71ms,App=3.64ms,GD=0.74ms,CPU&GPU=8.59ms,LCnt=2(DR90,LM2),GPU%=0.57,CPU%=0.32(W0.42),DSF=1.00,CFL=16.01/20.03,ICFLp95=18.76,LD=0,SF=1.00,LP=0,DVFS=0
01-16 16:02:54.594  3186  3386 I VrApi   : OVR::Stats thread Suspend
01-16 16:02:54.607  3186  3386 I VrApi   : OVR::Stats thread stopped
01-16 16:02:55.002 10473 10607 I VrApi   : FPS=90/90,Prd=41ms,Tear=0,Early=90,Stale=0,Stale2/5/10/max=0/0/0/0,VSnc=1,Lat=1,Fov=0,CPU4/GPU=5/2,1478/441MHz,OC=FF,TA=0/0/0,SP=N/N/N,Mem=2092MHz,Free=7704MB,PLS=0,Temp=25.0C/0.0C,TW=1.70ms,App=3.63ms,GD=0.73ms,CPU&GPU=8.62ms,LCnt=2(DR90,LM2),GPU%=0.57,CPU%=0.36(W0.43),DSF=1.00,CFL=16.31/20.30,ICFLp95=18.65,LD=0,SF=1.00,LP=0,DVFS=0
01-16 16:02:56.044 10473 10607 I VrApi   : FPS=90/90,Prd=41ms,Tear=0,Early=89,Stale=0,Stale2/5/10/max=0/0/0/0,VSnc=1,Lat=1,Fov=0,CPU4/GPU=5/2,1478/441MHz,OC=FF,TA=0/0/0,SP=N/N/N,Mem=2092MHz,Free=6267MB,PLS=0,Temp=25.0C/0.0C,TW=1.71ms,App=3.61ms,GD=0.74ms,CPU&GPU=8.77ms,LCnt=2(DR90,LM2),GPU%=0.57,CPU%=0.36(W0.52),DSF=1.00,CFL=15.91/19.71,ICFLp95=18.55,LD=0,SF=1.00,LP=0,DVFS=0
01-16 16:02:57.002 10473 10607 I VrApi   : FPS=89/90,Prd=41ms,Tear=0,Early=89,Stale=1,Stale2/5/10/max=0/0/0/1,VSnc=1,Lat=1,Fov=0,CPU4/GPU=5/2,1478/441MHz,OC=FF,TA=0/0/0,SP=N/N/N,Mem=2092MHz,Free=6267MB,PLS=0,Temp=25.0C/0.0C,TW=1.70ms,App=3.61ms,GD=0.73ms,CPU&GPU=8.57ms,LCnt=2(DR90,LM2),GPU%=0.57,CPU%=0.31(W0.50),DSF=1.00,CFL=15.97/19.76,ICFLp95=18.57,LD=0,SF=1.00,LP=0,DVFS=0
01-16 16:02:58.002 10473 10607 I VrApi   : FPS=90/90,Prd=41ms,Tear=0,Early=89,Stale=0,Stale2/5/10/max=0/0/0/0,VSnc=1,Lat=1,Fov=0,CPU4/GPU=5/2,1574/441MHz,OC=FF,TA=0/0/0,SP=N/N/N,Mem=2092MHz,Free=6267MB,PLS=0,Temp=25.0C/0.0C,TW=1.71ms,App=3.77ms,GD=0.73ms,CPU&GPU=8.73ms,LCnt=2(DR90,LM2),GPU%=0.58,CPU%=0.35(W0.55),DSF=1.00,CFL=15.98/19.42,ICFLp95=18.53,LD=0,SF=1.00,LP=0,DVFS=0
01-16 16:02:59.003 10473 10607 I VrApi   : FPS=90/90,Prd=41ms,Tear=0,Early=90,Stale=0,Stale2/5/10/max=0/0/0/0,VSnc=1,Lat=1,Fov=0,CPU4/GPU=5/2,2419/441MHz,OC=FF,TA=0/0/0,SP=N/N/N,Mem=2092MHz,Free=6267MB,PLS=0,Temp=25.2C/0.0C,TW=1.71ms,App=3.72ms,GD=0.73ms,CPU&GPU=8.72ms,LCnt=2(DR90,LM2),GPU%=0.58,CPU%=0.35(W0.50),DSF=1.00,CFL=16.23/19.61,ICFLp95=18.52,LD=0,SF=1.00,LP=0,DVFS=0
01-16 16:03:00.003 10473 10607 I VrApi   : FPS=90/90,Prd=41ms,Tear=0,Early=88,Stale=0,Stale2/5/10/max=0/0/0/0,VSnc=1,Lat=1,Fov=0,CPU4/GPU=5/2,1766/441MHz,OC=FF,TA=0/0/0,SP=N/N/N,Mem=2092MHz,Free=6267MB,PLS=0,Temp=25.2C/0.0C,TW=0.90ms,App=3.67ms,GD=0.00ms,CPU&GPU=8.44ms,LCnt=1(DR90,LM0),GPU%=0.44,CPU%=0.33(W0.52),DSF=1.00,CFL=15.98/19.98,ICFLp95=18.73,LD=0,SF=1.00,LP=0,DVFS=0
01-16 16:03:01.003 10473 10607 I VrApi   : FPS=90/90,Prd=41ms,Tear=0,Early=89,Stale=0,Stale2/5/10/max=0/0/0/0,VSnc=1,Lat=1,Fov=0,CPU4/GPU=5/2,1574/441MHz,OC=FF,TA=0/0/0,SP=N/N/N,Mem=2092MHz,Free=6267MB,PLS=0,Temp=25.2C/0.0C,TW=0.94ms,App=3.51ms,GD=0.00ms,CPU&GPU=7.66ms,LCnt=1(DR90,LM0),GPU%=0.42,CPU%=0.32(W0.47),DSF=1.00,CFL=15.81/20.30,ICFLp95=18.86,LD=0,SF=1.00,LP=0,DVFS=0
01-16 16:03:02.003 10473 10607 I VrApi   : FPS=90/90,Prd=41ms,Tear=0,Early=90,Stale=0,Stale2/5/10/max=0/0/0/0,VSnc=1,Lat=1,Fov=0,CPU4/GPU=5/2,1478/441MHz,OC=FF,TA=0/0/0,SP=N/N/N,Mem=2092MHz,Free=6267MB,PLS=0,Temp=25.2C/0.0C,TW=0.92ms,App=3.63ms,GD=0.00ms,CPU&GPU=7.55ms,LCnt=1(DR90,LM0),GPU%=0.43,CPU%=0.36(W0.58),DSF=1.00,CFL=15.72/19.46,ICFLp95=18.34,LD=0,SF=1.00,LP=0,DVFS=0
01-16 16:03:03.003 10473 10607 I VrApi   : FPS=90/90,Prd=40ms,Tear=0,Early=90,Stale=0,Stale2/5/10/max=0/0/0/0,VSnc=1,Lat=1,Fov=0,CPU4/GPU=5/2,1574/441MHz,OC=FF,TA=0/0/0,SP=N/N/N,Mem=2092MHz,Free=6267MB,PLS=0,Temp=25.2C/0.0C,TW=0.94ms,App=3.58ms,GD=0.00ms,CPU&GPU=7.72ms,LCnt=1(DR90,LM0),GPU%=0.43,CPU%=0.34(W0.50),DSF=1.00,CFL=15.64/19.44,ICFLp95=18.24,LD=0,SF=1.00,LP=0,DVFS=0
01-16 16:03:04.003 10473 10607 I VrApi   : FPS=90/90,Prd=40ms,Tear=0,Early=90,Stale=0,Stale2/5/10/max=0/0/0/0,VSnc=1,Lat=1,Fov=0,CPU4/GPU=5/2,1478/441MHz,OC=FF,TA=0/0/0,SP=N/N/N,Mem=2092MHz,Free=6267MB,PLS=0,Temp=25.2C/0.0C,TW=0.94ms,App=3.57ms,GD=0.00ms,CPU&GPU=7.63ms,LCnt=1(DR90,LM0),GPU%=0.42,CPU%=0.34(W0.47),DSF=1.00,CFL=15.72/19.01,ICFLp95=18.17,LD=0,SF=1.00,LP=0,DVFS=0
01-16 16:03:05.003 10473 10607 I VrApi   : FPS=90/90,Prd=40ms,Tear=0,Early=90,Stale=0,Stale2/5/10/max=0/0/0/0,VSnc=1,Lat=1,Fov=0,CPU4/GPU=5/2,1478/441MHz,OC=FF,TA=0/0/0,SP=N/N/N,Mem=2092MHz,Free=6267MB,PLS=0,Temp=25.2C/0.0C,TW=0.93ms,App=3.51ms,GD=0.00ms,CPU&GPU=7.67ms,LCnt=1(DR90,LM0),GPU%=0.42,CPU%=0.32(W0.47),DSF=1.00,CFL=15.50/19.63,ICFLp95=18.18,LD=0,SF=1.00,LP=0,DVFS=0
01-16 16:03:06.003 10473 10607 I VrApi   : FPS=90/90,Prd=40ms,Tear=0,Early=90,Stale=0,Stale2/5/10/max=0/0/0/0,VSnc=1,Lat=1,Fov=0,CPU4/GPU=5/2,1478/441MHz,OC=FF,TA=0/0/0,SP=N/N/N,Mem=2092MHz,Free=6267MB,PLS=0,Temp=25.2C/0.0C,TW=0.93ms,App=3.51ms,GD=0.00ms,CPU&GPU=7.52ms,LCnt=1(DR90,LM0),GPU%=0.42,CPU%=0.33(W0.43),DSF=1.00,CFL=15.58/19.13,ICFLp95=18.06,LD=0,SF=1.00,LP=0,DVFS=0
01-16 16:03:07.003 10473 10607 I VrApi   : FPS=90/90,Prd=40ms,Tear=0,Early=90,Stale=0,Stale2/5/10/max=0/0/0/0,VSnc=1,Lat=1,Fov=0,CPU4/GPU=5/2,1478/441MHz,OC=FF,TA=0/0/0,SP=N/N/N,Mem=2092MHz,Free=6267MB,PLS=0,Temp=25.2C/0.0C,TW=0.92ms,App=3.53ms,GD=0.00ms,CPU&GPU=7.51ms,LCnt=1(DR90,LM0),GPU%=0.42,CPU%=0.36(W0.48),DSF=1.00,CFL=15.70/19.36,ICFLp95=18.20,LD=0,SF=1.00,LP=0,DVFS=0
01-16 16:03:08.003 10473 10607 I VrApi   : FPS=90/90,Prd=40ms,Tear=0,Early=90,Stale=0,Stale2/5/10/max=0/0/0/0,VSnc=1,Lat=1,Fov=0,CPU4/GPU=5/2,1478/441MHz,OC=FF,TA=0/0/0,SP=N/N/N,Mem=2092MHz,Free=6267MB,PLS=0,Temp=25.2C/0.0C,TW=0.90ms,App=3.42ms,GD=0.00ms,CPU&GPU=7.44ms,LCnt=1(DR90,LM0),GPU%=0.40,CPU%=0.41(W0.55),DSF=1.00,CFL=15.83/19.04,ICFLp95=18.12,LD=0,SF=1.00,LP=0,DVFS=0
01-16 16:03:09.003 10473 10607 I VrApi   : FPS=90/90,Prd=40ms,Tear=0,Early=90,Stale=0,Stale2/5/10/max=0/0/0/0,VSnc=1,Lat=1,Fov=0,CPU4/GPU=5/2,1478/441MHz,OC=FF,TA=0/0/0,SP=N/N/N,Mem=2092MHz,Free=6267MB,PLS=0,Temp=24.7C/0.0C,TW=0.91ms,App=3.28ms,GD=0.00ms,CPU&GPU=7.36ms,LCnt=1(DR90,LM0),GPU%=0.40,CPU%=0.32(W0.45),DSF=1.00,CFL=15.78/19.81,ICFLp95=18.23,LD=0,SF=1.00,LP=0,DVFS=0
01-16 16:03:10.003 10473 10607 I VrApi   : FPS=90/90,Prd=40ms,Tear=0,Early=90,Stale=0,Stale2/5/10/max=0/0/0/0,VSnc=1,Lat=1,Fov=0,CPU4/GPU=5/2,1478/441MHz,OC=FF,TA=0/0/0,SP=N/N/N,Mem=2092MHz,Free=6267MB,PLS=0,Temp=24.7C/0.0C,TW=0.92ms,App=3.26ms,GD=0.00ms,CPU&GPU=7.19ms,LCnt=1(DR90,LM0),GPU%=0.40,CPU%=0.37(W0.50),DSF=1.00,CFL=15.73/19.43,ICFLp95=18.14,LD=0,SF=1.00,LP=0,DVFS=0
01-16 16:03:11.003 10473 10607 I VrApi   : FPS=90/90,Prd=40ms,Tear=0,Early=90,Stale=0,Stale2/5/10/max=0/0/0/0,VSnc=1,Lat=1,Fov=0,CPU4/GPU=5/2,1478/441MHz,OC=FF,TA=0/0/0,SP=N/N/N,Mem=2092MHz,Free=6267MB,PLS=0,Temp=24.7C/0.0C,TW=0.94ms,App=3.30ms,GD=0.00ms,CPU&GPU=7.13ms,LCnt=1(DR90,LM0),GPU%=0.40,CPU%=0.31(W0.38),DSF=1.00,CFL=15.65/19.65,ICFLp95=18.24,LD=0,SF=1.00,LP=0,DVFS=0
01-16 16:03:12.003 10473 10607 I VrApi   : FPS=90/90,Prd=40ms,Tear=0,Early=90,Stale=0,Stale2/5/10/max=0/0/0/0,VSnc=1,Lat=1,Fov=0,CPU4/GPU=5/2,1478/441MHz,OC=FF,TA=0/0/0,SP=N/N/N,Mem=2092MHz,Free=6267MB,PLS=0,Temp=24.7C/0.0C,TW=0.93ms,App=3.34ms,GD=0.00ms,CPU&GPU=7.15ms,LCnt=1(DR90,LM0),GPU%=0.40,CPU%=0.39(W0.45),DSF=1.00,CFL=15.68/19.85,ICFLp95=18.23,LD=0,SF=1.00,LP=0,DVFS=0
01-16 16:03:13.003 10473 10607 I VrApi   : FPS=90/90,Prd=40ms,Tear=0,Early=90,Stale=0,Stale2/5/10/max=0/0/0/0,VSnc=1,Lat=1,Fov=0,CPU4/GPU=5/2,1478/441MHz,OC=FF,TA=0/0/0,SP=N/N/N,Mem=2092MHz,Free=6267MB,PLS=0,Temp=24.7C/0.0C,TW=0.94ms,App=3.48ms,GD=0.00ms,CPU&GPU=7.23ms,LCnt=1(DR90,LM0),GPU%=0.42,CPU%=0.37(W0.50),DSF=1.00,CFL=15.59/19.29,ICFLp95=18.15,LD=0,SF=1.00,LP=0,DVFS=0
01-16 16:03:14.004 10473 10607 I VrApi   : FPS=75/90,Prd=40ms,Tear=0,Early=80,Stale=11,Stale2/5/10/max=0/0/1/11,VSnc=1,Lat=1,Fov=0,CPU4/GPU=5/2,2419/441MHz,OC=FF,TA=0/0/0,SP=N/N/N,Mem=2092MHz,Free=6267MB,PLS=0,Temp=24.7C/0.0C,TW=0.95ms,App=3.14ms,GD=0.00ms,CPU&GPU=8.48ms,LCnt=1(DR90,LM0),GPU%=0.40,CPU%=0.37(W0.53),DSF=1.00,CFL=15.66/19.39,ICFLp95=18.18,LD=0,SF=1.00,LP=0,DVFS=0
01-16 16:03:15.004 10473 10607 I VrApi   : FPS=84/90,Prd=40ms,Tear=0,Early=79,Stale=13,Stale2/5/10/max=0/2/0/7,VSnc=1,Lat=1,Fov=0,CPU4/GPU=5/2,1478/441MHz,OC=FF,TA=0/0/0,SP=N/N/N,Mem=2092MHz,Free=6267MB,PLS=0,Temp=24.7C/0.0C,TW=0.96ms,App=3.31ms,GD=0.00ms,CPU&GPU=7.64ms,LCnt=1(DR90,LM0),GPU%=0.41,CPU%=0.42(W0.64),DSF=1.00,CFL=15.85/19.31,ICFLp95=18.20,LD=0,SF=1.00,LP=0,DVFS=0
01-16 16:03:16.050 10473 10607 I VrApi   : FPS=90/90,Prd=40ms,Tear=0,Early=89,Stale=0,Stale2/5/10/max=0/0/0/0,VSnc=1,Lat=1,Fov=0,CPU4/GPU=5/2,1862/441MHz,OC=FF,TA=0/0/0,SP=N/N/N,Mem=2092MHz,Free=6249MB,PLS=0,Temp=24.7C/0.0C,TW=1.03ms,App=3.53ms,GD=0.00ms,CPU&GPU=7.96ms,LCnt=1(DR90,LM0),GPU%=0.43,CPU%=0.52(W0.68),DSF=1.00,CFL=15.75/20.09,ICFLp95=18.27,LD=0,SF=1.00,LP=0,DVFS=0
01-16 16:03:17.004 10473 10607 I VrApi   : FPS=88/90,Prd=41ms,Tear=0,Early=87,Stale=3,Stale2/5/10/max=1/0/0/3,VSnc=1,Lat=1,Fov=0,CPU4/GPU=5/2,1478/441MHz,OC=FF,TA=0/0/0,SP=N/N/N,Mem=2092MHz,Free=6249MB,PLS=0,Temp=24.7C/0.0C,TW=0.98ms,App=3.50ms,GD=0.00ms,CPU&GPU=8.57ms,LCnt=1(DR90,LM0),GPU%=0.43,CPU%=0.49(W0.63),DSF=1.00,CFL=15.68/20.14,ICFLp95=18.43,LD=0,SF=1.00,LP=0,DVFS=0
01-16 16:03:18.004 10473 10607 I VrApi   : FPS=90/90,Prd=41ms,Tear=0,Early=90,Stale=0,Stale2/5/10/max=0/0/0/0,VSnc=1,Lat=1,Fov=0,CPU4/GPU=5/2,1478/441MHz,OC=FF,TA=0/0/0,SP=N/N/N,Mem=2092MHz,Free=6249MB,PLS=0,Temp=24.7C/0.0C,TW=0.95ms,App=3.32ms,GD=0.00ms,CPU&GPU=7.78ms,LCnt=1(DR90,LM0),GPU%=0.40,CPU%=0.47(W0.68),DSF=1.00,CFL=15.80/19.44,ICFLp95=18.28,LD=0,SF=1.00,LP=0,DVFS=0
01-16 16:03:19.004 10473 10607 I VrApi   : FPS=90/90,Prd=40ms,Tear=0,Early=90,Stale=0,Stale2/5/10/max=0/0/0/0,VSnc=1,Lat=1,Fov=0,CPU4/GPU=5/2,1478/441MHz,OC=FF,TA=0/0/0,SP=N/N/N,Mem=2092MHz,Free=6249MB,PLS=0,Temp=25.0C/0.0C,TW=0.93ms,App=3.03ms,GD=0.00ms,CPU&GPU=7.16ms,LCnt=1(DR90,LM0),GPU%=0.38,CPU%=0.47(W0.63),DSF=1.00,CFL=15.66/19.62,ICFLp95=18.33,LD=0,SF=1.00,LP=0,DVFS=0
01-16 16:03:20.004 10473 10607 I VrApi   : FPS=90/90,Prd=40ms,Tear=0,Early=90,Stale=0,Stale2/5/10/max=0/0/0/0,VSnc=1,Lat=1,Fov=0,CPU4/GPU=5/2,1958/441MHz,OC=FF,TA=0/0/0,SP=N/N/N,Mem=2092MHz,Free=6249MB,PLS=0,Temp=25.0C/0.0C,TW=0.93ms,App=2.89ms,GD=0.00ms,CPU&GPU=6.82ms,LCnt=1(DR90,LM0),GPU%=0.36,CPU%=0.40(W0.61),DSF=1.00,CFL=15.78/19.51,ICFLp95=18.28,LD=0,SF=1.00,LP=0,DVFS=0
01-16 16:03:21.004 10473 10607 I VrApi   : FPS=90/90,Prd=40ms,Tear=0,Early=90,Stale=0,Stale2/5/10/max=0/0/0/0,VSnc=1,Lat=1,Fov=0,CPU4/GPU=5/2,1478/441MHz,OC=FF,TA=0/0/0,SP=N/N/N,Mem=2092MHz,Free=6249MB,PLS=0,Temp=25.0C/0.0C,TW=0.92ms,App=2.89ms,GD=0.00ms,CPU&GPU=6.68ms,LCnt=1(DR90,LM0),GPU%=0.36,CPU%=0.38(W0.58),DSF=1.00,CFL=15.84/19.37,ICFLp95=18.19,LD=0,SF=1.00,LP=0,DVFS=0
01-16 16:03:22.004 10473 10607 I VrApi   : FPS=90/90,Prd=40ms,Tear=0,Early=90,Stale=0,Stale2/5/10/max=0/0/0/0,VSnc=1,Lat=1,Fov=0,CPU4/GPU=5/2,1478/441MHz,OC=FF,TA=0/0/0,SP=N/N/N,Mem=2092MHz,Free=6249MB,PLS=0,Temp=25.0C/0.0C,TW=0.92ms,App=2.79ms,GD=0.00ms,CPU&GPU=6.53ms,LCnt=1(DR90,LM0),GPU%=0.35,CPU%=0.36(W0.50),DSF=1.00,CFL=15.43/19.27,ICFLp95=18.13,LD=0,SF=1.00,LP=0,DVFS=0
01-16 16:03:23.004 10473 10607 I VrApi   : FPS=90/90,Prd=40ms,Tear=0,Early=90,Stale=0,Stale2/5/10/max=0/0/0/0,VSnc=1,Lat=1,Fov=0,CPU4/GPU=5/2,1478/441MHz,OC=FF,TA=0/0/0,SP=N/N/N,Mem=2092MHz,Free=6249MB,PLS=0,Temp=25.0C/0.0C,TW=0.91ms,App=2.77ms,GD=0.00ms,CPU&GPU=6.46ms,LCnt=1(DR90,LM0),GPU%=0.35,CPU%=0.43(W0.62),DSF=1.00,CFL=15.62/19.27,ICFLp95=18.16,LD=0,SF=1.00,LP=0,DVFS=0
01-16 16:03:24.004 10473 10607 I VrApi   : FPS=90/90,Prd=40ms,Tear=0,Early=90,Stale=0,Stale2/5/10/max=0/0/0/0,VSnc=1,Lat=1,Fov=0,CPU4/GPU=5/2,1478/441MHz,OC=FF,TA=0/0/0,SP=N/N/N,Mem=2092MHz,Free=6249MB,PLS=0,Temp=25.0C/0.0C,TW=0.92ms,App=2.80ms,GD=0.00ms,CPU&GPU=6.42ms,LCnt=1(DR90,LM0),GPU%=0.35,CPU%=0.35(W0.65),DSF=1.00,CFL=15.67/19.07,ICFLp95=18.06,LD=0,SF=1.00,LP=0,DVFS=0
01-16 16:03:25.004 10473 10607 I VrApi   : FPS=90/90,Prd=40ms,Tear=0,Early=90,Stale=0,Stale2/5/10/max=0/0/0/0,VSnc=1,Lat=1,Fov=0,CPU4/GPU=5/2,1478/441MHz,OC=FF,TA=0/0/0,SP=N/N/N,Mem=2092MHz,Free=6249MB,PLS=0,Temp=25.0C/0.0C,TW=0.90ms,App=2.76ms,GD=0.00ms,CPU&GPU=6.33ms,LCnt=1(DR90,LM0),GPU%=0.35,CPU%=0.40(W0.65),DSF=1.00,CFL=15.79/19.13,ICFLp95=18.04,LD=0,SF=1.00,LP=0,DVFS=0
01-16 16:03:26.004 10473 10607 I VrApi   : FPS=90/90,Prd=40ms,Tear=0,Early=90,Stale=0,Stale2/5/10/max=0/0/0/0,VSnc=1,Lat=1,Fov=0,CPU4/GPU=5/2,1478/441MHz,OC=FF,TA=0/0/0,SP=N/N/N,Mem=2092MHz,Free=6249MB,PLS=0,Temp=25.0C/0.0C,TW=0.93ms,App=2.78ms,GD=0.00ms,CPU&GPU=6.48ms,LCnt=1(DR90,LM0),GPU%=0.35,CPU%=0.45(W0.64),DSF=1.00,CFL=15.66/19.40,ICFLp95=18.14,LD=0,SF=1.00,LP=0,DVFS=0
01-16 16:03:27.004 10473 10607 I VrApi   : FPS=90/90,Prd=40ms,Tear=0,Early=90,Stale=0,Stale2/5/10/max=0/0/0/0,VSnc=1,Lat=1,Fov=0,CPU4/GPU=5/2,1478/441MHz,OC=FF,TA=0/0/0,SP=N/N/N,Mem=2092MHz,Free=6249MB,PLS=0,Temp=25.0C/0.0C,TW=0.93ms,App=2.68ms,GD=0.00ms,CPU&GPU=6.45ms,LCnt=1(DR90,LM0),GPU%=0.34,CPU%=0.46(W0.62),DSF=1.00,CFL=15.62/19.62,ICFLp95=18.09,LD=0,SF=1.00,LP=0,DVFS=0
01-16 16:03:28.004 10473 10607 I VrApi   : FPS=90/90,Prd=40ms,Tear=0,Early=90,Stale=0,Stale2/5/10/max=0/0/0/0,VSnc=1,Lat=1,Fov=0,CPU4/GPU=5/2,1478/441MHz,OC=FF,TA=0/0/0,SP=N/N/N,Mem=2092MHz,Free=6249MB,PLS=0,Temp=25.0C/0.0C,TW=0.93ms,App=2.72ms,GD=0.00ms,CPU&GPU=6.45ms,LCnt=1(DR90,LM0),GPU%=0.35,CPU%=0.39(W0.57),DSF=1.00,CFL=15.70/19.52,ICFLp95=18.12,LD=0,SF=1.00,LP=0,DVFS=0
01-16 16:03:29.005 10473 10607 I VrApi   : FPS=90/90,Prd=40ms,Tear=0,Early=90,Stale=0,Stale2/5/10/max=0/0/0/0,VSnc=1,Lat=1,Fov=0,CPU4/GPU=5/2,1478/441MHz,OC=FF,TA=0/0/0,SP=N/N/N,Mem=2092MHz,Free=6249MB,PLS=0,Temp=25.0C/0.0C,TW=0.92ms,App=2.69ms,GD=0.00ms,CPU&GPU=6.43ms,LCnt=1(DR90,LM0),GPU%=0.35,CPU%=0.36(W0.57),DSF=1.00,CFL=15.89/19.41,ICFLp95=18.08,LD=0,SF=1.00,LP=0,DVFS=0
01-16 16:03:30.005 10473 10607 I VrApi   : FPS=90/90,Prd=40ms,Tear=0,Early=90,Stale=0,Stale2/5/10/max=0/0/0/0,VSnc=1,Lat=1,Fov=0,CPU4/GPU=5/2,1478/441MHz,OC=FF,TA=0/0/0,SP=N/N/N,Mem=2092MHz,Free=6249MB,PLS=0,Temp=25.0C/0.0C,TW=0.92ms,App=2.72ms,GD=0.00ms,CPU&GPU=6.31ms,LCnt=1(DR90,LM0),GPU%=0.35,CPU%=0.43(W0.65),DSF=1.00,CFL=15.58/19.39,ICFLp95=18.09,LD=0,SF=1.00,LP=0,DVFS=0
01-16 16:03:31.005 10473 10607 I VrApi   : FPS=90/90,Prd=40ms,Tear=0,Early=90,Stale=0,Stale2/5/10/max=0/0/0/0,VSnc=1,Lat=1,Fov=0,CPU4/GPU=5/2,1478/441MHz,OC=FF,TA=0/0/0,SP=N/N/N,Mem=2092MHz,Free=6249MB,PLS=0,Temp=25.0C/0.0C,TW=0.92ms,App=2.67ms,GD=0.00ms,CPU&GPU=6.37ms,LCnt=1(DR90,LM0),GPU%=0.34,CPU%=0.42(W0.60),DSF=1.00,CFL=15.74/19.41,ICFLp95=18.18,LD=0,SF=1.00,LP=0,DVFS=0
01-16 16:03:32.005 10473 10607 I VrApi   : FPS=90/90,Prd=40ms,Tear=0,Early=90,Stale=0,Stale2/5/10/max=0/0/0/0,VSnc=1,Lat=1,Fov=0,CPU4/GPU=5/2,1478/441MHz,OC=FF,TA=0/0/0,SP=N/N/N,Mem=2092MHz,Free=6249MB,PLS=0,Temp=25.0C/0.0C,TW=0.90ms,App=2.66ms,GD=0.00ms,CPU&GPU=6.27ms,LCnt=1(DR90,LM0),GPU%=0.34,CPU%=0.38(W0.62),DSF=1.00,CFL=15.80/19.21,ICFLp95=18.19,LD=0,SF=1.00,LP=0,DVFS=0
01-16 16:03:33.005 10473 10607 I VrApi   : FPS=90/90,Prd=40ms,Tear=0,Early=90,Stale=0,Stale2/5/10/max=0/0/0/0,VSnc=1,Lat=1,Fov=0,CPU4/GPU=5/2,1478/441MHz,OC=FF,TA=0/0/0,SP=N/N/N,Mem=2092MHz,Free=6249MB,PLS=0,Temp=25.0C/0.0C,TW=0.91ms,App=2.67ms,GD=0.00ms,CPU&GPU=6.27ms,LCnt=1(DR90,LM0),GPU%=0.34,CPU%=0.44(W0.64),DSF=1.00,CFL=15.66/19.92,ICFLp95=18.22,LD=0,SF=1.00,LP=0,DVFS=0
01-16 16:03:34.005 10473 10607 I VrApi   : FPS=90/90,Prd=40ms,Tear=0,Early=90,Stale=0,Stale2/5/10/max=0/0/0/0,VSnc=1,Lat=1,Fov=0,CPU4/GPU=5/2,1478/441MHz,OC=FF,TA=0/0/0,SP=N/N/N,Mem=2092MHz,Free=6249MB,PLS=0,Temp=25.0C/0.0C,TW=0.93ms,App=2.67ms,GD=0.00ms,CPU&GPU=6.28ms,LCnt=1(DR90,LM0),GPU%=0.34,CPU%=0.42(W0.60),DSF=1.00,CFL=15.82/19.22,ICFLp95=18.09,LD=0,SF=1.00,LP=0,DVFS=0
01-16 16:03:35.005 10473 10607 I VrApi   : FPS=90/90,Prd=40ms,Tear=0,Early=90,Stale=0,Stale2/5/10/max=0/0/0/0,VSnc=1,Lat=1,Fov=0,CPU4/GPU=5/2,1478/441MHz,OC=FF,TA=0/0/0,SP=N/N/N,Mem=2092MHz,Free=6249MB,PLS=0,Temp=25.0C/0.0C,TW=0.91ms,App=2.56ms,GD=0.00ms,CPU&GPU=6.22ms,LCnt=1(DR90,LM0),GPU%=0.33,CPU%=0.39(W0.58),DSF=1.00,CFL=15.51/19.61,ICFLp95=18.14,LD=0,SF=1.00,LP=0,DVFS=0
01-16 16:03:36.052 10473 10607 I VrApi   : FPS=90/90,Prd=40ms,Tear=0,Early=90,Stale=0,Stale2/5/10/max=0/0/0/0,VSnc=1,Lat=1,Fov=0,CPU4/GPU=5/2,1478/441MHz,OC=FF,TA=0/0/0,SP=N/N/N,Mem=2092MHz,Free=6279MB,PLS=0,Temp=25.0C/0.0C,TW=0.91ms,App=2.56ms,GD=0.00ms,CPU&GPU=6.14ms,LCnt=1(DR90,LM0),GPU%=0.33,CPU%=0.38(W0.60),DSF=1.00,CFL=15.81/19.16,ICFLp95=18.09,LD=0,SF=1.00,LP=0,DVFS=0
01-16 16:03:37.005 10473 10607 I VrApi   : FPS=90/90,Prd=40ms,Tear=0,Early=90,Stale=0,Stale2/5/10/max=0/0/0/0,VSnc=1,Lat=1,Fov=0,CPU4/GPU=5/2,1478/441MHz,OC=FF,TA=0/0/0,SP=N/N/N,Mem=2092MHz,Free=6279MB,PLS=0,Temp=25.0C/0.0C,TW=0.91ms,App=2.59ms,GD=0.00ms,CPU&GPU=6.17ms,LCnt=1(DR90,LM0),GPU%=0.33,CPU%=0.44(W0.55),DSF=1.00,CFL=15.62/19.37,ICFLp95=18.07,LD=0,SF=1.00,LP=0,DVFS=0
01-16 16:03:38.005 10473 10607 I VrApi   : FPS=90/90,Prd=40ms,Tear=0,Early=90,Stale=0,Stale2/5/10/max=0/0/0/0,VSnc=1,Lat=1,Fov=0,CPU4/GPU=5/2,1478/441MHz,OC=FF,TA=0/0/0,SP=N/N/N,Mem=2092MHz,Free=6279MB,PLS=0,Temp=25.0C/0.0C,TW=0.92ms,App=2.52ms,GD=0.00ms,CPU&GPU=6.08ms,LCnt=1(DR90,LM0),GPU%=0.33,CPU%=0.44(W0.65),DSF=1.00,CFL=15.68/19.43,ICFLp95=18.14,LD=0,SF=1.00,LP=0,DVFS=0
01-16 16:03:39.008 10473 10607 I VrApi   : FPS=90/90,Prd=40ms,Tear=0,Early=90,Stale=0,Stale2/5/10/max=0/0/0/0,VSnc=1,Lat=1,Fov=0,CPU4/GPU=5/2,1478/441MHz,OC=FF,TA=0/0/0,SP=N/N/N,Mem=2092MHz,Free=6279MB,PLS=0,Temp=25.2C/0.0C,TW=0.89ms,App=2.52ms,GD=0.00ms,CPU&GPU=6.08ms,LCnt=1(DR90,LM0),GPU%=0.33,CPU%=0.41(W0.63),DSF=1.00,CFL=15.72/19.62,ICFLp95=18.12,LD=0,SF=1.00,LP=0,DVFS=0
01-16 16:03:40.008 10473 10607 I VrApi   : FPS=90/90,Prd=40ms,Tear=0,Early=90,Stale=0,Stale2/5/10/max=0/0/0/0,VSnc=1,Lat=1,Fov=0,CPU4/GPU=5/2,1478/441MHz,OC=FF,TA=0/0/0,SP=N/N/N,Mem=2092MHz,Free=6279MB,PLS=0,Temp=25.2C/0.0C,TW=0.89ms,App=2.51ms,GD=0.00ms,CPU&GPU=6.10ms,LCnt=1(DR90,LM0),GPU%=0.33,CPU%=0.41(W0.65),DSF=1.00,CFL=15.73/19.16,ICFLp95=18.07,LD=0,SF=1.00,LP=0,DVFS=0
01-16 16:03:41.008 10473 10607 I VrApi   : FPS=90/90,Prd=40ms,Tear=0,Early=90,Stale=0,Stale2/5/10/max=0/0/0/0,VSnc=1,Lat=1,Fov=0,CPU4/GPU=5/2,1478/441MHz,OC=FF,TA=0/0/0,SP=N/N/N,Mem=2092MHz,Free=6279MB,PLS=0,Temp=25.2C/0.0C,TW=0.89ms,App=2.33ms,GD=0.00ms,CPU&GPU=5.97ms,LCnt=1(DR90,LM0),GPU%=0.31,CPU%=0.38(W0.44),DSF=1.00,CFL=15.71/19.87,ICFLp95=18.09,LD=0,SF=1.00,LP=0,DVFS=0
01-16 16:03:42.008 10473 10607 I VrApi   : FPS=90/90,Prd=40ms,Tear=0,Early=90,Stale=0,Stale2/5/10/max=0/0/0/0,VSnc=1,Lat=1,Fov=0,CPU4/GPU=5/2,1478/441MHz,OC=FF,TA=0/0/0,SP=N/N/N,Mem=2092MHz,Free=6279MB,PLS=0,Temp=25.2C/0.0C,TW=0.88ms,App=2.36ms,GD=0.00ms,CPU&GPU=5.87ms,LCnt=1(DR90,LM0),GPU%=0.31,CPU%=0.44(W0.62),DSF=1.00,CFL=15.72/18.77,ICFLp95=18.06,LD=0,SF=1.00,LP=0,DVFS=0
01-16 16:03:43.008 10473 10607 I VrApi   : FPS=90/90,Prd=40ms,Tear=0,Early=90,Stale=0,Stale2/5/10/max=0/0/0/0,VSnc=1,Lat=1,Fov=0,CPU4/GPU=5/2,1478/441MHz,OC=FF,TA=0/0/0,SP=N/N/N,Mem=2092MHz,Free=6279MB,PLS=0,Temp=25.2C/0.0C,TW=0.88ms,App=2.40ms,GD=0.00ms,CPU&GPU=5.69ms,LCnt=1(DR90,LM0),GPU%=0.31,CPU%=0.38(W0.48),DSF=1.00,CFL=15.70/19.63,ICFLp95=18.18,LD=0,SF=1.00,LP=0,DVFS=0
01-16 16:03:44.008 10473 10607 I VrApi   : FPS=90/90,Prd=40ms,Tear=0,Early=90,Stale=0,Stale2/5/10/max=0/0/0/0,VSnc=1,Lat=1,Fov=0,CPU4/GPU=5/2,1478/441MHz,OC=FF,TA=0/0/0,SP=N/N/N,Mem=2092MHz,Free=6279MB,PLS=0,Temp=25.2C/0.0C,TW=0.88ms,App=2.54ms,GD=0.00ms,CPU&GPU=6.01ms,LCnt=1(DR90,LM0),GPU%=0.33,CPU%=0.28(W0.60),DSF=1.00,CFL=15.72/19.03,ICFLp95=18.02,LD=0,SF=1.00,LP=0,DVFS=0
01-16 16:03:45.008 10473 10607 I VrApi   : FPS=90/90,Prd=40ms,Tear=0,Early=90,Stale=0,Stale2/5/10/max=0/0/0/0,VSnc=1,Lat=1,Fov=0,CPU4/GPU=5/2,1478/441MHz,OC=FF,TA=0/0/0,SP=N/N/N,Mem=2092MHz,Free=6279MB,PLS=0,Temp=25.2C/0.0C,TW=0.88ms,App=2.40ms,GD=0.00ms,CPU&GPU=6.09ms,LCnt=1(DR90,LM0),GPU%=0.32,CPU%=0.39(W0.55),DSF=1.00,CFL=15.80/19.31,ICFLp95=18.16,LD=0,SF=1.00,LP=0,DVFS=0
01-16 16:03:46.008 10473 10607 I VrApi   : FPS=90/90,Prd=40ms,Tear=0,Early=90,Stale=0,Stale2/5/10/max=0/0/0/0,VSnc=1,Lat=1,Fov=0,CPU4/GPU=5/2,1478/441MHz,OC=FF,TA=0/0/0,SP=N/N/N,Mem=2092MHz,Free=6279MB,PLS=0,Temp=25.2C/0.0C,TW=0.88ms,App=2.43ms,GD=0.00ms,CPU&GPU=5.90ms,LCnt=1(DR90,LM0),GPU%=0.32,CPU%=0.35(W0.55),DSF=1.00,CFL=15.65/19.15,ICFLp95=18.18,LD=0,SF=1.00,LP=0,DVFS=0
01-16 16:03:47.008 10473 10607 I VrApi   : FPS=90/90,Prd=40ms,Tear=0,Early=90,Stale=0,Stale2/5/10/max=0/0/0/0,VSnc=1,Lat=1,Fov=0,CPU4/GPU=5/2,1478/441MHz,OC=FF,TA=0/0/0,SP=N/N/N,Mem=2092MHz,Free=6279MB,PLS=0,Temp=25.2C/0.0C,TW=0.87ms,App=2.40ms,GD=0.00ms,CPU&GPU=5.95ms,LCnt=1(DR90,LM0),GPU%=0.31,CPU%=0.30(W0.53),DSF=1.00,CFL=15.70/19.00,ICFLp95=18.11,LD=0,SF=1.00,LP=0,DVFS=0
01-16 16:03:48.008 10473 10607 I VrApi   : FPS=90/90,Prd=40ms,Tear=0,Early=90,Stale=0,Stale2/5/10/max=0/0/0/0,VSnc=1,Lat=1,Fov=0,CPU4/GPU=5/2,1478/441MHz,OC=FF,TA=0/0/0,SP=N/N/N,Mem=2092MHz,Free=6279MB,PLS=0,Temp=25.2C/0.0C,TW=0.87ms,App=2.42ms,GD=0.00ms,CPU&GPU=5.87ms,LCnt=1(DR90,LM0),GPU%=0.32,CPU%=0.39(W0.60),DSF=1.00,CFL=15.81/19.22,ICFLp95=18.10,LD=0,SF=1.00,LP=0,DVFS=0
01-16 16:03:49.008 10473 10607 I VrApi   : FPS=90/90,Prd=40ms,Tear=0,Early=90,Stale=0,Stale2/5/10/max=0/0/0/0,VSnc=1,Lat=1,Fov=0,CPU4/GPU=5/2,1478/441MHz,OC=FF,TA=0/0/0,SP=N/N/N,Mem=2092MHz,Free=6279MB,PLS=0,Temp=25.5C/0.0C,TW=1.70ms,App=2.46ms,GD=0.70ms,CPU&GPU=6.09ms,LCnt=1(DR90,LM0),GPU%=0.43,CPU%=0.39(W0.55),DSF=1.00,CFL=15.82/19.82,ICFLp95=18.09,LD=0,SF=1.00,LP=0,DVFS=0
01-16 16:03:50.009 10473 10607 I VrApi   : FPS=90/90,Prd=41ms,Tear=0,Early=90,Stale=0,Stale2/5/10/max=0/0/0/0,VSnc=1,Lat=1,Fov=0,CPU4/GPU=5/2,1478/441MHz,OC=FF,TA=0/0/0,SP=N/N/N,Mem=2092MHz,Free=6279MB,PLS=0,Temp=25.5C/0.0C,TW=1.68ms,App=2.45ms,GD=0.71ms,CPU&GPU=7.18ms,LCnt=2(DR90,LM2),GPU%=0.46,CPU%=0.33(W0.60),DSF=1.00,CFL=15.98/19.69,ICFLp95=18.60,LD=0,SF=1.00,LP=0,DVFS=0
01-16 16:03:51.009 10473 10607 I VrApi   : FPS=89/90,Prd=41ms,Tear=0,Early=86,Stale=1,Stale2/5/10/max=0/0/0/1,VSnc=1,Lat=1,Fov=0,CPU4/GPU=5/2,1478/441MHz,OC=FF,TA=0/0/0,SP=N/N/N,Mem=2092MHz,Free=6279MB,PLS=0,Temp=25.5C/0.0C,TW=1.70ms,App=4.25ms,GD=0.79ms,CPU&GPU=9.18ms,LCnt=2(DR90,LM2),GPU%=0.61,CPU%=0.46(W0.76),DSF=1.00,CFL=16.07/19.79,ICFLp95=18.67,LD=0,SF=1.00,LP=0,DVFS=0
01-16 16:03:52.009 10473 10607 I VrApi   : FPS=89/90,Prd=41ms,Tear=0,Early=68,Stale=1,Stale2/5/10/max=0/0/0/1,VSnc=1,Lat=1,Fov=0,CPU4/GPU=5/2,1478/441MHz,OC=FF,TA=0/0/0,SP=N/N/N,Mem=2092MHz,Free=6279MB,PLS=0,Temp=25.5C/0.0C,TW=1.70ms,App=4.14ms,GD=0.74ms,CPU&GPU=10.59ms,LCnt=2(DR90,LM2),GPU%=0.62,CPU%=0.48(W0.67),DSF=1.00,CFL=15.92/19.70,ICFLp95=18.64,LD=0,SF=1.00,LP=0,DVFS=0
01-16 16:03:53.009 10473 10607 I VrApi   : FPS=90/90,Prd=41ms,Tear=0,Early=88,Stale=0,Stale2/5/10/max=0/0/0/0,VSnc=1,Lat=1,Fov=0,CPU4/GPU=5/2,1670/441MHz,OC=FF,TA=0/0/0,SP=N/N/N,Mem=2092MHz,Free=6279MB,PLS=0,Temp=25.5C/0.0C,TW=1.70ms,App=3.71ms,GD=0.73ms,CPU&GPU=9.33ms,LCnt=2(DR90,LM2),GPU%=0.59,CPU%=0.48(W0.70),DSF=1.00,CFL=16.10/19.49,ICFLp95=18.60,LD=0,SF=1.00,LP=0,DVFS=0
01-16 16:03:54.009 10473 10607 I VrApi   : FPS=90/90,Prd=41ms,Tear=0,Early=87,Stale=0,Stale2/5/10/max=0/0/0/0,VSnc=1,Lat=1,Fov=0,CPU4/GPU=5/2,1574/441MHz,OC=FF,TA=0/0/0,SP=N/N/N,Mem=2092MHz,Free=6279MB,PLS=0,Temp=25.5C/0.0C,TW=1.72ms,App=3.84ms,GD=0.72ms,CPU&GPU=10.27ms,LCnt=2(DR90,LM2),GPU%=0.59,CPU%=0.49(W0.63),DSF=1.00,CFL=16.18/20.37,ICFLp95=18.53,LD=0,SF=1.00,LP=0,DVFS=0
01-16 16:03:55.009 10473 10607 I VrApi   : FPS=90/90,Prd=41ms,Tear=0,Early=84,Stale=0,Stale2/5/10/max=0/0/0/0,VSnc=1,Lat=1,Fov=0,CPU4/GPU=5/2,1478/441MHz,OC=FF,TA=0/0/0,SP=N/N/N,Mem=2092MHz,Free=6279MB,PLS=0,Temp=25.5C/0.0C,TW=1.71ms,App=4.39ms,GD=0.73ms,CPU&GPU=10.42ms,LCnt=2(DR90,LM2),GPU%=0.64,CPU%=0.46(W0.75),DSF=1.00,CFL=15.97/19.65,ICFLp95=18.55,LD=0,SF=1.00,LP=0,DVFS=0
01-16 16:03:56.063 10473 10607 I VrApi   : FPS=90/90,Prd=41ms,Tear=0,Early=81,Stale=0,Stale2/5/10/max=0/0/0/0,VSnc=1,Lat=1,Fov=0,CPU4/GPU=5/2,1478/441MHz,OC=FF,TA=0/0/0,SP=N/N/N,Mem=2092MHz,Free=6261MB,PLS=0,Temp=25.5C/0.0C,TW=1.70ms,App=4.65ms,GD=0.77ms,CPU&GPU=10.84ms,LCnt=2(DR90,LM2),GPU%=0.67,CPU%=0.51(W0.74),DSF=1.00,CFL=15.93/19.76,ICFLp95=18.53,LD=0,SF=1.00,LP=0,DVFS=0
01-16 16:03:57.009 10473 10607 I VrApi   : FPS=89/90,Prd=41ms,Tear=0,Early=43,Stale=1,Stale2/5/10/max=0/0/0/1,VSnc=1,Lat=1,Fov=0,CPU4/GPU=5/2,1574/441MHz,OC=FF,TA=0/0/0,SP=N/N/N,Mem=2092MHz,Free=6261MB,PLS=0,Temp=25.5C/0.0C,TW=1.71ms,App=3.85ms,GD=0.77ms,CPU&GPU=10.65ms,LCnt=2(DR90,LM2),GPU%=0.60,CPU%=0.53(W0.61),DSF=1.00,CFL=16.09/20.00,ICFLp95=18.54,LD=0,SF=1.00,LP=0,DVFS=0
01-16 16:03:58.009 10473 10607 I VrApi   : FPS=90/90,Prd=42ms,Tear=0,Early=90,Stale=0,Stale2/5/10/max=0/0/0/0,VSnc=1,Lat=1,Fov=0,CPU4/GPU=5/2,1766/441MHz,OC=FF,TA=0/0/0,SP=N/N/N,Mem=2092MHz,Free=6261MB,PLS=0,Temp=25.5C/0.0C,TW=1.71ms,App=3.22ms,GD=0.77ms,CPU&GPU=9.25ms,LCnt=2(DR90,LM2),GPU%=0.53,CPU%=0.41(W0.55),DSF=1.00,CFL=15.98/20.47,ICFLp95=19.42,LD=0,SF=1.00,LP=0,DVFS=0
01-16 16:03:59.009 10473 10607 I VrApi   : FPS=90/90,Prd=41ms,Tear=0,Early=90,Stale=0,Stale2/5/10/max=0/0/0/0,VSnc=1,Lat=1,Fov=0,CPU4/GPU=5/2,1478/441MHz,OC=FF,TA=0/0/0,SP=N/N/N,Mem=2092MHz,Free=6261MB,PLS=0,Temp=25.7C/0.0C,TW=1.70ms,App=2.73ms,GD=0.74ms,CPU&GPU=8.10ms,LCnt=2(DR90,LM2),GPU%=0.49,CPU%=0.45(W0.50),DSF=1.00,CFL=15.94/20.94,ICFLp95=19.16,LD=0,SF=1.00,LP=0,DVFS=0
01-16 16:04:00.009 10473 10607 I VrApi   : FPS=90/90,Prd=41ms,Tear=0,Early=90,Stale=0,Stale2/5/10/max=0/0/0/0,VSnc=1,Lat=1,Fov=0,CPU4/GPU=5/2,1478/441MHz,OC=FF,TA=0/0/0,SP=N/N/N,Mem=2092MHz,Free=6261MB,PLS=0,Temp=25.7C/0.0C,TW=1.69ms,App=2.57ms,GD=0.71ms,CPU&GPU=7.53ms,LCnt=2(DR90,LM2),GPU%=0.47,CPU%=0.36(W0.57),DSF=1.00,CFL=16.04/20.61,ICFLp95=18.73,LD=0,SF=1.00,LP=0,DVFS=0
01-16 16:04:01.010 10473 10607 I VrApi   : FPS=90/90,Prd=41ms,Tear=0,Early=90,Stale=0,Stale2/5/10/max=0/0/0/0,VSnc=1,Lat=1,Fov=0,CPU4/GPU=5/2,1670/441MHz,OC=FF,TA=0/0/0,SP=N/N/N,Mem=2092MHz,Free=6261MB,PLS=0,Temp=25.7C/0.0C,TW=1.70ms,App=2.96ms,GD=0.74ms,CPU&GPU=7.83ms,LCnt=2(DR90,LM2),GPU%=0.50,CPU%=0.44(W0.57),DSF=1.00,CFL=16.08/19.47,ICFLp95=18.55,LD=0,SF=1.00,LP=0,DVFS=0
01-16 16:04:02.010 10473 10607 I VrApi   : FPS=90/90,Prd=41ms,Tear=0,Early=90,Stale=0,Stale2/5/10/max=0/0/0/0,VSnc=1,Lat=1,Fov=0,CPU4/GPU=5/2,1478/441MHz,OC=FF,TA=0/0/0,SP=N/N/N,Mem=2092MHz,Free=6261MB,PLS=0,Temp=25.7C/0.0C,TW=1.69ms,App=2.61ms,GD=0.71ms,CPU&GPU=7.30ms,LCnt=2(DR90,LM2),GPU%=0.48,CPU%=0.45(W0.62),DSF=1.00,CFL=16.27/19.57,ICFLp95=18.45,LD=0,SF=1.00,LP=0,DVFS=0
01-16 16:04:03.010 10473 10607 I VrApi   : FPS=90/90,Prd=41ms,Tear=0,Early=90,Stale=0,Stale2/5/10/max=0/0/0/0,VSnc=1,Lat=1,Fov=0,CPU4/GPU=5/2,1478/441MHz,OC=FF,TA=0/0/0,SP=N/N/N,Mem=2092MHz,Free=6261MB,PLS=0,Temp=25.7C/0.0C,TW=1.70ms,App=2.58ms,GD=0.71ms,CPU&GPU=7.50ms,LCnt=2(DR90,LM2),GPU%=0.47,CPU%=0.43(W0.70),DSF=1.00,CFL=15.95/19.58,ICFLp95=18.48,LD=0,SF=1.00,LP=0,DVFS=0
01-16 16:04:04.010 10473 10607 I VrApi   : FPS=90/90,Prd=41ms,Tear=0,Early=90,Stale=0,Stale2/5/10/max=0/0/0/0,VSnc=1,Lat=1,Fov=0,CPU4/GPU=5/2,1478/441MHz,OC=FF,TA=0/0/0,SP=N/N/N,Mem=2092MHz,Free=6261MB,PLS=0,Temp=25.7C/0.0C,TW=1.69ms,App=2.64ms,GD=0.72ms,CPU&GPU=7.68ms,LCnt=2(DR90,LM2),GPU%=0.48,CPU%=0.39(W0.60),DSF=1.00,CFL=15.89/20.13,ICFLp95=18.62,LD=0,SF=1.00,LP=0,DVFS=0
01-16 16:04:05.010 10473 10607 I VrApi   : FPS=90/90,Prd=41ms,Tear=0,Early=90,Stale=0,Stale2/5/10/max=0/0/0/0,VSnc=1,Lat=1,Fov=0,CPU4/GPU=5/2,1478/441MHz,OC=FF,TA=0/0/0,SP=N/N/N,Mem=2092MHz,Free=6261MB,PLS=0,Temp=25.2C/0.0C,TW=1.70ms,App=2.72ms,GD=0.71ms,CPU&GPU=7.61ms,LCnt=2(DR90,LM2),GPU%=0.49,CPU%=0.44(W0.68),DSF=1.00,CFL=16.00/19.46,ICFLp95=18.61,LD=0,SF=1.00,LP=0,DVFS=0
01-16 16:04:06.010 10473 10607 I VrApi   : FPS=90/90,Prd=41ms,Tear=0,Early=89,Stale=0,Stale2/5/10/max=0/0/0/0,VSnc=1,Lat=1,Fov=0,CPU4/GPU=5/2,1478/441MHz,OC=FF,TA=0/0/0,SP=N/N/N,Mem=2092MHz,Free=6261MB,PLS=0,Temp=25.2C/0.0C,TW=1.69ms,App=2.55ms,GD=0.70ms,CPU&GPU=7.51ms,LCnt=2(DR90,LM2),GPU%=0.48,CPU%=0.38(W0.47),DSF=1.00,CFL=15.87/19.73,ICFLp95=18.50,LD=0,SF=1.00,LP=0,DVFS=0
01-16 16:04:07.010 10473 10607 I VrApi   : FPS=90/90,Prd=41ms,Tear=0,Early=90,Stale=0,Stale2/5/10/max=0/0/0/0,VSnc=1,Lat=1,Fov=0,CPU4/GPU=5/2,1478/441MHz,OC=FF,TA=0/0/0,SP=N/N/N,Mem=2092MHz,Free=6261MB,PLS=0,Temp=25.2C/0.0C,TW=1.69ms,App=2.50ms,GD=0.68ms,CPU&GPU=7.34ms,LCnt=2(DR90,LM2),GPU%=0.47,CPU%=0.34(W0.56),DSF=1.00,CFL=15.97/19.57,ICFLp95=18.44,LD=0,SF=1.00,LP=0,DVFS=0
01-16 16:04:08.010 10473 10607 I VrApi   : FPS=90/90,Prd=41ms,Tear=0,Early=90,Stale=0,Stale2/5/10/max=0/0/0/0,VSnc=1,Lat=1,Fov=0,CPU4/GPU=5/2,1478/441MHz,OC=FF,TA=0/0/0,SP=N/N/N,Mem=2092MHz,Free=6261MB,PLS=0,Temp=25.2C/0.0C,TW=1.69ms,App=2.55ms,GD=0.71ms,CPU&GPU=7.14ms,LCnt=2(DR90,LM2),GPU%=0.47,CPU%=0.35(W0.58),DSF=1.00,CFL=15.90/19.54,ICFLp95=18.46,LD=0,SF=1.00,LP=0,DVFS=0
01-16 16:04:09.010 10473 10607 I VrApi   : FPS=90/90,Prd=41ms,Tear=0,Early=90,Stale=0,Stale2/5/10/max=0/0/0/0,VSnc=1,Lat=1,Fov=0,CPU4/GPU=5/2,1478/441MHz,OC=FF,TA=0/0/0,SP=N/N/N,Mem=2092MHz,Free=6261MB,PLS=0,Temp=25.2C/0.0C,TW=1.69ms,App=2.54ms,GD=0.70ms,CPU&GPU=7.14ms,LCnt=2(DR90,LM2),GPU%=0.47,CPU%=0.40(W0.47),DSF=1.00,CFL=16.21/19.37,ICFLp95=18.47,LD=0,SF=1.00,LP=0,DVFS=0
01-16 16:04:10.010 10473 10607 I VrApi   : FPS=90/90,Prd=41ms,Tear=0,Early=90,Stale=0,Stale2/5/10/max=0/0/0/0,VSnc=1,Lat=1,Fov=0,CPU4/GPU=5/2,1478/441MHz,OC=FF,TA=0/0/0,SP=N/N/N,Mem=2092MHz,Free=6261MB,PLS=0,Temp=25.2C/0.0C,TW=1.70ms,App=2.67ms,GD=0.71ms,CPU&GPU=7.27ms,LCnt=2(DR90,LM2),GPU%=0.48,CPU%=0.47(W0.70),DSF=1.00,CFL=15.94/20.30,ICFLp95=18.38,LD=0,SF=1.00,LP=0,DVFS=0
01-16 16:04:11.010 10473 10607 I VrApi   : FPS=90/90,Prd=41ms,Tear=0,Early=90,Stale=0,Stale2/5/10/max=0/0/0/0,VSnc=1,Lat=1,Fov=0,CPU4/GPU=5/2,1478/441MHz,OC=FF,TA=0/0/0,SP=N/N/N,Mem=2092MHz,Free=6261MB,PLS=0,Temp=25.2C/0.0C,TW=1.70ms,App=3.17ms,GD=0.72ms,CPU&GPU=7.71ms,LCnt=2(DR90,LM2),GPU%=0.52,CPU%=0.43(W0.68),DSF=1.00,CFL=15.82/19.84,ICFLp95=18.56,LD=0,SF=1.00,LP=0,DVFS=0
01-16 16:04:12.010 10473 10607 I VrApi   : FPS=90/90,Prd=41ms,Tear=0,Early=90,Stale=0,Stale2/5/10/max=0/0/0/0,VSnc=1,Lat=1,Fov=0,CPU4/GPU=5/2,1478/441MHz,OC=FF,TA=0/0/0,SP=N/N/N,Mem=2092MHz,Free=6261MB,PLS=0,Temp=25.2C/0.0C,TW=1.70ms,App=3.10ms,GD=0.72ms,CPU&GPU=8.09ms,LCnt=2(DR90,LM2),GPU%=0.52,CPU%=0.43(W0.58),DSF=1.00,CFL=16.17/19.67,ICFLp95=18.45,LD=0,SF=1.00,LP=0,DVFS=0
01-16 16:04:13.011 10473 10607 I VrApi   : FPS=90/90,Prd=41ms,Tear=0,Early=90,Stale=0,Stale2/5/10/max=0/0/0/0,VSnc=1,Lat=1,Fov=0,CPU4/GPU=5/2,1478/441MHz,OC=FF,TA=0/0/0,SP=N/N/N,Mem=2092MHz,Free=6261MB,PLS=0,Temp=25.2C/0.0C,TW=1.71ms,App=3.45ms,GD=0.74ms,CPU&GPU=8.09ms,LCnt=2(DR90,LM2),GPU%=0.55,CPU%=0.44(W0.67),DSF=1.00,CFL=15.99/20.01,ICFLp95=18.55,LD=0,SF=1.00,LP=0,DVFS=0
01-16 16:04:14.011 10473 10607 I VrApi   : FPS=90/90,Prd=41ms,Tear=0,Early=89,Stale=0,Stale2/5/10/max=0/0/0/0,VSnc=1,Lat=1,Fov=0,CPU4/GPU=5/2,1478/441MHz,OC=FF,TA=0/0/0,SP=N/N/N,Mem=2092MHz,Free=6261MB,PLS=0,Temp=25.2C/0.0C,TW=1.71ms,App=3.73ms,GD=0.73ms,CPU&GPU=9.80ms,LCnt=2(DR90,LM2),GPU%=0.56,CPU%=0.41(W0.67),DSF=1.00,CFL=16.02/19.71,ICFLp95=18.58,LD=0,SF=1.00,LP=0,DVFS=0
01-16 16:04:15.011 10473 10607 I VrApi   : FPS=90/90,Prd=41ms,Tear=0,Early=90,Stale=0,Stale2/5/10/max=0/0/0/0,VSnc=1,Lat=1,Fov=0,CPU4/GPU=5/2,1478/441MHz,OC=FF,TA=0/0/0,SP=N/N/N,Mem=2092MHz,Free=6261MB,PLS=0,Temp=25.2C/0.0C,TW=1.69ms,App=2.62ms,GD=0.71ms,CPU&GPU=7.38ms,LCnt=2(DR90,LM2),GPU%=0.48,CPU%=0.47(W0.55),DSF=1.00,CFL=16.22/20.71,ICFLp95=18.66,LD=0,SF=1.00,LP=0,DVFS=0
01-16 16:04:16.062 10473 10607 I VrApi   : FPS=90/90,Prd=41ms,Tear=0,Early=90,Stale=0,Stale2/5/10/max=0/0/0/0,VSnc=1,Lat=1,Fov=0,CPU4/GPU=5/2,1478/441MHz,OC=FF,TA=0/0/0,SP=N/N/N,Mem=2092MHz,Free=6274MB,PLS=0,Temp=25.2C/0.0C,TW=1.70ms,App=2.86ms,GD=0.73ms,CPU&GPU=7.53ms,LCnt=2(DR90,LM2),GPU%=0.50,CPU%=0.40(W0.67),DSF=1.00,CFL=16.11/20.04,ICFLp95=18.46,LD=0,SF=1.00,LP=0,DVFS=0
01-16 16:04:17.011 10473 10607 I VrApi   : FPS=90/90,Prd=41ms,Tear=0,Early=90,Stale=0,Stale2/5/10/max=0/0/0/0,VSnc=1,Lat=1,Fov=0,CPU4/GPU=5/2,1862/441MHz,OC=FF,TA=0/0/0,SP=N/N/N,Mem=2092MHz,Free=6274MB,PLS=0,Temp=25.2C/0.0C,TW=1.70ms,App=2.92ms,GD=0.72ms,CPU&GPU=7.85ms,LCnt=2(DR90,LM2),GPU%=0.50,CPU%=0.43(W0.68),DSF=1.00,CFL=15.99/20.02,ICFLp95=18.56,LD=0,SF=1.00,LP=0,DVFS=0
01-16 16:04:18.011 10473 10607 I VrApi   : FPS=90/90,Prd=41ms,Tear=0,Early=90,Stale=0,Stale2/5/10/max=0/0/0/0,VSnc=1,Lat=1,Fov=0,CPU4/GPU=5/2,1478/441MHz,OC=FF,TA=0/0/0,SP=N/N/N,Mem=2092MHz,Free=6274MB,PLS=0,Temp=25.2C/0.0C,TW=1.72ms,App=3.78ms,GD=0.77ms,CPU&GPU=8.64ms,LCnt=2(DR90,LM2),GPU%=0.60,CPU%=0.49(W0.75),DSF=1.00,CFL=15.97/19.60,ICFLp95=18.42,LD=0,SF=1.00,LP=0,DVFS=0
01-16 16:04:19.011 10473 10607 I VrApi   : FPS=90/90,Prd=41ms,Tear=0,Early=81,Stale=0,Stale2/5/10/max=0/0/0/0,VSnc=1,Lat=1,Fov=0,CPU4/GPU=5/2,1574/441MHz,OC=FF,TA=0/0/0,SP=N/N/N,Mem=2092MHz,Free=6274MB,PLS=0,Temp=25.0C/0.0C,TW=1.71ms,App=4.38ms,GD=0.78ms,CPU&GPU=10.48ms,LCnt=2(DR90,LM2),GPU%=0.65,CPU%=0.36(W0.56),DSF=1.00,CFL=15.96/19.77,ICFLp95=18.47,LD=0,SF=1.00,LP=0,DVFS=0
01-16 16:04:20.011 10473 10607 I VrApi   : FPS=90/90,Prd=41ms,Tear=0,Early=86,Stale=0,Stale2/5/10/max=0/0/0/0,VSnc=1,Lat=1,Fov=0,CPU4/GPU=5/2,1478/441MHz,OC=FF,TA=0/0/0,SP=N/N/N,Mem=2092MHz,Free=6274MB,PLS=0,Temp=25.0C/0.0C,TW=1.71ms,App=3.93ms,GD=0.75ms,CPU&GPU=9.98ms,LCnt=2(DR90,LM2),GPU%=0.59,CPU%=0.47(W0.61),DSF=1.00,CFL=16.13/20.25,ICFLp95=18.53,LD=0,SF=1.00,LP=0,DVFS=0
01-16 16:04:21.011 10473 10607 I VrApi   : FPS=90/90,Prd=41ms,Tear=0,Early=90,Stale=0,Stale2/5/10/max=0/0/0/0,VSnc=1,Lat=1,Fov=0,CPU4/GPU=5/2,1478/441MHz,OC=FF,TA=0/0/0,SP=N/N/N,Mem=2092MHz,Free=6274MB,PLS=0,Temp=25.0C/0.0C,TW=1.71ms,App=3.13ms,GD=0.72ms,CPU&GPU=9.04ms,LCnt=2(DR90,LM2),GPU%=0.53,CPU%=0.44(W0.62),DSF=1.00,CFL=16.12/20.00,ICFLp95=18.55,LD=0,SF=1.00,LP=0,DVFS=0
01-16 16:04:22.011 10473 10607 I VrApi   : FPS=90/90,Prd=41ms,Tear=0,Early=90,Stale=0,Stale2/5/10/max=0/0/0/0,VSnc=1,Lat=1,Fov=0,CPU4/GPU=5/2,1478/441MHz,OC=FF,TA=0/0/0,SP=N/N/N,Mem=2092MHz,Free=6274MB,PLS=0,Temp=25.2C/0.0C,TW=1.70ms,App=2.54ms,GD=0.71ms,CPU&GPU=7.57ms,LCnt=2(DR90,LM2),GPU%=0.47,CPU%=0.37(W0.55),DSF=1.00,CFL=15.91/19.71,ICFLp95=18.56,LD=0,SF=1.00,LP=0,DVFS=0
01-16 16:04:23.011 10473 10607 I VrApi   : FPS=90/90,Prd=41ms,Tear=0,Early=90,Stale=0,Stale2/5/10/max=0/0/0/0,VSnc=1,Lat=1,Fov=0,CPU4/GPU=5/2,1478/441MHz,OC=FF,TA=0/0/0,SP=N/N/N,Mem=2092MHz,Free=6274MB,PLS=0,Temp=25.2C/0.0C,TW=1.69ms,App=2.35ms,GD=0.71ms,CPU&GPU=7.02ms,LCnt=2(DR90,LM2),GPU%=0.45,CPU%=0.40(W0.65),DSF=1.00,CFL=16.05/19.88,ICFLp95=18.55,LD=0,SF=1.00,LP=0,DVFS=0
01-16 16:04:24.011 10473 10607 I VrApi   : FPS=90/90,Prd=41ms,Tear=0,Early=90,Stale=0,Stale2/5/10/max=0/0/0/0,VSnc=1,Lat=1,Fov=0,CPU4/GPU=5/2,1478/441MHz,OC=FF,TA=0/0/0,SP=N/N/N,Mem=2092MHz,Free=6274MB,PLS=0,Temp=25.2C/0.0C,TW=1.70ms,App=2.72ms,GD=0.78ms,CPU&GPU=7.51ms,LCnt=2(DR90,LM2),GPU%=0.49,CPU%=0.39(W0.67),DSF=1.00,CFL=16.01/19.52,ICFLp95=18.49,LD=0,SF=1.00,LP=0,DVFS=0
01-16 16:04:25.011 10473 10607 I VrApi   : FPS=90/90,Prd=41ms,Tear=0,Early=90,Stale=0,Stale2/5/10/max=0/0/0/0,VSnc=1,Lat=1,Fov=0,CPU4/GPU=5/2,1478/441MHz,OC=FF,TA=0/0/0,SP=N/N/N,Mem=2092MHz,Free=6274MB,PLS=0,Temp=25.2C/0.0C,TW=1.71ms,App=4.02ms,GD=0.74ms,CPU&GPU=9.20ms,LCnt=2(DR90,LM2),GPU%=0.61,CPU%=0.50(W0.70),DSF=1.00,CFL=16.15/20.21,ICFLp95=18.48,LD=0,SF=1.00,LP=0,DVFS=0
01-16 16:04:26.011 10473 10607 I VrApi   : FPS=90/90,Prd=41ms,Tear=0,Early=79,Stale=0,Stale2/5/10/max=0/0/0/0,VSnc=1,Lat=1,Fov=0,CPU4/GPU=5/2,1670/441MHz,OC=FF,TA=0/0/0,SP=N/N/N,Mem=2092MHz,Free=6274MB,PLS=0,Temp=25.2C/0.0C,TW=1.71ms,App=4.70ms,GD=0.77ms,CPU&GPU=10.83ms,LCnt=2(DR90,LM2),GPU%=0.67,CPU%=0.53(W0.71),DSF=1.00,CFL=16.13/21.04,ICFLp95=19.24,LD=0,SF=1.00,LP=0,DVFS=0
01-16 16:04:27.012 10473 10607 I VrApi   : FPS=90/90,Prd=41ms,Tear=0,Early=23,Stale=0,Stale2/5/10/max=0/0/0/0,VSnc=1,Lat=1,Fov=0,CPU4/GPU=5/2,1574/441MHz,OC=FF,TA=0/0/0,SP=N/N/N,Mem=2092MHz,Free=6274MB,PLS=0,Temp=25.2C/0.0C,TW=1.70ms,App=4.61ms,GD=0.77ms,CPU&GPU=11.27ms,LCnt=2(DR90,LM2),GPU%=0.66,CPU%=0.62(W0.75),DSF=1.00,CFL=15.78/19.98,ICFLp95=19.13,LD=0,SF=1.00,LP=0,DVFS=0
01-16 16:04:28.012 10473 10607 I VrApi   : FPS=90/90,Prd=41ms,Tear=0,Early=38,Stale=0,Stale2/5/10/max=0/0/0/0,VSnc=1,Lat=1,Fov=0,CPU4/GPU=5/2,1670/441MHz,OC=FF,TA=0/0/0,SP=N/N/N,Mem=2092MHz,Free=6274MB,PLS=0,Temp=25.2C/0.0C,TW=1.72ms,App=4.42ms,GD=0.79ms,CPU&GPU=11.01ms,LCnt=2(DR90,LM2),GPU%=0.66,CPU%=0.53(W0.67),DSF=1.00,CFL=16.19/20.00,ICFLp95=18.71,LD=0,SF=1.00,LP=0,DVFS=0
01-16 16:04:29.012 10473 10607 I VrApi   : FPS=90/90,Prd=41ms,Tear=0,Early=56,Stale=0,Stale2/5/10/max=0/0/0/0,VSnc=1,Lat=1,Fov=0,CPU4/GPU=5/2,1478/441MHz,OC=FF,TA=0/0/0,SP=N/N/N,Mem=2092MHz,Free=6274MB,PLS=0,Temp=25.5C/0.0C,TW=1.71ms,App=4.56ms,GD=0.78ms,CPU&GPU=10.72ms,LCnt=2(DR90,LM2),GPU%=0.66,CPU%=0.51(W0.72),DSF=1.00,CFL=16.10/20.04,ICFLp95=18.70,LD=0,SF=1.00,LP=0,DVFS=0
01-16 16:04:30.012 10473 10607 I VrApi   : FPS=90/90,Prd=42ms,Tear=0,Early=72,Stale=0,Stale2/5/10/max=0/0/0/0,VSnc=1,Lat=1,Fov=0,CPU4/GPU=5/2,1478/441MHz,OC=FF,TA=0/0/0,SP=N/N/N,Mem=2092MHz,Free=6274MB,PLS=0,Temp=25.5C/0.0C,TW=1.72ms,App=4.18ms,GD=0.77ms,CPU&GPU=10.29ms,LCnt=2(DR90,LM2),GPU%=0.63,CPU%=0.46(W0.68),DSF=1.00,CFL=16.23/20.39,ICFLp95=19.25,LD=0,SF=1.00,LP=0,DVFS=0
01-16 16:04:31.012 10473 10607 I VrApi   : FPS=90/90,Prd=41ms,Tear=0,Early=90,Stale=0,Stale2/5/10/max=0/0/0/0,VSnc=1,Lat=1,Fov=0,CPU4/GPU=5/2,1574/441MHz,OC=FF,TA=0/0/0,SP=N/N/N,Mem=2092MHz,Free=6274MB,PLS=0,Temp=25.5C/0.0C,TW=1.71ms,App=4.06ms,GD=0.77ms,CPU&GPU=9.90ms,LCnt=2(DR90,LM2),GPU%=0.62,CPU%=0.46(W0.71),DSF=1.00,CFL=15.94/20.80,ICFLp95=19.07,LD=0,SF=1.00,LP=0,DVFS=0
01-16 16:04:32.012 10473 10607 I VrApi   : FPS=91/90,Prd=43ms,Tear=0,Early=74,Stale=0,Stale2/5/10/max=0/0/0/0,VSnc=1,Lat=1,Fov=0,CPU4/GPU=5/2,1574/441MHz,OC=FF,TA=0/0/0,SP=N/N/N,Mem=2092MHz,Free=6274MB,PLS=0,Temp=25.5C/0.0C,TW=2.29ms,App=5.63ms,GD=0.72ms,CPU&GPU=10.58ms,LCnt=3(DR91,LM3),GPU%=0.81,CPU%=0.49(W0.58),DSF=1.00,CFL=15.95/24.81,ICFLp95=23.84,LD=0,SF=1.00,LP=0,DVFS=0
01-16 16:04:33.012 10473 10607 I VrApi   : FPS=90/90,Prd=42ms,Tear=0,Early=85,Stale=0,Stale2/5/10/max=0/0/0/0,VSnc=1,Lat=1,Fov=0,CPU4/GPU=5/2,1574/441MHz,OC=FF,TA=0/0/0,SP=N/N/N,Mem=2092MHz,Free=6274MB,PLS=0,Temp=25.5C/0.0C,TW=1.71ms,App=3.65ms,GD=0.76ms,CPU&GPU=9.55ms,LCnt=2(DR90,LM2),GPU%=0.58,CPU%=0.49(W0.55),DSF=1.00,CFL=15.88/23.51,ICFLp95=22.03,LD=0,SF=1.00,LP=0,DVFS=0
01-16 16:04:33.787  3186  3386 I VrApi   : OVR::Stats thread Resume
01-16 16:04:33.827  2265  2826 I VrApi   : OVR::Stats thread Resume
