12-11 03:17:04.000 19126 19230 I VrApi   : FPS=72/72,Prd=51ms,Tear=0,Early=64,Stale=10,Stale2/5/10/max=0/0/1/55,VSnc=1,Lat=1,Fov=0D,CPU4/GPU=3/3,1382/492MHz,OC=3F,TA=0/3C/0,SP=N/F/N,Mem=2092MHz,Free=3037MB,PLS=0,Temp=44.0C/0.0C,TW=1.42ms,App=4.24ms,GD=0.00ms,CPU&GPU=5.39ms,LCnt=5(DR0,LM4),GPU%=0.41,CPU%=0.45(W0.48),DSF=1.00,CFL=13.00/24.67,ICFLp95=24.75,LD=0,SF=1.00,LP=0,DVFS=0
12-11 03:17:05.000 19126 19230 I VrApi   : FPS=72/72,Prd=48ms,Tear=0,Early=73,Stale=0,Stale2/5/10/max=0/0/0/0,VSnc=1,Lat=1,Fov=0D,CPU4/GPU=2/3,1382/492MHz,OC=3F,TA=0/3C/0,SP=N/F/N,Mem=1555MHz,Free=3037MB,PLS=0,Temp=44.0C/0.0C,TW=1.46ms,App=2.20ms,GD=0.00ms,CPU&GPU=5.40ms,LCnt=4(DR0,LM3),GPU%=0.29,CPU%=0.22(W0.25),DSF=1.00,CFL=12.83/24.86,ICFLp95=23.37,LD=0,SF=1.00,LP=0,DVFS=0
12-11 03:17:06.000 19126 19230 I VrApi   : FPS=72/72,Prd=46ms,Tear=0,Early=72,Stale=0,Stale2/5/10/max=0/0/0/0,VSnc=1,Lat=1,Fov=0D,CPU4/GPU=2/3,1382/492MHz,OC=3F,TA=0/3C/0,SP=N/F/N,Mem=2092MHz,Free=3037MB,PLS=0,Temp=44.0C/0.0C,TW=1.47ms,App=1.98ms,GD=0.00ms,CPU&GPU=5.01ms,LCnt=4(DR0,LM3),GPU%=0.28,CPU%=0.10(W0.24),DSF=1.00,CFL=14.27/20.55,ICFLp95=19.05,LD=0,SF=1.00,LP=0,DVFS=0
12-11 03:17:06.220  2338  2489 I VrApi   : OVR::Stats thread Suspend
12-11 03:17:06.223  2338  2489 I VrApi   : OVR::Stats thread stopped
12-11 03:17:07.000 19126 19230 I VrApi   : FPS=73/72,Prd=44ms,Tear=0,Early=72,Stale=0,Stale2/5/10/max=0/0/0/0,VSnc=1,Lat=1,Fov=0D,CPU4/GPU=2/3,1382/492MHz,OC=3F,TA=0/3C/0,SP=N/F/N,Mem=681MHz,Free=3037MB,PLS=0,Temp=44.0C/0.0C,TW=1.48ms,App=2.01ms,GD=0.00ms,CPU&GPU=5.11ms,LCnt=4(DR0,LM3),GPU%=0.29,CPU%=0.18(W0.32),DSF=1.00,CFL=12.95/17.89,ICFLp95=16.55,LD=0,SF=1.00,LP=0,DVFS=0
12-11 03:17:08.000 19126 19230 I VrApi   : FPS=72/72,Prd=44ms,Tear=0,Early=72,Stale=0,Stale2/5/10/max=0/0/0/0,VSnc=1,Lat=1,Fov=0D,CPU4/GPU=2/3,1382/492MHz,OC=3F,TA=0/3C/0,SP=N/F/N,Mem=1555MHz,Free=3037MB,PLS=0,Temp=44.0C/0.0C,TW=1.47ms,App=1.94ms,GD=0.00ms,CPU&GPU=5.00ms,LCnt=4(DR0,LM3),GPU%=0.29,CPU%=0.14(W0.21),DSF=1.00,CFL=12.26/16.40,ICFLp95=15.18,LD=0,SF=1.00,LP=0,DVFS=0
12-11 03:17:09.000 19126 19230 I VrApi   : FPS=73/72,Prd=45ms,Tear=0,Early=72,Stale=0,Stale2/5/10/max=0/0/0/0,VSnc=1,Lat=1,Fov=0D,CPU4/GPU=2/3,1382/492MHz,OC=3F,TA=0/3C/0,SP=N/F/N,Mem=1555MHz,Free=3037MB,PLS=0,Temp=44.0C/0.0C,TW=1.47ms,App=1.98ms,GD=0.00ms,CPU&GPU=4.91ms,LCnt=4(DR0,LM3),GPU%=0.28,CPU%=0.11(W0.19),DSF=1.00,CFL=11.84/15.83,ICFLp95=14.70,LD=0,SF=1.00,LP=0,DVFS=0
12-11 03:17:10.000 19126 19230 I VrApi   : FPS=73/72,Prd=43ms,Tear=0,Early=73,Stale=0,Stale2/5/10/max=0/0/0/0,VSnc=1,Lat=1,Fov=0D,CPU4/GPU=2/3,1382/492MHz,OC=3F,TA=0/3C/0,SP=N/F/N,Mem=681MHz,Free=3037MB,PLS=0,Temp=44.0C/0.0C,TW=1.46ms,App=1.92ms,GD=0.00ms,CPU&GPU=4.96ms,LCnt=4(DR0,LM3),GPU%=0.28,CPU%=0.12(W0.18),DSF=1.00,CFL=11.64/24.62,ICFLp95=21.47,LD=0,SF=1.00,LP=0,DVFS=0
12-11 03:17:11.000 19126 19230 I VrApi   : FPS=72/72,Prd=43ms,Tear=0,Early=72,Stale=0,Stale2/5/10/max=0/0/0/0,VSnc=1,Lat=1,Fov=0D,CPU4/GPU=2/3,1382/492MHz,OC=3F,TA=0/3C/0,SP=N/F/N,Mem=768MHz,Free=3037MB,PLS=0,Temp=44.0C/0.0C,TW=1.46ms,App=2.51ms,GD=0.00ms,CPU&GPU=4.91ms,LCnt=4(DR0,LM3),GPU%=0.29,CPU%=0.16(W0.25),DSF=1.00,CFL=11.56/15.35,ICFLp95=14.28,LD=0,SF=1.00,LP=0,DVFS=0
12-11 03:17:12.000 19126 19230 I VrApi   : FPS=73/72,Prd=43ms,Tear=0,Early=73,Stale=0,Stale2/5/10/max=0/0/0/0,VSnc=1,Lat=1,Fov=0D,CPU4/GPU=2/3,1382/492MHz,OC=3F,TA=0/3C/0,SP=N/F/N,Mem=1555MHz,Free=3037MB,PLS=0,Temp=44.0C/0.0C,TW=1.46ms,App=1.88ms,GD=0.00ms,CPU&GPU=4.83ms,LCnt=4(DR0,LM3),GPU%=0.28,CPU%=0.10(W0.15),DSF=1.00,CFL=11.48/15.26,ICFLp95=14.22,LD=0,SF=1.00,LP=0,DVFS=0
12-11 03:17:13.001 19126 19230 I VrApi   : FPS=73/72,Prd=43ms,Tear=0,Early=73,Stale=0,Stale2/5/10/max=0/0/0/0,VSnc=1,Lat=1,Fov=0D,CPU4/GPU=2/3,1382/492MHz,OC=3F,TA=0/3C/0,SP=N/F/N,Mem=1555MHz,Free=3037MB,PLS=0,Temp=44.0C/0.0C,TW=1.47ms,App=2.73ms,GD=0.00ms,CPU&GPU=4.96ms,LCnt=4(DR0,LM3),GPU%=0.30,CPU%=0.13(W0.18),DSF=1.00,CFL=11.59/15.14,ICFLp95=14.16,LD=0,SF=1.00,LP=0,DVFS=0
12-11 03:17:14.001 19126 19230 I VrApi   : FPS=73/72,Prd=43ms,Tear=0,Early=73,Stale=0,Stale2/5/10/max=0/0/0/0,VSnc=1,Lat=1,Fov=0D,CPU4/GPU=2/3,1382/492MHz,OC=3F,TA=0/3C/0,SP=N/F/N,Mem=681MHz,Free=3037MB,PLS=0,Temp=44.0C/0.0C,TW=1.47ms,App=2.48ms,GD=0.00ms,CPU&GPU=5.04ms,LCnt=4(DR0,LM3),GPU%=0.29,CPU%=0.10(W0.19),DSF=1.00,CFL=11.54/15.22,ICFLp95=14.20,LD=0,SF=1.00,LP=0,DVFS=0
12-11 03:17:15.001 19126 19230 I VrApi   : FPS=72/72,Prd=43ms,Tear=0,Early=72,Stale=0,Stale2/5/10/max=0/0/0/0,VSnc=1,Lat=1,Fov=0D,CPU4/GPU=2/3,1382/492MHz,OC=3F,TA=0/3C/0,SP=N/F/N,Mem=1555MHz,Free=3037MB,PLS=0,Temp=44.0C/0.0C,TW=1.47ms,App=2.10ms,GD=0.00ms,CPU&GPU=4.89ms,LCnt=4(DR0,LM3),GPU%=0.28,CPU%=0.17(W0.21),DSF=1.00,CFL=11.58/23.55,ICFLp95=18.49,LD=0,SF=1.00,LP=0,DVFS=0
12-11 03:17:16.001 19126 19230 I VrApi   : FPS=73/72,Prd=44ms,Tear=0,Early=73,Stale=0,Stale2/5/10/max=0/0/0/0,VSnc=1,Lat=1,Fov=0D,CPU4/GPU=2/3,1382/492MHz,OC=3F,TA=0/3C/0,SP=N/F/N,Mem=1555MHz,Free=3037MB,PLS=0,Temp=45.0C/0.0C,TW=1.46ms,App=2.22ms,GD=0.00ms,CPU&GPU=4.90ms,LCnt=4(DR0,LM3),GPU%=0.28,CPU%=0.16(W0.26),DSF=1.00,CFL=11.55/15.33,ICFLp95=14.31,LD=0,SF=1.00,LP=0,DVFS=0
12-11 03:17:17.001 19126 19230 I VrApi   : FPS=72/72,Prd=43ms,Tear=0,Early=74,Stale=0,Stale2/5/10/max=0/0/0/0,VSnc=1,Lat=1,Fov=0D,CPU4/GPU=2/3,1382/492MHz,OC=3F,TA=0/3C/0,SP=N/F/N,Mem=1555MHz,Free=3037MB,PLS=0,Temp=45.0C/0.0C,TW=1.47ms,App=2.66ms,GD=0.00ms,CPU&GPU=4.96ms,LCnt=4(DR0,LM3),GPU%=0.29,CPU%=0.15(W0.20),DSF=1.00,CFL=11.58/23.22,ICFLp95=21.59,LD=0,SF=1.00,LP=0,DVFS=0
12-11 03:17:18.001 19126 19230 I VrApi   : FPS=73/72,Prd=44ms,Tear=0,Early=73,Stale=0,Stale2/5/10/max=0/0/0/0,VSnc=1,Lat=1,Fov=0D,CPU4/GPU=2/3,1382/492MHz,OC=3F,TA=0/3C/0,SP=N/F/N,Mem=1555MHz,Free=3037MB,PLS=0,Temp=45.0C/0.0C,TW=1.46ms,App=2.28ms,GD=0.00ms,CPU&GPU=4.85ms,LCnt=4(DR0,LM3),GPU%=0.28,CPU%=0.04(W0.06),DSF=1.00,CFL=11.60/15.30,ICFLp95=14.27,LD=0,SF=1.00,LP=0,DVFS=0
12-11 03:17:19.001 19126 19230 I VrApi   : FPS=72/72,Prd=47ms,Tear=0,Early=74,Stale=0,Stale2/5/10/max=0/0/0/0,VSnc=1,Lat=1,Fov=0D,CPU4/GPU=2/3,1382/492MHz,OC=3F,TA=0/3C/0,SP=N/F/N,Mem=1555MHz,Free=3037MB,PLS=0,Temp=45.0C/0.0C,TW=1.46ms,App=2.14ms,GD=0.00ms,CPU&GPU=4.83ms,LCnt=4(DR0,LM3),GPU%=0.28,CPU%=0.08(W0.11),DSF=1.00,CFL=11.66/21.65,ICFLp95=21.74,LD=0,SF=1.00,LP=0,DVFS=0
12-11 03:17:20.001 19126 19230 I VrApi   : FPS=72/72,Prd=45ms,Tear=0,Early=72,Stale=0,Stale2/5/10/max=0/0/0/0,VSnc=1,Lat=1,Fov=0D,CPU4/GPU=2/3,1382/492MHz,OC=3F,TA=0/3C/0,SP=N/F/N,Mem=1555MHz,Free=3037MB,PLS=0,Temp=45.0C/0.0C,TW=1.47ms,App=1.90ms,GD=0.00ms,CPU&GPU=4.78ms,LCnt=4(DR0,LM3),GPU%=0.28,CPU%=0.19(W0.29),DSF=1.00,CFL=13.73/19.38,ICFLp95=18.08,LD=0,SF=1.00,LP=0,DVFS=0
12-11 03:17:21.001 19126 19230 I VrApi   : FPS=73/72,Prd=43ms,Tear=0,Early=72,Stale=0,Stale2/5/10/max=0/0/0/0,VSnc=1,Lat=1,Fov=0D,CPU4/GPU=2/3,1382/492MHz,OC=3F,TA=0/3C/0,SP=N/F/N,Mem=681MHz,Free=3037MB,PLS=0,Temp=45.0C/0.0C,TW=1.47ms,App=2.02ms,GD=0.00ms,CPU&GPU=4.94ms,LCnt=4(DR0,LM3),GPU%=0.28,CPU%=0.18(W0.23),DSF=1.00,CFL=11.61/17.17,ICFLp95=16.37,LD=0,SF=1.00,LP=0,DVFS=0
12-11 03:17:22.001 19126 19230 I VrApi   : FPS=73/72,Prd=43ms,Tear=0,Early=73,Stale=0,Stale2/5/10/max=0/0/0/0,VSnc=1,Lat=1,Fov=0D,CPU4/GPU=2/3,1382/492MHz,OC=3F,TA=0/3C/0,SP=N/F/N,Mem=1555MHz,Free=3037MB,PLS=0,Temp=45.0C/0.0C,TW=1.47ms,App=1.97ms,GD=0.00ms,CPU&GPU=4.95ms,LCnt=4(DR0,LM3),GPU%=0.28,CPU%=0.15(W0.19),DSF=1.00,CFL=11.46/15.24,ICFLp95=14.22,LD=0,SF=1.00,LP=0,DVFS=0
12-11 03:17:23.009 19126 19230 I VrApi   : FPS=73/72,Prd=43ms,Tear=0,Early=72,Stale=0,Stale2/5/10/max=0/0/0/0,VSnc=1,Lat=1,Fov=0D,CPU4/GPU=2/3,1382/492MHz,OC=3F,TA=0/3C/0,SP=N/F/N,Mem=1555MHz,Free=3288MB,PLS=0,Temp=45.0C/0.0C,TW=1.48ms,App=2.20ms,GD=0.00ms,CPU&GPU=4.94ms,LCnt=4(DR0,LM3),GPU%=0.29,CPU%=0.13(W0.18),DSF=1.00,CFL=11.50/15.39,ICFLp95=14.14,LD=0,SF=1.00,LP=0,DVFS=0
12-11 03:17:24.002 19126 19230 I VrApi   : FPS=72/72,Prd=43ms,Tear=0,Early=73,Stale=0,Stale2/5/10/max=0/0/0/0,VSnc=1,Lat=1,Fov=0D,CPU4/GPU=2/3,1382/492MHz,OC=3F,TA=0/3C/0,SP=N/F/N,Mem=1555MHz,Free=3288MB,PLS=0,Temp=45.0C/0.0C,TW=1.48ms,App=2.15ms,GD=0.00ms,CPU&GPU=4.95ms,LCnt=4(DR0,LM3),GPU%=0.29,CPU%=0.06(W0.11),DSF=1.00,CFL=11.52/15.23,ICFLp95=14.16,LD=0,SF=1.00,LP=0,DVFS=0
12-11 03:17:24.645  2338  2489 I VrApi   : OVR::Stats thread Resume
12-11 03:17:24.658  2338  2489 I VrApi   : OVR::Stats thread started
12-11 03:17:25.002 19126 19230 I VrApi   : FPS=73/72,Prd=43ms,Tear=0,Early=72,Stale=0,Stale2/5/10/max=0/0/0/0,VSnc=1,Lat=1,Fov=0D,CPU4/GPU=2/3,1382/492MHz,OC=3F,TA=0/3C/0,SP=N/F/N,Mem=1555MHz,Free=3288MB,PLS=0,Temp=45.0C/0.0C,TW=1.47ms,App=2.33ms,GD=0.00ms,CPU&GPU=5.01ms,LCnt=4(DR0,LM3),GPU%=0.29,CPU%=0.14(W0.27),DSF=1.00,CFL=11.56/15.20,ICFLp95=14.19,LD=0,SF=1.00,LP=0,DVFS=0
12-11 03:17:25.101 19126 19194 W VrApi   : FrameIndex = 1686, RetiredClientFrameIndex = 1683, waited for 25 msec for frame to retire
12-11 03:17:25.104  2708  3803 W VrApi   : FrameIndex = 166652, RetiredClientFrameIndex = 166649, waited for 25 msec for frame to retire
12-11 03:17:25.126 19126 19194 W VrApi   : FrameIndex = 1686, RetiredClientFrameIndex = 1683, waited for 50 msec for frame to retire
12-11 03:17:25.129  2708  3803 W VrApi   : FrameIndex = 166652, RetiredClientFrameIndex = 166649, waited for 50 msec for frame to retire
12-11 03:17:25.152 19126 19194 W VrApi   : FrameIndex = 1686, RetiredClientFrameIndex = 1683, waited for 75 msec for frame to retire
12-11 03:17:25.156  2708  3803 W VrApi   : FrameIndex = 166652, RetiredClientFrameIndex = 166649, waited for 75 msec for frame to retire
12-11 03:17:25.177 19126 19194 W VrApi   : FrameIndex = 1686, RetiredClientFrameIndex = 1685, waited for 100 msec for frame to retire
12-11 03:17:26.002 19126 19230 I VrApi   : FPS=66/72,Prd=47ms,Tear=0,Early=73,Stale=0,Stale2/5/10/max=0/0/0/0,VSnc=1,Lat=1,Fov=0D,CPU4/GPU=4/4,1382/492MHz,OC=3F,TA=0/3C/0,SP=N/F/N,Mem=2092MHz,Free=3288MB,PLS=0,Temp=44.0C/0.0C,TW=2.02ms,App=2.63ms,GD=0.00ms,CPU&GPU=4.69ms,LCnt=3(DR0,LM2),GPU%=0.32,CPU%=0.31(W0.35),DSF=1.00,CFL=11.51/15.88,ICFLp95=16.10,LD=0,SF=1.00,LP=0,DVFS=0
12-11 03:17:27.002 19126 19230 I VrApi   : FPS=72/72,Prd=51ms,Tear=0,Early=67,Stale=3,Stale2/5/10/max=1/0/0/3,VSnc=1,Lat=1,Fov=0D,CPU4/GPU=4/4,1382/545MHz,OC=3F,TA=0/3C/0,SP=N/F/N,Mem=2092MHz,Free=3288MB,PLS=0,Temp=44.0C/0.0C,TW=2.27ms,App=4.14ms,GD=0.00ms,CPU&GPU=5.77ms,LCnt=10(DR0,LM0),GPU%=0.38,CPU%=0.48(W0.52),DSF=1.00,CFL=12.65/24.98,ICFLp95=28.34,LD=0,SF=1.00,LP=0,DVFS=0
12-11 03:17:27.977 19126 19194 W VrApi   : ovr_SubmitFrameInternal: FrameIndex discontinuity: Expected 1884, Received 1883
12-11 03:17:27.977 19126 19194 I VrApi   : ---------- vrapi_LeaveVrMode [start] ----------
12-11 03:17:27.988 19126 19194 I VrApi   : OVR::Stats thread stopped
12-11 03:17:28.009 19126 19194 I VrApi   : ---------- vrapi_LeaveVrMode [end] ----------
12-11 03:17:28.070  1975  2642 I VrApi   : OVR::Stats thread Resume
12-11 03:17:28.083  1975  2642 I VrApi   : OVR::Stats thread started
12-11 03:17:28.107  2200  2436 I VrApi   : OVR::Stats thread Resume
12-11 03:17:28.114  2200  2436 I VrApi   : OVR::Stats thread started
12-11 03:17:28.145 19126 19126 I VrApi   : ------------ vrapi_Shutdown [start] -----------
12-11 03:17:28.145 19126 19126 W VrApi   : IsOvrValid: ovr == nullptr. Package: com.netflix.ninja.vr
12-11 03:17:28.149 19126 19126 I VrApi   : ------------ vrapi_Shutdown [end] -----------
12-11 03:17:30.053  1975 19628 I VrApi   : FPS=61/90,Prd=28ms,Tear=0,Early=1,Stale=28,Stale2/5/10/max=2/1/2/124,VSnc=0,Lat=-1,Fov=0,CPU4/GPU=4/3,2361/545MHz,OC=3F,TA=0/3C/0,SP=N/F/N,Mem=3196MHz,Free=3203MB,PLS=0,Temp=44.0C/0.0C,TW=1.58ms,App=1.12ms,GD=0.00ms,CPU&GPU=2.81ms,LCnt=4(DR14,LM2),GPU%=0.32,CPU%=0.95(W0.95),DSF=1.00,CFL=12.83/38.37,ICFLp95=24.10,LD=0,SF=1.00,LP=0,DVFS=0
12-11 03:17:30.458  1975  2642 I VrApi   : OVR::Stats thread Suspend
12-11 03:17:30.470  1975  2642 I VrApi   : OVR::Stats thread stopped
12-11 03:17:30.648  6126 19749 I VrApi   : OVR::Stats thread Resume
12-11 03:17:30.656  6126 19749 I VrApi   : OVR::Stats thread started
12-11 03:17:32.012  6126 19773 I VrApi   : FPS=1/90,Prd=228ms,Tear=0,Early=0,Stale=5,Stale2/5/10/max=0/0/1/22,VSnc=0,Lat=-1,Fov=0,CPU4/GPU=4/4,1382/545MHz,OC=3F,TA=0/0/0,SP=N/N/N,Mem=1555MHz,Free=2988MB,PLS=0,Temp=44.0C/0.0C,TW=0.69ms,App=-57.66ms,GD=0.00ms,CPU&GPU=0.00ms,LCnt=3(DR6,LM3),GPU%=0.29,CPU%=0.23(W0.30),DSF=1.00,CFL=7.65/27.40,ICFLp95=22.44,LD=0,SF=1.10,LP=0,DVFS=0
12-11 03:17:32.018  2200  2436 I VrApi   : OVR::Stats thread Suspend
12-11 03:17:32.023  2200  2436 I VrApi   : OVR::Stats thread stopped
12-11 03:17:33.000  6126 19773 I VrApi   : FPS=89/90,Prd=30ms,Tear=0,Early=1,Stale=1,Stale2/5/10/max=0/0/0/1,VSnc=0,Lat=-1,Fov=0,CPU4/GPU=4/4,1382/545MHz,OC=3F,TA=0/0/0,SP=N/N/N,Mem=1708MHz,Free=2988MB,PLS=0,Temp=44.0C/0.0C,TW=0.72ms,App=2.21ms,GD=0.00ms,CPU&GPU=4.47ms,LCnt=2(DR90,LM2),GPU%=0.31,CPU%=0.89(W0.95),DSF=1.00,CFL=13.06/38.16,ICFLp95=21.15,LD=0,SF=1.10,LP=0,DVFS=0
12-11 03:17:34.000  6126 19773 I VrApi   : FPS=90/90,Prd=28ms,Tear=0,Early=0,Stale=2,Stale2/5/10/max=0/0/0/1,VSnc=0,Lat=-1,Fov=0,CPU4/GPU=4/3,1382/492MHz,OC=3F,TA=0/0/0,SP=N/N/N,Mem=2092MHz,Free=2988MB,PLS=0,Temp=44.0C/0.0C,TW=0.85ms,App=2.57ms,GD=0.00ms,CPU&GPU=5.35ms,LCnt=2(DR90,LM2),GPU%=0.33,CPU%=0.28(W0.33),DSF=1.00,CFL=12.85/18.20,ICFLp95=17.14,LD=0,SF=1.10,LP=0,DVFS=0
12-11 03:17:35.000  6126 19773 I VrApi   : FPS=90/90,Prd=27ms,Tear=0,Early=0,Stale=0,Stale2/5/10/max=0/0/0/0,VSnc=0,Lat=-1,Fov=0,CPU4/GPU=3/2,1382/456MHz,OC=3F,TA=0/0/0,SP=N/N/N,Mem=1555MHz,Free=2988MB,PLS=0,Temp=44.0C/0.0C,TW=0.94ms,App=2.94ms,GD=0.00ms,CPU&GPU=5.86ms,LCnt=2(DR90,LM2),GPU%=0.37,CPU%=0.32(W0.33),DSF=1.00,CFL=11.82/16.21,ICFLp95=15.02,LD=0,SF=1.10,LP=0,DVFS=0
12-11 03:17:36.000  6126 19773 I VrApi   : FPS=90/90,Prd=27ms,Tear=0,Early=0,Stale=0,Stale2/5/10/max=0/0/0/0,VSnc=0,Lat=-1,Fov=0,CPU4/GPU=2/2,1382/456MHz,OC=3F,TA=0/0/0,SP=N/N/N,Mem=768MHz,Free=2988MB,PLS=0,Temp=44.0C/0.0C,TW=0.93ms,App=2.64ms,GD=0.00ms,CPU&GPU=5.76ms,LCnt=2(DR90,LM2),GPU%=0.34,CPU%=0.31(W0.36),DSF=1.00,CFL=11.43/15.56,ICFLp95=14.21,LD=0,SF=1.10,LP=0,DVFS=0
12-11 03:17:37.000  6126 19773 I VrApi   : FPS=90/90,Prd=25ms,Tear=0,Early=0,Stale=0,Stale2/5/10/max=0/0/0/0,VSnc=0,Lat=-1,Fov=0,CPU4/GPU=2/2,1382/456MHz,OC=3F,TA=0/0/0,SP=N/N/N,Mem=1555MHz,Free=2988MB,PLS=0,Temp=44.0C/0.0C,TW=0.93ms,App=2.75ms,GD=0.00ms,CPU&GPU=5.32ms,LCnt=2(DR90,LM2),GPU%=0.35,CPU%=0.23(W0.36),DSF=1.00,CFL=11.16/14.98,ICFLp95=13.85,LD=0,SF=1.10,LP=0,DVFS=0
12-11 03:17:37.089  2338  2489 I VrApi   : OVR::Stats thread Suspend
12-11 03:17:37.093  2338  2489 I VrApi   : OVR::Stats thread stopped
12-11 03:17:38.000  6126 19773 I VrApi   : FPS=90/90,Prd=25ms,Tear=0,Early=0,Stale=0,Stale2/5/10/max=0/0/0/0,VSnc=0,Lat=-1,Fov=0,CPU4/GPU=2/2,1382/456MHz,OC=3F,TA=0/0/0,SP=N/N/N,Mem=1555MHz,Free=2988MB,PLS=0,Temp=44.0C/0.0C,TW=0.94ms,App=2.86ms,GD=0.00ms,CPU&GPU=5.44ms,LCnt=2(DR90,LM2),GPU%=0.35,CPU%=0.13(W0.21),DSF=1.00,CFL=11.07/14.78,ICFLp95=13.70,LD=0,SF=1.10,LP=0,DVFS=0
12-11 03:17:39.000  6126 19773 I VrApi   : FPS=91/90,Prd=25ms,Tear=0,Early=0,Stale=0,Stale2/5/10/max=0/0/0/0,VSnc=0,Lat=-1,Fov=0,CPU4/GPU=2/2,1382/456MHz,OC=3F,TA=0/0/0,SP=N/N/N,Mem=1555MHz,Free=2988MB,PLS=0,Temp=44.0C/0.0C,TW=0.94ms,App=2.54ms,GD=0.00ms,CPU&GPU=5.39ms,LCnt=2(DR89,LM2),GPU%=0.33,CPU%=0.19(W0.23),DSF=1.00,CFL=11.12/15.95,ICFLp95=13.80,LD=0,SF=1.10,LP=0,DVFS=0
12-11 03:17:40.000  6126 19773 I VrApi   : FPS=90/90,Prd=24ms,Tear=0,Early=0,Stale=0,Stale2/5/10/max=0/0/0/0,VSnc=0,Lat=-1,Fov=0,CPU4/GPU=2/2,1382/456MHz,OC=3F,TA=0/0/0,SP=N/N/N,Mem=1555MHz,Free=2988MB,PLS=0,Temp=44.0C/0.0C,TW=0.93ms,App=2.44ms,GD=0.00ms,CPU&GPU=4.93ms,LCnt=2(DR91,LM2),GPU%=0.32,CPU%=0.14(W0.18),DSF=1.00,CFL=11.11/14.75,ICFLp95=13.64,LD=0,SF=1.10,LP=0,DVFS=0
12-11 03:17:41.001  6126 19773 I VrApi   : FPS=91/90,Prd=24ms,Tear=0,Early=0,Stale=0,Stale2/5/10/max=0/0/0/0,VSnc=0,Lat=-1,Fov=0,CPU4/GPU=2/2,1382/456MHz,OC=3F,TA=0/0/0,SP=N/N/N,Mem=1555MHz,Free=2988MB,PLS=0,Temp=44.0C/0.0C,TW=0.94ms,App=2.46ms,GD=0.00ms,CPU&GPU=4.84ms,LCnt=2(DR90,LM2),GPU%=0.32,CPU%=0.13(W0.21),DSF=1.00,CFL=10.97/14.77,ICFLp95=13.62,LD=0,SF=1.10,LP=0,DVFS=0
12-11 03:17:42.001  6126 19773 I VrApi   : FPS=91/90,Prd=23ms,Tear=0,Early=0,Stale=0,Stale2/5/10/max=0/0/0/0,VSnc=0,Lat=-1,Fov=0,CPU4/GPU=2/2,1382/456MHz,OC=3F,TA=0/0/0,SP=N/N/N,Mem=768MHz,Free=2988MB,PLS=0,Temp=44.0C/0.0C,TW=0.93ms,App=2.43ms,GD=0.00ms,CPU&GPU=4.62ms,LCnt=2(DR90,LM2),GPU%=0.32,CPU%=0.13(W0.24),DSF=1.00,CFL=10.87/14.68,ICFLp95=13.54,LD=0,SF=1.10,LP=0,DVFS=0
12-11 03:17:43.001  6126 19773 I VrApi   : FPS=90/90,Prd=23ms,Tear=0,Early=0,Stale=0,Stale2/5/10/max=0/0/0/0,VSnc=0,Lat=-1,Fov=0,CPU4/GPU=2/2,1382/456MHz,OC=3F,TA=0/0/0,SP=N/N/N,Mem=1555MHz,Free=2988MB,PLS=0,Temp=44.0C/0.0C,TW=0.94ms,App=2.42ms,GD=0.00ms,CPU&GPU=4.63ms,LCnt=2(DR90,LM2),GPU%=0.32,CPU%=0.12(W0.23),DSF=1.00,CFL=10.82/14.69,ICFLp95=13.52,LD=0,SF=1.10,LP=0,DVFS=0
12-11 03:17:44.001  6126 19773 I VrApi   : FPS=91/90,Prd=23ms,Tear=0,Early=0,Stale=0,Stale2/5/10/max=0/0/0/0,VSnc=0,Lat=-1,Fov=0,CPU4/GPU=2/2,1382/456MHz,OC=3F,TA=0/0/0,SP=N/N/N,Mem=768MHz,Free=2988MB,PLS=0,Temp=44.0C/0.0C,TW=0.94ms,App=2.43ms,GD=0.00ms,CPU&GPU=4.65ms,LCnt=2(DR90,LM2),GPU%=0.32,CPU%=0.14(W0.19),DSF=1.00,CFL=10.83/14.79,ICFLp95=13.57,LD=0,SF=1.10,LP=0,DVFS=0
12-11 03:17:45.001  6126 19773 I VrApi   : FPS=91/90,Prd=23ms,Tear=0,Early=0,Stale=0,Stale2/5/10/max=0/0/0/0,VSnc=0,Lat=-1,Fov=0,CPU4/GPU=2/2,1382/456MHz,OC=3F,TA=0/0/0,SP=N/N/N,Mem=1555MHz,Free=2988MB,PLS=0,Temp=44.0C/0.0C,TW=0.94ms,App=2.43ms,GD=0.00ms,CPU&GPU=4.48ms,LCnt=2(DR90,LM2),GPU%=0.32,CPU%=0.15(W0.20),DSF=1.00,CFL=10.77/14.86,ICFLp95=13.56,LD=0,SF=1.10,LP=0,DVFS=0
12-11 03:17:46.001  6126 19773 I VrApi   : FPS=91/90,Prd=23ms,Tear=0,Early=0,Stale=0,Stale2/5/10/max=0/0/0/0,VSnc=0,Lat=-1,Fov=0,CPU4/GPU=2/2,1382/456MHz,OC=3F,TA=0/0/0,SP=N/N/N,Mem=2092MHz,Free=2988MB,PLS=0,Temp=45.0C/0.0C,TW=0.93ms,App=2.43ms,GD=0.00ms,CPU&GPU=4.62ms,LCnt=2(DR90,LM2),GPU%=0.32,CPU%=0.10(W0.20),DSF=1.00,CFL=10.78/14.81,ICFLp95=13.59,LD=0,SF=1.10,LP=0,DVFS=0
12-11 03:17:47.001  6126 19773 I VrApi   : FPS=90/90,Prd=23ms,Tear=0,Early=0,Stale=0,Stale2/5/10/max=0/0/0/0,VSnc=0,Lat=-1,Fov=0,CPU4/GPU=2/2,1382/456MHz,OC=3F,TA=0/0/0,SP=N/N/N,Mem=768MHz,Free=2988MB,PLS=0,Temp=45.0C/0.0C,TW=0.93ms,App=2.43ms,GD=0.00ms,CPU&GPU=4.55ms,LCnt=2(DR90,LM2),GPU%=0.32,CPU%=0.19(W0.23),DSF=1.00,CFL=10.82/14.75,ICFLp95=13.54,LD=0,SF=1.10,LP=0,DVFS=0
12-11 03:17:48.001  6126 19773 I VrApi   : FPS=91/90,Prd=23ms,Tear=0,Early=0,Stale=0,Stale2/5/10/max=0/0/0/0,VSnc=0,Lat=-1,Fov=0,CPU4/GPU=2/2,1382/456MHz,OC=3F,TA=0/0/0,SP=N/N/N,Mem=681MHz,Free=2988MB,PLS=0,Temp=45.0C/0.0C,TW=0.93ms,App=2.43ms,GD=0.00ms,CPU&GPU=4.71ms,LCnt=2(DR90,LM2),GPU%=0.32,CPU%=0.11(W0.16),DSF=1.00,CFL=10.83/14.66,ICFLp95=13.51,LD=0,SF=1.10,LP=0,DVFS=0
12-11 03:17:49.001  6126 19773 I VrApi   : FPS=90/90,Prd=23ms,Tear=0,Early=0,Stale=0,Stale2/5/10/max=0/0/0/0,VSnc=0,Lat=-1,Fov=0,CPU4/GPU=2/2,1382/456MHz,OC=3F,TA=0/0/0,SP=N/N/N,Mem=1555MHz,Free=2988MB,PLS=0,Temp=45.0C/0.0C,TW=0.94ms,App=2.41ms,GD=0.00ms,CPU&GPU=4.54ms,LCnt=2(DR91,LM2),GPU%=0.32,CPU%=0.18(W0.22),DSF=1.00,CFL=10.82/14.68,ICFLp95=13.54,LD=0,SF=1.10,LP=0,DVFS=0
12-11 03:17:50.001  6126 19773 I VrApi   : FPS=91/90,Prd=23ms,Tear=0,Early=0,Stale=0,Stale2/5/10/max=0/0/0/0,VSnc=0,Lat=-1,Fov=0,CPU4/GPU=2/2,1382/456MHz,OC=3F,TA=0/0/0,SP=N/N/N,Mem=1555MHz,Free=2988MB,PLS=0,Temp=45.0C/0.0C,TW=0.93ms,App=2.42ms,GD=0.00ms,CPU&GPU=4.56ms,LCnt=2(DR91,LM2),GPU%=0.32,CPU%=0.10(W0.21),DSF=1.00,CFL=10.82/14.72,ICFLp95=13.54,LD=0,SF=1.10,LP=0,DVFS=0
12-11 03:17:51.001  6126 19773 I VrApi   : FPS=90/90,Prd=23ms,Tear=0,Early=0,Stale=0,Stale2/5/10/max=0/0/0/0,VSnc=0,Lat=-1,Fov=0,CPU4/GPU=2/2,1382/456MHz,OC=3F,TA=0/0/0,SP=N/N/N,Mem=1555MHz,Free=2988MB,PLS=0,Temp=45.0C/0.0C,TW=0.93ms,App=2.42ms,GD=0.00ms,CPU&GPU=4.51ms,LCnt=2(DR90,LM2),GPU%=0.32,CPU%=0.15(W0.24),DSF=1.00,CFL=10.83/14.70,ICFLp95=13.52,LD=0,SF=1.10,LP=0,DVFS=0
12-11 03:17:51.420  2338  2489 I VrApi   : OVR::Stats thread Resume
12-11 03:17:51.432  2338  2489 I VrApi   : OVR::Stats thread started
12-11 03:17:52.010  6126 19773 I VrApi   : FPS=90/90,Prd=23ms,Tear=0,Early=0,Stale=0,Stale2/5/10/max=0/0/0/0,VSnc=0,Lat=-1,Fov=0,CPU4/GPU=2/2,1382/456MHz,OC=3F,TA=0/0/0,SP=N/N/N,Mem=768MHz,Free=3153MB,PLS=0,Temp=45.0C/0.0C,TW=0.93ms,App=2.46ms,GD=0.00ms,CPU&GPU=4.61ms,LCnt=2(DR91,LM2),GPU%=0.32,CPU%=0.21(W0.26),DSF=1.00,CFL=10.79/14.75,ICFLp95=13.52,LD=0,SF=1.10,LP=0,DVFS=0
12-11 03:17:53.001  6126 19773 I VrApi   : FPS=91/90,Prd=23ms,Tear=0,Early=0,Stale=0,Stale2/5/10/max=0/0/0/0,VSnc=0,Lat=-1,Fov=0,CPU4/GPU=4/4,1651/545MHz,OC=3F,TA=0/0/0,SP=N/N/N,Mem=3196MHz,Free=3153MB,PLS=0,Temp=45.0C/0.0C,TW=1.91ms,App=2.77ms,GD=0.00ms,CPU&GPU=4.78ms,LCnt=2(DR91,LM2),GPU%=0.43,CPU%=0.26(W0.29),DSF=1.00,CFL=10.77/14.72,ICFLp95=13.55,LD=0,SF=1.10,LP=0,DVFS=0
12-11 03:17:53.684  6126 19749 I VrApi   : OVR::Stats thread Suspend
12-11 03:17:53.693  6126 19749 I VrApi   : OVR::Stats thread stopped
12-11 03:17:53.781  1975  2642 I VrApi   : OVR::Stats thread Resume
12-11 03:17:53.793  1975  2642 I VrApi   : OVR::Stats thread started
12-11 03:17:53.817  2200  2436 I VrApi   : OVR::Stats thread Resume
12-11 03:17:53.827  2200  2436 I VrApi   : OVR::Stats thread started
12-11 03:17:55.059  1975 20135 I VrApi   : FPS=16/90,Prd=40ms,Tear=0,Early=0,Stale=3,Stale2/5/10/max=0/0/0/0,VSnc=0,Lat=-1,Fov=0,CPU4/GPU=4/3,2361/492MHz,OC=3F,TA=0/3C/0,SP=N/F/N,Mem=3196MHz,Free=3034MB,PLS=0,Temp=45.0C/0.0C,TW=1.40ms,App=-5.24ms,GD=0.00ms,CPU&GPU=0.00ms,LCnt=4(DR3,LM4),GPU%=0.26,CPU%=1.00(W1.00),DSF=1.00,CFL=7.83/21.78,ICFLp95=20.18,LD=0,SF=1.00,LP=0,DVFS=0
12-11 03:17:56.002  1975 20135 I VrApi   : FPS=83/90,Prd=26ms,Tear=0,Early=2,Stale=9,Stale2/5/10/max=1/0/1/145,VSnc=0,Lat=-1,Fov=0,CPU4/GPU=4/3,2361/492MHz,OC=3F,TA=0/3C/0,SP=N/F/N,Mem=3196MHz,Free=3034MB,PLS=0,Temp=44.0C/0.0C,TW=1.59ms,App=1.33ms,GD=0.00ms,CPU&GPU=2.45ms,LCnt=6(DR16,LM2),GPU%=0.30,CPU%=0.70(W0.74),DSF=1.00,CFL=11.25/37.91,ICFLp95=21.43,LD=0,SF=1.00,LP=0,DVFS=0
12-11 03:17:57.002  1975 20135 I VrApi   : FPS=90/90,Prd=32ms,Tear=0,Early=79,Stale=2,Stale2/5/10/max=0/0/0/1,VSnc=0,Lat=-1,Fov=0,CPU4/GPU=4/3,2361/492MHz,OC=3F,TA=0/3C/0,SP=N/F/N,Mem=3196MHz,Free=3034MB,PLS=0,Temp=44.0C/0.0C,TW=1.64ms,App=5.58ms,GD=0.00ms,CPU&GPU=2.61ms,LCnt=6(DR0,LM2),GPU%=0.65,CPU%=0.52(W0.77),DSF=1.00,CFL=11.00/15.49,ICFLp95=14.06,LD=0,SF=1.00,LP=0,DVFS=0
12-11 03:17:58.002  1975 20135 I VrApi   : FPS=83/90,Prd=35ms,Tear=0,Early=36,Stale=9,Stale2/5/10/max=1/0/0/4,VSnc=0,Lat=-1,Fov=0,CPU4/GPU=4/3,2361/492MHz,OC=3F,TA=0/3C/0,SP=N/F/N,Mem=3196MHz,Free=3034MB,PLS=0,Temp=44.0C/0.0C,TW=1.72ms,App=5.99ms,GD=0.00ms,CPU&GPU=10.67ms,LCnt=7(DR0,LM2),GPU%=0.71,CPU%=0.52(W0.65),DSF=1.00,CFL=11.12/21.92,ICFLp95=18.66,LD=0,SF=1.00,LP=0,DVFS=0
12-11 03:17:58.712  2338  2489 I VrApi   : OVR::Stats thread Suspend
12-11 03:17:58.715  2338  2489 I VrApi   : OVR::Stats thread stopped
12-11 03:17:59.002  1975 20135 I VrApi   : FPS=90/90,Prd=43ms,Tear=0,Early=84,Stale=1,Stale2/5/10/max=0/0/0/1,VSnc=0,Lat=-1,Fov=0,CPU4/GPU=3/3,1382/492MHz,OC=3F,TA=0/3C/0,SP=N/F/N,Mem=2092MHz,Free=3034MB,PLS=0,Temp=44.0C/0.0C,TW=1.72ms,App=6.04ms,GD=0.00ms,CPU&GPU=12.14ms,LCnt=7(DR0,LM2),GPU%=0.71,CPU%=0.46(W0.61),DSF=1.00,CFL=12.65/21.90,ICFLp95=20.92,LD=0,SF=1.00,LP=0,DVFS=0
12-11 03:18:00.003  1975 20135 I VrApi   : FPS=90/90,Prd=41ms,Tear=0,Early=90,Stale=0,Stale2/5/10/max=0/0/0/0,VSnc=0,Lat=-1,Fov=0,CPU4/GPU=2/3,2361/492MHz,OC=3F,TA=0/3C/0,SP=N/F/N,Mem=3196MHz,Free=3034MB,PLS=0,Temp=44.0C/0.0C,TW=1.74ms,App=6.09ms,GD=0.00ms,CPU&GPU=11.05ms,LCnt=7(DR0,LM2),GPU%=0.73,CPU%=0.46(W0.68),DSF=1.00,CFL=12.86/18.31,ICFLp95=16.88,LD=0,SF=1.00,LP=0,DVFS=0
12-11 03:18:01.003  1975 20135 I VrApi   : FPS=90/90,Prd=38ms,Tear=0,Early=29,Stale=2,Stale2/5/10/max=1/0/0/2,VSnc=0,Lat=-1,Fov=0,CPU4/GPU=2/3,2361/492MHz,OC=3F,TA=0/3C/0,SP=N/F/N,Mem=2736MHz,Free=3034MB,PLS=0,Temp=44.0C/0.0C,TW=1.71ms,App=5.65ms,GD=0.00ms,CPU&GPU=11.39ms,LCnt=7(DR0,LM2),GPU%=0.71,CPU%=0.42(W0.74),DSF=1.00,CFL=12.33/21.35,ICFLp95=20.84,LD=0,SF=1.00,LP=0,DVFS=0
12-11 03:18:02.003  1975 20135 I VrApi   : FPS=90/90,Prd=36ms,Tear=0,Early=0,Stale=0,Stale2/5/10/max=0/0/0/0,VSnc=0,Lat=-1,Fov=0,CPU4/GPU=2/3,1516/492MHz,OC=3F,TA=0/3C/0,SP=N/F/N,Mem=3196MHz,Free=3034MB,PLS=0,Temp=44.0C/0.0C,TW=1.73ms,App=5.86ms,GD=0.00ms,CPU&GPU=11.52ms,LCnt=7(DR0,LM2),GPU%=0.72,CPU%=0.36(W0.68),DSF=1.00,CFL=13.70/19.36,ICFLp95=18.14,LD=0,SF=1.00,LP=0,DVFS=0
12-11 03:18:03.003  1975 20135 I VrApi   : FPS=90/90,Prd=32ms,Tear=0,Early=0,Stale=0,Stale2/5/10/max=0/0/0/0,VSnc=0,Lat=-1,Fov=0,CPU4/GPU=2/3,1516/492MHz,OC=3F,TA=0/3C/0,SP=N/F/N,Mem=2736MHz,Free=3034MB,PLS=0,Temp=44.0C/0.0C,TW=1.73ms,App=5.81ms,GD=0.00ms,CPU&GPU=11.77ms,LCnt=7(DR0,LM2),GPU%=0.70,CPU%=0.39(W0.74),DSF=1.00,CFL=12.21/16.85,ICFLp95=15.71,LD=0,SF=1.00,LP=0,DVFS=0
12-11 03:18:04.003  1975 20135 I VrApi   : FPS=90/90,Prd=31ms,Tear=0,Early=0,Stale=0,Stale2/5/10/max=0/0/0/0,VSnc=0,Lat=-1,Fov=0,CPU4/GPU=2/3,1382/492MHz,OC=3F,TA=0/3C/0,SP=N/F/N,Mem=2736MHz,Free=3034MB,PLS=0,Temp=44.0C/0.0C,TW=1.72ms,App=6.00ms,GD=0.00ms,CPU&GPU=11.93ms,LCnt=7(DR0,LM2),GPU%=0.74,CPU%=0.36(W0.44),DSF=1.00,CFL=11.80/15.91,ICFLp95=14.79,LD=0,SF=1.00,LP=0,DVFS=0
12-11 03:18:05.003  1975 20135 I VrApi   : FPS=90/90,Prd=32ms,Tear=0,Early=0,Stale=1,Stale2/5/10/max=0/0/0/1,VSnc=0,Lat=-1,Fov=0,CPU4/GPU=3/3,2361/492MHz,OC=3F,TA=0/3C/0,SP=N/F/N,Mem=2736MHz,Free=3034MB,PLS=0,Temp=44.0C/0.0C,TW=1.61ms,App=6.23ms,GD=0.00ms,CPU&GPU=11.99ms,LCnt=7(DR0,LM2),GPU%=0.73,CPU%=0.63(W0.71),DSF=1.00,CFL=11.50/15.80,ICFLp95=14.60,LD=0,SF=1.00,LP=0,DVFS=0
12-11 03:18:06.004  1975 20135 I VrApi   : FPS=89/90,Prd=33ms,Tear=0,Early=1,Stale=5,Stale2/5/10/max=1/0/0/2,VSnc=0,Lat=-1,Fov=0,CPU4/GPU=3/3,2361/492MHz,OC=3F,TA=0/3C/0,SP=N/F/N,Mem=3196MHz,Free=3034MB,PLS=0,Temp=44.0C/0.0C,TW=1.63ms,App=5.65ms,GD=0.00ms,CPU&GPU=11.15ms,LCnt=6(DR0,LM2),GPU%=0.70,CPU%=0.46(W0.72),DSF=1.00,CFL=11.18/21.83,ICFLp95=20.11,LD=0,SF=1.00,LP=0,DVFS=0
12-11 03:18:07.004  1975 20135 I VrApi   : FPS=90/90,Prd=31ms,Tear=0,Early=0,Stale=0,Stale2/5/10/max=0/0/0/0,VSnc=0,Lat=-1,Fov=0,CPU4/GPU=2/3,2361/492MHz,OC=3F,TA=0/3C/0,SP=N/F/N,Mem=3196MHz,Free=3034MB,PLS=0,Temp=44.0C/0.0C,TW=1.62ms,App=5.68ms,GD=0.00ms,CPU&GPU=11.01ms,LCnt=6(DR0,LM2),GPU%=0.71,CPU%=0.57(W0.70),DSF=1.00,CFL=11.15/15.28,ICFLp95=14.09,LD=0,SF=1.00,LP=0,DVFS=0
12-11 03:18:08.004  1975 20135 I VrApi   : FPS=90/90,Prd=30ms,Tear=0,Early=0,Stale=0,Stale2/5/10/max=0/0/0/0,VSnc=0,Lat=-1,Fov=0,CPU4/GPU=2/3,1920/492MHz,OC=3F,TA=0/3C/0,SP=N/F/N,Mem=3196MHz,Free=3034MB,PLS=0,Temp=44.0C/0.0C,TW=1.63ms,App=5.78ms,GD=0.00ms,CPU&GPU=11.00ms,LCnt=6(DR0,LM2),GPU%=0.71,CPU%=0.58(W0.71),DSF=1.00,CFL=11.09/15.15,ICFLp95=14.00,LD=0,SF=1.00,LP=0,DVFS=0
12-11 03:18:09.004  1975 20135 I VrApi   : FPS=91/90,Prd=30ms,Tear=0,Early=0,Stale=0,Stale2/5/10/max=0/0/0/0,VSnc=0,Lat=-1,Fov=0,CPU4/GPU=2/3,1516/492MHz,OC=3F,TA=0/3C/0,SP=N/F/N,Mem=2092MHz,Free=3034MB,PLS=0,Temp=44.0C/0.0C,TW=1.62ms,App=5.64ms,GD=0.00ms,CPU&GPU=11.15ms,LCnt=6(DR0,LM2),GPU%=0.66,CPU%=0.42(W0.65),DSF=1.00,CFL=11.04/15.10,ICFLp95=13.99,LD=0,SF=1.00,LP=0,DVFS=0
12-11 03:18:10.004  1975 20135 I VrApi   : FPS=89/90,Prd=30ms,Tear=0,Early=0,Stale=1,Stale2/5/10/max=0/0/0/1,VSnc=0,Lat=-1,Fov=0,CPU4/GPU=2/3,1920/492MHz,OC=3F,TA=0/3C/0,SP=N/F/N,Mem=3196MHz,Free=3034MB,PLS=0,Temp=44.0C/0.0C,TW=1.62ms,App=5.83ms,GD=0.00ms,CPU&GPU=11.30ms,LCnt=6(DR0,LM2),GPU%=0.67,CPU%=0.42(W0.74),DSF=1.00,CFL=10.94/15.36,ICFLp95=14.04,LD=0,SF=1.00,LP=0,DVFS=0
12-11 03:18:11.004  1975 20135 I VrApi   : FPS=91/90,Prd=30ms,Tear=0,Early=0,Stale=0,Stale2/5/10/max=0/0/0/0,VSnc=0,Lat=-1,Fov=0,CPU4/GPU=2/3,1516/492MHz,OC=3F,TA=0/3C/0,SP=N/F/N,Mem=2092MHz,Free=3034MB,PLS=0,Temp=44.0C/0.0C,TW=1.61ms,App=5.75ms,GD=0.00ms,CPU&GPU=11.43ms,LCnt=6(DR0,LM2),GPU%=0.69,CPU%=0.44(W0.80),DSF=1.00,CFL=11.10/15.21,ICFLp95=14.02,LD=0,SF=1.00,LP=0,DVFS=0
12-11 03:18:12.004  1975 20135 I VrApi   : FPS=90/90,Prd=29ms,Tear=0,Early=0,Stale=0,Stale2/5/10/max=0/0/0/0,VSnc=0,Lat=-1,Fov=0,CPU4/GPU=2/3,1516/492MHz,OC=3F,TA=0/3C/0,SP=N/F/N,Mem=3196MHz,Free=3034MB,PLS=0,Temp=44.0C/0.0C,TW=1.61ms,App=5.87ms,GD=0.00ms,CPU&GPU=11.32ms,LCnt=6(DR0,LM2),GPU%=0.70,CPU%=0.35(W0.73),DSF=1.00,CFL=11.05/15.25,ICFLp95=14.03,LD=0,SF=1.00,LP=0,DVFS=0
12-11 03:18:13.004  1975 20135 I VrApi   : FPS=91/90,Prd=30ms,Tear=0,Early=0,Stale=1,Stale2/5/10/max=0/0/0/1,VSnc=0,Lat=-1,Fov=0,CPU4/GPU=2/3,1651/492MHz,OC=3F,TA=0/3C/0,SP=N/F/N,Mem=2736MHz,Free=3034MB,PLS=0,Temp=44.0C/0.0C,TW=1.62ms,App=5.89ms,GD=0.00ms,CPU&GPU=11.38ms,LCnt=6(DR0,LM2),GPU%=0.70,CPU%=0.36(W0.70),DSF=1.00,CFL=11.04/15.16,ICFLp95=14.02,LD=0,SF=1.00,LP=0,DVFS=0
12-11 03:18:14.004  1975 20135 I VrApi   : FPS=90/90,Prd=30ms,Tear=0,Early=0,Stale=0,Stale2/5/10/max=0/0/0/0,VSnc=0,Lat=-1,Fov=0,CPU4/GPU=2/3,1651/492MHz,OC=3F,TA=0/3C/0,SP=N/F/N,Mem=2092MHz,Free=3034MB,PLS=0,Temp=44.0C/0.0C,TW=1.61ms,App=5.96ms,GD=0.00ms,CPU&GPU=11.48ms,LCnt=6(DR0,LM2),GPU%=0.69,CPU%=0.39(W0.55),DSF=1.00,CFL=11.12/15.21,ICFLp95=13.99,LD=0,SF=1.00,LP=0,DVFS=0
12-11 03:18:15.023  1975 20135 I VrApi   : FPS=91/90,Prd=29ms,Tear=0,Early=0,Stale=0,Stale2/5/10/max=0/0/0/0,VSnc=0,Lat=-1,Fov=0,CPU4/GPU=2/3,1382/492MHz,OC=3F,TA=0/3C/0,SP=N/F/N,Mem=2092MHz,Free=2844MB,PLS=0,Temp=44.0C/0.0C,TW=1.61ms,App=5.84ms,GD=0.00ms,CPU&GPU=11.51ms,LCnt=6(DR0,LM2),GPU%=0.69,CPU%=0.34(W0.74),DSF=1.00,CFL=11.04/15.26,ICFLp95=13.97,LD=0,SF=1.00,LP=0,DVFS=0
12-11 03:18:16.004  1975 20135 I VrApi   : FPS=91/90,Prd=29ms,Tear=0,Early=0,Stale=0,Stale2/5/10/max=0/0/0/0,VSnc=0,Lat=-1,Fov=0,CPU4/GPU=2/3,1382/492MHz,OC=3F,TA=0/3C/0,SP=N/F/N,Mem=3196MHz,Free=2844MB,PLS=0,Temp=44.0C/0.0C,TW=1.61ms,App=5.93ms,GD=0.00ms,CPU&GPU=11.21ms,LCnt=6(DR0,LM2),GPU%=0.69,CPU%=0.38(W0.70),DSF=1.00,CFL=11.06/15.34,ICFLp95=13.98,LD=0,SF=1.00,LP=0,DVFS=0
12-11 03:18:17.004  1975 20135 I VrApi   : FPS=91/90,Prd=29ms,Tear=0,Early=0,Stale=0,Stale2/5/10/max=0/0/0/0,VSnc=0,Lat=-1,Fov=0,CPU4/GPU=2/3,1651/492MHz,OC=3F,TA=0/3C/0,SP=N/F/N,Mem=2736MHz,Free=2844MB,PLS=0,Temp=44.0C/0.0C,TW=1.62ms,App=6.14ms,GD=0.00ms,CPU&GPU=11.05ms,LCnt=6(DR0,LM2),GPU%=0.71,CPU%=0.45(W0.71),DSF=1.00,CFL=11.08/15.14,ICFLp95=14.01,LD=0,SF=1.00,LP=0,DVFS=0
12-11 03:18:18.005  1975 20135 I VrApi   : FPS=90/90,Prd=29ms,Tear=0,Early=0,Stale=0,Stale2/5/10/max=0/0/0/0,VSnc=0,Lat=-1,Fov=0,CPU4/GPU=2/3,1651/492MHz,OC=3F,TA=0/3C/0,SP=N/F/N,Mem=2736MHz,Free=2844MB,PLS=0,Temp=44.0C/0.0C,TW=1.61ms,App=6.42ms,GD=0.00ms,CPU&GPU=10.76ms,LCnt=6(DR0,LM2),GPU%=0.72,CPU%=0.45(W0.76),DSF=1.00,CFL=11.08/15.15,ICFLp95=13.99,LD=0,SF=1.00,LP=0,DVFS=0
12-11 03:18:19.005  1975 20135 I VrApi   : FPS=91/90,Prd=29ms,Tear=0,Early=0,Stale=0,Stale2/5/10/max=0/0/0/0,VSnc=0,Lat=-1,Fov=0,CPU4/GPU=2/3,2361/492MHz,OC=3F,TA=0/3C/0,SP=N/F/N,Mem=3196MHz,Free=2844MB,PLS=0,Temp=44.0C/0.0C,TW=1.57ms,App=6.41ms,GD=0.00ms,CPU&GPU=10.74ms,LCnt=6(DR0,LM2),GPU%=0.70,CPU%=0.48(W0.67),DSF=1.00,CFL=11.06/15.15,ICFLp95=13.97,LD=0,SF=1.00,LP=0,DVFS=0
12-11 03:18:20.005  1975 20135 I VrApi   : FPS=90/90,Prd=29ms,Tear=0,Early=0,Stale=0,Stale2/5/10/max=0/0/0/0,VSnc=0,Lat=-1,Fov=0,CPU4/GPU=2/3,1382/492MHz,OC=3F,TA=0/3C/0,SP=N/F/N,Mem=2092MHz,Free=2844MB,PLS=0,Temp=44.0C/0.0C,TW=1.60ms,App=6.07ms,GD=0.00ms,CPU&GPU=11.16ms,LCnt=6(DR0,LM2),GPU%=0.69,CPU%=0.44(W0.80),DSF=1.00,CFL=11.08/15.15,ICFLp95=14.01,LD=0,SF=1.00,LP=0,DVFS=0
12-11 03:18:21.005  1975 20135 I VrApi   : FPS=90/90,Prd=31ms,Tear=0,Early=0,Stale=2,Stale2/5/10/max=1/0/0/2,VSnc=0,Lat=-1,Fov=0,CPU4/GPU=2/3,1516/492MHz,OC=3F,TA=0/3C/0,SP=N/F/N,Mem=2736MHz,Free=2844MB,PLS=0,Temp=44.0C/0.0C,TW=1.64ms,App=5.64ms,GD=0.00ms,CPU&GPU=11.38ms,LCnt=7(DR0,LM0),GPU%=0.67,CPU%=0.43(W0.72),DSF=1.00,CFL=10.99/21.69,ICFLp95=19.50,LD=0,SF=1.00,LP=0,DVFS=0
12-11 03:18:22.005  1975 20135 I VrApi   : FPS=90/90,Prd=31ms,Tear=0,Early=0,Stale=0,Stale2/5/10/max=0/0/0/0,VSnc=0,Lat=-1,Fov=0,CPU4/GPU=2/3,1920/492MHz,OC=3F,TA=0/3C/0,SP=N/F/N,Mem=2736MHz,Free=2844MB,PLS=0,Temp=44.0C/0.0C,TW=1.64ms,App=5.85ms,GD=0.00ms,CPU&GPU=11.61ms,LCnt=6(DR0,LM2),GPU%=0.71,CPU%=0.59(W0.67),DSF=1.00,CFL=11.11/20.43,ICFLp95=18.69,LD=0,SF=1.00,LP=0,DVFS=0
12-11 03:18:23.005  1975 20135 I VrApi   : FPS=90/90,Prd=30ms,Tear=0,Early=0,Stale=0,Stale2/5/10/max=0/0/0/0,VSnc=0,Lat=-1,Fov=0,CPU4/GPU=2/3,1920/492MHz,OC=3F,TA=0/3C/0,SP=N/F/N,Mem=2736MHz,Free=2844MB,PLS=0,Temp=44.0C/0.0C,TW=1.65ms,App=6.01ms,GD=0.00ms,CPU&GPU=11.22ms,LCnt=6(DR0,LM2),GPU%=0.70,CPU%=0.46(W0.73),DSF=1.00,CFL=11.10/15.30,ICFLp95=14.06,LD=0,SF=1.00,LP=0,DVFS=0
12-11 03:18:24.005  1975 20135 I VrApi   : FPS=90/90,Prd=30ms,Tear=0,Early=0,Stale=0,Stale2/5/10/max=0/0/0/0,VSnc=0,Lat=-1,Fov=0,CPU4/GPU=2/3,1382/492MHz,OC=3F,TA=0/3C/0,SP=N/F/N,Mem=2092MHz,Free=2844MB,PLS=0,Temp=44.0C/0.0C,TW=1.52ms,App=5.97ms,GD=0.00ms,CPU&GPU=11.35ms,LCnt=6(DR0,LM2),GPU%=0.68,CPU%=0.36(W0.70),DSF=1.00,CFL=11.05/15.23,ICFLp95=13.99,LD=0,SF=1.00,LP=0,DVFS=0
12-11 03:18:25.005  1975 20135 I VrApi   : FPS=90/90,Prd=32ms,Tear=0,Early=0,Stale=1,Stale2/5/10/max=0/0/0/1,VSnc=0,Lat=-1,Fov=0,CPU4/GPU=2/3,1920/492MHz,OC=3F,TA=0/3C/0,SP=N/F/N,Mem=3196MHz,Free=2844MB,PLS=0,Temp=44.0C/0.0C,TW=1.63ms,App=5.50ms,GD=0.00ms,CPU&GPU=11.04ms,LCnt=6(DR0,LM2),GPU%=0.68,CPU%=0.46(W0.80),DSF=1.00,CFL=11.21/19.09,ICFLp95=18.61,LD=0,SF=1.00,LP=0,DVFS=0
12-11 03:18:26.006  1975 20135 I VrApi   : FPS=90/90,Prd=30ms,Tear=0,Early=0,Stale=0,Stale2/5/10/max=0/0/0/0,VSnc=0,Lat=-1,Fov=0,CPU4/GPU=2/3,1651/492MHz,OC=3F,TA=0/3C/0,SP=N/F/N,Mem=2736MHz,Free=2844MB,PLS=0,Temp=44.0C/0.0C,TW=1.63ms,App=5.98ms,GD=0.00ms,CPU&GPU=11.49ms,LCnt=6(DR0,LM2),GPU%=0.72,CPU%=0.53(W0.71),DSF=1.00,CFL=11.05/17.48,ICFLp95=13.99,LD=0,SF=1.00,LP=0,DVFS=0
12-11 03:18:27.006  1975 20135 I VrApi   : FPS=91/90,Prd=30ms,Tear=0,Early=0,Stale=0,Stale2/5/10/max=0/0/0/0,VSnc=0,Lat=-1,Fov=0,CPU4/GPU=2/3,1920/492MHz,OC=3F,TA=0/3C/0,SP=N/F/N,Mem=2736MHz,Free=2844MB,PLS=0,Temp=44.0C/0.0C,TW=1.65ms,App=6.20ms,GD=0.00ms,CPU&GPU=11.28ms,LCnt=6(DR0,LM2),GPU%=0.73,CPU%=0.51(W0.73),DSF=1.00,CFL=11.10/15.42,ICFLp95=14.05,LD=0,SF=1.00,LP=0,DVFS=0
12-11 03:18:28.006  1975 20135 I VrApi   : FPS=90/90,Prd=30ms,Tear=0,Early=0,Stale=0,Stale2/5/10/max=0/0/0/0,VSnc=0,Lat=-1,Fov=0,CPU4/GPU=2/3,2054/492MHz,OC=3F,TA=0/3C/0,SP=N/F/N,Mem=3196MHz,Free=2844MB,PLS=0,Temp=44.0C/0.0C,TW=1.64ms,App=6.08ms,GD=0.00ms,CPU&GPU=11.34ms,LCnt=6(DR0,LM2),GPU%=0.72,CPU%=0.52(W0.67),DSF=1.00,CFL=11.12/15.31,ICFLp95=14.03,LD=0,SF=1.00,LP=0,DVFS=0
12-11 03:18:29.006  1975 20135 I VrApi   : FPS=91/90,Prd=29ms,Tear=0,Early=0,Stale=0,Stale2/5/10/max=0/0/0/0,VSnc=0,Lat=-1,Fov=0,CPU4/GPU=2/3,1651/492MHz,OC=3F,TA=0/3C/0,SP=N/F/N,Mem=2736MHz,Free=2844MB,PLS=0,Temp=44.0C/0.0C,TW=1.65ms,App=6.29ms,GD=0.00ms,CPU&GPU=11.05ms,LCnt=6(DR0,LM2),GPU%=0.74,CPU%=0.51(W0.76),DSF=1.00,CFL=11.07/15.32,ICFLp95=14.04,LD=0,SF=1.00,LP=0,DVFS=0
12-11 03:18:30.006  1975 20135 I VrApi   : FPS=91/90,Prd=29ms,Tear=0,Early=0,Stale=0,Stale2/5/10/max=0/0/0/0,VSnc=0,Lat=-1,Fov=0,CPU4/GPU=2/3,2208/492MHz,OC=3F,TA=0/3C/0,SP=N/F/N,Mem=2736MHz,Free=2844MB,PLS=0,Temp=44.0C/0.0C,TW=1.65ms,App=6.19ms,GD=0.00ms,CPU&GPU=11.24ms,LCnt=6(DR0,LM2),GPU%=0.71,CPU%=0.41(W0.53),DSF=1.00,CFL=11.10/15.34,ICFLp95=14.05,LD=0,SF=1.00,LP=0,DVFS=0
12-11 03:18:31.006  1975 20135 I VrApi   : FPS=90/90,Prd=29ms,Tear=0,Early=0,Stale=0,Stale2/5/10/max=0/0/0/0,VSnc=0,Lat=-1,Fov=0,CPU4/GPU=2/3,1516/492MHz,OC=3F,TA=0/3C/0,SP=N/F/N,Mem=2736MHz,Free=2844MB,PLS=0,Temp=44.0C/0.0C,TW=1.65ms,App=5.93ms,GD=0.00ms,CPU&GPU=11.09ms,LCnt=6(DR0,LM2),GPU%=0.69,CPU%=0.49(W0.77),DSF=1.00,CFL=11.00/15.27,ICFLp95=13.99,LD=0,SF=1.00,LP=0,DVFS=0
12-11 03:18:32.006  1975 20135 I VrApi   : FPS=91/90,Prd=29ms,Tear=0,Early=0,Stale=0,Stale2/5/10/max=0/0/0/0,VSnc=0,Lat=-1,Fov=0,CPU4/GPU=2/3,1920/492MHz,OC=3F,TA=0/3C/0,SP=N/F/N,Mem=3196MHz,Free=2844MB,PLS=0,Temp=44.0C/0.0C,TW=1.64ms,App=6.36ms,GD=0.00ms,CPU&GPU=10.84ms,LCnt=6(DR0,LM2),GPU%=0.74,CPU%=0.51(W0.74),DSF=1.00,CFL=11.16/15.39,ICFLp95=14.08,LD=0,SF=1.00,LP=0,DVFS=0
12-11 03:18:33.006  1975 20135 I VrApi   : FPS=90/90,Prd=28ms,Tear=0,Early=0,Stale=0,Stale2/5/10/max=0/0/0/0,VSnc=0,Lat=-1,Fov=0,CPU4/GPU=2/3,1651/492MHz,OC=3F,TA=0/3C/0,SP=N/F/N,Mem=2736MHz,Free=2844MB,PLS=0,Temp=44.0C/0.0C,TW=1.65ms,App=6.62ms,GD=0.00ms,CPU&GPU=10.85ms,LCnt=6(DR0,LM2),GPU%=0.74,CPU%=0.50(W0.70),DSF=1.00,CFL=11.11/15.32,ICFLp95=14.04,LD=0,SF=1.00,LP=0,DVFS=0
12-11 03:18:34.006  1975 20135 I VrApi   : FPS=91/90,Prd=28ms,Tear=0,Early=0,Stale=0,Stale2/5/10/max=0/0/0/0,VSnc=0,Lat=-1,Fov=0,CPU4/GPU=2/3,2361/492MHz,OC=3F,TA=0/3C/0,SP=N/F/N,Mem=3196MHz,Free=2844MB,PLS=0,Temp=44.0C/0.0C,TW=1.64ms,App=6.36ms,GD=0.00ms,CPU&GPU=11.11ms,LCnt=6(DR0,LM2),GPU%=0.73,CPU%=0.46(W0.60),DSF=1.00,CFL=11.10/15.34,ICFLp95=14.05,LD=0,SF=1.00,LP=0,DVFS=0
12-11 03:18:35.026  1975 20135 I VrApi   : FPS=90/90,Prd=28ms,Tear=0,Early=0,Stale=0,Stale2/5/10/max=0/0/0/0,VSnc=0,Lat=-1,Fov=0,CPU4/GPU=2/3,1920/492MHz,OC=3F,TA=0/3C/0,SP=N/F/N,Mem=2736MHz,Free=2772MB,PLS=0,Temp=44.0C/0.0C,TW=1.64ms,App=6.03ms,GD=0.00ms,CPU&GPU=10.94ms,LCnt=6(DR0,LM2),GPU%=0.71,CPU%=0.49(W0.75),DSF=1.00,CFL=11.04/15.41,ICFLp95=14.02,LD=0,SF=1.00,LP=0,DVFS=0
12-11 03:18:36.006  1975 20135 I VrApi   : FPS=91/90,Prd=28ms,Tear=0,Early=0,Stale=0,Stale2/5/10/max=0/0/0/0,VSnc=0,Lat=-1,Fov=0,CPU4/GPU=2/3,1651/492MHz,OC=3F,TA=0/3C/0,SP=N/F/N,Mem=3196MHz,Free=2772MB,PLS=0,Temp=44.0C/0.0C,TW=1.64ms,App=5.88ms,GD=0.00ms,CPU&GPU=10.66ms,LCnt=6(DR0,LM2),GPU%=0.69,CPU%=0.46(W0.77),DSF=1.00,CFL=10.98/15.37,ICFLp95=14.00,LD=0,SF=1.00,LP=0,DVFS=0
12-11 03:18:37.006  1975 20135 I VrApi   : FPS=91/90,Prd=28ms,Tear=0,Early=0,Stale=0,Stale2/5/10/max=0/0/0/0,VSnc=0,Lat=-1,Fov=0,CPU4/GPU=2/3,1651/492MHz,OC=3F,TA=0/3C/0,SP=N/F/N,Mem=2736MHz,Free=2772MB,PLS=0,Temp=44.0C/0.0C,TW=1.64ms,App=6.18ms,GD=0.00ms,CPU&GPU=10.68ms,LCnt=6(DR0,LM2),GPU%=0.72,CPU%=0.55(W0.80),DSF=1.00,CFL=11.07/15.26,ICFLp95=14.00,LD=0,SF=1.00,LP=0,DVFS=0
12-11 03:18:38.006  1975 20135 I VrApi   : FPS=90/90,Prd=28ms,Tear=0,Early=0,Stale=0,Stale2/5/10/max=0/0/0/0,VSnc=0,Lat=-1,Fov=0,CPU4/GPU=2/3,2208/492MHz,OC=3F,TA=0/3C/0,SP=N/F/N,Mem=2736MHz,Free=2772MB,PLS=0,Temp=44.0C/0.0C,TW=1.64ms,App=5.87ms,GD=0.00ms,CPU&GPU=10.78ms,LCnt=6(DR0,LM2),GPU%=0.72,CPU%=0.49(W0.75),DSF=1.00,CFL=11.01/15.28,ICFLp95=14.01,LD=0,SF=1.00,LP=0,DVFS=0
12-11 03:18:39.006  1975 20135 I VrApi   : FPS=90/90,Prd=29ms,Tear=0,Early=0,Stale=1,Stale2/5/10/max=0/0/0/1,VSnc=0,Lat=-1,Fov=0,CPU4/GPU=2/3,1920/492MHz,OC=3F,TA=0/3C/0,SP=N/F/N,Mem=2736MHz,Free=2772MB,PLS=0,Temp=44.0C/0.0C,TW=1.65ms,App=5.80ms,GD=0.00ms,CPU&GPU=11.46ms,LCnt=6(DR0,LM2),GPU%=0.69,CPU%=0.44(W0.82),DSF=1.00,CFL=10.96/15.16,ICFLp95=13.95,LD=0,SF=1.00,LP=0,DVFS=0
12-11 03:18:40.007  1975 20135 I VrApi   : FPS=90/90,Prd=29ms,Tear=0,Early=0,Stale=0,Stale2/5/10/max=0/0/0/0,VSnc=0,Lat=-1,Fov=0,CPU4/GPU=2/3,1651/492MHz,OC=3F,TA=0/3C/0,SP=N/F/N,Mem=2736MHz,Free=2772MB,PLS=0,Temp=44.0C/0.0C,TW=1.65ms,App=6.01ms,GD=0.00ms,CPU&GPU=11.17ms,LCnt=6(DR0,LM2),GPU%=0.70,CPU%=0.40(W0.80),DSF=1.00,CFL=10.96/15.49,ICFLp95=14.11,LD=0,SF=1.00,LP=0,DVFS=0
12-11 03:18:41.007  1975 20135 I VrApi   : FPS=90/90,Prd=29ms,Tear=0,Early=0,Stale=0,Stale2/5/10/max=0/0/0/0,VSnc=0,Lat=-1,Fov=0,CPU4/GPU=2/3,1651/492MHz,OC=3F,TA=0/3C/0,SP=N/F/N,Mem=2092MHz,Free=2772MB,PLS=0,Temp=44.0C/0.0C,TW=1.65ms,App=5.82ms,GD=0.00ms,CPU&GPU=11.12ms,LCnt=6(DR0,LM2),GPU%=0.68,CPU%=0.51(W0.65),DSF=1.00,CFL=11.10/15.40,ICFLp95=14.06,LD=0,SF=1.00,LP=0,DVFS=0
12-11 03:18:42.007  1975 20135 I VrApi   : FPS=90/90,Prd=30ms,Tear=0,Early=0,Stale=1,Stale2/5/10/max=0/0/0/1,VSnc=0,Lat=-1,Fov=0,CPU4/GPU=2/3,1382/492MHz,OC=3F,TA=0/3C/0,SP=N/F/N,Mem=2736MHz,Free=2772MB,PLS=0,Temp=44.0C/0.0C,TW=1.65ms,App=5.91ms,GD=0.00ms,CPU&GPU=11.28ms,LCnt=6(DR0,LM2),GPU%=0.69,CPU%=0.39(W0.81),DSF=1.00,CFL=10.95/15.33,ICFLp95=14.07,LD=0,SF=1.00,LP=0,DVFS=0
12-11 03:18:43.007  1975 20135 I VrApi   : FPS=90/90,Prd=29ms,Tear=0,Early=0,Stale=0,Stale2/5/10/max=0/0/0/0,VSnc=0,Lat=-1,Fov=0,CPU4/GPU=2/3,1382/492MHz,OC=3F,TA=0/3C/0,SP=N/F/N,Mem=2736MHz,Free=2772MB,PLS=0,Temp=44.0C/0.0C,TW=1.66ms,App=6.41ms,GD=0.00ms,CPU&GPU=11.57ms,LCnt=6(DR0,LM2),GPU%=0.73,CPU%=0.61(W0.86),DSF=1.00,CFL=11.04/15.43,ICFLp95=14.07,LD=0,SF=1.00,LP=0,DVFS=0
12-11 03:18:44.007  1975 20135 I VrApi   : FPS=90/90,Prd=29ms,Tear=0,Early=0,Stale=0,Stale2/5/10/max=0/0/0/0,VSnc=0,Lat=-1,Fov=0,CPU4/GPU=2/3,1382/492MHz,OC=3F,TA=0/3C/0,SP=N/F/N,Mem=2736MHz,Free=2772MB,PLS=0,Temp=44.0C/0.0C,TW=1.64ms,App=6.07ms,GD=0.00ms,CPU&GPU=11.52ms,LCnt=6(DR0,LM2),GPU%=0.69,CPU%=0.80(W0.95),DSF=1.00,CFL=11.05/15.29,ICFLp95=14.01,LD=0,SF=1.00,LP=0,DVFS=0
12-11 03:18:45.007  1975 20135 I VrApi   : FPS=90/90,Prd=29ms,Tear=0,Early=0,Stale=1,Stale2/5/10/max=0/0/0/1,VSnc=0,Lat=-1,Fov=0,CPU4/GPU=2/3,1382/492MHz,OC=3F,TA=0/3C/0,SP=N/F/N,Mem=2736MHz,Free=2772MB,PLS=0,Temp=44.0C/0.0C,TW=1.66ms,App=6.38ms,GD=0.00ms,CPU&GPU=11.77ms,LCnt=6(DR0,LM2),GPU%=0.76,CPU%=0.79(W0.95),DSF=1.00,CFL=10.99/15.38,ICFLp95=14.04,LD=0,SF=1.00,LP=0,DVFS=0
12-11 03:18:46.007  1975 20135 I VrApi   : FPS=90/90,Prd=29ms,Tear=0,Early=0,Stale=0,Stale2/5/10/max=0/0/0/0,VSnc=0,Lat=-1,Fov=0,CPU4/GPU=2/3,1382/492MHz,OC=3F,TA=0/3C/0,SP=N/F/N,Mem=1708MHz,Free=2772MB,PLS=0,Temp=44.0C/0.0C,TW=1.65ms,App=6.10ms,GD=0.00ms,CPU&GPU=11.54ms,LCnt=6(DR0,LM2),GPU%=0.72,CPU%=0.64(W0.90),DSF=1.00,CFL=11.04/15.32,ICFLp95=14.02,LD=0,SF=1.00,LP=0,DVFS=0
12-11 03:18:47.007  1975 20135 I VrApi   : FPS=91/90,Prd=29ms,Tear=0,Early=0,Stale=0,Stale2/5/10/max=0/0/0/0,VSnc=0,Lat=-1,Fov=0,CPU4/GPU=2/3,1382/492MHz,OC=3F,TA=0/3C/0,SP=N/F/N,Mem=3196MHz,Free=2772MB,PLS=0,Temp=44.0C/0.0C,TW=1.66ms,App=6.24ms,GD=0.00ms,CPU&GPU=11.54ms,LCnt=6(DR0,LM2),GPU%=0.71,CPU%=0.48(W0.86),DSF=1.00,CFL=11.11/15.20,ICFLp95=14.01,LD=0,SF=1.00,LP=0,DVFS=0
12-11 03:18:48.007  1975 20135 I VrApi   : FPS=90/90,Prd=29ms,Tear=0,Early=0,Stale=0,Stale2/5/10/max=0/0/0/0,VSnc=0,Lat=-1,Fov=0,CPU4/GPU=2/3,1382/492MHz,OC=3F,TA=0/3C/0,SP=N/F/N,Mem=2736MHz,Free=2772MB,PLS=0,Temp=44.0C/0.0C,TW=1.65ms,App=6.08ms,GD=0.00ms,CPU&GPU=11.39ms,LCnt=6(DR0,LM2),GPU%=0.69,CPU%=0.45(W0.86),DSF=1.00,CFL=11.06/15.39,ICFLp95=13.99,LD=0,SF=1.00,LP=0,DVFS=0
12-11 03:18:49.007  1975 20135 I VrApi   : FPS=90/90,Prd=28ms,Tear=0,Early=0,Stale=0,Stale2/5/10/max=0/0/0/0,VSnc=0,Lat=-1,Fov=0,CPU4/GPU=2/3,1382/492MHz,OC=3F,TA=0/3C/0,SP=N/F/N,Mem=2736MHz,Free=2772MB,PLS=0,Temp=44.0C/0.0C,TW=1.66ms,App=6.13ms,GD=0.00ms,CPU&GPU=11.33ms,LCnt=6(DR0,LM2),GPU%=0.70,CPU%=0.44(W0.71),DSF=1.00,CFL=11.01/15.20,ICFLp95=13.95,LD=0,SF=1.00,LP=0,DVFS=0
12-11 03:18:50.007  1975 20135 I VrApi   : FPS=90/90,Prd=28ms,Tear=0,Early=0,Stale=0,Stale2/5/10/max=0/0/0/0,VSnc=0,Lat=-1,Fov=0,CPU4/GPU=2/3,1382/492MHz,OC=3F,TA=0/3C/0,SP=N/F/N,Mem=2736MHz,Free=2772MB,PLS=0,Temp=44.0C/0.0C,TW=1.63ms,App=5.52ms,GD=0.00ms,CPU&GPU=10.97ms,LCnt=6(DR0,LM2),GPU%=0.68,CPU%=0.42(W0.79),DSF=1.00,CFL=11.04/14.97,ICFLp95=13.93,LD=0,SF=1.00,LP=0,DVFS=0
12-11 03:18:51.007  1975 20135 I VrApi   : FPS=91/90,Prd=28ms,Tear=0,Early=0,Stale=0,Stale2/5/10/max=0/0/0/0,VSnc=0,Lat=-1,Fov=0,CPU4/GPU=2/3,1382/492MHz,OC=3F,TA=0/3C/0,SP=N/F/N,Mem=2736MHz,Free=2772MB,PLS=0,Temp=44.0C/0.0C,TW=1.64ms,App=5.76ms,GD=0.00ms,CPU&GPU=11.29ms,LCnt=6(DR0,LM2),GPU%=0.68,CPU%=0.51(W0.75),DSF=1.00,CFL=11.09/14.97,ICFLp95=13.93,LD=0,SF=1.00,LP=0,DVFS=0
12-11 03:18:52.008  1975 20135 I VrApi   : FPS=90/90,Prd=28ms,Tear=0,Early=0,Stale=0,Stale2/5/10/max=0/0/0/0,VSnc=0,Lat=-1,Fov=0,CPU4/GPU=2/3,1382/492MHz,OC=3F,TA=0/3C/0,SP=N/F/N,Mem=2736MHz,Free=2772MB,PLS=0,Temp=44.0C/0.0C,TW=1.65ms,App=5.79ms,GD=0.00ms,CPU&GPU=10.87ms,LCnt=6(DR0,LM2),GPU%=0.67,CPU%=0.40(W0.63),DSF=1.00,CFL=11.05/15.05,ICFLp95=13.92,LD=0,SF=1.00,LP=0,DVFS=0
12-11 03:18:53.008  1975 20135 I VrApi   : FPS=90/90,Prd=29ms,Tear=0,Early=0,Stale=1,Stale2/5/10/max=0/0/0/1,VSnc=0,Lat=-1,Fov=0,CPU4/GPU=2/3,1382/492MHz,OC=3F,TA=0/3C/0,SP=N/F/N,Mem=2736MHz,Free=2772MB,PLS=0,Temp=44.0C/0.0C,TW=1.66ms,App=6.22ms,GD=0.00ms,CPU&GPU=11.27ms,LCnt=6(DR0,LM2),GPU%=0.69,CPU%=0.46(W0.89),DSF=1.00,CFL=11.06/15.11,ICFLp95=13.93,LD=0,SF=1.00,LP=0,DVFS=0
12-11 03:18:54.008  1975 20135 I VrApi   : FPS=90/90,Prd=29ms,Tear=0,Early=0,Stale=1,Stale2/5/10/max=0/0/0/1,VSnc=0,Lat=-1,Fov=0,CPU4/GPU=2/3,1382/492MHz,OC=3F,TA=0/3C/0,SP=N/F/N,Mem=2736MHz,Free=2772MB,PLS=0,Temp=44.0C/0.0C,TW=1.65ms,App=6.37ms,GD=0.00ms,CPU&GPU=11.82ms,LCnt=6(DR0,LM2),GPU%=0.71,CPU%=0.42(W0.62),DSF=1.00,CFL=10.97/15.07,ICFLp95=13.92,LD=0,SF=1.00,LP=0,DVFS=0
12-11 03:18:55.036  1975 20135 I VrApi   : FPS=90/90,Prd=30ms,Tear=0,Early=0,Stale=1,Stale2/5/10/max=0/0/0/0,VSnc=0,Lat=-1,Fov=0,CPU4/GPU=2/3,1382/492MHz,OC=3F,TA=0/3C/0,SP=N/F/N,Mem=2736MHz,Free=2752MB,PLS=0,Temp=44.0C/0.0C,TW=1.66ms,App=6.12ms,GD=0.00ms,CPU&GPU=11.79ms,LCnt=6(DR0,LM2),GPU%=0.71,CPU%=0.57(W0.87),DSF=1.00,CFL=11.12/15.41,ICFLp95=14.00,LD=0,SF=1.00,LP=0,DVFS=0
12-11 03:18:56.008  1975 20135 I VrApi   : FPS=88/90,Prd=30ms,Tear=0,Early=0,Stale=3,Stale2/5/10/max=1/0/0/2,VSnc=0,Lat=-1,Fov=0,CPU4/GPU=3/3,1651/492MHz,OC=3F,TA=0/3C/0,SP=N/F/N,Mem=3196MHz,Free=2752MB,PLS=0,Temp=44.0C/0.0C,TW=1.65ms,App=5.48ms,GD=0.00ms,CPU&GPU=11.87ms,LCnt=6(DR0,LM2),GPU%=0.73,CPU%=0.58(W0.71),DSF=1.00,CFL=11.02/15.16,ICFLp95=13.99,LD=0,SF=1.00,LP=0,DVFS=0
12-11 03:18:57.008  1975 20135 I VrApi   : FPS=89/90,Prd=30ms,Tear=0,Early=0,Stale=1,Stale2/5/10/max=0/0/0/0,VSnc=0,Lat=-1,Fov=0,CPU4/GPU=3/3,1651/492MHz,OC=3F,TA=0/3C/0,SP=N/F/N,Mem=3196MHz,Free=2752MB,PLS=0,Temp=44.0C/0.0C,TW=1.65ms,App=5.43ms,GD=0.00ms,CPU&GPU=11.65ms,LCnt=6(DR0,LM2),GPU%=0.69,CPU%=0.41(W0.58),DSF=1.00,CFL=11.16/15.16,ICFLp95=13.99,LD=0,SF=1.00,LP=0,DVFS=0
12-11 03:18:58.008  1975 20135 I VrApi   : FPS=90/90,Prd=30ms,Tear=0,Early=0,Stale=0,Stale2/5/10/max=0/0/0/1,VSnc=0,Lat=-1,Fov=0,CPU4/GPU=2/3,1651/492MHz,OC=3F,TA=0/3C/0,SP=N/F/N,Mem=2092MHz,Free=2752MB,PLS=0,Temp=44.0C/0.0C,TW=1.66ms,App=6.05ms,GD=0.00ms,CPU&GPU=11.48ms,LCnt=6(DR0,LM2),GPU%=0.69,CPU%=0.56(W0.67),DSF=1.00,CFL=11.11/15.07,ICFLp95=13.94,LD=0,SF=1.00,LP=0,DVFS=0
12-11 03:18:59.008  1975 20135 I VrApi   : FPS=90/90,Prd=30ms,Tear=0,Early=0,Stale=1,Stale2/5/10/max=0/0/0/1,VSnc=0,Lat=-1,Fov=0,CPU4/GPU=3/3,1651/492MHz,OC=3F,TA=0/3C/0,SP=N/F/N,Mem=3196MHz,Free=2752MB,PLS=0,Temp=44.0C/0.0C,TW=1.66ms,App=5.71ms,GD=0.00ms,CPU&GPU=11.47ms,LCnt=6(DR0,LM2),GPU%=0.70,CPU%=0.52(W0.63),DSF=1.00,CFL=11.07/15.35,ICFLp95=13.95,LD=0,SF=1.00,LP=0,DVFS=0
12-11 03:19:00.008  1975 20135 I VrApi   : FPS=90/90,Prd=30ms,Tear=0,Early=0,Stale=0,Stale2/5/10/max=0/0/0/0,VSnc=0,Lat=-1,Fov=0,CPU4/GPU=3/3,1651/492MHz,OC=3F,TA=0/3C/0,SP=N/F/N,Mem=3196MHz,Free=2752MB,PLS=0,Temp=44.0C/0.0C,TW=1.66ms,App=5.91ms,GD=0.00ms,CPU&GPU=11.77ms,LCnt=6(DR0,LM2),GPU%=0.72,CPU%=0.48(W0.75),DSF=1.00,CFL=11.15/15.16,ICFLp95=13.98,LD=0,SF=1.00,LP=0,DVFS=0
12-11 03:19:01.008  1975 20135 I VrApi   : FPS=90/90,Prd=30ms,Tear=0,Early=0,Stale=0,Stale2/5/10/max=0/0/0/0,VSnc=0,Lat=-1,Fov=0,CPU4/GPU=3/3,1651/492MHz,OC=3F,TA=0/3C/0,SP=N/F/N,Mem=3196MHz,Free=2752MB,PLS=0,Temp=44.0C/0.0C,TW=1.67ms,App=6.52ms,GD=0.00ms,CPU&GPU=11.52ms,LCnt=6(DR0,LM2),GPU%=0.76,CPU%=0.80(W0.89),DSF=1.00,CFL=11.10/15.30,ICFLp95=13.95,LD=0,SF=1.00,LP=0,DVFS=0
12-11 03:19:02.009  1975 20135 I VrApi   : FPS=90/90,Prd=30ms,Tear=0,Early=0,Stale=1,Stale2/5/10/max=0/0/0/1,VSnc=0,Lat=-1,Fov=0,CPU4/GPU=3/3,1651/492MHz,OC=3F,TA=0/3C/0,SP=N/F/N,Mem=3196MHz,Free=2752MB,PLS=0,Temp=44.0C/0.0C,TW=1.66ms,App=6.25ms,GD=0.00ms,CPU&GPU=11.54ms,LCnt=6(DR0,LM2),GPU%=0.75,CPU%=0.67(W0.71),DSF=1.00,CFL=11.16/15.46,ICFLp95=13.97,LD=0,SF=1.00,LP=0,DVFS=0
12-11 03:19:03.009  1975 20135 I VrApi   : FPS=89/90,Prd=30ms,Tear=0,Early=0,Stale=1,Stale2/5/10/max=0/0/0/1,VSnc=0,Lat=-1,Fov=0,CPU4/GPU=3/3,1651/492MHz,OC=3F,TA=0/3C/0,SP=N/F/N,Mem=3196MHz,Free=2752MB,PLS=0,Temp=44.0C/0.0C,TW=1.67ms,App=6.51ms,GD=0.00ms,CPU&GPU=11.64ms,LCnt=6(DR0,LM2),GPU%=0.74,CPU%=0.76(W0.81),DSF=1.00,CFL=11.11/15.19,ICFLp95=14.00,LD=0,SF=1.00,LP=0,DVFS=0
12-11 03:19:04.009  1975 20135 I VrApi   : FPS=89/90,Prd=31ms,Tear=0,Early=0,Stale=2,Stale2/5/10/max=0/0/0/1,VSnc=0,Lat=-1,Fov=0,CPU4/GPU=4/3,1920/492MHz,OC=3F,TA=0/3C/0,SP=N/F/N,Mem=3196MHz,Free=2752MB,PLS=0,Temp=44.0C/0.0C,TW=1.64ms,App=5.85ms,GD=0.00ms,CPU&GPU=11.18ms,LCnt=6(DR0,LM2),GPU%=0.71,CPU%=0.42(W0.50),DSF=1.00,CFL=11.14/15.12,ICFLp95=13.97,LD=0,SF=1.00,LP=0,DVFS=0
12-11 03:19:05.009  1975 20135 I VrApi   : FPS=89/90,Prd=30ms,Tear=0,Early=0,Stale=1,Stale2/5/10/max=0/0/0/1,VSnc=0,Lat=-1,Fov=0,CPU4/GPU=4/3,1920/492MHz,OC=3F,TA=0/3C/0,SP=N/F/N,Mem=3196MHz,Free=2752MB,PLS=0,Temp=44.0C/0.0C,TW=1.65ms,App=5.62ms,GD=0.00ms,CPU&GPU=11.55ms,LCnt=6(DR0,LM2),GPU%=0.71,CPU%=0.40(W0.68),DSF=1.00,CFL=11.08/15.21,ICFLp95=14.04,LD=0,SF=1.00,LP=0,DVFS=0
12-11 03:19:06.009  1975 20135 I VrApi   : FPS=90/90,Prd=30ms,Tear=0,Early=0,Stale=0,Stale2/5/10/max=0/0/0/0,VSnc=0,Lat=-1,Fov=0,CPU4/GPU=3/3,1920/492MHz,OC=3F,TA=0/3C/0,SP=N/F/N,Mem=2092MHz,Free=2752MB,PLS=0,Temp=44.0C/0.0C,TW=1.64ms,App=5.60ms,GD=0.00ms,CPU&GPU=11.50ms,LCnt=6(DR0,LM2),GPU%=0.71,CPU%=0.40(W0.70),DSF=1.00,CFL=11.14/15.33,ICFLp95=14.00,LD=0,SF=1.00,LP=0,DVFS=0
12-11 03:19:07.009  1975 20135 I VrApi   : FPS=90/90,Prd=30ms,Tear=0,Early=0,Stale=0,Stale2/5/10/max=0/0/0/0,VSnc=0,Lat=-1,Fov=0,CPU4/GPU=2/3,1651/492MHz,OC=3F,TA=0/3C/0,SP=N/F/N,Mem=2736MHz,Free=2752MB,PLS=0,Temp=44.0C/0.0C,TW=1.65ms,App=5.99ms,GD=0.00ms,CPU&GPU=11.38ms,LCnt=6(DR0,LM2),GPU%=0.70,CPU%=0.40(W0.76),DSF=1.00,CFL=11.19/15.10,ICFLp95=13.97,LD=0,SF=1.00,LP=0,DVFS=0
12-11 03:19:08.009  1975 20135 I VrApi   : FPS=88/90,Prd=30ms,Tear=0,Early=0,Stale=2,Stale2/5/10/max=0/0/0/1,VSnc=0,Lat=-1,Fov=0,CPU4/GPU=2/3,1382/492MHz,OC=3F,TA=0/3C/0,SP=N/F/N,Mem=3196MHz,Free=2752MB,PLS=0,Temp=44.0C/0.0C,TW=1.66ms,App=6.68ms,GD=0.00ms,CPU&GPU=11.84ms,LCnt=6(DR0,LM2),GPU%=0.70,CPU%=0.55(W0.70),DSF=1.00,CFL=11.09/15.05,ICFLp95=13.93,LD=0,SF=1.00,LP=0,DVFS=0
12-11 03:19:09.009  1975 20135 I VrApi   : FPS=89/90,Prd=30ms,Tear=0,Early=0,Stale=1,Stale2/5/10/max=0/0/0/1,VSnc=0,Lat=-1,Fov=0,CPU4/GPU=2/3,1382/492MHz,OC=3F,TA=0/3C/0,SP=N/F/N,Mem=2092MHz,Free=2752MB,PLS=0,Temp=44.0C/0.0C,TW=1.67ms,App=5.99ms,GD=0.00ms,CPU&GPU=12.06ms,LCnt=6(DR0,LM2),GPU%=0.71,CPU%=0.60(W0.85),DSF=1.00,CFL=11.08/15.13,ICFLp95=13.96,LD=0,SF=1.00,LP=0,DVFS=0
12-11 03:19:10.010  1975 20135 I VrApi   : FPS=90/90,Prd=30ms,Tear=0,Early=0,Stale=1,Stale2/5/10/max=0/0/0/1,VSnc=0,Lat=-1,Fov=0,CPU4/GPU=3/3,1651/492MHz,OC=3F,TA=0/3C/0,SP=N/F/N,Mem=2092MHz,Free=2752MB,PLS=0,Temp=44.0C/0.0C,TW=1.65ms,App=5.62ms,GD=0.00ms,CPU&GPU=11.44ms,LCnt=6(DR0,LM2),GPU%=0.70,CPU%=0.42(W0.75),DSF=1.00,CFL=11.06/15.18,ICFLp95=14.05,LD=0,SF=1.00,LP=0,DVFS=0
