--------- beginning of main
01-16 13:45:45.842  2265  2826 I VrApi   : OVR::Stats thread Suspend
01-16 13:45:45.850  2265  2826 I VrApi   : OVR::Stats thread stopped
01-16 13:45:45.946  2479  2822 I VrApi   : OVR::Stats thread Suspend
01-16 13:45:45.957  2479  2822 I VrApi   : OVR::Stats thread stopped
01-16 13:45:46.031  3186  3386 I VrApi   : OVR::Stats thread Resume
01-16 13:45:46.050  3186  3386 I VrApi   : OVR::Stats thread started
01-16 13:45:46.402  4601  4673 I VrApi   : ----------- vrapi_Initialize [start] ----------
01-16 13:45:46.429  4601  4673 I VrApi   : Client type: 0 flags: 0x0 placement: 0
01-16 13:45:46.569  4601  4673 I VrApi   : vrapi_Initialize: Connected to VrRuntimeService after 0.140162s
01-16 13:45:46.724  4601  4673 I VrApi   : SkipPushFinalBlack=1
01-16 13:45:46.724  4601  4673 I VrApi   : isActivityFocusAware = 1
01-16 13:45:46.724  4601  4673 W VrApi   : Disable OVRMOBILE_FREE_ON_LEAVE for Unity package: com.vertigogames.azsq
01-16 13:45:46.744  4601  4673 I VrApi   : ----------- vrapi_Initialize [end] ----------
01-16 13:45:46.745  4601  4673 I VrApi   : ------------ vrapi_Shutdown [start] -----------
01-16 13:45:46.745  4601  4673 W VrApi   : IsOvrValid: ovr == nullptr. Package: com.vertigogames.azsq
01-16 13:45:46.758  4601  4673 I VrApi   : ------------ vrapi_Shutdown [end] -----------
01-16 13:45:46.779  4601  4673 I VrApi   : ----------- vrapi_Initialize [start] ----------
01-16 13:45:46.784  4601  4673 I VrApi   : Client type: 0 flags: 0x0 placement: 0
01-16 13:45:46.913  4601  4673 I VrApi   : vrapi_Initialize: Connected to VrRuntimeService after 0.129166s
01-16 13:45:47.053  4601  4673 I VrApi   : SkipPushFinalBlack=1
01-16 13:45:47.053  4601  4673 I VrApi   : isActivityFocusAware = 1
01-16 13:45:47.053  4601  4673 W VrApi   : Disable OVRMOBILE_FREE_ON_LEAVE for Unity package: com.vertigogames.azsq
01-16 13:45:47.063  4601  4673 I VrApi   : ----------- vrapi_Initialize [end] ----------
01-16 13:45:47.066  4601  4673 W VrApi   : vrapi_LocateTrackingSpace: ovr == NULL
01-16 13:45:47.067  4601  4758 I VrApi   : ---------- vrapi_EnterVrMode [start] ----------
01-16 13:45:47.088  4601  4758 I VrApi   : ovrModeParms::VRAPI_MODE_FLAG_RESET_WINDOW_FULLSCREEN = 1
01-16 13:45:47.088  4601  4758 I VrApi   : ovrModeParms::VRAPI_MODE_FLAG_NATIVE_WINDOW = 1
01-16 13:45:47.088  4601  4758 I VrApi   : ovrModeParms::VRAPI_MODE_FLAG_FRONT_BUFFER_SRGB = 1
01-16 13:45:47.088  4601  4758 I VrApi   : ovrModeParms::VRAPI_MODE_FLAG_PHASE_SYNC = 0
01-16 13:45:47.088  4601  4758 I VrApi   : ovrModeParms::VRAPI_MODE_FLAG_APP_SPACE_WARP = 0
01-16 13:45:47.088  4601  4758 I VrApi   : PhaseSync disabled
01-16 13:45:47.088  4601  4758 I VrApi   : HMD sensor attached.
01-16 13:45:47.098  4601  4758 I VrApi   : Creating Default swapchain
01-16 13:45:47.098  4601  4758 I VrApi   : Creating Loading Icon swapchain
01-16 13:45:47.098  4601  4758 I VrApi   : OVR::Stats thread started
01-16 13:45:47.098  4601  4758 I VrApi   : Initial BaseVsync 234994 
01-16 13:45:47.099  4601  4758 I VrApi   : ---------- vrapi_EnterVrMode [end] ----------
01-16 13:45:47.478  4601  4758 W VrApi   : Time to first swap: 1.084 seconds
01-16 13:45:49.010  4601  4861 I VrApi   : FPS=63/72,Prd=50ms,Tear=0,Early=27,Stale=44,Stale2/5/10/max=0/0/1/45,VSnc=1,Lat=1,Fov=0,CPU4/GPU=3/2,1478/441MHz,OC=FF,TA=0/0/0,SP=N/N/N,Mem=2092MHz,Free=8073MB,PLS=0,Temp=27.7C/0.0C,TW=3.38ms,App=-0.41ms,GD=0.70ms,CPU&GPU=6.29ms,LCnt=4(DR33,LM2),GPU%=0.34,CPU%=0.22(W0.30),DSF=1.00,CFL=17.00/27.88,ICFLp95=27.35,LD=0,SF=1.00,LP=0,DVFS=0
01-16 13:45:50.000  4601  4861 I VrApi   : FPS=72/72,Prd=53ms,Tear=0,Early=73,Stale=0,Stale2/5/10/max=0/0/0/0,VSnc=1,Lat=1,Fov=0,CPU4/GPU=2/2,1478/441MHz,OC=FF,TA=0/0/0,SP=N/N/N,Mem=2092MHz,Free=8073MB,PLS=0,Temp=27.7C/0.0C,TW=3.04ms,App=0.35ms,GD=0.70ms,CPU&GPU=1.84ms,LCnt=3(DR0,LM0),GPU%=0.32,CPU%=0.08(W0.10),DSF=1.00,CFL=17.78/27.44,ICFLp95=26.30,LD=0,SF=1.00,LP=0,DVFS=0
01-16 13:45:51.000  4601  4861 I VrApi   : FPS=72/72,Prd=51ms,Tear=0,Early=72,Stale=0,Stale2/5/10/max=0/0/0/0,VSnc=1,Lat=1,Fov=0,CPU4/GPU=2/2,1478/441MHz,OC=FF,TA=0/0/0,SP=N/N/N,Mem=2092MHz,Free=8073MB,PLS=0,Temp=27.7C/0.0C,TW=3.04ms,App=0.45ms,GD=0.70ms,CPU&GPU=1.84ms,LCnt=3(DR0,LM0),GPU%=0.32,CPU%=0.11(W0.14),DSF=1.00,CFL=20.07/25.61,ICFLp95=24.54,LD=0,SF=1.00,LP=0,DVFS=0
01-16 13:45:52.001  4601  4861 I VrApi   : FPS=72/72,Prd=49ms,Tear=0,Early=72,Stale=0,Stale2/5/10/max=0/0/0/0,VSnc=1,Lat=1,Fov=0,CPU4/GPU=2/2,1478/441MHz,OC=FF,TA=0/0/0,SP=N/N/N,Mem=2092MHz,Free=8073MB,PLS=0,Temp=27.7C/0.0C,TW=3.04ms,App=0.33ms,GD=0.70ms,CPU&GPU=1.76ms,LCnt=3(DR0,LM0),GPU%=0.32,CPU%=0.16(W0.26),DSF=1.00,CFL=18.58/23.00,ICFLp95=21.82,LD=0,SF=1.00,LP=0,DVFS=0
01-16 13:45:52.175  3186  3386 I VrApi   : OVR::Stats thread Suspend
01-16 13:45:52.180  3186  3386 I VrApi   : OVR::Stats thread stopped
01-16 13:45:53.001  4601  4861 I VrApi   : FPS=72/72,Prd=48ms,Tear=0,Early=72,Stale=0,Stale2/5/10/max=0/0/0/0,VSnc=1,Lat=1,Fov=0,CPU4/GPU=2/2,1478/441MHz,OC=FF,TA=0/0/0,SP=N/N/N,Mem=2092MHz,Free=8073MB,PLS=0,Temp=27.7C/0.0C,TW=3.04ms,App=0.35ms,GD=0.69ms,CPU&GPU=1.70ms,LCnt=3(DR0,LM0),GPU%=0.32,CPU%=0.12(W0.15),DSF=1.00,CFL=17.65/21.61,ICFLp95=20.35,LD=0,SF=1.00,LP=0,DVFS=0
01-16 13:45:54.001  4601  4861 I VrApi   : FPS=72/72,Prd=47ms,Tear=0,Early=72,Stale=0,Stale2/5/10/max=0/0/0/0,VSnc=1,Lat=1,Fov=0,CPU4/GPU=2/2,1478/441MHz,OC=FF,TA=0/0/0,SP=N/N/N,Mem=2092MHz,Free=8073MB,PLS=0,Temp=27.5C/0.0C,TW=3.02ms,App=0.33ms,GD=0.69ms,CPU&GPU=1.73ms,LCnt=3(DR0,LM0),GPU%=0.32,CPU%=0.14(W0.18),DSF=1.00,CFL=17.11/21.27,ICFLp95=19.79,LD=0,SF=1.00,LP=0,DVFS=0
01-16 13:45:55.001  4601  4861 I VrApi   : FPS=71/72,Prd=47ms,Tear=0,Early=72,Stale=0,Stale2/5/10/max=0/0/0/0,VSnc=1,Lat=1,Fov=0,CPU4/GPU=2/2,2419/441MHz,OC=FF,TA=0/0/0,SP=N/N/N,Mem=2092MHz,Free=8073MB,PLS=0,Temp=27.5C/0.0C,TW=3.04ms,App=0.34ms,GD=0.70ms,CPU&GPU=1.62ms,LCnt=3(DR0,LM0),GPU%=0.32,CPU%=0.49(W0.84),DSF=1.00,CFL=16.63/20.48,ICFLp95=19.41,LD=0,SF=1.00,LP=0,DVFS=0
01-16 13:45:56.001  4601  4861 I VrApi   : FPS=71/72,Prd=47ms,Tear=0,Early=72,Stale=0,Stale2/5/10/max=0/0/0/0,VSnc=1,Lat=1,Fov=0,CPU4/GPU=2/2,2419/441MHz,OC=FF,TA=0/0/0,SP=N/N/N,Mem=2092MHz,Free=8073MB,PLS=0,Temp=27.5C/0.0C,TW=3.04ms,App=0.34ms,GD=0.70ms,CPU&GPU=1.62ms,LCnt=3(DR0,LM0),GPU%=0.32,CPU%=0.49(W0.84),DSF=1.00,CFL=16.63/20.48,ICFLp95=19.41,LD=0,SF=1.00,LP=0,DVFS=0
01-16 13:45:57.001  4601  4861 I VrApi   : FPS=71/72,Prd=47ms,Tear=0,Early=72,Stale=0,Stale2/5/10/max=0/0/0/0,VSnc=1,Lat=1,Fov=0,CPU4/GPU=2/2,2419/441MHz,OC=FF,TA=0/0/0,SP=N/N/N,Mem=2092MHz,Free=8073MB,PLS=0,Temp=27.5C/0.0C,TW=3.04ms,App=0.34ms,GD=0.70ms,CPU&GPU=1.62ms,LCnt=3(DR0,LM0),GPU%=0.32,CPU%=0.49(W0.84),DSF=1.00,CFL=16.63/20.48,ICFLp95=19.41,LD=0,SF=1.00,LP=0,DVFS=0
01-16 13:45:58.001  4601  4861 I VrApi   : FPS=71/72,Prd=47ms,Tear=0,Early=72,Stale=0,Stale2/5/10/max=0/0/0/0,VSnc=1,Lat=1,Fov=0,CPU4/GPU=2/2,2419/441MHz,OC=FF,TA=0/0/0,SP=N/N/N,Mem=2092MHz,Free=8073MB,PLS=0,Temp=27.5C/0.0C,TW=3.04ms,App=0.34ms,GD=0.70ms,CPU&GPU=1.62ms,LCnt=3(DR0,LM0),GPU%=0.32,CPU%=0.49(W0.84),DSF=1.00,CFL=16.63/20.48,ICFLp95=19.41,LD=0,SF=1.00,LP=0,DVFS=0
01-16 13:45:59.001  4601  4861 I VrApi   : FPS=71/72,Prd=47ms,Tear=0,Early=72,Stale=0,Stale2/5/10/max=0/0/0/0,VSnc=1,Lat=1,Fov=0,CPU4/GPU=2/2,2419/441MHz,OC=FF,TA=0/0/0,SP=N/N/N,Mem=2092MHz,Free=8073MB,PLS=0,Temp=27.5C/0.0C,TW=3.04ms,App=0.34ms,GD=0.70ms,CPU&GPU=1.62ms,LCnt=3(DR0,LM0),GPU%=0.32,CPU%=0.49(W0.84),DSF=1.00,CFL=16.63/20.48,ICFLp95=19.41,LD=0,SF=1.00,LP=0,DVFS=0
01-16 13:46:00.001  4601  4861 I VrApi   : FPS=71/72,Prd=47ms,Tear=0,Early=72,Stale=0,Stale2/5/10/max=0/0/0/0,VSnc=1,Lat=1,Fov=0,CPU4/GPU=2/2,2419/441MHz,OC=FF,TA=0/0/0,SP=N/N/N,Mem=2092MHz,Free=8073MB,PLS=0,Temp=27.5C/0.0C,TW=3.04ms,App=0.34ms,GD=0.70ms,CPU&GPU=1.62ms,LCnt=3(DR0,LM0),GPU%=0.32,CPU%=0.49(W0.84),DSF=1.00,CFL=16.63/20.48,ICFLp95=19.41,LD=0,SF=1.00,LP=0,DVFS=0
01-16 13:46:01.001  4601  4861 I VrApi   : FPS=71/72,Prd=47ms,Tear=0,Early=72,Stale=0,Stale2/5/10/max=0/0/0/0,VSnc=1,Lat=1,Fov=0,CPU4/GPU=2/2,2419/441MHz,OC=FF,TA=0/0/0,SP=N/N/N,Mem=2092MHz,Free=8073MB,PLS=0,Temp=27.5C/0.0C,TW=3.04ms,App=0.34ms,GD=0.70ms,CPU&GPU=1.62ms,LCnt=3(DR0,LM0),GPU%=0.32,CPU%=0.49(W0.84),DSF=1.00,CFL=16.63/20.48,ICFLp95=19.41,LD=0,SF=1.00,LP=0,DVFS=0
01-16 13:46:02.001  4601  4861 I VrApi   : FPS=71/72,Prd=47ms,Tear=0,Early=72,Stale=0,Stale2/5/10/max=0/0/0/0,VSnc=1,Lat=1,Fov=0,CPU4/GPU=2/2,2419/441MHz,OC=FF,TA=0/0/0,SP=N/N/N,Mem=2092MHz,Free=8073MB,PLS=0,Temp=27.5C/0.0C,TW=3.04ms,App=0.34ms,GD=0.70ms,CPU&GPU=1.62ms,LCnt=3(DR0,LM0),GPU%=0.32,CPU%=0.49(W0.84),DSF=1.00,CFL=16.63/20.48,ICFLp95=19.41,LD=0,SF=1.00,LP=0,DVFS=0
01-16 13:46:03.001  4601  4861 I VrApi   : FPS=71/72,Prd=47ms,Tear=0,Early=72,Stale=0,Stale2/5/10/max=0/0/0/0,VSnc=1,Lat=1,Fov=0,CPU4/GPU=2/2,2419/441MHz,OC=FF,TA=0/0/0,SP=N/N/N,Mem=2092MHz,Free=8073MB,PLS=0,Temp=27.5C/0.0C,TW=3.04ms,App=0.34ms,GD=0.70ms,CPU&GPU=1.62ms,LCnt=3(DR0,LM0),GPU%=0.32,CPU%=0.49(W0.84),DSF=1.00,CFL=16.63/20.48,ICFLp95=19.41,LD=0,SF=1.00,LP=0,DVFS=0
01-16 13:46:04.001  4601  4861 I VrApi   : FPS=71/72,Prd=47ms,Tear=0,Early=72,Stale=0,Stale2/5/10/max=0/0/0/0,VSnc=1,Lat=1,Fov=0,CPU4/GPU=2/2,2419/441MHz,OC=FF,TA=0/0/0,SP=N/N/N,Mem=2092MHz,Free=8073MB,PLS=0,Temp=27.5C/0.0C,TW=3.04ms,App=0.34ms,GD=0.70ms,CPU&GPU=1.62ms,LCnt=3(DR0,LM0),GPU%=0.32,CPU%=0.49(W0.84),DSF=1.00,CFL=16.63/20.48,ICFLp95=19.41,LD=0,SF=1.00,LP=0,DVFS=0
01-16 13:46:05.001  4601  4861 I VrApi   : FPS=71/72,Prd=47ms,Tear=0,Early=72,Stale=0,Stale2/5/10/max=0/0/0/0,VSnc=1,Lat=1,Fov=0,CPU4/GPU=2/2,2419/441MHz,OC=FF,TA=0/0/0,SP=N/N/N,Mem=2092MHz,Free=8073MB,PLS=0,Temp=27.5C/0.0C,TW=3.04ms,App=0.34ms,GD=0.70ms,CPU&GPU=1.62ms,LCnt=3(DR0,LM0),GPU%=0.32,CPU%=0.49(W0.84),DSF=1.00,CFL=16.63/20.48,ICFLp95=19.41,LD=0,SF=1.00,LP=0,DVFS=0
01-16 13:46:06.002  4601  4861 I VrApi   : FPS=71/72,Prd=47ms,Tear=0,Early=72,Stale=0,Stale2/5/10/max=0/0/0/0,VSnc=1,Lat=1,Fov=0,CPU4/GPU=2/2,2419/441MHz,OC=FF,TA=0/0/0,SP=N/N/N,Mem=2092MHz,Free=8073MB,PLS=0,Temp=27.5C/0.0C,TW=3.04ms,App=0.34ms,GD=0.70ms,CPU&GPU=1.62ms,LCnt=3(DR0,LM0),GPU%=0.32,CPU%=0.49(W0.84),DSF=1.00,CFL=16.63/20.48,ICFLp95=19.41,LD=0,SF=1.00,LP=0,DVFS=0
01-16 13:46:07.002  4601  4861 I VrApi   : FPS=71/72,Prd=47ms,Tear=0,Early=72,Stale=0,Stale2/5/10/max=0/0/0/0,VSnc=1,Lat=1,Fov=0,CPU4/GPU=2/2,2419/441MHz,OC=FF,TA=0/0/0,SP=N/N/N,Mem=2092MHz,Free=8073MB,PLS=0,Temp=27.5C/0.0C,TW=3.04ms,App=0.34ms,GD=0.70ms,CPU&GPU=1.62ms,LCnt=3(DR0,LM0),GPU%=0.32,CPU%=0.49(W0.84),DSF=1.00,CFL=16.63/20.48,ICFLp95=19.41,LD=0,SF=1.00,LP=0,DVFS=0
01-16 13:46:08.002  4601  4861 I VrApi   : FPS=71/72,Prd=47ms,Tear=0,Early=72,Stale=0,Stale2/5/10/max=0/0/0/0,VSnc=1,Lat=1,Fov=0,CPU4/GPU=2/2,2419/441MHz,OC=FF,TA=0/0/0,SP=N/N/N,Mem=2092MHz,Free=8073MB,PLS=0,Temp=27.5C/0.0C,TW=3.04ms,App=0.34ms,GD=0.70ms,CPU&GPU=1.62ms,LCnt=3(DR0,LM0),GPU%=0.32,CPU%=0.49(W0.84),DSF=1.00,CFL=16.63/20.48,ICFLp95=19.41,LD=0,SF=1.00,LP=0,DVFS=0
01-16 13:46:09.024  4601  4861 I VrApi   : FPS=71/72,Prd=47ms,Tear=0,Early=72,Stale=0,Stale2/5/10/max=0/0/0/0,VSnc=1,Lat=1,Fov=0,CPU4/GPU=2/2,2419/441MHz,OC=FF,TA=0/0/0,SP=N/N/N,Mem=2092MHz,Free=7149MB,PLS=0,Temp=27.5C/0.0C,TW=3.04ms,App=0.34ms,GD=0.70ms,CPU&GPU=1.62ms,LCnt=3(DR0,LM0),GPU%=0.32,CPU%=0.49(W0.84),DSF=1.00,CFL=16.63/20.48,ICFLp95=19.41,LD=0,SF=1.00,LP=0,DVFS=0
01-16 13:46:10.002  4601  4861 I VrApi   : FPS=71/72,Prd=47ms,Tear=0,Early=72,Stale=0,Stale2/5/10/max=0/0/0/0,VSnc=1,Lat=1,Fov=0,CPU4/GPU=2/2,2419/441MHz,OC=FF,TA=0/0/0,SP=N/N/N,Mem=2092MHz,Free=7149MB,PLS=0,Temp=27.5C/0.0C,TW=3.04ms,App=0.34ms,GD=0.70ms,CPU&GPU=1.62ms,LCnt=3(DR0,LM0),GPU%=0.32,CPU%=0.49(W0.84),DSF=1.00,CFL=16.63/20.48,ICFLp95=19.41,LD=0,SF=1.00,LP=0,DVFS=0
01-16 13:46:11.002  4601  4861 I VrApi   : FPS=71/72,Prd=47ms,Tear=0,Early=72,Stale=0,Stale2/5/10/max=0/0/0/0,VSnc=1,Lat=1,Fov=0,CPU4/GPU=2/2,2419/441MHz,OC=FF,TA=0/0/0,SP=N/N/N,Mem=2092MHz,Free=7149MB,PLS=0,Temp=27.5C/0.0C,TW=3.04ms,App=0.34ms,GD=0.70ms,CPU&GPU=1.62ms,LCnt=3(DR0,LM0),GPU%=0.32,CPU%=0.49(W0.84),DSF=1.00,CFL=16.63/20.48,ICFLp95=19.41,LD=0,SF=1.00,LP=0,DVFS=0
01-16 13:46:12.002  4601  4861 I VrApi   : FPS=71/72,Prd=47ms,Tear=0,Early=72,Stale=0,Stale2/5/10/max=0/0/0/0,VSnc=1,Lat=1,Fov=0,CPU4/GPU=2/2,2419/441MHz,OC=FF,TA=0/0/0,SP=N/N/N,Mem=2092MHz,Free=7149MB,PLS=0,Temp=27.5C/0.0C,TW=3.04ms,App=0.34ms,GD=0.70ms,CPU&GPU=1.62ms,LCnt=3(DR0,LM0),GPU%=0.32,CPU%=0.49(W0.84),DSF=1.00,CFL=16.63/20.48,ICFLp95=19.41,LD=0,SF=1.00,LP=0,DVFS=0
01-16 13:46:13.002  4601  4861 I VrApi   : FPS=71/72,Prd=47ms,Tear=0,Early=72,Stale=0,Stale2/5/10/max=0/0/0/0,VSnc=1,Lat=1,Fov=0,CPU4/GPU=2/2,2419/441MHz,OC=FF,TA=0/0/0,SP=N/N/N,Mem=2092MHz,Free=7149MB,PLS=0,Temp=27.5C/0.0C,TW=3.04ms,App=0.34ms,GD=0.70ms,CPU&GPU=1.62ms,LCnt=3(DR0,LM0),GPU%=0.32,CPU%=0.49(W0.84),DSF=1.00,CFL=16.63/20.48,ICFLp95=19.41,LD=0,SF=1.00,LP=0,DVFS=0
01-16 13:46:14.002  4601  4861 I VrApi   : FPS=71/72,Prd=47ms,Tear=0,Early=72,Stale=0,Stale2/5/10/max=0/0/0/0,VSnc=1,Lat=1,Fov=0,CPU4/GPU=2/2,2419/441MHz,OC=FF,TA=0/0/0,SP=N/N/N,Mem=2092MHz,Free=7149MB,PLS=0,Temp=27.5C/0.0C,TW=3.04ms,App=0.34ms,GD=0.70ms,CPU&GPU=1.62ms,LCnt=3(DR0,LM0),GPU%=0.32,CPU%=0.49(W0.84),DSF=1.00,CFL=16.63/20.48,ICFLp95=19.41,LD=0,SF=1.00,LP=0,DVFS=0
01-16 13:46:15.002  4601  4861 I VrApi   : FPS=71/72,Prd=47ms,Tear=0,Early=72,Stale=0,Stale2/5/10/max=0/0/0/0,VSnc=1,Lat=1,Fov=0,CPU4/GPU=2/2,2419/441MHz,OC=FF,TA=0/0/0,SP=N/N/N,Mem=2092MHz,Free=7149MB,PLS=0,Temp=27.5C/0.0C,TW=3.04ms,App=0.34ms,GD=0.70ms,CPU&GPU=1.62ms,LCnt=3(DR0,LM0),GPU%=0.32,CPU%=0.49(W0.84),DSF=1.00,CFL=16.63/20.48,ICFLp95=19.41,LD=0,SF=1.00,LP=0,DVFS=0
01-16 13:46:16.002  4601  4861 I VrApi   : FPS=8/72,Prd=47ms,Tear=0,Early=0,Stale=73,Stale2/5/10/max=0/0/0/0,VSnc=1,Lat=1,Fov=0,CPU4/GPU=5/2,1478/441MHz,OC=FF,TA=0/0/0,SP=N/N/N,Mem=2092MHz,Free=7149MB,PLS=0,Temp=27.2C/0.0C,TW=1.65ms,App=-17.99ms,GD=0.68ms,CPU&GPU=1.83ms,LCnt=2(DR6,LM2),GPU%=0.26,CPU%=0.17(W0.25),DSF=1.00,CFL=16.50/27.48,ICFLp95=22.06,LD=0,SF=1.00,LP=0,DVFS=0
01-16 13:46:17.002  4601  4861 I VrApi   : FPS=70/72,Prd=51ms,Tear=0,Early=72,Stale=0,Stale2/5/10/max=0/0/1/1400,VSnc=1,Lat=1,Fov=0,CPU4/GPU=5/2,1478/441MHz,OC=FF,TA=0/0/0,SP=N/N/N,Mem=2092MHz,Free=7149MB,PLS=0,Temp=27.2C/0.0C,TW=1.65ms,App=0.89ms,GD=0.68ms,CPU&GPU=3.38ms,LCnt=2(DR72,LM2),GPU%=0.26,CPU%=0.16(W0.22),DSF=1.00,CFL=20.44/27.21,ICFLp95=25.89,LD=0,SF=1.00,LP=0,DVFS=0
01-16 13:46:18.002  4601  4861 I VrApi   : FPS=72/72,Prd=50ms,Tear=0,Early=72,Stale=0,Stale2/5/10/max=0/0/0/0,VSnc=1,Lat=1,Fov=0,CPU4/GPU=5/2,1478/441MHz,OC=FF,TA=0/0/0,SP=N/N/N,Mem=2092MHz,Free=7149MB,PLS=0,Temp=27.2C/0.0C,TW=1.65ms,App=1.04ms,GD=0.69ms,CPU&GPU=3.43ms,LCnt=2(DR72,LM2),GPU%=0.26,CPU%=0.27(W0.42),DSF=1.00,CFL=18.67/23.80,ICFLp95=22.04,LD=0,SF=1.00,LP=0,DVFS=0
01-16 13:46:19.002  4601  4861 I VrApi   : FPS=71/72,Prd=48ms,Tear=0,Early=70,Stale=1,Stale2/5/10/max=0/0/0/1,VSnc=1,Lat=1,Fov=0,CPU4/GPU=5/2,1478/441MHz,OC=FF,TA=0/0/0,SP=N/N/N,Mem=2092MHz,Free=7149MB,PLS=0,Temp=27.2C/0.0C,TW=1.62ms,App=0.89ms,GD=0.69ms,CPU&GPU=3.62ms,LCnt=2(DR72,LM2),GPU%=0.26,CPU%=0.45(W0.75),DSF=1.00,CFL=17.31/21.24,ICFLp95=20.10,LD=0,SF=1.00,LP=0,DVFS=0
01-16 13:46:20.002  4601  4861 I VrApi   : FPS=72/72,Prd=47ms,Tear=0,Early=72,Stale=0,Stale2/5/10/max=0/0/0/0,VSnc=1,Lat=1,Fov=0,CPU4/GPU=5/2,2419/441MHz,OC=FF,TA=0/0/0,SP=N/N/N,Mem=2092MHz,Free=7149MB,PLS=0,Temp=27.2C/0.0C,TW=1.62ms,App=1.00ms,GD=0.70ms,CPU&GPU=2.52ms,LCnt=2(DR72,LM2),GPU%=0.26,CPU%=0.25(W0.35),DSF=1.00,CFL=16.32/20.44,ICFLp95=19.22,LD=0,SF=1.00,LP=0,DVFS=0
01-16 13:46:21.003  4601  4861 I VrApi   : FPS=72/72,Prd=47ms,Tear=0,Early=72,Stale=0,Stale2/5/10/max=0/0/0/0,VSnc=1,Lat=1,Fov=0,CPU4/GPU=5/2,1478/441MHz,OC=FF,TA=0/0/0,SP=N/N/N,Mem=2092MHz,Free=7149MB,PLS=0,Temp=27.2C/0.0C,TW=1.62ms,App=1.00ms,GD=0.70ms,CPU&GPU=3.36ms,LCnt=2(DR72,LM2),GPU%=0.26,CPU%=0.21(W0.33),DSF=1.00,CFL=16.16/20.21,ICFLp95=18.73,LD=0,SF=1.00,LP=0,DVFS=0
01-16 13:46:22.003  4601  4861 I VrApi   : FPS=72/72,Prd=46ms,Tear=0,Early=72,Stale=0,Stale2/5/10/max=0/0/0/0,VSnc=1,Lat=1,Fov=0,CPU4/GPU=5/2,1478/441MHz,OC=FF,TA=0/0/0,SP=N/N/N,Mem=2092MHz,Free=7149MB,PLS=0,Temp=27.2C/0.0C,TW=1.62ms,App=1.00ms,GD=0.69ms,CPU&GPU=3.46ms,LCnt=2(DR72,LM2),GPU%=0.26,CPU%=0.30(W0.32),DSF=1.00,CFL=15.94/19.62,ICFLp95=18.63,LD=0,SF=1.00,LP=0,DVFS=0
01-16 13:46:23.003  4601  4861 I VrApi   : FPS=72/72,Prd=46ms,Tear=0,Early=72,Stale=0,Stale2/5/10/max=0/0/0/0,VSnc=1,Lat=1,Fov=0,CPU4/GPU=5/2,1478/441MHz,OC=FF,TA=0/0/0,SP=N/N/N,Mem=2092MHz,Free=7149MB,PLS=0,Temp=27.2C/0.0C,TW=1.62ms,App=1.00ms,GD=0.69ms,CPU&GPU=3.43ms,LCnt=2(DR72,LM2),GPU%=0.26,CPU%=0.26(W0.32),DSF=1.00,CFL=15.83/19.44,ICFLp95=18.43,LD=0,SF=1.00,LP=0,DVFS=0
01-16 13:46:24.003  4601  4861 I VrApi   : FPS=72/72,Prd=46ms,Tear=0,Early=72,Stale=0,Stale2/5/10/max=0/0/0/0,VSnc=1,Lat=1,Fov=0,CPU4/GPU=5/2,1478/441MHz,OC=FF,TA=0/0/0,SP=N/N/N,Mem=2092MHz,Free=7149MB,PLS=0,Temp=27.0C/0.0C,TW=1.63ms,App=0.99ms,GD=0.70ms,CPU&GPU=3.42ms,LCnt=2(DR72,LM2),GPU%=0.26,CPU%=0.21(W0.42),DSF=1.00,CFL=15.66/19.88,ICFLp95=18.47,LD=0,SF=1.00,LP=0,DVFS=0
01-16 13:46:25.003  4601  4861 I VrApi   : FPS=72/72,Prd=46ms,Tear=0,Early=72,Stale=0,Stale2/5/10/max=0/0/0/0,VSnc=1,Lat=1,Fov=0,CPU4/GPU=5/2,1478/441MHz,OC=FF,TA=0/0/0,SP=N/N/N,Mem=2092MHz,Free=7149MB,PLS=0,Temp=27.0C/0.0C,TW=1.62ms,App=0.99ms,GD=0.69ms,CPU&GPU=3.45ms,LCnt=2(DR72,LM2),GPU%=0.26,CPU%=0.20(W0.25),DSF=1.00,CFL=15.81/19.66,ICFLp95=18.34,LD=0,SF=1.00,LP=0,DVFS=0
01-16 13:46:26.003  4601  4861 I VrApi   : FPS=72/72,Prd=46ms,Tear=0,Early=72,Stale=0,Stale2/5/10/max=0/0/0/0,VSnc=1,Lat=1,Fov=0,CPU4/GPU=5/2,1478/441MHz,OC=FF,TA=0/0/0,SP=N/N/N,Mem=2092MHz,Free=7149MB,PLS=0,Temp=27.0C/0.0C,TW=1.62ms,App=1.03ms,GD=0.70ms,CPU&GPU=3.41ms,LCnt=2(DR72,LM2),GPU%=0.26,CPU%=0.27(W0.35),DSF=1.00,CFL=15.76/19.61,ICFLp95=18.38,LD=0,SF=1.00,LP=0,DVFS=0
01-16 13:46:27.003  4601  4861 I VrApi   : FPS=72/72,Prd=46ms,Tear=0,Early=72,Stale=0,Stale2/5/10/max=0/0/0/0,VSnc=1,Lat=1,Fov=0,CPU4/GPU=5/2,1478/441MHz,OC=FF,TA=0/0/0,SP=N/N/N,Mem=2092MHz,Free=7149MB,PLS=0,Temp=27.0C/0.0C,TW=1.63ms,App=1.01ms,GD=0.70ms,CPU&GPU=3.38ms,LCnt=2(DR72,LM2),GPU%=0.26,CPU%=0.22(W0.26),DSF=1.00,CFL=15.65/19.55,ICFLp95=18.31,LD=0,SF=1.00,LP=0,DVFS=0
01-16 13:46:28.003  4601  4861 I VrApi   : FPS=72/72,Prd=46ms,Tear=0,Early=72,Stale=0,Stale2/5/10/max=0/0/0/0,VSnc=1,Lat=1,Fov=0,CPU4/GPU=5/2,1478/441MHz,OC=FF,TA=0/0/0,SP=N/N/N,Mem=2092MHz,Free=7149MB,PLS=0,Temp=27.0C/0.0C,TW=1.62ms,App=1.07ms,GD=0.70ms,CPU&GPU=3.40ms,LCnt=2(DR72,LM2),GPU%=0.27,CPU%=0.23(W0.41),DSF=1.00,CFL=15.64/19.77,ICFLp95=18.34,LD=0,SF=1.00,LP=0,DVFS=0
01-16 13:46:29.031  4601  4861 I VrApi   : FPS=72/72,Prd=46ms,Tear=0,Early=72,Stale=0,Stale2/5/10/max=0/0/0/0,VSnc=1,Lat=1,Fov=0,CPU4/GPU=5/2,1478/441MHz,OC=FF,TA=0/0/0,SP=N/N/N,Mem=2092MHz,Free=7142MB,PLS=0,Temp=27.0C/0.0C,TW=1.62ms,App=0.99ms,GD=0.69ms,CPU&GPU=3.49ms,LCnt=2(DR72,LM2),GPU%=0.27,CPU%=0.29(W0.36),DSF=1.00,CFL=15.76/21.20,ICFLp95=18.52,LD=0,SF=1.00,LP=0,DVFS=0
01-16 13:46:30.003  4601  4861 I VrApi   : FPS=72/72,Prd=46ms,Tear=0,Early=72,Stale=0,Stale2/5/10/max=0/0/0/0,VSnc=1,Lat=1,Fov=0,CPU4/GPU=5/2,1478/441MHz,OC=FF,TA=0/0/0,SP=N/N/N,Mem=2092MHz,Free=7142MB,PLS=0,Temp=27.0C/0.0C,TW=1.63ms,App=1.06ms,GD=0.70ms,CPU&GPU=3.45ms,LCnt=2(DR72,LM2),GPU%=0.27,CPU%=0.21(W0.36),DSF=1.00,CFL=15.82/20.39,ICFLp95=18.36,LD=0,SF=1.00,LP=0,DVFS=0
01-16 13:46:31.003  4601  4861 I VrApi   : FPS=72/72,Prd=46ms,Tear=0,Early=72,Stale=0,Stale2/5/10/max=0/0/0/0,VSnc=1,Lat=1,Fov=0,CPU4/GPU=5/2,1478/441MHz,OC=FF,TA=0/0/0,SP=N/N/N,Mem=2092MHz,Free=7142MB,PLS=0,Temp=27.0C/0.0C,TW=1.62ms,App=0.96ms,GD=0.71ms,CPU&GPU=3.44ms,LCnt=2(DR72,LM2),GPU%=0.26,CPU%=0.27(W0.32),DSF=1.00,CFL=15.60/19.50,ICFLp95=18.31,LD=0,SF=1.00,LP=0,DVFS=0
01-16 13:46:32.003  4601  4861 I VrApi   : FPS=72/72,Prd=46ms,Tear=0,Early=72,Stale=0,Stale2/5/10/max=0/0/0/0,VSnc=1,Lat=1,Fov=0,CPU4/GPU=5/2,1478/441MHz,OC=FF,TA=0/0/0,SP=N/N/N,Mem=2092MHz,Free=7142MB,PLS=0,Temp=27.0C/0.0C,TW=1.62ms,App=0.94ms,GD=0.70ms,CPU&GPU=3.38ms,LCnt=2(DR72,LM2),GPU%=0.26,CPU%=0.23(W0.29),DSF=1.00,CFL=15.81/19.87,ICFLp95=18.33,LD=0,SF=1.00,LP=0,DVFS=0
01-16 13:46:33.003  4601  4861 I VrApi   : FPS=72/72,Prd=46ms,Tear=0,Early=72,Stale=0,Stale2/5/10/max=0/0/0/0,VSnc=1,Lat=1,Fov=0,CPU4/GPU=5/2,1478/441MHz,OC=FF,TA=0/0/0,SP=N/N/N,Mem=1555MHz,Free=7142MB,PLS=0,Temp=27.0C/0.0C,TW=1.62ms,App=0.98ms,GD=0.68ms,CPU&GPU=3.45ms,LCnt=2(DR72,LM2),GPU%=0.26,CPU%=0.23(W0.29),DSF=1.00,CFL=15.92/19.45,ICFLp95=18.45,LD=0,SF=1.00,LP=0,DVFS=0
01-16 13:46:34.003  4601  4861 I VrApi   : FPS=72/72,Prd=46ms,Tear=0,Early=72,Stale=0,Stale2/5/10/max=0/0/0/0,VSnc=1,Lat=1,Fov=0,CPU4/GPU=5/2,1478/441MHz,OC=FF,TA=0/0/0,SP=N/N/N,Mem=1555MHz,Free=7142MB,PLS=0,Temp=27.0C/0.0C,TW=1.65ms,App=0.98ms,GD=0.68ms,CPU&GPU=3.45ms,LCnt=2(DR72,LM2),GPU%=0.26,CPU%=0.25(W0.38),DSF=1.00,CFL=15.76/19.61,ICFLp95=18.36,LD=0,SF=1.00,LP=0,DVFS=0
01-16 13:46:35.003  4601  4861 I VrApi   : FPS=72/72,Prd=46ms,Tear=0,Early=72,Stale=0,Stale2/5/10/max=0/0/0/0,VSnc=1,Lat=1,Fov=0,CPU4/GPU=5/2,1478/441MHz,OC=FF,TA=0/0/0,SP=N/N/N,Mem=1555MHz,Free=7142MB,PLS=0,Temp=27.0C/0.0C,TW=2.10ms,App=1.40ms,GD=0.69ms,CPU&GPU=3.34ms,LCnt=2(DR72,LM2),GPU%=0.29,CPU%=0.33(W0.71),DSF=1.00,CFL=15.44/19.50,ICFLp95=18.34,LD=0,SF=1.00,LP=0,DVFS=0
01-16 13:46:36.004  4601  4861 I VrApi   : FPS=50/72,Prd=50ms,Tear=0,Early=48,Stale=25,Stale2/5/10/max=0/0/1/25,VSnc=1,Lat=1,Fov=0,CPU4/GPU=5/2,1478/441MHz,OC=FF,TA=0/0/0,SP=N/N/N,Mem=1555MHz,Free=7142MB,PLS=0,Temp=27.0C/0.0C,TW=3.11ms,App=2.56ms,GD=0.69ms,CPU&GPU=2.90ms,LCnt=3(DR35,LM0),GPU%=0.33,CPU%=0.34(W0.45),DSF=1.00,CFL=15.60/27.93,ICFLp95=27.58,LD=0,SF=1.00,LP=0,DVFS=0
01-16 13:46:37.004  4601  4861 I VrApi   : FPS=56/72,Prd=50ms,Tear=0,Early=48,Stale=22,Stale2/5/10/max=0/0/1/13,VSnc=1,Lat=1,Fov=0,CPU4/GPU=5/2,1478/441MHz,OC=FF,TA=0/0/0,SP=N/N/N,Mem=2092MHz,Free=7142MB,PLS=0,Temp=27.0C/0.0C,TW=3.13ms,App=-0.49ms,GD=0.70ms,CPU&GPU=2.22ms,LCnt=3(DR0,LM0),GPU%=0.34,CPU%=0.26(W0.30),DSF=1.00,CFL=19.97/25.37,ICFLp95=23.89,LD=0,SF=1.00,LP=0,DVFS=0
01-16 13:46:38.004  4601  4861 I VrApi   : FPS=56/72,Prd=50ms,Tear=0,Early=48,Stale=22,Stale2/5/10/max=0/0/1/13,VSnc=1,Lat=1,Fov=0,CPU4/GPU=5/2,1478/441MHz,OC=FF,TA=0/0/0,SP=N/N/N,Mem=2092MHz,Free=7142MB,PLS=0,Temp=27.0C/0.0C,TW=3.13ms,App=-0.49ms,GD=0.70ms,CPU&GPU=2.22ms,LCnt=3(DR0,LM0),GPU%=0.34,CPU%=0.26(W0.30),DSF=1.00,CFL=19.97/25.37,ICFLp95=23.89,LD=0,SF=1.00,LP=0,DVFS=0
01-16 13:46:39.004  4601  4861 I VrApi   : FPS=43/72,Prd=48ms,Tear=0,Early=44,Stale=27,Stale2/5/10/max=0/0/0/0,VSnc=1,Lat=1,Fov=0,CPU4/GPU=5/2,1862/441MHz,OC=FF,TA=0/0/0,SP=N/N/N,Mem=1555MHz,Free=7142MB,PLS=0,Temp=27.0C/0.0C,TW=3.04ms,App=28.88ms,GD=0.70ms,CPU&GPU=2.25ms,LCnt=3(DR0,LM0),GPU%=0.29,CPU%=0.36(W0.85),DSF=1.00,CFL=17.36/21.52,ICFLp95=20.36,LD=0,SF=1.00,LP=0,DVFS=0
01-16 13:46:40.004  4601  4861 I VrApi   : FPS=43/72,Prd=48ms,Tear=2,Early=0,Stale=73,Stale2/5/10/max=0/0/0/0,VSnc=1,Lat=1,Fov=0,CPU4/GPU=5/2,1862/441MHz,OC=FF,TA=0/0/0,SP=N/N/N,Mem=2092MHz,Free=7142MB,PLS=0,Temp=27.0C/0.0C,TW=2.93ms,App=77.20ms,GD=0.72ms,CPU&GPU=2.25ms,LCnt=3(DR0,LM0),GPU%=0.30,CPU%=0.38(W0.80),DSF=1.00,CFL=10.31/26.96,ICFLp95=24.58,LD=0,SF=1.00,LP=0,DVFS=0
01-16 13:46:41.004  4601  4861 I VrApi   : FPS=43/72,Prd=48ms,Tear=2,Early=0,Stale=73,Stale2/5/10/max=0/0/0/0,VSnc=1,Lat=1,Fov=0,CPU4/GPU=5/2,1862/441MHz,OC=FF,TA=0/0/0,SP=N/N/N,Mem=2092MHz,Free=7142MB,PLS=0,Temp=27.0C/0.0C,TW=2.93ms,App=77.20ms,GD=0.72ms,CPU&GPU=2.25ms,LCnt=3(DR0,LM0),GPU%=0.30,CPU%=0.38(W0.80),DSF=1.00,CFL=10.31/26.96,ICFLp95=24.58,LD=0,SF=1.00,LP=0,DVFS=0
01-16 13:46:42.004  4601  4861 I VrApi   : FPS=5/72,Prd=15ms,Tear=0,Early=2,Stale=68,Stale2/5/10/max=0/0/1/154,VSnc=1,Lat=1,Fov=0,CPU4/GPU=5/2,1862/441MHz,OC=FF,TA=0/0/0,SP=N/N/N,Mem=1555MHz,Free=7142MB,PLS=0,Temp=27.0C/0.0C,TW=2.82ms,App=-15.64ms,GD=0.69ms,CPU&GPU=17.01ms,LCnt=3(DR0,LM0),GPU%=0.26,CPU%=0.37(W0.57),DSF=1.00,CFL=20.56/27.34,ICFLp95=25.54,LD=0,SF=1.00,LP=0,DVFS=0
01-16 13:46:43.004  4601  4861 I VrApi   : FPS=7/72,Prd=38ms,Tear=0,Early=0,Stale=72,Stale2/5/10/max=0/0/0/0,VSnc=1,Lat=1,Fov=0,CPU4/GPU=5/2,1862/441MHz,OC=FF,TA=0/0/0,SP=N/N/N,Mem=1555MHz,Free=7142MB,PLS=0,Temp=27.0C/0.0C,TW=2.67ms,App=138.16ms,GD=0.69ms,CPU&GPU=27.31ms,LCnt=3(DR0,LM0),GPU%=0.27,CPU%=0.37(W0.95),DSF=1.00,CFL=18.80/24.08,ICFLp95=22.33,LD=0,SF=1.00,LP=0,DVFS=0
01-16 13:46:44.004  4601  4861 I VrApi   : FPS=26/72,Prd=43ms,Tear=1,Early=19,Stale=52,Stale2/5/10/max=0/1/1/173,VSnc=1,Lat=1,Fov=0,CPU4/GPU=5/2,1862/441MHz,OC=FF,TA=0/0/0,SP=N/N/N,Mem=1555MHz,Free=7142MB,PLS=0,Temp=27.0C/0.0C,TW=1.68ms,App=-0.96ms,GD=0.71ms,CPU&GPU=57.13ms,LCnt=2(DR73,LM2),GPU%=0.40,CPU%=0.40(W0.46),DSF=1.00,CFL=16.28/21.69,ICFLp95=19.62,LD=0,SF=1.00,LP=0,DVFS=0
01-16 13:46:45.004  4601  4861 I VrApi   : FPS=69/72,Prd=46ms,Tear=0,Early=51,Stale=21,Stale2/5/10/max=0/0/1/50,VSnc=1,Lat=1,Fov=0,CPU4/GPU=5/2,1478/441MHz,OC=FF,TA=0/0/0,SP=N/N/N,Mem=1804MHz,Free=7142MB,PLS=0,Temp=27.0C/0.0C,TW=1.67ms,App=2.85ms,GD=0.72ms,CPU&GPU=4.89ms,LCnt=2(DR72,LM2),GPU%=0.41,CPU%=0.29(W0.36),DSF=1.00,CFL=16.07/21.79,ICFLp95=19.49,LD=0,SF=1.00,LP=0,DVFS=0
01-16 13:46:46.004  4601  4861 I VrApi   : FPS=72/72,Prd=46ms,Tear=0,Early=72,Stale=0,Stale2/5/10/max=0/0/0/0,VSnc=1,Lat=1,Fov=0,CPU4/GPU=5/2,1478/441MHz,OC=FF,TA=0/0/0,SP=N/N/N,Mem=1555MHz,Free=7142MB,PLS=0,Temp=27.0C/0.0C,TW=1.67ms,App=3.06ms,GD=0.72ms,CPU&GPU=4.21ms,LCnt=2(DR72,LM2),GPU%=0.41,CPU%=0.26(W0.30),DSF=1.00,CFL=15.86/21.04,ICFLp95=19.07,LD=0,SF=1.00,LP=0,DVFS=0
01-16 13:46:47.004  4601  4861 I VrApi   : FPS=72/72,Prd=46ms,Tear=0,Early=72,Stale=0,Stale2/5/10/max=0/0/0/0,VSnc=1,Lat=1,Fov=0,CPU4/GPU=5/2,1478/441MHz,OC=FF,TA=0/0/0,SP=N/N/N,Mem=1555MHz,Free=7142MB,PLS=0,Temp=27.0C/0.0C,TW=1.67ms,App=3.09ms,GD=0.70ms,CPU&GPU=4.27ms,LCnt=2(DR72,LM2),GPU%=0.41,CPU%=0.21(W0.29),DSF=1.00,CFL=15.91/20.73,ICFLp95=19.10,LD=0,SF=1.00,LP=0,DVFS=0
01-16 13:46:48.004  4601  4861 I VrApi   : FPS=72/72,Prd=46ms,Tear=0,Early=72,Stale=0,Stale2/5/10/max=0/0/0/0,VSnc=1,Lat=1,Fov=0,CPU4/GPU=5/2,1478/441MHz,OC=FF,TA=0/0/0,SP=N/N/N,Mem=1555MHz,Free=7142MB,PLS=0,Temp=27.0C/0.0C,TW=1.69ms,App=3.57ms,GD=0.72ms,CPU&GPU=4.37ms,LCnt=2(DR72,LM2),GPU%=0.44,CPU%=0.30(W0.33),DSF=1.00,CFL=15.96/21.52,ICFLp95=18.93,LD=0,SF=1.00,LP=0,DVFS=0
01-16 13:46:49.033  4601  4861 I VrApi   : FPS=72/72,Prd=46ms,Tear=0,Early=72,Stale=0,Stale2/5/10/max=0/0/0/0,VSnc=1,Lat=1,Fov=0,CPU4/GPU=5/2,1478/441MHz,OC=FF,TA=0/0/0,SP=N/N/N,Mem=1555MHz,Free=7057MB,PLS=0,Temp=27.0C/0.0C,TW=1.68ms,App=3.10ms,GD=0.71ms,CPU&GPU=4.73ms,LCnt=2(DR72,LM2),GPU%=0.42,CPU%=0.26(W0.36),DSF=1.00,CFL=15.76/20.28,ICFLp95=18.76,LD=0,SF=1.00,LP=0,DVFS=0
01-16 13:46:50.005  4601  4861 I VrApi   : FPS=72/72,Prd=46ms,Tear=0,Early=68,Stale=0,Stale2/5/10/max=0/0/0/0,VSnc=1,Lat=1,Fov=0,CPU4/GPU=5/2,1478/441MHz,OC=FF,TA=0/0/0,SP=N/N/N,Mem=2092MHz,Free=7057MB,PLS=0,Temp=27.0C/0.0C,TW=1.68ms,App=3.26ms,GD=0.71ms,CPU&GPU=4.92ms,LCnt=2(DR72,LM2),GPU%=0.43,CPU%=0.21(W0.26),DSF=1.00,CFL=15.75/19.39,ICFLp95=18.49,LD=0,SF=1.00,LP=0,DVFS=0
01-16 13:46:51.005  4601  4861 I VrApi   : FPS=72/72,Prd=46ms,Tear=0,Early=72,Stale=0,Stale2/5/10/max=0/0/0/0,VSnc=1,Lat=1,Fov=0,CPU4/GPU=5/2,1478/441MHz,OC=FF,TA=0/0/0,SP=N/N/N,Mem=2092MHz,Free=7057MB,PLS=0,Temp=27.0C/0.0C,TW=1.68ms,App=3.26ms,GD=0.71ms,CPU&GPU=5.18ms,LCnt=2(DR72,LM2),GPU%=0.43,CPU%=0.28(W0.36),DSF=1.00,CFL=15.59/19.75,ICFLp95=18.62,LD=0,SF=1.00,LP=0,DVFS=0
01-16 13:46:52.005  4601  4861 I VrApi   : FPS=72/72,Prd=46ms,Tear=0,Early=72,Stale=0,Stale2/5/10/max=0/0/0/0,VSnc=1,Lat=1,Fov=0,CPU4/GPU=5/2,1478/441MHz,OC=FF,TA=0/0/0,SP=N/N/N,Mem=2092MHz,Free=7057MB,PLS=0,Temp=27.0C/0.0C,TW=1.68ms,App=3.20ms,GD=0.71ms,CPU&GPU=5.31ms,LCnt=2(DR72,LM2),GPU%=0.43,CPU%=0.20(W0.29),DSF=1.00,CFL=15.75/20.07,ICFLp95=18.53,LD=0,SF=1.00,LP=0,DVFS=0
01-16 13:46:53.005  4601  4861 I VrApi   : FPS=72/72,Prd=46ms,Tear=0,Early=72,Stale=0,Stale2/5/10/max=0/0/0/0,VSnc=1,Lat=1,Fov=0,CPU4/GPU=5/2,1478/441MHz,OC=FF,TA=0/0/0,SP=N/N/N,Mem=1555MHz,Free=7057MB,PLS=0,Temp=27.0C/0.0C,TW=1.67ms,App=2.75ms,GD=0.70ms,CPU&GPU=5.17ms,LCnt=2(DR72,LM2),GPU%=0.39,CPU%=0.18(W0.29),DSF=1.00,CFL=15.77/19.85,ICFLp95=18.31,LD=0,SF=1.00,LP=0,DVFS=0
01-16 13:46:54.005  4601  4861 I VrApi   : FPS=72/72,Prd=46ms,Tear=0,Early=72,Stale=0,Stale2/5/10/max=0/0/0/0,VSnc=1,Lat=1,Fov=0,CPU4/GPU=5/2,1478/441MHz,OC=FF,TA=0/0/0,SP=N/N/N,Mem=1804MHz,Free=7057MB,PLS=0,Temp=27.2C/0.0C,TW=1.67ms,App=2.83ms,GD=0.70ms,CPU&GPU=4.58ms,LCnt=2(DR72,LM2),GPU%=0.40,CPU%=0.30(W0.33),DSF=1.00,CFL=15.78/19.63,ICFLp95=18.43,LD=0,SF=1.00,LP=0,DVFS=0
01-16 13:46:55.005  4601  4861 I VrApi   : FPS=73/72,Prd=49ms,Tear=0,Early=73,Stale=0,Stale2/5/10/max=0/0/0/0,VSnc=1,Lat=1,Fov=0,CPU4/GPU=5/2,1478/441MHz,OC=FF,TA=0/0/0,SP=N/N/N,Mem=1555MHz,Free=7057MB,PLS=0,Temp=27.2C/0.0C,TW=0.78ms,App=0.95ms,GD=0.00ms,CPU&GPU=3.93ms,LCnt=1(DR73,LM0),GPU%=0.15,CPU%=0.20(W0.32),DSF=1.00,CFL=15.89/27.30,ICFLp95=24.76,LD=0,SF=1.00,LP=0,DVFS=0
01-16 13:46:55.951  4601  4758 W VrApi   : FrameIndex = 3069, RetiredClientFrameIndex = 3066, waited for 25 msec for frame to retire
01-16 13:46:56.005  4601  4861 I VrApi   : FPS=72/72,Prd=50ms,Tear=0,Early=72,Stale=0,Stale2/5/10/max=0/0/0/0,VSnc=1,Lat=1,Fov=0,CPU4/GPU=5/2,1478/441MHz,OC=FF,TA=0/0/0,SP=N/N/N,Mem=1555MHz,Free=7057MB,PLS=0,Temp=27.2C/0.0C,TW=1.65ms,App=0.99ms,GD=0.68ms,CPU&GPU=2.56ms,LCnt=1(DR72,LM0),GPU%=0.26,CPU%=0.24(W0.33),DSF=1.00,CFL=19.56/26.15,ICFLp95=25.00,LD=0,SF=1.00,LP=0,DVFS=0
01-16 13:46:56.425  3186  3386 I VrApi   : OVR::Stats thread Resume
01-16 13:46:56.443  3186  3386 I VrApi   : OVR::Stats thread started
01-16 13:46:56.723  4601  4758 I VrApi   : ---------- vrapi_LeaveVrMode [start] ----------
01-16 13:46:56.795  4601  4758 I VrApi   : OVR::Stats thread stopped
01-16 13:46:56.832  4601  4758 I VrApi   : Skipping delete of ovrMobile for misbehaving app!
01-16 13:46:56.832  4601  4758 I VrApi   : ---------- vrapi_LeaveVrMode [end] ----------
01-16 13:47:01.460  4601  4673 W VrApi   : vrapi_GetPredictedDisplayTime: ovr->Destroyed
01-16 13:47:01.460  4601  4673 W VrApi   : IsOvrValid: ovr->Destroyed == true. Package: com.vertigogames.azsq
01-16 13:47:01.460  4601  4673 W VrApi   : ovr_GetPredictedTracking2: ovr is invalid
01-16 13:47:01.460  4601  4673 W VrApi   : vrapi_WaitFrame: ovr->Destroyed
01-16 13:47:01.461  4601  4673 W VrApi   : vrapi_GetPredictedDisplayTime: ovr->Destroyed
01-16 13:47:01.461  4601  4673 W VrApi   : IsOvrValid: ovr->Destroyed == true. Package: com.vertigogames.azsq
01-16 13:47:01.461  4601  4673 W VrApi   : ovr_GetPredictedTracking2: ovr is invalid
01-16 13:47:01.462  4601  4758 I VrApi   : ---------- vrapi_EnterVrMode [start] ----------
01-16 13:47:01.462  4601  4673 W VrApi   : IsOvrValid: ovr->Destroyed == true. Package: com.vertigogames.azsq
01-16 13:47:01.462  4601  4673 W VrApi   : ovr_GetPredictedTracking2: ovr is invalid
01-16 13:47:01.462  4601  4673 W VrApi   : IsOvrValid: ovr->Destroyed == true. Package: com.vertigogames.azsq
01-16 13:47:01.462  4601  4673 W VrApi   : ovr_GetPredictedTracking2: ovr is invalid
01-16 13:47:01.464  4601  4673 W VrApi   : vrapi_GetPredictedDisplayTime: ovr->Destroyed
01-16 13:47:01.464  4601  4673 W VrApi   : IsOvrValid: ovr->Destroyed == true. Package: com.vertigogames.azsq
01-16 13:47:01.464  4601  4673 W VrApi   : ovr_GetPredictedTracking2: ovr is invalid
01-16 13:47:01.466  4601  4673 W VrApi   : IsOvrValid: ovr->Destroyed == true. Package: com.vertigogames.azsq
01-16 13:47:01.466  4601  4673 W VrApi   : ovr_GetPredictedTracking2: ovr is invalid
01-16 13:47:01.466  4601  4673 W VrApi   : IsOvrValid: ovr->Destroyed == true. Package: com.vertigogames.azsq
01-16 13:47:01.466  4601  4673 W VrApi   : ovr_GetPredictedTracking2: ovr is invalid
01-16 13:47:01.466  4601  4673 W VrApi   : IsOvrValid: ovr->Destroyed == true. Package: com.vertigogames.azsq
01-16 13:47:01.466  4601  4673 W VrApi   : ovr_GetPredictedTracking2: ovr is invalid
01-16 13:47:01.466  4601  4673 W VrApi   : IsOvrValid: ovr->Destroyed == true. Package: com.vertigogames.azsq
01-16 13:47:01.466  4601  4673 W VrApi   : ovr_GetPredictedTracking2: ovr is invalid
01-16 13:47:01.466  4601  4673 W VrApi   : IsOvrValid: ovr->Destroyed == true. Package: com.vertigogames.azsq
01-16 13:47:01.466  4601  4673 W VrApi   : ovr_GetPredictedTracking2: ovr is invalid
01-16 13:47:01.466  4601  4673 W VrApi   : IsOvrValid: ovr->Destroyed == true. Package: com.vertigogames.azsq
01-16 13:47:01.466  4601  4673 W VrApi   : ovr_GetPredictedTracking2: ovr is invalid
01-16 13:47:01.466  4601  4673 W VrApi   : IsOvrValid: ovr->Destroyed == true. Package: com.vertigogames.azsq
01-16 13:47:01.466  4601  4673 W VrApi   : ovr_GetPredictedTracking2: ovr is invalid
01-16 13:47:01.466  4601  4673 W VrApi   : IsOvrValid: ovr->Destroyed == true. Package: com.vertigogames.azsq
01-16 13:47:01.466  4601  4673 W VrApi   : ovr_GetPredictedTracking2: ovr is invalid
01-16 13:47:01.466  4601  4673 W VrApi   : IsOvrValid: ovr->Destroyed == true. Package: com.vertigogames.azsq
01-16 13:47:01.466  4601  4673 W VrApi   : ovr_GetPredictedTracking2: ovr is invalid
01-16 13:47:01.467  4601  4673 W VrApi   : IsOvrValid: ovr->Destroyed == true. Package: com.vertigogames.azsq
01-16 13:47:01.467  4601  4673 W VrApi   : ovr_GetPredictedTracking2: ovr is invalid
01-16 13:47:01.467  4601  4673 W VrApi   : vrapi_GetPredictedDisplayTime: ovr->Destroyed
01-16 13:47:01.467  4601  4673 W VrApi   : IsOvrValid: ovr->Destroyed == true. Package: com.vertigogames.azsq
01-16 13:47:01.467  4601  4673 W VrApi   : ovr_GetPredictedTracking2: ovr is invalid
01-16 13:47:01.494  4601  4758 I VrApi   : ovrModeParms::VRAPI_MODE_FLAG_RESET_WINDOW_FULLSCREEN = 1
01-16 13:47:01.494  4601  4758 I VrApi   : ovrModeParms::VRAPI_MODE_FLAG_NATIVE_WINDOW = 1
01-16 13:47:01.494  4601  4758 I VrApi   : ovrModeParms::VRAPI_MODE_FLAG_FRONT_BUFFER_SRGB = 1
01-16 13:47:01.494  4601  4758 I VrApi   : ovrModeParms::VRAPI_MODE_FLAG_PHASE_SYNC = 0
01-16 13:47:01.494  4601  4758 I VrApi   : ovrModeParms::VRAPI_MODE_FLAG_APP_SPACE_WARP = 0
01-16 13:47:01.494  4601  4758 I VrApi   : PhaseSync disabled
01-16 13:47:01.494  4601  4758 I VrApi   : HMD sensor attached.
01-16 13:47:01.498  4601  4758 I VrApi   : Creating Default swapchain
01-16 13:47:01.499  4601  4758 I VrApi   : Creating Loading Icon swapchain
01-16 13:47:01.499  4601  4758 I VrApi   : OVR::Stats thread started
01-16 13:47:01.506  4601  4758 I VrApi   : Initial BaseVsync 240339 
01-16 13:47:01.506  4601  4758 I VrApi   : ---------- vrapi_EnterVrMode [end] ----------
01-16 13:47:01.506  4601  4673 W VrApi   : vrapi_WaitFrame: ovr->Destroyed
01-16 13:47:01.506  4601  4673 W VrApi   : vrapi_GetPredictedDisplayTime: ovr->Destroyed
01-16 13:47:01.506  4601  4673 W VrApi   : IsOvrValid: ovr->Destroyed == true. Package: com.vertigogames.azsq
01-16 13:47:01.506  4601  4673 W VrApi   : ovr_GetPredictedTracking2: ovr is invalid
01-16 13:47:01.523  4601  4758 I VrApi   : ---------- vrapi_LeaveVrMode [start] ----------
01-16 13:47:02.002  4601  4758 I VrApi   : OVR::Stats thread stopped
01-16 13:47:02.007  4601  4758 I VrApi   : Skipping delete of ovrMobile for misbehaving app!
01-16 13:47:02.007  4601  4758 I VrApi   : ---------- vrapi_LeaveVrMode [end] ----------
01-16 13:47:02.010  4601  4758 I VrApi   : ---------- vrapi_EnterVrMode [start] ----------
01-16 13:47:02.019  4601  4758 I VrApi   : ovrModeParms::VRAPI_MODE_FLAG_RESET_WINDOW_FULLSCREEN = 1
01-16 13:47:02.019  4601  4758 I VrApi   : ovrModeParms::VRAPI_MODE_FLAG_NATIVE_WINDOW = 1
01-16 13:47:02.019  4601  4758 I VrApi   : ovrModeParms::VRAPI_MODE_FLAG_FRONT_BUFFER_SRGB = 1
01-16 13:47:02.019  4601  4758 I VrApi   : ovrModeParms::VRAPI_MODE_FLAG_PHASE_SYNC = 0
01-16 13:47:02.019  4601  4758 I VrApi   : ovrModeParms::VRAPI_MODE_FLAG_APP_SPACE_WARP = 0
01-16 13:47:02.019  4601  4758 I VrApi   : PhaseSync disabled
01-16 13:47:02.019  4601  4758 I VrApi   : HMD sensor attached.
01-16 13:47:02.023  4601  4758 I VrApi   : Creating Default swapchain
01-16 13:47:02.023  4601  4758 I VrApi   : Creating Loading Icon swapchain
01-16 13:47:02.024  4601  4758 I VrApi   : OVR::Stats thread started
01-16 13:47:02.026  4601  4758 I VrApi   : Initial BaseVsync 240377 
01-16 13:47:02.026  4601  4758 I VrApi   : ---------- vrapi_EnterVrMode [end] ----------
01-16 13:47:04.035  4601  6889 I VrApi   : FPS=72/72,Prd=49ms,Tear=0,Early=72,Stale=0,Stale2/5/10/max=0/0/0/0,VSnc=1,Lat=1,Fov=0,CPU4/GPU=2/2,1171/441MHz,OC=FF,TA=0/0/0,SP=N/N/N,Mem=1804MHz,Free=6898MB,PLS=0,Temp=27.2C/0.0C,TW=0.83ms,App=3.42ms,GD=0.00ms,CPU&GPU=4.98ms,LCnt=1(DR72,LM0),GPU%=0.32,CPU%=0.26(W0.27),DSF=1.00,CFL=17.81/22.61,ICFLp95=21.19,LD=0,SF=1.00,LP=0,DVFS=0
01-16 13:47:05.000  4601  6889 I VrApi   : FPS=72/72,Prd=48ms,Tear=0,Early=72,Stale=0,Stale2/5/10/max=0/0/0/0,VSnc=1,Lat=1,Fov=0,CPU4/GPU=2/2,1171/441MHz,OC=FF,TA=0/0/0,SP=N/N/N,Mem=2092MHz,Free=6898MB,PLS=0,Temp=27.2C/0.0C,TW=0.83ms,App=3.35ms,GD=0.00ms,CPU&GPU=4.89ms,LCnt=1(DR72,LM0),GPU%=0.32,CPU%=0.31(W0.38),DSF=1.00,CFL=16.37/20.69,ICFLp95=19.60,LD=0,SF=1.00,LP=0,DVFS=0
01-16 13:47:06.000  4601  6889 I VrApi   : FPS=72/72,Prd=47ms,Tear=0,Early=72,Stale=0,Stale2/5/10/max=0/0/0/0,VSnc=1,Lat=1,Fov=0,CPU4/GPU=2/2,1171/441MHz,OC=FF,TA=0/0/0,SP=N/N/N,Mem=1555MHz,Free=6898MB,PLS=0,Temp=27.2C/0.0C,TW=0.83ms,App=3.34ms,GD=0.00ms,CPU&GPU=4.87ms,LCnt=1(DR72,LM0),GPU%=0.33,CPU%=0.29(W0.35),DSF=1.00,CFL=15.89/19.68,ICFLp95=18.67,LD=0,SF=1.00,LP=0,DVFS=0
01-16 13:47:07.000  4601  6889 I VrApi   : FPS=72/72,Prd=46ms,Tear=0,Early=71,Stale=0,Stale2/5/10/max=0/0/0/0,VSnc=1,Lat=1,Fov=0,CPU4/GPU=2/2,1171/441MHz,OC=FF,TA=0/0/0,SP=N/N/N,Mem=1555MHz,Free=6898MB,PLS=0,Temp=27.2C/0.0C,TW=0.83ms,App=3.33ms,GD=0.00ms,CPU&GPU=4.95ms,LCnt=1(DR72,LM0),GPU%=0.31,CPU%=0.27(W0.33),DSF=1.00,CFL=15.78/19.25,ICFLp95=18.38,LD=0,SF=1.00,LP=0,DVFS=0
01-16 13:47:07.042  3186  3386 I VrApi   : OVR::Stats thread Suspend
01-16 13:47:07.047  3186  3386 I VrApi   : OVR::Stats thread stopped
01-16 13:47:08.000  4601  6889 I VrApi   : FPS=72/72,Prd=46ms,Tear=0,Early=72,Stale=0,Stale2/5/10/max=0/0/0/0,VSnc=1,Lat=1,Fov=0,CPU4/GPU=2/2,1171/441MHz,OC=FF,TA=0/0/0,SP=N/N/N,Mem=1804MHz,Free=6898MB,PLS=0,Temp=27.2C/0.0C,TW=0.83ms,App=3.31ms,GD=0.00ms,CPU&GPU=4.84ms,LCnt=1(DR71,LM0),GPU%=0.31,CPU%=0.29(W0.30),DSF=1.00,CFL=15.40/20.21,ICFLp95=18.17,LD=0,SF=1.00,LP=0,DVFS=0
01-16 13:47:09.000  4601  6889 I VrApi   : FPS=72/72,Prd=46ms,Tear=0,Early=72,Stale=0,Stale2/5/10/max=0/0/0/0,VSnc=1,Lat=1,Fov=0,CPU4/GPU=2/2,1171/441MHz,OC=FF,TA=0/0/0,SP=N/N/N,Mem=1555MHz,Free=6898MB,PLS=0,Temp=27.2C/0.0C,TW=0.87ms,App=4.14ms,GD=0.00ms,CPU&GPU=4.76ms,LCnt=1(DR72,LM0),GPU%=0.37,CPU%=0.32(W0.38),DSF=1.00,CFL=15.25/19.31,ICFLp95=18.16,LD=0,SF=1.00,LP=0,DVFS=0
01-16 13:47:10.000  4601  6889 I VrApi   : FPS=72/72,Prd=46ms,Tear=0,Early=72,Stale=0,Stale2/5/10/max=0/0/0/0,VSnc=1,Lat=1,Fov=0,CPU4/GPU=2/2,1171/441MHz,OC=FF,TA=0/0/0,SP=N/N/N,Mem=1555MHz,Free=6898MB,PLS=0,Temp=27.2C/0.0C,TW=0.84ms,App=3.52ms,GD=0.00ms,CPU&GPU=5.44ms,LCnt=1(DR72,LM0),GPU%=0.33,CPU%=0.26(W0.30),DSF=1.00,CFL=15.14/19.04,ICFLp95=17.94,LD=0,SF=1.00,LP=0,DVFS=0
01-16 13:47:11.001  4601  6889 I VrApi   : FPS=72/72,Prd=46ms,Tear=0,Early=72,Stale=0,Stale2/5/10/max=0/0/0/0,VSnc=1,Lat=1,Fov=0,CPU4/GPU=2/2,1171/441MHz,OC=FF,TA=0/0/0,SP=N/N/N,Mem=1555MHz,Free=6898MB,PLS=0,Temp=27.2C/0.0C,TW=0.83ms,App=3.06ms,GD=0.00ms,CPU&GPU=5.05ms,LCnt=1(DR72,LM0),GPU%=0.29,CPU%=0.25(W0.41),DSF=1.00,CFL=15.25/18.99,ICFLp95=17.94,LD=0,SF=1.00,LP=0,DVFS=0
01-16 13:47:12.001  4601  6889 I VrApi   : FPS=72/72,Prd=46ms,Tear=0,Early=72,Stale=0,Stale2/5/10/max=0/0/0/0,VSnc=1,Lat=1,Fov=0,CPU4/GPU=2/2,1171/441MHz,OC=FF,TA=0/0/0,SP=N/N/N,Mem=1555MHz,Free=6898MB,PLS=0,Temp=27.2C/0.0C,TW=0.85ms,App=3.66ms,GD=0.00ms,CPU&GPU=4.62ms,LCnt=1(DR72,LM0),GPU%=0.33,CPU%=0.32(W0.39),DSF=1.00,CFL=15.31/19.58,ICFLp95=18.01,LD=0,SF=1.00,LP=0,DVFS=0
01-16 13:47:13.001  4601  6889 I VrApi   : FPS=72/72,Prd=46ms,Tear=0,Early=72,Stale=0,Stale2/5/10/max=0/0/0/0,VSnc=1,Lat=1,Fov=0,CPU4/GPU=2/2,1171/441MHz,OC=FF,TA=0/0/0,SP=N/N/N,Mem=1555MHz,Free=6898MB,PLS=0,Temp=27.2C/0.0C,TW=0.82ms,App=2.76ms,GD=0.00ms,CPU&GPU=5.00ms,LCnt=1(DR72,LM0),GPU%=0.27,CPU%=0.28(W0.33),DSF=1.00,CFL=15.41/19.13,ICFLp95=18.05,LD=0,SF=1.00,LP=0,DVFS=0
01-16 13:47:14.001  4601  6889 I VrApi   : FPS=72/72,Prd=46ms,Tear=0,Early=72,Stale=0,Stale2/5/10/max=0/0/0/0,VSnc=1,Lat=1,Fov=0,CPU4/GPU=2/2,1171/441MHz,OC=FF,TA=0/0/0,SP=N/N/N,Mem=1555MHz,Free=6898MB,PLS=0,Temp=27.2C/0.0C,TW=0.82ms,App=2.76ms,GD=0.00ms,CPU&GPU=5.00ms,LCnt=1(DR72,LM0),GPU%=0.27,CPU%=0.28(W0.33),DSF=1.00,CFL=15.41/19.13,ICFLp95=18.05,LD=0,SF=1.00,LP=0,DVFS=0
01-16 13:47:15.001  4601  6889 I VrApi   : FPS=45/72,Prd=46ms,Tear=0,Early=36,Stale=37,Stale2/5/10/max=0/0/1/37,VSnc=1,Lat=1,Fov=0,CPU4/GPU=2/2,1171/441MHz,OC=FF,TA=0/0/0,SP=N/N/N,Mem=2092MHz,Free=6898MB,PLS=0,Temp=27.5C/0.0C,TW=1.54ms,App=-0.37ms,GD=0.00ms,CPU&GPU=4.50ms,LCnt=2(DR63,LM0),GPU%=0.16,CPU%=0.18(W0.24),DSF=1.00,CFL=15.41/27.73,ICFLp95=22.95,LD=0,SF=1.00,LP=0,DVFS=0
01-16 13:47:16.001  4601  6889 I VrApi   : FPS=64/72,Prd=52ms,Tear=0,Early=56,Stale=15,Stale2/5/10/max=0/0/1/15,VSnc=1,Lat=1,Fov=0,CPU4/GPU=2/2,1171/441MHz,OC=FF,TA=0/0/0,SP=N/N/N,Mem=2092MHz,Free=6898MB,PLS=0,Temp=27.5C/0.0C,TW=1.54ms,App=2.04ms,GD=0.00ms,CPU&GPU=2.36ms,LCnt=2(DR0,LM0),GPU%=0.14,CPU%=0.66(W1.00),DSF=1.00,CFL=20.28/26.89,ICFLp95=25.59,LD=0,SF=1.00,LP=0,DVFS=0
01-16 13:47:17.001  4601  6889 I VrApi   : FPS=49/72,Prd=46ms,Tear=0,Early=40,Stale=28,Stale2/5/10/max=1/1/1/17,VSnc=1,Lat=1,Fov=0,CPU4/GPU=2/2,1171/441MHz,OC=FF,TA=0/0/0,SP=N/N/N,Mem=1555MHz,Free=6898MB,PLS=0,Temp=27.5C/0.0C,TW=1.55ms,App=-0.15ms,GD=0.00ms,CPU&GPU=2.10ms,LCnt=2(DR0,LM0),GPU%=0.17,CPU%=0.18(W0.24),DSF=1.00,CFL=17.87/23.42,ICFLp95=21.75,LD=0,SF=1.00,LP=0,DVFS=0
01-16 13:47:18.001  4601  6889 I VrApi   : FPS=49/72,Prd=46ms,Tear=0,Early=40,Stale=28,Stale2/5/10/max=1/1/1/17,VSnc=1,Lat=1,Fov=0,CPU4/GPU=2/2,1171/441MHz,OC=FF,TA=0/0/0,SP=N/N/N,Mem=1555MHz,Free=6898MB,PLS=0,Temp=27.5C/0.0C,TW=1.55ms,App=-0.15ms,GD=0.00ms,CPU&GPU=2.10ms,LCnt=2(DR0,LM0),GPU%=0.17,CPU%=0.18(W0.24),DSF=1.00,CFL=17.87/23.42,ICFLp95=21.75,LD=0,SF=1.00,LP=0,DVFS=0
01-16 13:47:19.001  4601  6889 I VrApi   : FPS=49/72,Prd=46ms,Tear=0,Early=40,Stale=28,Stale2/5/10/max=1/1/1/17,VSnc=1,Lat=1,Fov=0,CPU4/GPU=2/2,1171/441MHz,OC=FF,TA=0/0/0,SP=N/N/N,Mem=1555MHz,Free=6898MB,PLS=0,Temp=27.5C/0.0C,TW=1.55ms,App=-0.15ms,GD=0.00ms,CPU&GPU=2.10ms,LCnt=2(DR0,LM0),GPU%=0.17,CPU%=0.18(W0.24),DSF=1.00,CFL=17.87/23.42,ICFLp95=21.75,LD=0,SF=1.00,LP=0,DVFS=0
01-16 13:47:20.001  4601  6889 I VrApi   : FPS=49/72,Prd=46ms,Tear=0,Early=40,Stale=28,Stale2/5/10/max=1/1/1/17,VSnc=1,Lat=1,Fov=0,CPU4/GPU=2/2,1171/441MHz,OC=FF,TA=0/0/0,SP=N/N/N,Mem=1555MHz,Free=6898MB,PLS=0,Temp=27.5C/0.0C,TW=1.55ms,App=-0.15ms,GD=0.00ms,CPU&GPU=2.10ms,LCnt=2(DR0,LM0),GPU%=0.17,CPU%=0.18(W0.24),DSF=1.00,CFL=17.87/23.42,ICFLp95=21.75,LD=0,SF=1.00,LP=0,DVFS=0
01-16 13:47:21.001  4601  6889 I VrApi   : FPS=49/72,Prd=46ms,Tear=0,Early=40,Stale=28,Stale2/5/10/max=1/1/1/17,VSnc=1,Lat=1,Fov=0,CPU4/GPU=2/2,1171/441MHz,OC=FF,TA=0/0/0,SP=N/N/N,Mem=1555MHz,Free=6898MB,PLS=0,Temp=27.5C/0.0C,TW=1.55ms,App=-0.15ms,GD=0.00ms,CPU&GPU=2.10ms,LCnt=2(DR0,LM0),GPU%=0.12,CPU%=0.34(W0.42),DSF=1.00,CFL=17.87/23.42,ICFLp95=21.75,LD=0,SF=1.00,LP=0,DVFS=0
01-16 13:47:22.001  4601  6889 I VrApi   : FPS=49/72,Prd=46ms,Tear=0,Early=40,Stale=28,Stale2/5/10/max=1/1/1/17,VSnc=1,Lat=1,Fov=0,CPU4/GPU=2/2,1171/441MHz,OC=FF,TA=0/0/0,SP=N/N/N,Mem=1555MHz,Free=6898MB,PLS=0,Temp=27.5C/0.0C,TW=1.55ms,App=-0.15ms,GD=0.00ms,CPU&GPU=2.10ms,LCnt=2(DR0,LM0),GPU%=0.12,CPU%=0.34(W0.42),DSF=1.00,CFL=17.87/23.42,ICFLp95=21.75,LD=0,SF=1.00,LP=0,DVFS=0
01-16 13:47:23.001  4601  6889 I VrApi   : FPS=53/72,Prd=48ms,Tear=0,Early=1,Stale=71,Stale2/5/10/max=0/0/1/234,VSnc=1,Lat=1,Fov=0,CPU4/GPU=2/2,1171/490MHz,OC=FF,TA=0/0/0,SP=N/N/N,Mem=1555MHz,Free=6898MB,PLS=0,Temp=27.5C/0.0C,TW=1.36ms,App=18.73ms,GD=0.00ms,CPU&GPU=2.11ms,LCnt=2(DR0,LM0),GPU%=0.10,CPU%=0.36(W0.71),DSF=1.00,CFL=16.06/20.01,ICFLp95=18.47,LD=0,SF=1.00,LP=0,DVFS=0
01-16 13:47:24.034  4601  6889 I VrApi   : FPS=19/72,Prd=43ms,Tear=0,Early=0,Stale=72,Stale2/5/10/max=0/0/0/0,VSnc=1,Lat=1,Fov=0,CPU4/GPU=2/2,1171/441MHz,OC=FF,TA=0/0/0,SP=N/N/N,Mem=1804MHz,Free=7156MB,PLS=0,Temp=27.5C/0.0C,TW=1.37ms,App=28.25ms,GD=0.00ms,CPU&GPU=24.35ms,LCnt=2(DR0,LM0),GPU%=0.10,CPU%=0.35(W0.62),DSF=1.00,CFL=15.74/20.55,ICFLp95=18.87,LD=0,SF=1.00,LP=0,DVFS=0
01-16 13:47:25.002  4601  6889 I VrApi   : FPS=19/72,Prd=43ms,Tear=0,Early=0,Stale=72,Stale2/5/10/max=0/0/0/0,VSnc=1,Lat=1,Fov=0,CPU4/GPU=2/2,1171/441MHz,OC=FF,TA=0/0/0,SP=N/N/N,Mem=1555MHz,Free=7156MB,PLS=0,Temp=27.2C/0.0C,TW=1.32ms,App=94.80ms,GD=0.00ms,CPU&GPU=24.35ms,LCnt=2(DR0,LM0),GPU%=0.10,CPU%=0.35(W0.86),DSF=1.00,CFL=15.74/20.55,ICFLp95=18.87,LD=0,SF=1.00,LP=0,DVFS=0
01-16 13:47:26.002  4601  6889 I VrApi   : FPS=17/72,Prd=43ms,Tear=0,Early=2,Stale=56,Stale2/5/10/max=0/0/1/304,VSnc=1,Lat=1,Fov=0,CPU4/GPU=2/2,1171/441MHz,OC=FF,TA=0/0/0,SP=N/N/N,Mem=1555MHz,Free=7156MB,PLS=0,Temp=27.2C/0.0C,TW=0.96ms,App=6.33ms,GD=0.00ms,CPU&GPU=94.46ms,LCnt=1(DR72,LM0),GPU%=0.75,CPU%=0.35(W0.43),DSF=1.00,CFL=15.49/19.43,ICFLp95=18.21,LD=0,SF=1.00,LP=0,DVFS=0
01-16 13:47:27.002  4601  6889 I VrApi   : FPS=68/72,Prd=46ms,Tear=0,Early=6,Stale=1,Stale2/5/10/max=0/1/0/5,VSnc=1,Lat=1,Fov=0,CPU4/GPU=2/3,1171/441MHz,OC=FF,TA=0/0/0,SP=N/N/N,Mem=1555MHz,Free=7156MB,PLS=0,Temp=27.2C/0.0C,TW=0.94ms,App=8.01ms,GD=0.00ms,CPU&GPU=12.92ms,LCnt=1(DR72,LM0),GPU%=0.67,CPU%=0.37(W0.48),DSF=1.00,CFL=15.42/19.06,ICFLp95=18.12,LD=0,SF=1.00,LP=0,DVFS=0
01-16 13:47:28.002  4601  6889 I VrApi   : FPS=72/72,Prd=46ms,Tear=0,Early=58,Stale=0,Stale2/5/10/max=0/0/0/0,VSnc=1,Lat=1,Fov=0,CPU4/GPU=2/2,1171/490MHz,OC=FF,TA=0/0/0,SP=N/N/N,Mem=1555MHz,Free=7156MB,PLS=0,Temp=27.2C/0.0C,TW=0.96ms,App=6.84ms,GD=0.00ms,CPU&GPU=10.29ms,LCnt=1(DR72,LM0),GPU%=0.59,CPU%=0.29(W0.35),DSF=1.00,CFL=15.42/19.26,ICFLp95=18.06,LD=0,SF=1.00,LP=0,DVFS=0
01-16 13:47:29.002  4601  6889 I VrApi   : FPS=72/72,Prd=46ms,Tear=0,Early=60,Stale=0,Stale2/5/10/max=0/0/0/0,VSnc=1,Lat=1,Fov=0,CPU4/GPU=2/2,1171/441MHz,OC=FF,TA=0/0/0,SP=N/N/N,Mem=1555MHz,Free=7156MB,PLS=0,Temp=27.2C/0.0C,TW=0.98ms,App=8.71ms,GD=0.00ms,CPU&GPU=9.96ms,LCnt=1(DR72,LM0),GPU%=0.71,CPU%=0.34(W0.38),DSF=1.00,CFL=15.53/19.43,ICFLp95=17.99,LD=0,SF=1.00,LP=0,DVFS=0
01-16 13:47:30.002  4601  6889 I VrApi   : FPS=72/72,Prd=46ms,Tear=0,Early=52,Stale=0,Stale2/5/10/max=0/0/0/0,VSnc=1,Lat=1,Fov=0,CPU4/GPU=2/2,1171/441MHz,OC=FF,TA=0/0/0,SP=N/N/N,Mem=1555MHz,Free=7156MB,PLS=0,Temp=27.2C/0.0C,TW=0.97ms,App=8.80ms,GD=0.00ms,CPU&GPU=11.33ms,LCnt=1(DR72,LM0),GPU%=0.72,CPU%=0.30(W0.38),DSF=1.00,CFL=15.17/19.27,ICFLp95=18.13,LD=0,SF=1.00,LP=0,DVFS=0
01-16 13:47:31.002  4601  6889 I VrApi   : FPS=72/72,Prd=46ms,Tear=0,Early=45,Stale=0,Stale2/5/10/max=0/0/0/0,VSnc=1,Lat=1,Fov=0,CPU4/GPU=2/2,1171/441MHz,OC=FF,TA=0/0/0,SP=N/N/N,Mem=1555MHz,Free=7156MB,PLS=0,Temp=27.2C/0.0C,TW=0.97ms,App=8.73ms,GD=0.00ms,CPU&GPU=11.49ms,LCnt=1(DR72,LM0),GPU%=0.72,CPU%=0.32(W0.38),DSF=1.00,CFL=15.60/19.60,ICFLp95=18.00,LD=0,SF=1.00,LP=0,DVFS=0
01-16 13:47:32.002  4601  6889 I VrApi   : FPS=72/72,Prd=46ms,Tear=0,Early=47,Stale=0,Stale2/5/10/max=0/0/0/0,VSnc=1,Lat=1,Fov=0,CPU4/GPU=2/2,1171/441MHz,OC=FF,TA=0/0/0,SP=N/N/N,Mem=1555MHz,Free=7156MB,PLS=0,Temp=27.2C/0.0C,TW=0.97ms,App=8.77ms,GD=0.00ms,CPU&GPU=11.54ms,LCnt=1(DR72,LM0),GPU%=0.71,CPU%=0.34(W0.38),DSF=1.00,CFL=15.64/19.11,ICFLp95=18.09,LD=0,SF=1.00,LP=0,DVFS=0
01-16 13:47:33.002  4601  6889 I VrApi   : FPS=72/72,Prd=46ms,Tear=0,Early=49,Stale=0,Stale2/5/10/max=0/0/0/0,VSnc=1,Lat=1,Fov=0,CPU4/GPU=2/2,1171/441MHz,OC=FF,TA=0/0/0,SP=N/N/N,Mem=1555MHz,Free=7156MB,PLS=0,Temp=27.2C/0.0C,TW=0.97ms,App=8.80ms,GD=0.00ms,CPU&GPU=11.53ms,LCnt=1(DR72,LM0),GPU%=0.72,CPU%=0.35(W0.48),DSF=1.00,CFL=15.44/19.69,ICFLp95=18.12,LD=0,SF=1.00,LP=0,DVFS=0
01-16 13:47:34.002  4601  6889 I VrApi   : FPS=72/72,Prd=46ms,Tear=0,Early=44,Stale=0,Stale2/5/10/max=0/0/0/0,VSnc=1,Lat=1,Fov=0,CPU4/GPU=2/2,1171/441MHz,OC=FF,TA=0/0/0,SP=N/N/N,Mem=1555MHz,Free=7156MB,PLS=0,Temp=27.5C/0.0C,TW=0.99ms,App=8.75ms,GD=0.00ms,CPU&GPU=11.55ms,LCnt=1(DR72,LM0),GPU%=0.72,CPU%=0.30(W0.45),DSF=1.00,CFL=15.33/19.76,ICFLp95=18.10,LD=0,SF=1.00,LP=0,DVFS=0
01-16 13:47:35.002  4601  6889 I VrApi   : FPS=72/72,Prd=46ms,Tear=0,Early=42,Stale=0,Stale2/5/10/max=0/0/0/0,VSnc=1,Lat=1,Fov=0,CPU4/GPU=2/2,1171/441MHz,OC=FF,TA=0/0/0,SP=N/N/N,Mem=1555MHz,Free=7156MB,PLS=0,Temp=27.5C/0.0C,TW=0.97ms,App=8.75ms,GD=0.00ms,CPU&GPU=11.76ms,LCnt=1(DR72,LM0),GPU%=0.72,CPU%=0.39(W0.41),DSF=1.00,CFL=15.49/19.71,ICFLp95=18.18,LD=0,SF=1.00,LP=0,DVFS=0
01-16 13:47:36.002  4601  6889 I VrApi   : FPS=72/72,Prd=46ms,Tear=0,Early=51,Stale=0,Stale2/5/10/max=0/0/0/0,VSnc=1,Lat=1,Fov=0,CPU4/GPU=2/2,1171/441MHz,OC=FF,TA=0/0/0,SP=N/N/N,Mem=1555MHz,Free=7156MB,PLS=0,Temp=27.5C/0.0C,TW=0.98ms,App=8.83ms,GD=0.00ms,CPU&GPU=11.53ms,LCnt=1(DR72,LM0),GPU%=0.71,CPU%=0.34(W0.38),DSF=1.00,CFL=15.50/19.29,ICFLp95=18.16,LD=0,SF=1.00,LP=0,DVFS=0
01-16 13:47:37.002  4601  6889 I VrApi   : FPS=71/72,Prd=46ms,Tear=0,Early=41,Stale=1,Stale2/5/10/max=0/0/0/1,VSnc=1,Lat=1,Fov=0,CPU4/GPU=2/2,1171/441MHz,OC=FF,TA=0/0/0,SP=N/N/N,Mem=1555MHz,Free=7156MB,PLS=0,Temp=27.5C/0.0C,TW=0.97ms,App=8.73ms,GD=0.00ms,CPU&GPU=11.65ms,LCnt=1(DR72,LM0),GPU%=0.67,CPU%=0.38(W0.45),DSF=1.00,CFL=15.45/19.72,ICFLp95=18.14,LD=0,SF=1.00,LP=0,DVFS=0
01-16 13:47:38.002  4601  6889 I VrApi   : FPS=71/72,Prd=46ms,Tear=0,Early=46,Stale=1,Stale2/5/10/max=0/0/0/1,VSnc=1,Lat=1,Fov=0,CPU4/GPU=2/3,1171/441MHz,OC=FF,TA=0/0/0,SP=N/N/N,Mem=1555MHz,Free=7156MB,PLS=0,Temp=27.5C/0.0C,TW=0.93ms,App=7.96ms,GD=0.00ms,CPU&GPU=11.64ms,LCnt=1(DR72,LM0),GPU%=0.67,CPU%=0.40(W0.48),DSF=1.00,CFL=15.45/19.30,ICFLp95=18.08,LD=0,SF=1.00,LP=0,DVFS=0
01-16 13:47:39.002  4601  6889 I VrApi   : FPS=72/72,Prd=46ms,Tear=0,Early=61,Stale=0,Stale2/5/10/max=0/0/0/0,VSnc=1,Lat=1,Fov=0,CPU4/GPU=2/2,1171/490MHz,OC=FF,TA=0/0/0,SP=N/N/N,Mem=1555MHz,Free=7156MB,PLS=0,Temp=27.5C/0.0C,TW=0.98ms,App=8.70ms,GD=0.00ms,CPU&GPU=10.70ms,LCnt=1(DR72,LM0),GPU%=0.70,CPU%=0.39(W0.43),DSF=1.00,CFL=15.46/19.14,ICFLp95=18.08,LD=0,SF=1.00,LP=0,DVFS=0
