12-16 16:23:54.249  5776  5801 W VrApi   : ovr_SubmitFrameInternal: FrameIndex discontinuity: Expected 63995, Received 63996
12-16 16:23:55.094  5776  5933 I VrApi   : FPS=70/72,Prd=0ms,Tear=0,Early=0,Stale=9,Stale2/5/10/max=1/1/0/5,VSnc=1,Lat=0,Fov=0,CPU4/GPU=3/4,1382/525MHz,OC=FF,TA=0/70/0,SP=N/F/N,Mem=2092MHz,Free=7904MB,PLS=0,Temp=29.5C/0.0C,TW=4.13ms,App=2.12ms,GD=0.26ms,CPU&GPU=13.74ms,LCnt=3(DR0,LM2),GPU%=0.50,CPU%=0.04(W0.05),DSF=1.00,CFL=21.36/26.83,ICFLp95=25.61,LD=1,SF=1.21,LP=0,DVFS=0
12-16 16:23:56.094  5776  5933 I VrApi   : FPS=72/72,Prd=0ms,Tear=0,Early=0,Stale=0,Stale2/5/10/max=0/0/0/0,VSnc=1,Lat=0,Fov=0,CPU4/GPU=3/4,1382/525MHz,OC=FF,TA=0/70/0,SP=N/N/N,Mem=2092MHz,Free=7904MB,PLS=0,Temp=29.5C/0.0C,TW=4.12ms,App=2.18ms,GD=0.25ms,CPU&GPU=13.86ms,LCnt=3(DR0,LM2),GPU%=0.49,CPU%=0.05(W0.14),DSF=1.00,CFL=20.97/25.64,ICFLp95=24.16,LD=1,SF=1.21,LP=0,DVFS=0
12-16 16:23:56.320  5776  5801 W VrApi   : ovr_SubmitFrameInternal: FrameIndex discontinuity: Expected 64121, Received 64122
12-16 16:23:56.333  5776  5801 W VrApi   : ovr_SubmitFrameInternal: FrameIndex discontinuity: Expected 64123, Received 64124
12-16 16:23:56.350  5776  5801 W VrApi   : ovr_SubmitFrameInternal: FrameIndex discontinuity: Expected 64125, Received 64126
12-16 16:23:56.378  5776  5801 W VrApi   : ovr_SubmitFrameInternal: FrameIndex discontinuity: Expected 64128, Received 64129
12-16 16:23:56.405  5776  5801 W VrApi   : ovr_SubmitFrameInternal: FrameIndex discontinuity: Expected 64131, Received 64132
12-16 16:23:56.478  5776  5801 W VrApi   : ovr_SubmitFrameInternal: FrameIndex discontinuity: Expected 64134, Received 64135
12-16 16:23:57.094  5776  5933 I VrApi   : FPS=49/72,Prd=0ms,Tear=0,Early=0,Stale=28,Stale2/5/10/max=0/0/0/0,VSnc=1,Lat=0,Fov=0,CPU4/GPU=4/4,1382/525MHz,OC=FF,TA=0/70/0,SP=N/F/N,Mem=1555MHz,Free=7904MB,PLS=0,Temp=29.5C/0.0C,TW=4.09ms,App=0.15ms,GD=0.26ms,CPU&GPU=18.18ms,LCnt=3(DR0,LM2),GPU%=0.49,CPU%=0.10(W0.18),DSF=1.00,CFL=20.16/24.93,ICFLp95=23.41,LD=1,SF=1.21,LP=0,DVFS=0
12-16 16:23:58.102  5776  5933 I VrApi   : FPS=69/72,Prd=0ms,Tear=0,Early=0,Stale=11,Stale2/5/10/max=0/0/1/39,VSnc=1,Lat=0,Fov=0,CPU4/GPU=3/4,1478/525MHz,OC=FF,TA=0/70/0,SP=N/F/N,Mem=1555MHz,Free=7940MB,PLS=0,Temp=29.5C/0.0C,TW=4.10ms,App=2.04ms,GD=0.26ms,CPU&GPU=13.86ms,LCnt=3(DR0,LM2),GPU%=0.50,CPU%=0.17(W0.25),DSF=1.00,CFL=19.53/24.42,ICFLp95=22.73,LD=1,SF=1.21,LP=0,DVFS=0
12-16 16:23:59.094  5776  5933 I VrApi   : FPS=73/72,Prd=0ms,Tear=0,Early=0,Stale=2,Stale2/5/10/max=1/0/0/2,VSnc=1,Lat=0,Fov=0,CPU4/GPU=3/4,1382/525MHz,OC=FF,TA=0/70/0,SP=N/F/N,Mem=1555MHz,Free=7940MB,PLS=0,Temp=29.5C/0.0C,TW=3.97ms,App=2.35ms,GD=0.26ms,CPU&GPU=13.85ms,LCnt=3(DR0,LM2),GPU%=0.49,CPU%=0.18(W0.23),DSF=1.00,CFL=19.46/23.86,ICFLp95=22.73,LD=1,SF=1.21,LP=0,DVFS=0
12-16 16:24:00.094  5776  5933 I VrApi   : FPS=73/72,Prd=0ms,Tear=0,Early=0,Stale=0,Stale2/5/10/max=0/0/0/0,VSnc=1,Lat=0,Fov=0,CPU4/GPU=3/4,1382/525MHz,OC=FF,TA=0/70/0,SP=N/F/N,Mem=1804MHz,Free=7940MB,PLS=0,Temp=29.5C/0.0C,TW=4.24ms,App=2.36ms,GD=0.25ms,CPU&GPU=13.85ms,LCnt=3(DR0,LM2),GPU%=0.49,CPU%=0.13(W0.18),DSF=1.00,CFL=19.85/23.75,ICFLp95=22.58,LD=1,SF=1.21,LP=0,DVFS=0
12-16 16:24:00.695  5776  5801 W VrApi   : ovr_SubmitFrameInternal: FrameIndex discontinuity: Expected 64414, Received 64415
12-16 16:24:00.711  5776  5801 W VrApi   : ovr_SubmitFrameInternal: FrameIndex discontinuity: Expected 64416, Received 64417
12-16 16:24:00.739  5776  5801 W VrApi   : ovr_SubmitFrameInternal: FrameIndex discontinuity: Expected 64419, Received 64420
12-16 16:24:00.766  5776  5801 W VrApi   : ovr_SubmitFrameInternal: FrameIndex discontinuity: Expected 64422, Received 64423
12-16 16:24:01.095  5776  5933 I VrApi   : FPS=62/72,Prd=0ms,Tear=0,Early=0,Stale=3,Stale2/5/10/max=0/0/0/0,VSnc=1,Lat=0,Fov=0,CPU4/GPU=3/4,1382/525MHz,OC=FF,TA=0/70/0,SP=N/F/N,Mem=1804MHz,Free=7940MB,PLS=0,Temp=29.5C/0.0C,TW=4.09ms,App=31.02ms,GD=0.26ms,CPU&GPU=19.36ms,LCnt=3(DR0,LM2),GPU%=0.50,CPU%=0.05(W0.10),DSF=1.00,CFL=19.77/23.50,ICFLp95=22.38,LD=1,SF=1.21,LP=0,DVFS=0
12-16 16:24:02.095  5776  5933 I VrApi   : FPS=72/72,Prd=0ms,Tear=0,Early=0,Stale=34,Stale2/5/10/max=0/0/1/36,VSnc=1,Lat=0,Fov=0,CPU4/GPU=3/4,1382/525MHz,OC=FF,TA=0/70/0,SP=N/F/N,Mem=1804MHz,Free=7940MB,PLS=0,Temp=29.5C/0.0C,TW=4.12ms,App=2.17ms,GD=0.26ms,CPU&GPU=14.05ms,LCnt=3(DR0,LM2),GPU%=0.48,CPU%=0.16(W0.23),DSF=1.00,CFL=19.78/23.63,ICFLp95=22.14,LD=1,SF=1.21,LP=0,DVFS=0
12-16 16:24:03.095  5776  5933 I VrApi   : FPS=73/72,Prd=0ms,Tear=0,Early=0,Stale=0,Stale2/5/10/max=0/0/0/0,VSnc=1,Lat=0,Fov=0,CPU4/GPU=3/4,1382/525MHz,OC=FF,TA=0/70/0,SP=N/F/N,Mem=1804MHz,Free=7940MB,PLS=0,Temp=29.5C/0.0C,TW=4.10ms,App=2.15ms,GD=0.26ms,CPU&GPU=13.86ms,LCnt=3(DR0,LM2),GPU%=0.49,CPU%=0.10(W0.19),DSF=1.00,CFL=19.19/23.36,ICFLp95=22.18,LD=1,SF=1.21,LP=0,DVFS=0
12-16 16:24:04.095  5776  5933 I VrApi   : FPS=73/72,Prd=0ms,Tear=0,Early=0,Stale=0,Stale2/5/10/max=0/0/0/0,VSnc=1,Lat=0,Fov=0,CPU4/GPU=3/4,1382/525MHz,OC=FF,TA=0/70/0,SP=N/F/N,Mem=1804MHz,Free=7940MB,PLS=0,Temp=29.5C/0.0C,TW=3.98ms,App=2.36ms,GD=0.26ms,CPU&GPU=13.85ms,LCnt=3(DR0,LM2),GPU%=0.49,CPU%=0.05(W0.06),DSF=1.00,CFL=19.56/23.36,ICFLp95=22.14,LD=1,SF=1.21,LP=0,DVFS=0
12-16 16:24:05.032  5776  5801 W VrApi   : ovr_SubmitFrameInternal: FrameIndex discontinuity: Expected 64726, Received 64727
12-16 16:24:05.095  5776  5933 I VrApi   : FPS=73/72,Prd=0ms,Tear=0,Early=0,Stale=0,Stale2/5/10/max=0/0/0/0,VSnc=1,Lat=0,Fov=0,CPU4/GPU=3/4,1382/525MHz,OC=FF,TA=0/70/0,SP=N/F/N,Mem=1804MHz,Free=7940MB,PLS=0,Temp=29.5C/0.0C,TW=4.16ms,App=2.22ms,GD=0.26ms,CPU&GPU=13.85ms,LCnt=3(DR0,LM2),GPU%=0.50,CPU%=0.09(W0.10),DSF=1.00,CFL=19.57/23.32,ICFLp95=22.18,LD=1,SF=1.21,LP=0,DVFS=0
12-16 16:24:06.095  5776  5933 I VrApi   : FPS=69/72,Prd=0ms,Tear=0,Early=0,Stale=9,Stale2/5/10/max=0/1/0/8,VSnc=1,Lat=0,Fov=0,CPU4/GPU=3/4,1382/525MHz,OC=FF,TA=0/70/0,SP=N/F/N,Mem=1804MHz,Free=7940MB,PLS=0,Temp=29.5C/0.0C,TW=4.12ms,App=2.13ms,GD=0.26ms,CPU&GPU=14.37ms,LCnt=3(DR0,LM2),GPU%=0.49,CPU%=0.10(W0.18),DSF=1.00,CFL=19.89/23.70,ICFLp95=22.22,LD=1,SF=1.21,LP=0,DVFS=0
12-16 16:24:06.234  5776  5801 W VrApi   : ovr_SubmitFrameInternal: FrameIndex discontinuity: Expected 64812, Received 64813
12-16 16:24:07.095  5776  5933 I VrApi   : FPS=70/72,Prd=0ms,Tear=0,Early=0,Stale=7,Stale2/5/10/max=0/1/0/7,VSnc=1,Lat=0,Fov=0,CPU4/GPU=3/4,1382/525MHz,OC=FF,TA=0/70/0,SP=N/F/N,Mem=1804MHz,Free=7940MB,PLS=0,Temp=29.5C/0.0C,TW=4.10ms,App=1.89ms,GD=0.26ms,CPU&GPU=14.24ms,LCnt=3(DR0,LM2),GPU%=0.50,CPU%=0.16(W0.23),DSF=1.00,CFL=19.43/24.54,ICFLp95=22.85,LD=1,SF=1.21,LP=0,DVFS=0
12-16 16:24:08.095  5776  5933 I VrApi   : FPS=72/72,Prd=0ms,Tear=0,Early=0,Stale=2,Stale2/5/10/max=1/0/0/2,VSnc=1,Lat=0,Fov=0,CPU4/GPU=3/4,1382/525MHz,OC=FF,TA=0/70/0,SP=N/F/N,Mem=2092MHz,Free=7940MB,PLS=0,Temp=29.5C/0.0C,TW=4.11ms,App=2.19ms,GD=0.26ms,CPU&GPU=13.86ms,LCnt=3(DR0,LM2),GPU%=0.49,CPU%=0.16(W0.18),DSF=1.00,CFL=19.49/24.50,ICFLp95=22.73,LD=1,SF=1.21,LP=0,DVFS=0
12-16 16:24:09.095  5776  5933 I VrApi   : FPS=73/72,Prd=0ms,Tear=0,Early=0,Stale=3,Stale2/5/10/max=1/0/0/3,VSnc=1,Lat=0,Fov=0,CPU4/GPU=3/4,1382/525MHz,OC=FF,TA=0/70/0,SP=N/F/N,Mem=2092MHz,Free=7940MB,PLS=0,Temp=29.5C/0.0C,TW=4.20ms,App=2.54ms,GD=0.25ms,CPU&GPU=13.10ms,LCnt=3(DR0,LM2),GPU%=0.51,CPU%=0.16(W0.22),DSF=1.00,CFL=17.34/27.25,ICFLp95=27.19,LD=1,SF=1.21,LP=0,DVFS=0
12-16 16:24:10.095  5776  5933 I VrApi   : FPS=71/72,Prd=0ms,Tear=0,Early=0,Stale=7,Stale2/5/10/max=2/0/0/4,VSnc=1,Lat=0,Fov=0,CPU4/GPU=3/4,1382/525MHz,OC=FF,TA=0/70/0,SP=N/N/N,Mem=2092MHz,Free=7940MB,PLS=0,Temp=29.5C/0.0C,TW=4.27ms,App=2.30ms,GD=0.25ms,CPU&GPU=13.88ms,LCnt=3(DR0,LM2),GPU%=0.49,CPU%=0.11(W0.18),DSF=1.00,CFL=21.84/27.43,ICFLp95=25.78,LD=1,SF=1.21,LP=0,DVFS=0
12-16 16:24:10.323  5776  5801 W VrApi   : ovr_SubmitFrameInternal: FrameIndex discontinuity: Expected 65082, Received 65083
12-16 16:24:10.347  5776  5801 W VrApi   : ovr_SubmitFrameInternal: FrameIndex discontinuity: Expected 65085, Received 65086
12-16 16:24:10.362  5776  5801 W VrApi   : ovr_SubmitFrameInternal: FrameIndex discontinuity: Expected 65087, Received 65088
12-16 16:24:10.388  5776  5801 W VrApi   : ovr_SubmitFrameInternal: FrameIndex discontinuity: Expected 65090, Received 65091
12-16 16:24:10.403  5776  5801 W VrApi   : ovr_SubmitFrameInternal: FrameIndex discontinuity: Expected 65092, Received 65093
12-16 16:24:10.428  5776  5801 W VrApi   : ovr_SubmitFrameInternal: FrameIndex discontinuity: Expected 65095, Received 65096
12-16 16:24:10.444  5776  5801 W VrApi   : ovr_SubmitFrameInternal: FrameIndex discontinuity: Expected 65097, Received 65098
12-16 16:24:10.503  5776  5801 W VrApi   : ovr_SubmitFrameInternal: FrameIndex discontinuity: Expected 65100, Received 65101
12-16 16:24:11.095  5776  5933 I VrApi   : FPS=47/72,Prd=0ms,Tear=0,Early=0,Stale=31,Stale2/5/10/max=0/0/0/0,VSnc=1,Lat=0,Fov=0,CPU4/GPU=4/5,1382/525MHz,OC=FF,TA=0/70/0,SP=N/F/N,Mem=2092MHz,Free=7940MB,PLS=0,Temp=29.5C/0.0C,TW=4.00ms,App=1.77ms,GD=0.24ms,CPU&GPU=18.32ms,LCnt=3(DR0,LM2),GPU%=0.46,CPU%=0.19(W0.31),DSF=1.00,CFL=20.55/24.81,ICFLp95=23.66,LD=1,SF=1.21,LP=0,DVFS=0
12-16 16:24:12.095  5776  5933 I VrApi   : FPS=73/72,Prd=0ms,Tear=0,Early=0,Stale=9,Stale2/5/10/max=0/0/1/40,VSnc=1,Lat=0,Fov=0,CPU4/GPU=4/4,1478/587MHz,OC=FF,TA=0/70/0,SP=N/F/N,Mem=2092MHz,Free=7940MB,PLS=0,Temp=29.5C/0.0C,TW=3.80ms,App=2.36ms,GD=0.23ms,CPU&GPU=13.84ms,LCnt=3(DR0,LM2),GPU%=0.48,CPU%=0.17(W0.22),DSF=1.00,CFL=19.67/24.24,ICFLp95=22.65,LD=1,SF=1.21,LP=0,DVFS=0
12-16 16:24:13.095  5776  5933 I VrApi   : FPS=72/72,Prd=0ms,Tear=0,Early=0,Stale=2,Stale2/5/10/max=1/0/0/2,VSnc=1,Lat=0,Fov=0,CPU4/GPU=3/4,1382/525MHz,OC=FF,TA=0/70/0,SP=N/F/N,Mem=2092MHz,Free=7940MB,PLS=0,Temp=29.5C/0.0C,TW=4.14ms,App=2.06ms,GD=0.26ms,CPU&GPU=13.87ms,LCnt=3(DR0,LM2),GPU%=0.50,CPU%=0.05(W0.06),DSF=1.00,CFL=19.63/25.17,ICFLp95=23.63,LD=1,SF=1.21,LP=0,DVFS=0
12-16 16:24:14.095  5776  5933 I VrApi   : FPS=72/72,Prd=0ms,Tear=0,Early=0,Stale=0,Stale2/5/10/max=0/0/0/0,VSnc=1,Lat=0,Fov=0,CPU4/GPU=3/4,1382/525MHz,OC=FF,TA=0/70/0,SP=N/F/N,Mem=2092MHz,Free=7940MB,PLS=0,Temp=29.5C/0.0C,TW=4.11ms,App=2.12ms,GD=0.26ms,CPU&GPU=13.86ms,LCnt=3(DR0,LM2),GPU%=0.49,CPU%=0.11(W0.14),DSF=1.00,CFL=19.84/24.18,ICFLp95=22.62,LD=1,SF=1.21,LP=0,DVFS=0
12-16 16:24:14.393  5776  5801 W VrApi   : ovr_SubmitFrameInternal: FrameIndex discontinuity: Expected 65380, Received 65381
12-16 16:24:15.095  5776  5933 I VrApi   : FPS=69/72,Prd=0ms,Tear=0,Early=0,Stale=5,Stale2/5/10/max=0/0/0/0,VSnc=1,Lat=0,Fov=0,CPU4/GPU=3/4,1382/525MHz,OC=FF,TA=0/70/0,SP=N/F/N,Mem=2092MHz,Free=7940MB,PLS=0,Temp=29.5C/0.0C,TW=4.19ms,App=2.26ms,GD=0.26ms,CPU&GPU=14.32ms,LCnt=3(DR0,LM2),GPU%=0.51,CPU%=0.09(W0.18),DSF=1.00,CFL=19.32/23.33,ICFLp95=22.09,LD=1,SF=1.21,LP=0,DVFS=0
12-16 16:24:16.095  5776  5933 I VrApi   : FPS=72/72,Prd=0ms,Tear=0,Early=0,Stale=2,Stale2/5/10/max=0/1/0/5,VSnc=1,Lat=0,Fov=0,CPU4/GPU=3/4,1382/525MHz,OC=FF,TA=0/70/0,SP=N/F/N,Mem=2092MHz,Free=7940MB,PLS=0,Temp=29.5C/0.0C,TW=4.14ms,App=1.93ms,GD=0.26ms,CPU&GPU=13.86ms,LCnt=3(DR0,LM2),GPU%=0.50,CPU%=0.11(W0.14),DSF=1.00,CFL=19.23/22.86,ICFLp95=21.83,LD=1,SF=1.21,LP=0,DVFS=0
12-16 16:24:16.124  5776  5801 W VrApi   : ovr_SubmitFrameInternal: FrameIndex discontinuity: Expected 65502, Received 65503
12-16 16:24:17.096  5776  5933 I VrApi   : FPS=71/72,Prd=0ms,Tear=0,Early=0,Stale=6,Stale2/5/10/max=0/1/0/5,VSnc=1,Lat=0,Fov=0,CPU4/GPU=3/4,1382/525MHz,OC=FF,TA=0/70/0,SP=N/F/N,Mem=2092MHz,Free=7940MB,PLS=0,Temp=29.5C/0.0C,TW=4.15ms,App=2.13ms,GD=0.26ms,CPU&GPU=14.06ms,LCnt=3(DR0,LM2),GPU%=0.49,CPU%=0.14(W0.15),DSF=1.00,CFL=18.88/22.81,ICFLp95=21.70,LD=1,SF=1.21,LP=0,DVFS=0
12-16 16:24:18.103  5776  5933 I VrApi   : FPS=73/72,Prd=0ms,Tear=0,Early=0,Stale=0,Stale2/5/10/max=0/0/0/0,VSnc=1,Lat=0,Fov=0,CPU4/GPU=3/4,1382/525MHz,OC=FF,TA=0/70/0,SP=N/F/N,Mem=1555MHz,Free=7936MB,PLS=0,Temp=29.5C/0.0C,TW=4.15ms,App=2.12ms,GD=0.26ms,CPU&GPU=13.81ms,LCnt=3(DR0,LM2),GPU%=0.49,CPU%=0.08(W0.14),DSF=1.00,CFL=18.97/23.05,ICFLp95=21.98,LD=1,SF=1.21,LP=0,DVFS=0
12-16 16:24:19.096  5776  5933 I VrApi   : FPS=71/72,Prd=0ms,Tear=0,Early=0,Stale=2,Stale2/5/10/max=1/0/0/2,VSnc=1,Lat=0,Fov=0,CPU4/GPU=3/4,1382/525MHz,OC=FF,TA=0/70/0,SP=N/F/N,Mem=1804MHz,Free=7936MB,PLS=0,Temp=29.7C/0.0C,TW=4.15ms,App=2.81ms,GD=0.26ms,CPU&GPU=14.06ms,LCnt=3(DR0,LM2),GPU%=0.51,CPU%=0.05(W0.11),DSF=1.00,CFL=19.08/25.37,ICFLp95=24.59,LD=1,SF=1.21,LP=0,DVFS=0
12-16 16:24:19.822  5776  5801 W VrApi   : ovr_SubmitFrameInternal: FrameIndex discontinuity: Expected 65765, Received 65766
12-16 16:24:20.096  5776  5933 I VrApi   : FPS=71/72,Prd=0ms,Tear=0,Early=0,Stale=6,Stale2/5/10/max=0/1/0/5,VSnc=1,Lat=0,Fov=0,CPU4/GPU=3/4,1382/525MHz,OC=FF,TA=0/70/0,SP=N/F/N,Mem=1804MHz,Free=7936MB,PLS=0,Temp=29.7C/0.0C,TW=4.14ms,App=2.11ms,GD=0.26ms,CPU&GPU=14.13ms,LCnt=3(DR0,LM2),GPU%=0.51,CPU%=0.13(W0.23),DSF=1.00,CFL=19.96/24.26,ICFLp95=23.10,LD=1,SF=1.21,LP=0,DVFS=0
12-16 16:24:21.096  5776  5933 I VrApi   : FPS=70/72,Prd=0ms,Tear=0,Early=0,Stale=9,Stale2/5/10/max=0/1/0/8,VSnc=1,Lat=0,Fov=0,CPU4/GPU=3/4,1382/525MHz,OC=FF,TA=0/70/0,SP=N/F/N,Mem=1804MHz,Free=7936MB,PLS=0,Temp=29.7C/0.0C,TW=3.98ms,App=2.18ms,GD=0.25ms,CPU&GPU=13.86ms,LCnt=3(DR0,LM2),GPU%=0.49,CPU%=0.10(W0.15),DSF=1.00,CFL=19.34/23.68,ICFLp95=22.41,LD=1,SF=1.21,LP=0,DVFS=0
12-16 16:24:21.902  5776  5801 W VrApi   : ovr_SubmitFrameInternal: FrameIndex discontinuity: Expected 65892, Received 65893
12-16 16:24:21.930  5776  5801 W VrApi   : ovr_SubmitFrameInternal: FrameIndex discontinuity: Expected 65895, Received 65896
12-16 16:24:21.945  5776  5801 W VrApi   : ovr_SubmitFrameInternal: FrameIndex discontinuity: Expected 65897, Received 65898
12-16 16:24:21.972  5776  5801 W VrApi   : ovr_SubmitFrameInternal: FrameIndex discontinuity: Expected 65900, Received 65901
12-16 16:24:21.999  5776  5801 W VrApi   : ovr_SubmitFrameInternal: FrameIndex discontinuity: Expected 65903, Received 65904
12-16 16:24:22.058  5776  5801 W VrApi   : ovr_SubmitFrameInternal: FrameIndex discontinuity: Expected 65905, Received 65906
12-16 16:24:22.096  5776  5933 I VrApi   : FPS=70/72,Prd=0ms,Tear=0,Early=0,Stale=0,Stale2/5/10/max=0/0/0/0,VSnc=1,Lat=0,Fov=0,CPU4/GPU=3/4,1382/525MHz,OC=FF,TA=0/70/0,SP=N/F/N,Mem=1804MHz,Free=7936MB,PLS=0,Temp=29.7C/0.0C,TW=4.13ms,App=1.94ms,GD=0.26ms,CPU&GPU=13.86ms,LCnt=3(DR0,LM2),GPU%=0.44,CPU%=0.03(W0.09),DSF=1.00,CFL=19.24/23.12,ICFLp95=22.26,LD=1,SF=1.21,LP=0,DVFS=0
12-16 16:24:23.096  5776  5933 I VrApi   : FPS=54/72,Prd=0ms,Tear=0,Early=0,Stale=38,Stale2/5/10/max=0/0/1/38,VSnc=1,Lat=0,Fov=0,CPU4/GPU=4/4,1478/525MHz,OC=FF,TA=0/70/0,SP=N/F/N,Mem=1804MHz,Free=7936MB,PLS=0,Temp=29.7C/0.0C,TW=4.05ms,App=0.52ms,GD=0.26ms,CPU&GPU=18.98ms,LCnt=3(DR0,LM2),GPU%=0.49,CPU%=0.11(W0.14),DSF=1.00,CFL=19.10/24.20,ICFLp95=22.44,LD=1,SF=1.21,LP=0,DVFS=0
12-16 16:24:24.096  5776  5933 I VrApi   : FPS=70/72,Prd=0ms,Tear=0,Early=0,Stale=0,Stale2/5/10/max=0/0/0/0,VSnc=1,Lat=0,Fov=0,CPU4/GPU=3/4,1382/525MHz,OC=FF,TA=0/70/0,SP=N/F/N,Mem=1804MHz,Free=7936MB,PLS=0,Temp=29.7C/0.0C,TW=4.11ms,App=2.05ms,GD=0.26ms,CPU&GPU=14.11ms,LCnt=3(DR0,LM2),GPU%=0.50,CPU%=0.21(W0.25),DSF=1.00,CFL=19.20/24.47,ICFLp95=22.69,LD=1,SF=1.21,LP=0,DVFS=0
12-16 16:24:25.096  5776  5933 I VrApi   : FPS=72/72,Prd=0ms,Tear=0,Early=0,Stale=0,Stale2/5/10/max=0/0/0/0,VSnc=1,Lat=0,Fov=0,CPU4/GPU=3/4,1382/525MHz,OC=FF,TA=0/70/0,SP=N/F/N,Mem=1804MHz,Free=7936MB,PLS=0,Temp=29.7C/0.0C,TW=4.15ms,App=2.18ms,GD=0.26ms,CPU&GPU=13.86ms,LCnt=3(DR0,LM2),GPU%=0.49,CPU%=0.05(W0.10),DSF=1.00,CFL=19.31/23.97,ICFLp95=22.04,LD=1,SF=1.21,LP=0,DVFS=0
12-16 16:24:26.016  5776  5801 W VrApi   : ovr_SubmitFrameInternal: FrameIndex discontinuity: Expected 66186, Received 66187
12-16 16:24:26.096  5776  5933 I VrApi   : FPS=72/72,Prd=0ms,Tear=0,Early=0,Stale=0,Stale2/5/10/max=0/0/0/0,VSnc=1,Lat=0,Fov=0,CPU4/GPU=3/4,1382/525MHz,OC=FF,TA=0/70/0,SP=N/F/N,Mem=1804MHz,Free=7936MB,PLS=0,Temp=29.7C/0.0C,TW=4.14ms,App=2.22ms,GD=0.26ms,CPU&GPU=13.86ms,LCnt=3(DR0,LM2),GPU%=0.50,CPU%=0.16(W0.25),DSF=1.00,CFL=19.00/23.20,ICFLp95=21.88,LD=1,SF=1.21,LP=0,DVFS=0
12-16 16:24:27.096  5776  5933 I VrApi   : FPS=72/72,Prd=0ms,Tear=0,Early=0,Stale=10,Stale2/5/10/max=0/0/1/10,VSnc=1,Lat=0,Fov=0,CPU4/GPU=3/4,1382/525MHz,OC=FF,TA=0/70/0,SP=N/F/N,Mem=1804MHz,Free=7936MB,PLS=0,Temp=29.7C/0.0C,TW=4.12ms,App=2.08ms,GD=0.26ms,CPU&GPU=13.99ms,LCnt=3(DR0,LM2),GPU%=0.50,CPU%=0.14(W0.22),DSF=1.00,CFL=18.95/24.38,ICFLp95=22.14,LD=1,SF=1.21,LP=0,DVFS=0
12-16 16:24:27.967  5776  5801 W VrApi   : ovr_SubmitFrameInternal: FrameIndex discontinuity: Expected 66305, Received 66306
12-16 16:24:27.993  5776  5801 W VrApi   : ovr_SubmitFrameInternal: FrameIndex discontinuity: Expected 66308, Received 66309
12-16 16:24:28.010  5776  5801 W VrApi   : ovr_SubmitFrameInternal: FrameIndex discontinuity: Expected 66310, Received 66311
12-16 16:24:28.082  5776  5801 W VrApi   : ovr_SubmitFrameInternal: FrameIndex discontinuity: Expected 66313, Received 66314
12-16 16:24:28.096  5776  5933 I VrApi   : FPS=68/72,Prd=0ms,Tear=0,Early=0,Stale=2,Stale2/5/10/max=0/0/0/0,VSnc=1,Lat=0,Fov=0,CPU4/GPU=3/4,1382/525MHz,OC=FF,TA=0/70/0,SP=N/F/N,Mem=1804MHz,Free=7936MB,PLS=0,Temp=29.7C/0.0C,TW=4.15ms,App=1.99ms,GD=0.26ms,CPU&GPU=14.28ms,LCnt=3(DR0,LM2),GPU%=0.44,CPU%=0.04(W0.11),DSF=1.00,CFL=19.04/24.41,ICFLp95=22.94,LD=1,SF=1.21,LP=0,DVFS=0
12-16 16:24:29.096  5776  5933 I VrApi   : FPS=50/72,Prd=0ms,Tear=0,Early=0,Stale=40,Stale2/5/10/max=1/0/1/39,VSnc=1,Lat=0,Fov=0,CPU4/GPU=4/4,1478/525MHz,OC=FF,TA=0/70/0,SP=N/F/N,Mem=1804MHz,Free=7936MB,PLS=0,Temp=29.7C/0.0C,TW=4.19ms,App=0.36ms,GD=0.25ms,CPU&GPU=19.14ms,LCnt=3(DR0,LM2),GPU%=0.50,CPU%=0.11(W0.22),DSF=1.00,CFL=21.78/26.87,ICFLp95=25.72,LD=1,SF=1.21,LP=0,DVFS=0
12-16 16:24:30.096  5776  5933 I VrApi   : FPS=71/72,Prd=0ms,Tear=0,Early=0,Stale=0,Stale2/5/10/max=0/0/0/0,VSnc=1,Lat=0,Fov=0,CPU4/GPU=3/4,1382/525MHz,OC=FF,TA=0/70/0,SP=N/F/N,Mem=1804MHz,Free=7936MB,PLS=0,Temp=29.7C/0.0C,TW=4.25ms,App=2.09ms,GD=0.25ms,CPU&GPU=14.36ms,LCnt=3(DR0,LM2),GPU%=0.49,CPU%=0.11(W0.19),DSF=1.00,CFL=20.12/25.61,ICFLp95=23.99,LD=1,SF=1.21,LP=0,DVFS=0
12-16 16:24:31.097  5776  5933 I VrApi   : FPS=72/72,Prd=0ms,Tear=0,Early=0,Stale=0,Stale2/5/10/max=0/0/0/0,VSnc=1,Lat=0,Fov=0,CPU4/GPU=3/4,1382/525MHz,OC=FF,TA=0/70/0,SP=N/F/N,Mem=1804MHz,Free=7936MB,PLS=0,Temp=29.7C/0.0C,TW=4.16ms,App=2.12ms,GD=0.26ms,CPU&GPU=13.87ms,LCnt=3(DR0,LM2),GPU%=0.50,CPU%=0.05(W0.10),DSF=1.00,CFL=19.54/24.75,ICFLp95=22.87,LD=1,SF=1.21,LP=0,DVFS=0
12-16 16:24:32.097  5776  5933 I VrApi   : FPS=72/72,Prd=0ms,Tear=0,Early=0,Stale=2,Stale2/5/10/max=1/0/0/2,VSnc=1,Lat=0,Fov=0,CPU4/GPU=3/4,1382/525MHz,OC=FF,TA=0/70/0,SP=N/F/N,Mem=1804MHz,Free=7936MB,PLS=0,Temp=29.7C/0.0C,TW=4.15ms,App=2.11ms,GD=0.25ms,CPU&GPU=13.86ms,LCnt=3(DR0,LM2),GPU%=0.49,CPU%=0.20(W0.26),DSF=1.00,CFL=19.42/24.95,ICFLp95=23.74,LD=1,SF=1.21,LP=0,DVFS=0
12-16 16:24:32.597  5776  5801 W VrApi   : ovr_SubmitFrameInternal: FrameIndex discontinuity: Expected 66634, Received 66635
12-16 16:24:33.097  5776  5933 I VrApi   : FPS=73/72,Prd=0ms,Tear=0,Early=0,Stale=5,Stale2/5/10/max=0/0/0/0,VSnc=1,Lat=0,Fov=0,CPU4/GPU=3/4,1382/525MHz,OC=FF,TA=0/70/0,SP=N/F/N,Mem=1804MHz,Free=7936MB,PLS=0,Temp=29.5C/0.0C,TW=4.15ms,App=3.45ms,GD=0.26ms,CPU&GPU=13.83ms,LCnt=3(DR0,LM2),GPU%=0.49,CPU%=0.07(W0.10),DSF=1.00,CFL=20.38/25.02,ICFLp95=23.91,LD=1,SF=1.21,LP=0,DVFS=0
12-16 16:24:34.097  5776  5933 I VrApi   : FPS=67/72,Prd=0ms,Tear=0,Early=0,Stale=5,Stale2/5/10/max=0/0/1/10,VSnc=1,Lat=0,Fov=0,CPU4/GPU=3/4,1382/525MHz,OC=FF,TA=0/70/0,SP=N/F/N,Mem=1804MHz,Free=7936MB,PLS=0,Temp=29.5C/0.0C,TW=4.13ms,App=1.75ms,GD=0.26ms,CPU&GPU=14.77ms,LCnt=3(DR0,LM2),GPU%=0.49,CPU%=0.15(W0.15),DSF=1.00,CFL=19.71/24.82,ICFLp95=22.77,LD=1,SF=1.21,LP=0,DVFS=0
12-16 16:24:35.097  5776  5933 I VrApi   : FPS=72/72,Prd=0ms,Tear=0,Early=0,Stale=5,Stale2/5/10/max=1/0/0/4,VSnc=1,Lat=0,Fov=0,CPU4/GPU=3/4,1382/525MHz,OC=FF,TA=0/70/0,SP=N/F/N,Mem=1804MHz,Free=7936MB,PLS=0,Temp=29.5C/0.0C,TW=4.14ms,App=2.22ms,GD=0.26ms,CPU&GPU=13.86ms,LCnt=3(DR0,LM2),GPU%=0.49,CPU%=0.15(W0.25),DSF=1.00,CFL=19.62/24.24,ICFLp95=22.60,LD=1,SF=1.21,LP=0,DVFS=0
12-16 16:24:36.097  5776  5933 I VrApi   : FPS=71/72,Prd=0ms,Tear=0,Early=0,Stale=0,Stale2/5/10/max=0/0/0/0,VSnc=1,Lat=0,Fov=0,CPU4/GPU=3/4,1382/525MHz,OC=FF,TA=0/70/0,SP=N/F/N,Mem=1804MHz,Free=7936MB,PLS=0,Temp=29.5C/0.0C,TW=4.14ms,App=2.20ms,GD=0.26ms,CPU&GPU=14.03ms,LCnt=3(DR0,LM2),GPU%=0.50,CPU%=0.05(W0.11),DSF=1.00,CFL=18.98/23.72,ICFLp95=22.17,LD=1,SF=1.21,LP=0,DVFS=0
12-16 16:24:36.417  5776  5801 W VrApi   : ovr_SubmitFrameInternal: FrameIndex discontinuity: Expected 66908, Received 66909
12-16 16:24:37.097  5776  5933 I VrApi   : FPS=73/72,Prd=0ms,Tear=0,Early=0,Stale=7,Stale2/5/10/max=1/1/0/5,VSnc=1,Lat=0,Fov=0,CPU4/GPU=3/4,1382/525MHz,OC=FF,TA=0/70/0,SP=N/F/N,Mem=1804MHz,Free=7936MB,PLS=0,Temp=29.5C/0.0C,TW=4.13ms,App=2.30ms,GD=0.26ms,CPU&GPU=13.86ms,LCnt=3(DR0,LM2),GPU%=0.50,CPU%=0.09(W0.11),DSF=1.00,CFL=18.82/22.66,ICFLp95=21.81,LD=1,SF=1.21,LP=0,DVFS=0
12-16 16:24:37.667  5776  5801 W VrApi   : ovr_SubmitFrameInternal: FrameIndex discontinuity: Expected 66994, Received 66995
12-16 16:24:38.104  5776  5933 I VrApi   : FPS=70/72,Prd=0ms,Tear=0,Early=0,Stale=0,Stale2/5/10/max=0/0/0/0,VSnc=1,Lat=0,Fov=0,CPU4/GPU=3/4,1382/525MHz,OC=FF,TA=0/70/0,SP=N/F/N,Mem=1804MHz,Free=7939MB,PLS=0,Temp=29.5C/0.0C,TW=4.01ms,App=3.93ms,GD=0.26ms,CPU&GPU=14.33ms,LCnt=3(DR0,LM2),GPU%=0.50,CPU%=0.08(W0.19),DSF=1.00,CFL=18.96/23.00,ICFLp95=21.74,LD=1,SF=1.21,LP=0,DVFS=0
12-16 16:24:39.097  5776  5933 I VrApi   : FPS=70/72,Prd=0ms,Tear=0,Early=0,Stale=9,Stale2/5/10/max=0/1/0/9,VSnc=1,Lat=0,Fov=0,CPU4/GPU=3/4,1382/525MHz,OC=FF,TA=0/70/0,SP=N/F/N,Mem=1804MHz,Free=7939MB,PLS=0,Temp=29.5C/0.0C,TW=4.12ms,App=2.15ms,GD=0.26ms,CPU&GPU=14.32ms,LCnt=3(DR0,LM2),GPU%=0.50,CPU%=0.15(W0.19),DSF=1.00,CFL=18.97/22.42,ICFLp95=21.60,LD=1,SF=1.21,LP=0,DVFS=0
12-16 16:24:40.097  5776  5933 I VrApi   : FPS=73/72,Prd=0ms,Tear=0,Early=0,Stale=0,Stale2/5/10/max=0/0/0/0,VSnc=1,Lat=0,Fov=0,CPU4/GPU=3/4,1382/525MHz,OC=FF,TA=0/70/0,SP=N/F/N,Mem=1804MHz,Free=7939MB,PLS=0,Temp=29.5C/0.0C,TW=4.12ms,App=2.32ms,GD=0.26ms,CPU&GPU=13.85ms,LCnt=3(DR0,LM2),GPU%=0.50,CPU%=0.08(W0.15),DSF=1.00,CFL=18.86/22.41,ICFLp95=21.61,LD=1,SF=1.21,LP=0,DVFS=0
12-16 16:24:41.097  5776  5933 I VrApi   : FPS=72/72,Prd=0ms,Tear=0,Early=0,Stale=5,Stale2/5/10/max=1/0/0/4,VSnc=1,Lat=0,Fov=0,CPU4/GPU=3/4,1382/525MHz,OC=FF,TA=0/70/0,SP=N/F/N,Mem=1804MHz,Free=7939MB,PLS=0,Temp=29.5C/0.0C,TW=4.14ms,App=2.18ms,GD=0.26ms,CPU&GPU=14.01ms,LCnt=3(DR0,LM2),GPU%=0.50,CPU%=0.05(W0.06),DSF=1.00,CFL=18.78/23.77,ICFLp95=21.97,LD=1,SF=1.21,LP=0,DVFS=0
12-16 16:24:41.469  5776  5801 W VrApi   : ovr_SubmitFrameInternal: FrameIndex discontinuity: Expected 67245, Received 67246
12-16 16:24:41.497  5776  5801 W VrApi   : ovr_SubmitFrameInternal: FrameIndex discontinuity: Expected 67248, Received 67249
12-16 16:24:41.525  5776  5801 W VrApi   : ovr_SubmitFrameInternal: FrameIndex discontinuity: Expected 67251, Received 67252
12-16 16:24:41.597  5776  5801 W VrApi   : ovr_SubmitFrameInternal: FrameIndex discontinuity: Expected 67254, Received 67255
12-16 16:24:42.097  5776  5933 I VrApi   : FPS=73/72,Prd=0ms,Tear=0,Early=0,Stale=35,Stale2/5/10/max=0/0/0/0,VSnc=1,Lat=0,Fov=0,CPU4/GPU=4/4,1382/525MHz,OC=FF,TA=0/70/0,SP=N/F/N,Mem=1555MHz,Free=7939MB,PLS=0,Temp=29.5C/0.0C,TW=4.21ms,App=4.04ms,GD=0.26ms,CPU&GPU=13.85ms,LCnt=3(DR0,LM2),GPU%=0.50,CPU%=0.10(W0.19),DSF=1.00,CFL=19.03/23.94,ICFLp95=22.24,LD=1,SF=1.21,LP=0,DVFS=0
12-16 16:24:43.097  5776  5933 I VrApi   : FPS=47/72,Prd=0ms,Tear=0,Early=0,Stale=2,Stale2/5/10/max=0/0/1/37,VSnc=1,Lat=0,Fov=0,CPU4/GPU=3/4,1478/525MHz,OC=FF,TA=0/70/0,SP=N/F/N,Mem=1804MHz,Free=7939MB,PLS=0,Temp=29.7C/0.0C,TW=4.15ms,App=-0.05ms,GD=0.26ms,CPU&GPU=18.86ms,LCnt=3(DR0,LM2),GPU%=0.50,CPU%=0.07(W0.11),DSF=1.00,CFL=18.97/23.80,ICFLp95=22.02,LD=1,SF=1.21,LP=0,DVFS=0
12-16 16:24:44.097  5776  5933 I VrApi   : FPS=72/72,Prd=0ms,Tear=0,Early=0,Stale=0,Stale2/5/10/max=0/0/0/0,VSnc=1,Lat=0,Fov=0,CPU4/GPU=3/4,1382/525MHz,OC=FF,TA=0/70/0,SP=N/F/N,Mem=1804MHz,Free=7939MB,PLS=0,Temp=29.7C/0.0C,TW=4.14ms,App=2.19ms,GD=0.26ms,CPU&GPU=13.86ms,LCnt=3(DR0,LM2),GPU%=0.50,CPU%=0.19(W0.29),DSF=1.00,CFL=18.88/23.26,ICFLp95=21.85,LD=1,SF=1.21,LP=0,DVFS=0
12-16 16:24:45.097  5776  5933 I VrApi   : FPS=73/72,Prd=0ms,Tear=0,Early=0,Stale=0,Stale2/5/10/max=0/0/0/0,VSnc=1,Lat=0,Fov=0,CPU4/GPU=3/4,1382/525MHz,OC=FF,TA=0/70/0,SP=N/F/N,Mem=1804MHz,Free=7939MB,PLS=0,Temp=29.7C/0.0C,TW=4.13ms,App=2.26ms,GD=0.26ms,CPU&GPU=13.85ms,LCnt=3(DR0,LM2),GPU%=0.50,CPU%=0.16(W0.23),DSF=1.00,CFL=19.13/23.42,ICFLp95=22.00,LD=1,SF=1.21,LP=0,DVFS=0
12-16 16:24:46.098  5776  5933 I VrApi   : FPS=73/72,Prd=0ms,Tear=0,Early=0,Stale=0,Stale2/5/10/max=0/0/0/0,VSnc=1,Lat=0,Fov=0,CPU4/GPU=3/4,1382/525MHz,OC=FF,TA=0/70/0,SP=N/N/N,Mem=1804MHz,Free=7939MB,PLS=0,Temp=29.7C/0.0C,TW=4.13ms,App=2.23ms,GD=0.26ms,CPU&GPU=13.85ms,LCnt=3(DR0,LM2),GPU%=0.49,CPU%=0.15(W0.19),DSF=1.00,CFL=19.53/23.37,ICFLp95=22.20,LD=1,SF=1.21,LP=0,DVFS=0
12-16 16:24:46.242  5776  5801 W VrApi   : ovr_SubmitFrameInternal: FrameIndex discontinuity: Expected 67565, Received 67566
12-16 16:24:46.275  5776  5801 W VrApi   : ovr_SubmitFrameInternal: FrameIndex discontinuity: Expected 67569, Received 67570
12-16 16:24:46.301  5776  5801 W VrApi   : ovr_SubmitFrameInternal: FrameIndex discontinuity: Expected 67572, Received 67573
12-16 16:24:46.330  5776  5801 W VrApi   : ovr_SubmitFrameInternal: FrameIndex discontinuity: Expected 67575, Received 67576
12-16 16:24:46.388  5776  5801 W VrApi   : ovr_SubmitFrameInternal: FrameIndex discontinuity: Expected 67578, Received 67579
12-16 16:24:47.098  5776  5933 I VrApi   : FPS=60/72,Prd=0ms,Tear=0,Early=0,Stale=37,Stale2/5/10/max=0/0/1/37,VSnc=1,Lat=0,Fov=0,CPU4/GPU=4/4,1478/525MHz,OC=FF,TA=0/70/0,SP=N/F/N,Mem=1804MHz,Free=7939MB,PLS=0,Temp=29.7C/0.0C,TW=4.12ms,App=1.24ms,GD=0.27ms,CPU&GPU=19.10ms,LCnt=3(DR0,LM2),GPU%=0.49,CPU%=0.13(W0.15),DSF=1.00,CFL=19.30/23.60,ICFLp95=22.10,LD=1,SF=1.21,LP=0,DVFS=0
12-16 16:24:48.098  5776  5933 I VrApi   : FPS=71/72,Prd=0ms,Tear=0,Early=0,Stale=3,Stale2/5/10/max=1/0/0/2,VSnc=1,Lat=0,Fov=0,CPU4/GPU=3/4,1382/525MHz,OC=FF,TA=0/70/0,SP=N/F/N,Mem=1804MHz,Free=7939MB,PLS=0,Temp=29.7C/0.0C,TW=4.10ms,App=1.98ms,GD=0.26ms,CPU&GPU=14.19ms,LCnt=3(DR0,LM2),GPU%=0.49,CPU%=0.18(W0.22),DSF=1.00,CFL=19.20/23.02,ICFLp95=21.90,LD=1,SF=1.21,LP=0,DVFS=0
12-16 16:24:49.098  5776  5933 I VrApi   : FPS=71/72,Prd=0ms,Tear=0,Early=0,Stale=0,Stale2/5/10/max=0/0/0/0,VSnc=1,Lat=0,Fov=0,CPU4/GPU=3/4,1382/525MHz,OC=FF,TA=0/70/0,SP=N/F/N,Mem=1804MHz,Free=7939MB,PLS=0,Temp=29.7C/0.0C,TW=3.93ms,App=2.05ms,GD=0.26ms,CPU&GPU=14.03ms,LCnt=3(DR0,LM2),GPU%=0.47,CPU%=0.11(W0.14),DSF=1.00,CFL=18.79/22.81,ICFLp95=21.79,LD=1,SF=1.21,LP=0,DVFS=0
12-16 16:24:50.098  5776  5933 I VrApi   : FPS=73/72,Prd=0ms,Tear=0,Early=0,Stale=2,Stale2/5/10/max=1/0/0/2,VSnc=1,Lat=0,Fov=0,CPU4/GPU=3/4,1382/525MHz,OC=FF,TA=0/70/0,SP=N/F/N,Mem=1804MHz,Free=7939MB,PLS=0,Temp=29.7C/0.0C,TW=4.13ms,App=2.31ms,GD=0.25ms,CPU&GPU=13.82ms,LCnt=3(DR0,LM2),GPU%=0.50,CPU%=0.10(W0.15),DSF=1.00,CFL=18.83/24.51,ICFLp95=23.73,LD=1,SF=1.21,LP=0,DVFS=0
12-16 16:24:50.347  5776  5801 W VrApi   : ovr_SubmitFrameInternal: FrameIndex discontinuity: Expected 67860, Received 67861
12-16 16:24:51.098  5776  5933 I VrApi   : FPS=72/72,Prd=0ms,Tear=0,Early=0,Stale=9,Stale2/5/10/max=0/1/0/8,VSnc=1,Lat=0,Fov=0,CPU4/GPU=3/4,1382/525MHz,OC=FF,TA=0/70/0,SP=N/F/N,Mem=1804MHz,Free=7939MB,PLS=0,Temp=29.7C/0.0C,TW=4.13ms,App=2.02ms,GD=0.25ms,CPU&GPU=14.26ms,LCnt=3(DR0,LM2),GPU%=0.49,CPU%=0.07(W0.11),DSF=1.00,CFL=19.87/24.40,ICFLp95=23.14,LD=1,SF=1.21,LP=0,DVFS=0
12-16 16:24:52.098  5776  5933 I VrApi   : FPS=71/72,Prd=0ms,Tear=0,Early=0,Stale=0,Stale2/5/10/max=0/0/0/0,VSnc=1,Lat=0,Fov=0,CPU4/GPU=3/4,1382/525MHz,OC=FF,TA=0/70/0,SP=N/F/N,Mem=1804MHz,Free=7939MB,PLS=0,Temp=29.7C/0.0C,TW=4.15ms,App=2.12ms,GD=0.26ms,CPU&GPU=13.86ms,LCnt=3(DR0,LM2),GPU%=0.49,CPU%=0.05(W0.11),DSF=1.00,CFL=19.57/25.42,ICFLp95=22.69,LD=1,SF=1.21,LP=0,DVFS=0
12-16 16:24:53.098  5776  5933 I VrApi   : FPS=72/72,Prd=0ms,Tear=0,Early=0,Stale=2,Stale2/5/10/max=1/0/0/2,VSnc=1,Lat=0,Fov=0,CPU4/GPU=3/4,1382/525MHz,OC=FF,TA=0/70/0,SP=N/F/N,Mem=1804MHz,Free=7939MB,PLS=0,Temp=29.5C/0.0C,TW=4.14ms,App=2.28ms,GD=0.25ms,CPU&GPU=13.50ms,LCnt=3(DR0,LM2),GPU%=0.50,CPU%=0.16(W0.23),DSF=1.00,CFL=19.21/24.87,ICFLp95=22.69,LD=1,SF=1.21,LP=0,DVFS=0
12-16 16:24:53.720  5776  5801 W VrApi   : ovr_SubmitFrameInternal: FrameIndex discontinuity: Expected 68101, Received 68102
12-16 16:24:54.098  5776  5933 I VrApi   : FPS=73/72,Prd=0ms,Tear=0,Early=0,Stale=3,Stale2/5/10/max=0/0/0/1,VSnc=1,Lat=0,Fov=0,CPU4/GPU=3/4,1382/525MHz,OC=FF,TA=0/70/0,SP=N/F/N,Mem=1804MHz,Free=7939MB,PLS=0,Temp=29.5C/0.0C,TW=4.08ms,App=3.74ms,GD=0.26ms,CPU&GPU=13.40ms,LCnt=3(DR0,LM2),GPU%=0.49,CPU%=0.12(W0.20),DSF=1.00,CFL=19.13/24.30,ICFLp95=22.70,LD=1,SF=1.21,LP=0,DVFS=0
12-16 16:24:55.098  5776  5933 I VrApi   : FPS=69/72,Prd=0ms,Tear=0,Early=0,Stale=7,Stale2/5/10/max=0/1/0/9,VSnc=1,Lat=0,Fov=0,CPU4/GPU=3/4,1382/525MHz,OC=FF,TA=0/70/0,SP=N/F/N,Mem=1804MHz,Free=7939MB,PLS=0,Temp=29.5C/0.0C,TW=4.13ms,App=1.93ms,GD=0.26ms,CPU&GPU=14.35ms,LCnt=3(DR0,LM2),GPU%=0.49,CPU%=0.15(W0.18),DSF=1.00,CFL=19.42/23.73,ICFLp95=22.39,LD=1,SF=1.21,LP=0,DVFS=0
12-16 16:24:55.553  5776  5801 W VrApi   : ovr_SubmitFrameInternal: FrameIndex discontinuity: Expected 68233, Received 68234
12-16 16:24:56.098  5776  5933 I VrApi   : FPS=72/72,Prd=0ms,Tear=0,Early=0,Stale=7,Stale2/5/10/max=1/1/0/5,VSnc=1,Lat=0,Fov=0,CPU4/GPU=3/4,1382/525MHz,OC=FF,TA=0/70/0,SP=N/F/N,Mem=1804MHz,Free=7939MB,PLS=0,Temp=29.5C/0.0C,TW=4.09ms,App=3.68ms,GD=0.26ms,CPU&GPU=13.86ms,LCnt=3(DR0,LM2),GPU%=0.49,CPU%=0.07(W0.10),DSF=1.00,CFL=18.98/23.58,ICFLp95=22.11,LD=1,SF=1.21,LP=0,DVFS=0
12-16 16:24:57.098  5776  5933 I VrApi   : FPS=69/72,Prd=0ms,Tear=0,Early=0,Stale=0,Stale2/5/10/max=0/0/0/0,VSnc=1,Lat=0,Fov=0,CPU4/GPU=3/4,1382/525MHz,OC=FF,TA=0/70/0,SP=N/F/N,Mem=1804MHz,Free=7939MB,PLS=0,Temp=29.5C/0.0C,TW=4.09ms,App=1.85ms,GD=0.25ms,CPU&GPU=14.31ms,LCnt=3(DR0,LM2),GPU%=0.49,CPU%=0.11(W0.14),DSF=1.00,CFL=18.86/24.07,ICFLp95=21.95,LD=1,SF=1.21,LP=0,DVFS=0
12-16 16:24:58.106  5776  5933 I VrApi   : FPS=73/72,Prd=0ms,Tear=0,Early=0,Stale=3,Stale2/5/10/max=1/0/0/3,VSnc=1,Lat=0,Fov=0,CPU4/GPU=3/4,1382/525MHz,OC=FF,TA=0/70/0,SP=N/F/N,Mem=2092MHz,Free=7936MB,PLS=0,Temp=29.5C/0.0C,TW=4.16ms,App=2.37ms,GD=0.25ms,CPU&GPU=13.51ms,LCnt=3(DR0,LM2),GPU%=0.51,CPU%=0.08(W0.14),DSF=1.00,CFL=18.66/23.51,ICFLp95=21.93,LD=1,SF=1.21,LP=0,DVFS=0
12-16 16:24:59.098  5776  5933 I VrApi   : FPS=73/72,Prd=0ms,Tear=0,Early=0,Stale=0,Stale2/5/10/max=0/0/0/0,VSnc=1,Lat=0,Fov=0,CPU4/GPU=3/4,1382/525MHz,OC=FF,TA=0/70/0,SP=N/F/N,Mem=1555MHz,Free=7936MB,PLS=0,Temp=29.5C/0.0C,TW=4.14ms,App=2.97ms,GD=0.26ms,CPU&GPU=13.13ms,LCnt=3(DR0,LM2),GPU%=0.50,CPU%=0.12(W0.15),DSF=1.00,CFL=18.75/22.93,ICFLp95=21.90,LD=1,SF=1.21,LP=0,DVFS=0
12-16 16:25:00.098  5776  5933 I VrApi   : FPS=70/72,Prd=0ms,Tear=0,Early=0,Stale=8,Stale2/5/10/max=0/1/0/7,VSnc=1,Lat=0,Fov=0,CPU4/GPU=3/4,1382/525MHz,OC=FF,TA=0/70/0,SP=N/F/N,Mem=2092MHz,Free=7936MB,PLS=0,Temp=29.5C/0.0C,TW=4.11ms,App=1.89ms,GD=0.26ms,CPU&GPU=14.25ms,LCnt=3(DR0,LM2),GPU%=0.49,CPU%=0.11(W0.14),DSF=1.00,CFL=18.85/22.67,ICFLp95=21.70,LD=1,SF=1.21,LP=0,DVFS=0
12-16 16:25:01.092  5776  5801 W VrApi   : ovr_SubmitFrameInternal: FrameIndex discontinuity: Expected 68606, Received 68607
12-16 16:25:01.099  5776  5933 I VrApi   : FPS=73/72,Prd=0ms,Tear=0,Early=0,Stale=3,Stale2/5/10/max=1/0/0/2,VSnc=1,Lat=0,Fov=0,CPU4/GPU=3/4,1382/525MHz,OC=FF,TA=0/70/0,SP=N/F/N,Mem=2092MHz,Free=7936MB,PLS=0,Temp=29.5C/0.0C,TW=4.13ms,App=2.72ms,GD=0.25ms,CPU&GPU=13.86ms,LCnt=3(DR0,LM2),GPU%=0.45,CPU%=0.07(W0.11),DSF=1.00,CFL=18.76/22.96,ICFLp95=21.72,LD=1,SF=1.21,LP=0,DVFS=0
12-16 16:25:01.119  5776  5801 W VrApi   : ovr_SubmitFrameInternal: FrameIndex discontinuity: Expected 68609, Received 68610
12-16 16:25:01.146  5776  5801 W VrApi   : ovr_SubmitFrameInternal: FrameIndex discontinuity: Expected 68612, Received 68613
12-16 16:25:01.174  5776  5801 W VrApi   : ovr_SubmitFrameInternal: FrameIndex discontinuity: Expected 68615, Received 68616
12-16 16:25:01.247  5776  5801 W VrApi   : ovr_SubmitFrameInternal: FrameIndex discontinuity: Expected 68618, Received 68619
12-16 16:25:02.099  5776  5933 I VrApi   : FPS=48/72,Prd=0ms,Tear=0,Early=0,Stale=38,Stale2/5/10/max=0/0/1/37,VSnc=1,Lat=0,Fov=0,CPU4/GPU=4/4,1478/525MHz,OC=FF,TA=0/70/0,SP=N/F/N,Mem=2092MHz,Free=7936MB,PLS=0,Temp=29.5C/0.0C,TW=4.15ms,App=-0.01ms,GD=0.26ms,CPU&GPU=18.43ms,LCnt=3(DR0,LM2),GPU%=0.49,CPU%=0.09(W0.17),DSF=1.00,CFL=18.70/23.29,ICFLp95=22.15,LD=1,SF=1.21,LP=0,DVFS=0
12-16 16:25:03.099  5776  5933 I VrApi   : FPS=73/72,Prd=0ms,Tear=0,Early=0,Stale=2,Stale2/5/10/max=1/0/0/2,VSnc=1,Lat=0,Fov=0,CPU4/GPU=3/4,1382/525MHz,OC=FF,TA=0/70/0,SP=N/F/N,Mem=2092MHz,Free=7936MB,PLS=0,Temp=29.5C/0.0C,TW=4.15ms,App=2.16ms,GD=0.26ms,CPU&GPU=13.84ms,LCnt=3(DR0,LM2),GPU%=0.50,CPU%=0.02(W0.05),DSF=1.00,CFL=19.33/24.07,ICFLp95=23.13,LD=1,SF=1.21,LP=0,DVFS=0
12-16 16:25:04.099  5776  5933 I VrApi   : FPS=72/72,Prd=0ms,Tear=0,Early=0,Stale=0,Stale2/5/10/max=0/0/0/0,VSnc=1,Lat=0,Fov=0,CPU4/GPU=3/4,1382/525MHz,OC=FF,TA=0/70/0,SP=N/F/N,Mem=2092MHz,Free=7936MB,PLS=0,Temp=29.5C/0.0C,TW=4.15ms,App=2.15ms,GD=0.25ms,CPU&GPU=13.86ms,LCnt=3(DR0,LM2),GPU%=0.49,CPU%=0.17(W0.23),DSF=1.00,CFL=19.65/24.19,ICFLp95=22.45,LD=1,SF=1.21,LP=0,DVFS=0
12-16 16:25:05.099  5776  5933 I VrApi   : FPS=72/72,Prd=0ms,Tear=0,Early=0,Stale=0,Stale2/5/10/max=0/0/0/0,VSnc=1,Lat=0,Fov=0,CPU4/GPU=3/4,1382/525MHz,OC=FF,TA=0/70/0,SP=N/F/N,Mem=1555MHz,Free=7936MB,PLS=0,Temp=29.5C/0.0C,TW=4.13ms,App=2.11ms,GD=0.26ms,CPU&GPU=13.86ms,LCnt=3(DR0,LM2),GPU%=0.49,CPU%=0.11(W0.18),DSF=1.00,CFL=19.35/23.05,ICFLp95=22.04,LD=1,SF=1.21,LP=0,DVFS=0
12-16 16:25:05.232  5776  5801 W VrApi   : ovr_SubmitFrameInternal: FrameIndex discontinuity: Expected 68900, Received 68901
12-16 16:25:06.099  5776  5933 I VrApi   : FPS=66/72,Prd=0ms,Tear=0,Early=0,Stale=12,Stale2/5/10/max=0/0/1/12,VSnc=1,Lat=0,Fov=0,CPU4/GPU=3/4,1382/525MHz,OC=FF,TA=0/70/0,SP=N/F/N,Mem=1555MHz,Free=7936MB,PLS=0,Temp=29.5C/0.0C,TW=4.23ms,App=1.72ms,GD=0.25ms,CPU&GPU=14.99ms,LCnt=3(DR0,LM2),GPU%=0.49,CPU%=0.15(W0.22),DSF=1.00,CFL=19.07/22.89,ICFLp95=21.73,LD=1,SF=1.21,LP=0,DVFS=0
12-16 16:25:07.099  5776  5933 I VrApi   : FPS=72/72,Prd=0ms,Tear=0,Early=0,Stale=0,Stale2/5/10/max=0/0/0/0,VSnc=1,Lat=0,Fov=0,CPU4/GPU=3/4,1382/525MHz,OC=FF,TA=0/70/0,SP=N/F/N,Mem=1555MHz,Free=7936MB,PLS=0,Temp=29.5C/0.0C,TW=4.16ms,App=2.11ms,GD=0.26ms,CPU&GPU=13.86ms,LCnt=3(DR0,LM2),GPU%=0.51,CPU%=0.14(W0.18),DSF=1.00,CFL=19.03/23.50,ICFLp95=21.63,LD=1,SF=1.21,LP=0,DVFS=0
12-16 16:25:08.099  5776  5933 I VrApi   : FPS=72/72,Prd=0ms,Tear=0,Early=0,Stale=4,Stale2/5/10/max=2/0/0/2,VSnc=1,Lat=0,Fov=0,CPU4/GPU=3/4,1382/525MHz,OC=FF,TA=0/70/0,SP=N/F/N,Mem=1555MHz,Free=7936MB,PLS=0,Temp=29.5C/0.0C,TW=4.17ms,App=2.18ms,GD=0.25ms,CPU&GPU=13.99ms,LCnt=3(DR0,LM2),GPU%=0.50,CPU%=0.07(W0.14),DSF=1.00,CFL=19.33/24.60,ICFLp95=23.33,LD=1,SF=1.21,LP=0,DVFS=0
12-16 16:25:09.099  5776  5933 I VrApi   : FPS=72/72,Prd=0ms,Tear=0,Early=0,Stale=7,Stale2/5/10/max=2/0/0/4,VSnc=1,Lat=0,Fov=0,CPU4/GPU=3/4,1382/525MHz,OC=FF,TA=0/70/0,SP=N/F/N,Mem=1555MHz,Free=7936MB,PLS=0,Temp=29.5C/0.0C,TW=4.11ms,App=2.08ms,GD=0.26ms,CPU&GPU=13.72ms,LCnt=3(DR0,LM2),GPU%=0.49,CPU%=0.12(W0.19),DSF=1.00,CFL=20.02/24.30,ICFLp95=23.26,LD=1,SF=1.21,LP=0,DVFS=0
12-16 16:25:09.495  5776  5801 W VrApi   : ovr_SubmitFrameInternal: FrameIndex discontinuity: Expected 69183, Received 69184
12-16 16:25:09.534  5776  5801 W VrApi   : ovr_SubmitFrameInternal: FrameIndex discontinuity: Expected 69188, Received 69189
12-16 16:25:09.561  5776  5801 W VrApi   : ovr_SubmitFrameInternal: FrameIndex discontinuity: Expected 69191, Received 69192
12-16 16:25:09.589  5776  5801 W VrApi   : ovr_SubmitFrameInternal: FrameIndex discontinuity: Expected 69194, Received 69195
12-16 16:25:09.619  5776  5801 W VrApi   : ovr_SubmitFrameInternal: FrameIndex discontinuity: Expected 69197, Received 69198
12-16 16:25:10.099  5776  5933 I VrApi   : FPS=55/72,Prd=0ms,Tear=0,Early=0,Stale=40,Stale2/5/10/max=0/0/1/40,VSnc=1,Lat=0,Fov=0,CPU4/GPU=4/5,1382/525MHz,OC=FF,TA=0/70/0,SP=N/F/N,Mem=1555MHz,Free=7936MB,PLS=0,Temp=29.5C/0.0C,TW=4.06ms,App=1.57ms,GD=0.24ms,CPU&GPU=19.00ms,LCnt=3(DR0,LM2),GPU%=0.48,CPU%=0.12(W0.22),DSF=1.00,CFL=19.68/24.88,ICFLp95=22.78,LD=1,SF=1.21,LP=0,DVFS=0
12-16 16:25:11.099  5776  5933 I VrApi   : FPS=72/72,Prd=0ms,Tear=0,Early=0,Stale=2,Stale2/5/10/max=1/0/0/2,VSnc=1,Lat=0,Fov=0,CPU4/GPU=4/5,1478/587MHz,OC=FF,TA=0/70/0,SP=N/F/N,Mem=1555MHz,Free=7936MB,PLS=0,Temp=29.5C/0.0C,TW=3.77ms,App=2.05ms,GD=0.23ms,CPU&GPU=14.11ms,LCnt=3(DR0,LM2),GPU%=0.46,CPU%=0.21(W0.29),DSF=1.00,CFL=20.46/24.70,ICFLp95=23.75,LD=1,SF=1.21,LP=0,DVFS=0
12-16 16:25:12.099  5776  5933 I VrApi   : FPS=73/72,Prd=0ms,Tear=0,Early=0,Stale=0,Stale2/5/10/max=0/0/0/0,VSnc=1,Lat=0,Fov=0,CPU4/GPU=3/4,1478/587MHz,OC=FF,TA=0/70/0,SP=N/F/N,Mem=1555MHz,Free=7936MB,PLS=0,Temp=29.5C/0.0C,TW=4.15ms,App=2.24ms,GD=0.25ms,CPU&GPU=13.86ms,LCnt=3(DR0,LM2),GPU%=0.50,CPU%=0.07(W0.11),DSF=1.00,CFL=21.08/25.43,ICFLp95=23.91,LD=1,SF=1.21,LP=0,DVFS=0
12-16 16:25:13.099  5776  5933 I VrApi   : FPS=72/72,Prd=0ms,Tear=0,Early=0,Stale=0,Stale2/5/10/max=0/0/0/0,VSnc=1,Lat=0,Fov=0,CPU4/GPU=3/4,1382/525MHz,OC=FF,TA=0/70/0,SP=N/F/N,Mem=1555MHz,Free=7936MB,PLS=0,Temp=29.5C/0.0C,TW=4.13ms,App=2.14ms,GD=0.26ms,CPU&GPU=13.87ms,LCnt=3(DR0,LM2),GPU%=0.50,CPU%=0.18(W0.22),DSF=1.00,CFL=20.13/24.33,ICFLp95=23.22,LD=1,SF=1.21,LP=0,DVFS=0
12-16 16:25:14.099  5776  5933 I VrApi   : FPS=72/72,Prd=0ms,Tear=0,Early=0,Stale=5,Stale2/5/10/max=1/0/0/4,VSnc=1,Lat=0,Fov=0,CPU4/GPU=3/4,1382/525MHz,OC=FF,TA=0/70/0,SP=N/F/N,Mem=1804MHz,Free=7936MB,PLS=0,Temp=29.5C/0.0C,TW=4.00ms,App=2.25ms,GD=0.26ms,CPU&GPU=13.86ms,LCnt=3(DR0,LM2),GPU%=0.50,CPU%=0.15(W0.19),DSF=1.00,CFL=19.69/24.01,ICFLp95=22.62,LD=1,SF=1.21,LP=0,DVFS=0
12-16 16:25:15.100  5776  5933 I VrApi   : FPS=71/72,Prd=0ms,Tear=0,Early=0,Stale=0,Stale2/5/10/max=0/0/0/0,VSnc=1,Lat=0,Fov=0,CPU4/GPU=3/4,1382/525MHz,OC=FF,TA=0/70/0,SP=N/F/N,Mem=1555MHz,Free=7936MB,PLS=0,Temp=29.5C/0.0C,TW=4.12ms,App=2.04ms,GD=0.26ms,CPU&GPU=14.03ms,LCnt=3(DR0,LM2),GPU%=0.49,CPU%=0.07(W0.10),DSF=1.00,CFL=19.08/24.69,ICFLp95=22.87,LD=1,SF=1.21,LP=0,DVFS=0
12-16 16:25:16.100  5776  5933 I VrApi   : FPS=72/72,Prd=0ms,Tear=0,Early=0,Stale=7,Stale2/5/10/max=2/0/0/4,VSnc=1,Lat=0,Fov=0,CPU4/GPU=3/4,1382/525MHz,OC=FF,TA=0/70/0,SP=N/F/N,Mem=1804MHz,Free=7936MB,PLS=0,Temp=29.5C/0.0C,TW=4.23ms,App=2.08ms,GD=0.26ms,CPU&GPU=14.01ms,LCnt=3(DR0,LM2),GPU%=0.50,CPU%=0.11(W0.19),DSF=1.00,CFL=19.74/25.87,ICFLp95=24.26,LD=1,SF=1.21,LP=0,DVFS=0
12-16 16:25:16.214  5776  5801 W VrApi   : ovr_SubmitFrameInternal: FrameIndex discontinuity: Expected 69666, Received 69667
12-16 16:25:17.100  5776  5933 I VrApi   : FPS=70/72,Prd=0ms,Tear=0,Early=0,Stale=7,Stale2/5/10/max=2/0/0/4,VSnc=1,Lat=0,Fov=0,CPU4/GPU=3/4,1382/525MHz,OC=FF,TA=0/70/0,SP=N/F/N,Mem=1804MHz,Free=7936MB,PLS=0,Temp=29.5C/0.0C,TW=4.08ms,App=1.94ms,GD=0.26ms,CPU&GPU=14.14ms,LCnt=3(DR0,LM2),GPU%=0.49,CPU%=0.16(W0.19),DSF=1.00,CFL=19.74/25.87,ICFLp95=24.26,LD=1,SF=1.21,LP=0,DVFS=0
12-16 16:25:18.108  5776  5933 I VrApi   : FPS=72/72,Prd=0ms,Tear=0,Early=0,Stale=12,Stale2/5/10/max=1/1/0/9,VSnc=1,Lat=0,Fov=0,CPU4/GPU=3/4,1382/525MHz,OC=FF,TA=0/70/0,SP=N/F/N,Mem=1804MHz,Free=7946MB,PLS=0,Temp=29.5C/0.0C,TW=3.93ms,App=1.96ms,GD=0.26ms,CPU&GPU=13.87ms,LCnt=3(DR0,LM2),GPU%=0.47,CPU%=0.12(W0.14),DSF=1.00,CFL=20.99/25.59,ICFLp95=24.56,LD=1,SF=1.21,LP=0,DVFS=0
12-16 16:25:19.100  5776  5933 I VrApi   : FPS=70/72,Prd=0ms,Tear=0,Early=0,Stale=0,Stale2/5/10/max=0/0/0/0,VSnc=1,Lat=0,Fov=0,CPU4/GPU=3/4,1382/525MHz,OC=FF,TA=0/70/0,SP=N/F/N,Mem=2092MHz,Free=7946MB,PLS=0,Temp=29.5C/0.0C,TW=3.96ms,App=1.84ms,GD=0.26ms,CPU&GPU=14.27ms,LCnt=3(DR0,LM2),GPU%=0.48,CPU%=0.14(W0.23),DSF=1.00,CFL=19.73/25.06,ICFLp95=23.46,LD=1,SF=1.21,LP=0,DVFS=0
12-16 16:25:19.879  5776  5801 W VrApi   : ovr_SubmitFrameInternal: FrameIndex discontinuity: Expected 69925, Received 69926
12-16 16:25:19.952  5776  5801 W VrApi   : ovr_SubmitFrameInternal: FrameIndex discontinuity: Expected 69929, Received 69930
12-16 16:25:20.100  5776  5933 I VrApi   : FPS=72/72,Prd=0ms,Tear=0,Early=0,Stale=6,Stale2/5/10/max=0/1/0/6,VSnc=1,Lat=0,Fov=0,CPU4/GPU=3/4,1382/525MHz,OC=FF,TA=0/70/0,SP=N/F/N,Mem=2092MHz,Free=7946MB,PLS=0,Temp=29.5C/0.0C,TW=4.08ms,App=2.05ms,GD=0.26ms,CPU&GPU=13.86ms,LCnt=3(DR0,LM2),GPU%=0.48,CPU%=0.15(W0.22),DSF=1.00,CFL=19.64/24.07,ICFLp95=22.55,LD=1,SF=1.21,LP=0,DVFS=0
12-16 16:25:21.100  5776  5933 I VrApi   : FPS=67/72,Prd=0ms,Tear=0,Early=0,Stale=2,Stale2/5/10/max=0/0/0/0,VSnc=1,Lat=0,Fov=0,CPU4/GPU=3/4,1382/525MHz,OC=FF,TA=0/70/0,SP=N/F/N,Mem=2092MHz,Free=7946MB,PLS=0,Temp=29.5C/0.0C,TW=4.10ms,App=1.71ms,GD=0.26ms,CPU&GPU=14.91ms,LCnt=3(DR0,LM2),GPU%=0.50,CPU%=0.11(W0.22),DSF=1.00,CFL=19.33/24.35,ICFLp95=22.44,LD=1,SF=1.21,LP=0,DVFS=0
12-16 16:25:21.855  5776  5801 W VrApi   : ovr_SubmitFrameInternal: FrameIndex discontinuity: Expected 70064, Received 70065
12-16 16:25:22.100  5776  5933 I VrApi   : FPS=73/72,Prd=0ms,Tear=0,Early=0,Stale=9,Stale2/5/10/max=0/0/1/11,VSnc=1,Lat=0,Fov=0,CPU4/GPU=3/4,1382/525MHz,OC=FF,TA=0/70/0,SP=N/F/N,Mem=2092MHz,Free=7946MB,PLS=0,Temp=29.5C/0.0C,TW=3.88ms,App=2.07ms,GD=0.26ms,CPU&GPU=13.85ms,LCnt=3(DR0,LM2),GPU%=0.46,CPU%=0.13(W0.14),DSF=1.00,CFL=19.16/24.34,ICFLp95=22.59,LD=1,SF=1.21,LP=0,DVFS=0
12-16 16:25:23.100  5776  5933 I VrApi   : FPS=69/72,Prd=0ms,Tear=0,Early=0,Stale=4,Stale2/5/10/max=0/0/0/0,VSnc=1,Lat=0,Fov=0,CPU4/GPU=3/4,1382/525MHz,OC=FF,TA=0/70/0,SP=N/F/N,Mem=2092MHz,Free=7946MB,PLS=0,Temp=29.2C/0.0C,TW=3.89ms,App=1.77ms,GD=0.26ms,CPU&GPU=14.44ms,LCnt=3(DR0,LM2),GPU%=0.47,CPU%=0.07(W0.10),DSF=1.00,CFL=19.19/24.08,ICFLp95=22.17,LD=1,SF=1.21,LP=0,DVFS=0
12-16 16:25:23.270  5776  5801 W VrApi   : ovr_SubmitFrameInternal: FrameIndex discontinuity: Expected 70166, Received 70167
12-16 16:25:24.100  5776  5933 I VrApi   : FPS=70/72,Prd=0ms,Tear=0,Early=0,Stale=2,Stale2/5/10/max=0/1/0/6,VSnc=1,Lat=0,Fov=0,CPU4/GPU=3/4,1382/525MHz,OC=FF,TA=0/70/0,SP=N/F/N,Mem=2092MHz,Free=7946MB,PLS=0,Temp=29.2C/0.0C,TW=4.08ms,App=2.05ms,GD=0.25ms,CPU&GPU=14.40ms,LCnt=3(DR0,LM2),GPU%=0.49,CPU%=0.14(W0.15),DSF=1.00,CFL=19.17/23.21,ICFLp95=21.81,LD=1,SF=1.21,LP=0,DVFS=0
12-16 16:25:24.590  5776  5801 W VrApi   : ovr_SubmitFrameInternal: FrameIndex discontinuity: Expected 70257, Received 70258
12-16 16:25:25.100  5776  5933 I VrApi   : FPS=69/72,Prd=0ms,Tear=0,Early=0,Stale=7,Stale2/5/10/max=3/0/0/3,VSnc=1,Lat=0,Fov=0,CPU4/GPU=3/4,1382/525MHz,OC=FF,TA=0/70/0,SP=N/F/N,Mem=2092MHz,Free=7946MB,PLS=0,Temp=29.2C/0.0C,TW=4.12ms,App=4.25ms,GD=0.26ms,CPU&GPU=14.44ms,LCnt=3(DR0,LM2),GPU%=0.49,CPU%=0.08(W0.11),DSF=1.00,CFL=19.51/24.71,ICFLp95=23.25,LD=1,SF=1.21,LP=0,DVFS=0
12-16 16:25:26.100  5776  5933 I VrApi   : FPS=71/72,Prd=0ms,Tear=0,Early=0,Stale=9,Stale2/5/10/max=0/1/0/8,VSnc=1,Lat=0,Fov=0,CPU4/GPU=3/4,1382/525MHz,OC=FF,TA=0/70/0,SP=N/F/N,Mem=1804MHz,Free=7946MB,PLS=0,Temp=29.2C/0.0C,TW=4.10ms,App=2.14ms,GD=0.26ms,CPU&GPU=13.86ms,LCnt=3(DR0,LM2),GPU%=0.50,CPU%=0.11(W0.23),DSF=1.00,CFL=19.30/23.84,ICFLp95=22.44,LD=1,SF=1.21,LP=0,DVFS=0
12-16 16:25:26.318  2936  3034 I VrApi   : OVR::Stats thread Resume
12-16 16:25:26.335  2936  3034 I VrApi   : OVR::Stats thread started
12-16 16:25:26.369  5776  5801 W VrApi   : ovr_SubmitFrameInternal: FrameIndex discontinuity: Expected 70386, Received 70385
12-16 16:25:26.372  5776  5801 I VrApi   : ---------- vrapi_LeaveVrMode [start] ----------
12-16 16:25:26.382  5776  5801 I VrApi   : OVR::Stats thread stopped
12-16 16:25:26.389  5776  5801 I VrApi   : ---------- vrapi_LeaveVrMode [end] ----------
12-16 16:25:32.733  2936  3034 I VrApi   : OVR::Stats thread Suspend
12-16 16:25:32.736  2936  3034 I VrApi   : OVR::Stats thread stopped
12-16 16:25:32.853  5776  5801 I VrApi   : ---------- vrapi_EnterVrMode [start] ----------
12-16 16:25:32.866  5776  5801 I VrApi   : ovrModeParms::VRAPI_MODE_FLAG_RESET_WINDOW_FULLSCREEN = 0
12-16 16:25:32.866  5776  5801 I VrApi   : ovrModeParms::VRAPI_MODE_FLAG_NATIVE_WINDOW = 1
12-16 16:25:32.866  5776  5801 I VrApi   : ovrModeParms::VRAPI_MODE_FLAG_FRONT_BUFFER_SRGB = 0
12-16 16:25:32.866  5776  5801 I VrApi   : ovrModeParms::VRAPI_MODE_FLAG_PHASE_SYNC = 0
12-16 16:25:32.866  5776  5801 I VrApi   : ovrModeParms::VRAPI_MODE_FLAG_APP_SPACE_WARP = 0
12-16 16:25:32.866  5776  5801 I VrApi   : PhaseSync disabled
12-16 16:25:32.866  5776  5801 W VrApi   : Operating without a sensor.
12-16 16:25:32.871  5776  5801 I VrApi   : Creating Default swapchain
12-16 16:25:32.871  5776  5801 I VrApi   : Creating Loading Icon swapchain
12-16 16:25:32.871  5776  5801 I VrApi   : OVR::Stats thread started
12-16 16:25:32.871  5776  5801 I VrApi   : Initial BaseVsync 144373 
12-16 16:25:32.872  5776  5801 I VrApi   : ---------- vrapi_EnterVrMode [end] ----------
12-16 16:25:32.948  5776  5801 I VrApi   : MakeNonblockingRequest: blocked for 4.32ms
12-16 16:25:32.953  2936  3034 I VrApi   : OVR::Stats thread Resume
12-16 16:25:32.973  2936  3034 I VrApi   : OVR::Stats thread started
12-16 16:25:33.085  5776  5801 W VrApi   : ovr_SubmitFrameInternal: FrameIndex discontinuity: Expected 70389, Received 70390
12-16 16:25:34.009  5776 13985 I VrApi   : FPS=58/72,Prd=0ms,Tear=0,Early=0,Stale=0,Stale2/5/10/max=0/0/0/0,VSnc=1,Lat=0,Fov=0,CPU4/GPU=3/4,1382/525MHz,OC=FF,TA=0/70/0,SP=N/F/N,Mem=2092MHz,Free=7880MB,PLS=0,Temp=29.5C/0.0C,TW=4.05ms,App=1.26ms,GD=0.35ms,CPU&GPU=116.11ms,LCnt=4(DR11,LM4),GPU%=0.52,CPU%=0.19(W0.26),DSF=1.00,CFL=17.36/27.16,ICFLp95=24.24,LD=0,SF=0.00,LP=0,DVFS=0
12-16 16:25:35.001  5776 13985 I VrApi   : FPS=65/72,Prd=0ms,Tear=0,Early=0,Stale=17,Stale2/5/10/max=1/0/1/15,VSnc=1,Lat=0,Fov=0,CPU4/GPU=3/4,1382/525MHz,OC=FF,TA=0/70/0,SP=N/F/N,Mem=1555MHz,Free=7880MB,PLS=0,Temp=29.5C/0.0C,TW=4.06ms,App=1.29ms,GD=0.47ms,CPU&GPU=15.55ms,LCnt=3(DR4,LM2),GPU%=0.51,CPU%=0.07(W0.10),DSF=1.00,CFL=17.18/26.95,ICFLp95=25.49,LD=1,SF=1.21,LP=0,DVFS=0
12-16 16:25:36.001  5776 13985 I VrApi   : FPS=72/72,Prd=0ms,Tear=0,Early=0,Stale=0,Stale2/5/10/max=0/0/0/0,VSnc=1,Lat=0,Fov=0,CPU4/GPU=3/4,1382/525MHz,OC=FF,TA=0/70/0,SP=N/F/N,Mem=2092MHz,Free=7880MB,PLS=0,Temp=29.5C/0.0C,TW=4.18ms,App=2.18ms,GD=0.25ms,CPU&GPU=13.86ms,LCnt=3(DR0,LM2),GPU%=0.50,CPU%=0.24(W0.28),DSF=1.00,CFL=19.54/24.63,ICFLp95=23.16,LD=1,SF=1.21,LP=0,DVFS=0
12-16 16:25:37.001  5776 13985 I VrApi   : FPS=72/72,Prd=0ms,Tear=0,Early=0,Stale=4,Stale2/5/10/max=2/0/0/2,VSnc=1,Lat=0,Fov=0,CPU4/GPU=3/4,1382/525MHz,OC=FF,TA=0/70/0,SP=N/F/N,Mem=2092MHz,Free=7880MB,PLS=0,Temp=29.5C/0.0C,TW=4.18ms,App=2.22ms,GD=0.26ms,CPU&GPU=13.44ms,LCnt=3(DR0,LM2),GPU%=0.51,CPU%=0.15(W0.19),DSF=1.00,CFL=19.52/24.34,ICFLp95=22.80,LD=1,SF=1.21,LP=0,DVFS=0
12-16 16:25:37.899  2936  3034 I VrApi   : OVR::Stats thread Suspend
12-16 16:25:37.906  2936  3034 I VrApi   : OVR::Stats thread stopped
12-16 16:25:38.001  5776 13985 I VrApi   : FPS=72/72,Prd=0ms,Tear=0,Early=0,Stale=2,Stale2/5/10/max=0/0/0/1,VSnc=1,Lat=0,Fov=0,CPU4/GPU=3/4,1382/525MHz,OC=FF,TA=0/70/0,SP=N/F/N,Mem=2092MHz,Free=7880MB,PLS=0,Temp=29.5C/0.0C,TW=4.19ms,App=2.36ms,GD=0.26ms,CPU&GPU=13.86ms,LCnt=3(DR0,LM2),GPU%=0.51,CPU%=0.09(W0.15),DSF=1.00,CFL=19.31/24.19,ICFLp95=22.38,LD=1,SF=1.21,LP=0,DVFS=0
12-16 16:25:38.790  5776  5801 W VrApi   : ovr_SubmitFrameInternal: FrameIndex discontinuity: Expected 70778, Received 70779
12-16 16:25:38.809  5776  5801 W VrApi   : ovr_SubmitFrameInternal: FrameIndex discontinuity: Expected 70780, Received 70781
12-16 16:25:38.860  5776  5801 W VrApi   : ovr_SubmitFrameInternal: FrameIndex discontinuity: Expected 70786, Received 70787
12-16 16:25:38.888  5776  5801 W VrApi   : ovr_SubmitFrameInternal: FrameIndex discontinuity: Expected 70789, Received 70790
12-16 16:25:38.919  5776  5801 W VrApi   : ovr_SubmitFrameInternal: FrameIndex discontinuity: Expected 70792, Received 70793
12-16 16:25:38.947  5776  5801 W VrApi   : ovr_SubmitFrameInternal: FrameIndex discontinuity: Expected 70795, Received 70796
12-16 16:25:39.001  5776 13985 I VrApi   : FPS=72/72,Prd=0ms,Tear=0,Early=0,Stale=5,Stale2/5/10/max=1/0/0/2,VSnc=1,Lat=0,Fov=0,CPU4/GPU=3/4,1382/525MHz,OC=FF,TA=0/70/0,SP=N/F/N,Mem=2092MHz,Free=7880MB,PLS=0,Temp=29.5C/0.0C,TW=4.18ms,App=11.81ms,GD=0.25ms,CPU&GPU=14.01ms,LCnt=3(DR0,LM2),GPU%=0.49,CPU%=0.09(W0.14),DSF=1.00,CFL=19.44/23.23,ICFLp95=22.24,LD=1,SF=1.21,LP=0,DVFS=0
12-16 16:25:40.001  5776 13985 I VrApi   : FPS=51/72,Prd=0ms,Tear=0,Early=0,Stale=42,Stale2/5/10/max=0/0/0/0,VSnc=1,Lat=0,Fov=0,CPU4/GPU=3/4,1382/525MHz,OC=FF,TA=0/70/0,SP=N/F/N,Mem=2092MHz,Free=7880MB,PLS=0,Temp=29.5C/0.0C,TW=4.26ms,App=0.45ms,GD=0.26ms,CPU&GPU=17.70ms,LCnt=3(DR0,LM2),GPU%=0.52,CPU%=0.13(W0.19),DSF=1.00,CFL=19.80/25.95,ICFLp95=25.49,LD=1,SF=1.21,LP=0,DVFS=0
12-16 16:25:41.001  5776 13985 I VrApi   : FPS=70/72,Prd=0ms,Tear=0,Early=0,Stale=6,Stale2/5/10/max=1/0/1/44,VSnc=1,Lat=0,Fov=0,CPU4/GPU=3/4,1382/525MHz,OC=FF,TA=0/70/0,SP=N/F/N,Mem=2092MHz,Free=7880MB,PLS=0,Temp=29.5C/0.0C,TW=4.22ms,App=2.06ms,GD=0.25ms,CPU&GPU=14.09ms,LCnt=3(DR0,LM2),GPU%=0.51,CPU%=0.18(W0.26),DSF=1.00,CFL=21.01/25.82,ICFLp95=24.29,LD=1,SF=1.21,LP=0,DVFS=0
12-16 16:25:42.001  5776 13985 I VrApi   : FPS=72/72,Prd=0ms,Tear=0,Early=0,Stale=0,Stale2/5/10/max=0/0/0/0,VSnc=1,Lat=0,Fov=0,CPU4/GPU=3/4,1382/525MHz,OC=FF,TA=0/70/0,SP=N/F/N,Mem=2092MHz,Free=7880MB,PLS=0,Temp=29.5C/0.0C,TW=4.24ms,App=2.35ms,GD=0.25ms,CPU&GPU=13.86ms,LCnt=3(DR0,LM2),GPU%=0.50,CPU%=0.17(W0.23),DSF=1.00,CFL=20.04/24.71,ICFLp95=22.90,LD=1,SF=1.21,LP=0,DVFS=0
12-16 16:25:43.001  5776 13985 I VrApi   : FPS=72/72,Prd=0ms,Tear=0,Early=0,Stale=0,Stale2/5/10/max=0/0/0/0,VSnc=1,Lat=0,Fov=0,CPU4/GPU=3/4,1382/525MHz,OC=FF,TA=0/70/0,SP=N/F/N,Mem=2092MHz,Free=7880MB,PLS=0,Temp=29.5C/0.0C,TW=4.17ms,App=2.24ms,GD=0.26ms,CPU&GPU=13.86ms,LCnt=3(DR0,LM2),GPU%=0.50,CPU%=0.16(W0.22),DSF=1.00,CFL=19.30/23.31,ICFLp95=22.38,LD=1,SF=1.21,LP=0,DVFS=0
12-16 16:25:43.501  5776  5801 W VrApi   : ovr_SubmitFrameInternal: FrameIndex discontinuity: Expected 71096, Received 71097
