--------- beginning of main
01-16 14:13:15.006  2265 28953 I VrApi   : FPS=90/90,Prd=29ms,Tear=0,Early=0,Stale=0,Stale2/5/10/max=0/0/0/0,VSnc=1,Lat=-1,Fov=0,CPU4/GPU=2/3,1478/490MHz,OC=FF,TA=0/70/0,SP=N/F/N,Mem=2092MHz,Free=8217MB,PLS=0,Temp=28.5C/0.0C,TW=1.38ms,App=4.34ms,GD=0.00ms,CPU&GPU=5.83ms,LCnt=2(DR90,LM0),GPU%=0.54,CPU%=0.30(W0.41),DSF=1.00,CFL=15.34/19.38,ICFLp95=18.15,LD=0,SF=1.00,LP=0,DVFS=0
01-16 14:13:15.074  2265  2826 I VrApi   : OVR::Stats thread Suspend
01-16 14:13:15.085  2265  2826 I VrApi   : OVR::Stats thread stopped
01-16 14:13:15.181  2479  2822 I VrApi   : OVR::Stats thread Suspend
01-16 14:13:15.192  2479  2822 I VrApi   : OVR::Stats thread stopped
01-16 14:13:15.511 29334 29356 I VrApi   : ----------- vrapi_Initialize [start] ----------
01-16 14:13:15.521 29334 29356 I VrApi   : Client type: 0 flags: 0x0 placement: 0
01-16 14:13:15.655 29334 29356 I VrApi   : vrapi_Initialize: Connected to VrRuntimeService after 0.133221s
01-16 14:13:15.796 29334 29356 I VrApi   : SkipPushFinalBlack=1
01-16 14:13:15.796 29334 29356 I VrApi   : isActivityFocusAware = 1
01-16 14:13:15.796 29334 29356 W VrApi   : Disable OVRMOBILE_FREE_ON_LEAVE for Unity package: com.vertigogames.azsq
01-16 14:13:15.807 29334 29356 I VrApi   : ----------- vrapi_Initialize [end] ----------
01-16 14:13:15.807 29334 29356 I VrApi   : ------------ vrapi_Shutdown [start] -----------
01-16 14:13:15.807 29334 29356 W VrApi   : IsOvrValid: ovr == nullptr. Package: com.vertigogames.azsq
01-16 14:13:15.810 29334 29356 I VrApi   : ------------ vrapi_Shutdown [end] -----------
01-16 14:13:15.815 29334 29356 I VrApi   : ----------- vrapi_Initialize [start] ----------
01-16 14:13:15.924 29334 29356 I VrApi   : Client type: 0 flags: 0x0 placement: 0
01-16 14:13:16.047 29334 29356 I VrApi   : vrapi_Initialize: Connected to VrRuntimeService after 0.123296s
01-16 14:13:16.176 29334 29356 I VrApi   : SkipPushFinalBlack=1
01-16 14:13:16.176 29334 29356 I VrApi   : isActivityFocusAware = 1
01-16 14:13:16.176 29334 29356 W VrApi   : Disable OVRMOBILE_FREE_ON_LEAVE for Unity package: com.vertigogames.azsq
01-16 14:13:16.185 29334 29356 I VrApi   : ----------- vrapi_Initialize [end] ----------
01-16 14:13:16.187 29334 29356 W VrApi   : vrapi_LocateTrackingSpace: ovr == NULL
01-16 14:13:16.188 29334 29385 I VrApi   : ---------- vrapi_EnterVrMode [start] ----------
01-16 14:13:16.211 29334 29385 I VrApi   : ovrModeParms::VRAPI_MODE_FLAG_RESET_WINDOW_FULLSCREEN = 1
01-16 14:13:16.211 29334 29385 I VrApi   : ovrModeParms::VRAPI_MODE_FLAG_NATIVE_WINDOW = 1
01-16 14:13:16.211 29334 29385 I VrApi   : ovrModeParms::VRAPI_MODE_FLAG_FRONT_BUFFER_SRGB = 1
01-16 14:13:16.211 29334 29385 I VrApi   : ovrModeParms::VRAPI_MODE_FLAG_PHASE_SYNC = 0
01-16 14:13:16.211 29334 29385 I VrApi   : ovrModeParms::VRAPI_MODE_FLAG_APP_SPACE_WARP = 0
01-16 14:13:16.211 29334 29385 I VrApi   : PhaseSync disabled
01-16 14:13:16.211 29334 29385 I VrApi   : HMD sensor attached.
01-16 14:13:16.219 29334 29385 I VrApi   : Creating Default swapchain
01-16 14:13:16.219 29334 29385 I VrApi   : Creating Loading Icon swapchain
01-16 14:13:16.219 29334 29385 I VrApi   : OVR::Stats thread started
01-16 14:13:16.219 29334 29385 I VrApi   : Initial BaseVsync 82124 
01-16 14:13:16.219 29334 29385 I VrApi   : ---------- vrapi_EnterVrMode [end] ----------
01-16 14:13:16.489 29334 29385 W VrApi   : Time to first swap: 0.985 seconds
01-16 14:13:18.010 29334 29479 I VrApi   : FPS=72/72,Prd=48ms,Tear=0,Early=73,Stale=0,Stale2/5/10/max=0/0/0/0,VSnc=1,Lat=1,Fov=0,CPU4/GPU=5/4,2419/525MHz,OC=FF,TA=0/0/0,SP=N/N/N,Mem=2092MHz,Free=8005MB,PLS=0,Temp=28.5C/0.0C,TW=3.91ms,App=0.62ms,GD=0.00ms,CPU&GPU=2.45ms,LCnt=7(DR0,LM0),GPU%=0.35,CPU%=0.30(W0.39),DSF=1.00,CFL=16.31/28.06,ICFLp95=28.16,LD=0,SF=1.00,LP=0,DVFS=0
01-16 14:13:19.001 29334 29479 I VrApi   : FPS=72/72,Prd=52ms,Tear=0,Early=74,Stale=0,Stale2/5/10/max=0/0/0/0,VSnc=1,Lat=1,Fov=0,CPU4/GPU=5/3,1478/525MHz,OC=FF,TA=0/0/0,SP=N/N/N,Mem=2092MHz,Free=8005MB,PLS=0,Temp=28.5C/0.0C,TW=1.29ms,App=0.31ms,GD=0.00ms,CPU&GPU=1.76ms,LCnt=2(DR0,LM0),GPU%=0.14,CPU%=0.14(W0.18),DSF=1.00,CFL=16.78/27.08,ICFLp95=26.70,LD=0,SF=1.00,LP=0,DVFS=0
01-16 14:13:20.001 29334 29479 I VrApi   : FPS=72/72,Prd=50ms,Tear=0,Early=72,Stale=0,Stale2/5/10/max=0/0/0/0,VSnc=1,Lat=1,Fov=0,CPU4/GPU=5/2,1478/490MHz,OC=FF,TA=0/0/0,SP=N/N/N,Mem=2092MHz,Free=8005MB,PLS=0,Temp=28.5C/0.0C,TW=1.43ms,App=0.32ms,GD=0.00ms,CPU&GPU=1.26ms,LCnt=2(DR0,LM0),GPU%=0.14,CPU%=0.18(W0.25),DSF=1.00,CFL=18.89/24.49,ICFLp95=23.13,LD=0,SF=1.00,LP=0,DVFS=0
01-16 14:13:21.001 29334 29479 I VrApi   : FPS=72/72,Prd=47ms,Tear=0,Early=72,Stale=0,Stale2/5/10/max=0/0/0/0,VSnc=1,Lat=1,Fov=0,CPU4/GPU=5/2,1478/441MHz,OC=FF,TA=0/0/0,SP=N/N/N,Mem=2092MHz,Free=8005MB,PLS=0,Temp=28.5C/0.0C,TW=1.42ms,App=0.35ms,GD=0.00ms,CPU&GPU=1.26ms,LCnt=2(DR0,LM0),GPU%=0.14,CPU%=0.12(W0.15),DSF=1.00,CFL=16.93/21.78,ICFLp95=20.52,LD=0,SF=1.00,LP=0,DVFS=0
01-16 14:13:22.001 29334 29479 I VrApi   : FPS=72/72,Prd=46ms,Tear=0,Early=72,Stale=0,Stale2/5/10/max=0/0/0/0,VSnc=1,Lat=1,Fov=0,CPU4/GPU=5/2,1478/441MHz,OC=FF,TA=0/0/0,SP=N/N/N,Mem=2092MHz,Free=8005MB,PLS=0,Temp=28.5C/0.0C,TW=1.43ms,App=0.35ms,GD=0.00ms,CPU&GPU=1.30ms,LCnt=2(DR0,LM0),GPU%=0.14,CPU%=0.14(W0.18),DSF=1.00,CFL=16.61/20.25,ICFLp95=19.19,LD=0,SF=1.00,LP=0,DVFS=0
01-16 14:13:22.685  3186  3386 I VrApi   : OVR::Stats thread Suspend
01-16 14:13:22.690  3186  3386 I VrApi   : OVR::Stats thread stopped
01-16 14:13:23.001 29334 29479 I VrApi   : FPS=72/72,Prd=45ms,Tear=0,Early=72,Stale=0,Stale2/5/10/max=0/0/0/0,VSnc=1,Lat=1,Fov=0,CPU4/GPU=5/2,1478/441MHz,OC=FF,TA=0/0/0,SP=N/N/N,Mem=2092MHz,Free=8005MB,PLS=0,Temp=28.5C/0.0C,TW=1.42ms,App=0.36ms,GD=0.00ms,CPU&GPU=1.26ms,LCnt=2(DR0,LM0),GPU%=0.14,CPU%=0.14(W0.24),DSF=1.00,CFL=15.62/19.50,ICFLp95=18.58,LD=0,SF=1.00,LP=0,DVFS=0
01-16 14:13:24.001 29334 29479 I VrApi   : FPS=72/72,Prd=44ms,Tear=0,Early=71,Stale=1,Stale2/5/10/max=0/0/0/1,VSnc=1,Lat=1,Fov=0,CPU4/GPU=5/2,2419/441MHz,OC=FF,TA=0/0/0,SP=N/N/N,Mem=2092MHz,Free=8005MB,PLS=0,Temp=28.5C/0.0C,TW=1.43ms,App=0.44ms,GD=0.00ms,CPU&GPU=1.13ms,LCnt=2(DR0,LM0),GPU%=0.14,CPU%=0.48(W0.82),DSF=1.00,CFL=15.76/19.28,ICFLp95=18.33,LD=0,SF=1.00,LP=0,DVFS=0
01-16 14:13:25.001 29334 29479 I VrApi   : FPS=72/72,Prd=44ms,Tear=0,Early=71,Stale=1,Stale2/5/10/max=0/0/0/1,VSnc=1,Lat=1,Fov=0,CPU4/GPU=5/2,2419/441MHz,OC=FF,TA=0/0/0,SP=N/N/N,Mem=2092MHz,Free=8005MB,PLS=0,Temp=28.5C/0.0C,TW=1.43ms,App=0.44ms,GD=0.00ms,CPU&GPU=1.13ms,LCnt=2(DR0,LM0),GPU%=0.14,CPU%=0.48(W0.82),DSF=1.00,CFL=15.76/19.28,ICFLp95=18.33,LD=0,SF=1.00,LP=0,DVFS=0
01-16 14:13:26.001 29334 29479 I VrApi   : FPS=72/72,Prd=44ms,Tear=0,Early=71,Stale=1,Stale2/5/10/max=0/0/0/1,VSnc=1,Lat=1,Fov=0,CPU4/GPU=5/2,2419/441MHz,OC=FF,TA=0/0/0,SP=N/N/N,Mem=2092MHz,Free=8005MB,PLS=0,Temp=28.5C/0.0C,TW=1.43ms,App=0.44ms,GD=0.00ms,CPU&GPU=1.13ms,LCnt=2(DR0,LM0),GPU%=0.14,CPU%=0.48(W0.82),DSF=1.00,CFL=15.76/19.28,ICFLp95=18.33,LD=0,SF=1.00,LP=0,DVFS=0
01-16 14:13:27.001 29334 29479 I VrApi   : FPS=72/72,Prd=44ms,Tear=0,Early=71,Stale=1,Stale2/5/10/max=0/0/0/1,VSnc=1,Lat=1,Fov=0,CPU4/GPU=5/2,2419/441MHz,OC=FF,TA=0/0/0,SP=N/N/N,Mem=2092MHz,Free=8005MB,PLS=0,Temp=28.5C/0.0C,TW=1.43ms,App=0.44ms,GD=0.00ms,CPU&GPU=1.13ms,LCnt=2(DR0,LM0),GPU%=0.14,CPU%=0.48(W0.82),DSF=1.00,CFL=15.76/19.28,ICFLp95=18.33,LD=0,SF=1.00,LP=0,DVFS=0
01-16 14:13:28.001 29334 29479 I VrApi   : FPS=72/72,Prd=44ms,Tear=0,Early=71,Stale=1,Stale2/5/10/max=0/0/0/1,VSnc=1,Lat=1,Fov=0,CPU4/GPU=5/2,2419/441MHz,OC=FF,TA=0/0/0,SP=N/N/N,Mem=2092MHz,Free=8005MB,PLS=0,Temp=28.5C/0.0C,TW=1.43ms,App=0.44ms,GD=0.00ms,CPU&GPU=1.13ms,LCnt=2(DR0,LM0),GPU%=0.14,CPU%=0.48(W0.82),DSF=1.00,CFL=15.76/19.28,ICFLp95=18.33,LD=0,SF=1.00,LP=0,DVFS=0
01-16 14:13:29.001 29334 29479 I VrApi   : FPS=72/72,Prd=44ms,Tear=0,Early=71,Stale=1,Stale2/5/10/max=0/0/0/1,VSnc=1,Lat=1,Fov=0,CPU4/GPU=5/2,2419/441MHz,OC=FF,TA=0/0/0,SP=N/N/N,Mem=2092MHz,Free=8005MB,PLS=0,Temp=28.5C/0.0C,TW=1.43ms,App=0.44ms,GD=0.00ms,CPU&GPU=1.13ms,LCnt=2(DR0,LM0),GPU%=0.14,CPU%=0.48(W0.82),DSF=1.00,CFL=15.76/19.28,ICFLp95=18.33,LD=0,SF=1.00,LP=0,DVFS=0
01-16 14:13:30.001 29334 29479 I VrApi   : FPS=72/72,Prd=44ms,Tear=0,Early=71,Stale=1,Stale2/5/10/max=0/0/0/1,VSnc=1,Lat=1,Fov=0,CPU4/GPU=5/2,2419/441MHz,OC=FF,TA=0/0/0,SP=N/N/N,Mem=2092MHz,Free=8005MB,PLS=0,Temp=28.5C/0.0C,TW=1.43ms,App=0.44ms,GD=0.00ms,CPU&GPU=1.13ms,LCnt=2(DR0,LM0),GPU%=0.14,CPU%=0.48(W0.82),DSF=1.00,CFL=15.76/19.28,ICFLp95=18.33,LD=0,SF=1.00,LP=0,DVFS=0
01-16 14:13:31.002 29334 29479 I VrApi   : FPS=72/72,Prd=44ms,Tear=0,Early=71,Stale=1,Stale2/5/10/max=0/0/0/1,VSnc=1,Lat=1,Fov=0,CPU4/GPU=5/2,2419/441MHz,OC=FF,TA=0/0/0,SP=N/N/N,Mem=2092MHz,Free=8005MB,PLS=0,Temp=28.5C/0.0C,TW=1.43ms,App=0.44ms,GD=0.00ms,CPU&GPU=1.13ms,LCnt=2(DR0,LM0),GPU%=0.14,CPU%=0.48(W0.82),DSF=1.00,CFL=15.76/19.28,ICFLp95=18.33,LD=0,SF=1.00,LP=0,DVFS=0
01-16 14:13:32.002 29334 29479 I VrApi   : FPS=72/72,Prd=44ms,Tear=0,Early=71,Stale=1,Stale2/5/10/max=0/0/0/1,VSnc=1,Lat=1,Fov=0,CPU4/GPU=5/2,2419/441MHz,OC=FF,TA=0/0/0,SP=N/N/N,Mem=2092MHz,Free=8005MB,PLS=0,Temp=28.5C/0.0C,TW=1.43ms,App=0.44ms,GD=0.00ms,CPU&GPU=1.13ms,LCnt=2(DR0,LM0),GPU%=0.14,CPU%=0.48(W0.82),DSF=1.00,CFL=15.76/19.28,ICFLp95=18.33,LD=0,SF=1.00,LP=0,DVFS=0
01-16 14:13:33.002 29334 29479 I VrApi   : FPS=72/72,Prd=44ms,Tear=0,Early=71,Stale=1,Stale2/5/10/max=0/0/0/1,VSnc=1,Lat=1,Fov=0,CPU4/GPU=5/2,2419/441MHz,OC=FF,TA=0/0/0,SP=N/N/N,Mem=2092MHz,Free=8005MB,PLS=0,Temp=28.5C/0.0C,TW=1.43ms,App=0.44ms,GD=0.00ms,CPU&GPU=1.13ms,LCnt=2(DR0,LM0),GPU%=0.14,CPU%=0.48(W0.82),DSF=1.00,CFL=15.76/19.28,ICFLp95=18.33,LD=0,SF=1.00,LP=0,DVFS=0
01-16 14:13:34.002 29334 29479 I VrApi   : FPS=72/72,Prd=44ms,Tear=0,Early=71,Stale=1,Stale2/5/10/max=0/0/0/1,VSnc=1,Lat=1,Fov=0,CPU4/GPU=5/2,2419/441MHz,OC=FF,TA=0/0/0,SP=N/N/N,Mem=2092MHz,Free=8005MB,PLS=0,Temp=28.5C/0.0C,TW=1.43ms,App=0.44ms,GD=0.00ms,CPU&GPU=1.13ms,LCnt=2(DR0,LM0),GPU%=0.14,CPU%=0.48(W0.82),DSF=1.00,CFL=15.76/19.28,ICFLp95=18.33,LD=0,SF=1.00,LP=0,DVFS=0
01-16 14:13:35.002 29334 29479 I VrApi   : FPS=72/72,Prd=44ms,Tear=0,Early=71,Stale=1,Stale2/5/10/max=0/0/0/1,VSnc=1,Lat=1,Fov=0,CPU4/GPU=5/2,2419/441MHz,OC=FF,TA=0/0/0,SP=N/N/N,Mem=2092MHz,Free=8005MB,PLS=0,Temp=28.5C/0.0C,TW=1.43ms,App=0.44ms,GD=0.00ms,CPU&GPU=1.13ms,LCnt=2(DR0,LM0),GPU%=0.14,CPU%=0.48(W0.82),DSF=1.00,CFL=15.76/19.28,ICFLp95=18.33,LD=0,SF=1.00,LP=0,DVFS=0
01-16 14:13:36.002 29334 29479 I VrApi   : FPS=72/72,Prd=44ms,Tear=0,Early=71,Stale=1,Stale2/5/10/max=0/0/0/1,VSnc=1,Lat=1,Fov=0,CPU4/GPU=5/2,2419/441MHz,OC=FF,TA=0/0/0,SP=N/N/N,Mem=2092MHz,Free=8005MB,PLS=0,Temp=28.5C/0.0C,TW=1.43ms,App=0.44ms,GD=0.00ms,CPU&GPU=1.13ms,LCnt=2(DR0,LM0),GPU%=0.14,CPU%=0.48(W0.82),DSF=1.00,CFL=15.76/19.28,ICFLp95=18.33,LD=0,SF=1.00,LP=0,DVFS=0
01-16 14:13:37.002 29334 29479 I VrApi   : FPS=72/72,Prd=44ms,Tear=0,Early=71,Stale=1,Stale2/5/10/max=0/0/0/1,VSnc=1,Lat=1,Fov=0,CPU4/GPU=5/2,2419/441MHz,OC=FF,TA=0/0/0,SP=N/N/N,Mem=2092MHz,Free=8005MB,PLS=0,Temp=28.5C/0.0C,TW=1.43ms,App=0.44ms,GD=0.00ms,CPU&GPU=1.13ms,LCnt=2(DR0,LM0),GPU%=0.14,CPU%=0.48(W0.82),DSF=1.00,CFL=15.76/19.28,ICFLp95=18.33,LD=0,SF=1.00,LP=0,DVFS=0
01-16 14:13:38.031 29334 29479 I VrApi   : FPS=72/72,Prd=44ms,Tear=0,Early=71,Stale=1,Stale2/5/10/max=0/0/0/1,VSnc=1,Lat=1,Fov=0,CPU4/GPU=5/2,2419/441MHz,OC=FF,TA=0/0/0,SP=N/N/N,Mem=2092MHz,Free=6732MB,PLS=0,Temp=28.5C/0.0C,TW=1.43ms,App=0.44ms,GD=0.00ms,CPU&GPU=1.13ms,LCnt=2(DR0,LM0),GPU%=0.14,CPU%=0.48(W0.82),DSF=1.00,CFL=15.76/19.28,ICFLp95=18.33,LD=0,SF=1.00,LP=0,DVFS=0
01-16 14:13:39.002 29334 29479 I VrApi   : FPS=72/72,Prd=44ms,Tear=0,Early=71,Stale=1,Stale2/5/10/max=0/0/0/1,VSnc=1,Lat=1,Fov=0,CPU4/GPU=5/2,2419/441MHz,OC=FF,TA=0/0/0,SP=N/N/N,Mem=2092MHz,Free=6732MB,PLS=0,Temp=28.5C/0.0C,TW=1.43ms,App=0.44ms,GD=0.00ms,CPU&GPU=1.13ms,LCnt=2(DR0,LM0),GPU%=0.14,CPU%=0.48(W0.82),DSF=1.00,CFL=15.76/19.28,ICFLp95=18.33,LD=0,SF=1.00,LP=0,DVFS=0
01-16 14:13:40.002 29334 29479 I VrApi   : FPS=72/72,Prd=44ms,Tear=0,Early=71,Stale=1,Stale2/5/10/max=0/0/0/1,VSnc=1,Lat=1,Fov=0,CPU4/GPU=5/2,2419/441MHz,OC=FF,TA=0/0/0,SP=N/N/N,Mem=2092MHz,Free=6732MB,PLS=0,Temp=28.5C/0.0C,TW=1.43ms,App=0.44ms,GD=0.00ms,CPU&GPU=1.13ms,LCnt=2(DR0,LM0),GPU%=0.14,CPU%=0.48(W0.82),DSF=1.00,CFL=15.76/19.28,ICFLp95=18.33,LD=0,SF=1.00,LP=0,DVFS=0
01-16 14:13:41.002 29334 29479 I VrApi   : FPS=63/72,Prd=44ms,Tear=0,Early=0,Stale=72,Stale2/5/10/max=0/0/0/0,VSnc=1,Lat=1,Fov=0,CPU4/GPU=5/2,2419/441MHz,OC=FF,TA=0/0/0,SP=N/N/N,Mem=2092MHz,Free=6732MB,PLS=0,Temp=28.0C/0.0C,TW=0.77ms,App=1.06ms,GD=0.00ms,CPU&GPU=1.04ms,LCnt=2(DR0,LM0),GPU%=0.10,CPU%=0.37(W0.48),DSF=1.00,CFL=15.35/19.19,ICFLp95=18.16,LD=0,SF=1.00,LP=0,DVFS=0
01-16 14:13:42.002 29334 29479 I VrApi   : FPS=41/72,Prd=33ms,Tear=0,Early=8,Stale=63,Stale2/5/10/max=0/1/1/1142,VSnc=1,Lat=1,Fov=0,CPU4/GPU=5/2,1478/441MHz,OC=FF,TA=0/0/0,SP=N/N/N,Mem=2092MHz,Free=6732MB,PLS=0,Temp=28.0C/0.0C,TW=0.78ms,App=0.84ms,GD=0.00ms,CPU&GPU=10.40ms,LCnt=1(DR26,LM0),GPU%=0.17,CPU%=0.26(W0.27),DSF=1.00,CFL=15.79/19.91,ICFLp95=18.56,LD=0,SF=1.00,LP=0,DVFS=0
01-16 14:13:43.002 29334 29479 I VrApi   : FPS=72/72,Prd=44ms,Tear=0,Early=49,Stale=26,Stale2/5/10/max=1/1/1/19,VSnc=1,Lat=1,Fov=0,CPU4/GPU=5/2,1478/441MHz,OC=FF,TA=0/0/0,SP=N/N/N,Mem=2092MHz,Free=6732MB,PLS=0,Temp=27.7C/0.0C,TW=0.78ms,App=1.03ms,GD=0.00ms,CPU&GPU=3.56ms,LCnt=1(DR72,LM0),GPU%=0.15,CPU%=0.15(W0.24),DSF=1.00,CFL=15.85/19.73,ICFLp95=18.44,LD=0,SF=1.00,LP=0,DVFS=0
01-16 14:13:44.002 29334 29479 I VrApi   : FPS=72/72,Prd=44ms,Tear=0,Early=72,Stale=0,Stale2/5/10/max=0/0/0/0,VSnc=1,Lat=1,Fov=0,CPU4/GPU=5/2,1478/441MHz,OC=FF,TA=0/0/0,SP=N/N/N,Mem=2092MHz,Free=6732MB,PLS=0,Temp=27.7C/0.0C,TW=0.75ms,App=1.04ms,GD=0.00ms,CPU&GPU=3.22ms,LCnt=1(DR72,LM0),GPU%=0.15,CPU%=0.21(W0.25),DSF=1.00,CFL=15.30/18.98,ICFLp95=17.80,LD=0,SF=1.00,LP=0,DVFS=0
01-16 14:13:45.002 29334 29479 I VrApi   : FPS=72/72,Prd=43ms,Tear=0,Early=72,Stale=0,Stale2/5/10/max=0/0/0/0,VSnc=1,Lat=1,Fov=0,CPU4/GPU=5/2,2419/441MHz,OC=FF,TA=0/0/0,SP=N/N/N,Mem=2092MHz,Free=6732MB,PLS=0,Temp=27.7C/0.0C,TW=0.74ms,App=0.91ms,GD=0.00ms,CPU&GPU=2.84ms,LCnt=1(DR72,LM0),GPU%=0.14,CPU%=0.51(W0.76),DSF=1.00,CFL=15.30/18.98,ICFLp95=17.80,LD=0,SF=1.00,LP=0,DVFS=0
01-16 14:13:46.003 29334 29479 I VrApi   : FPS=72/72,Prd=42ms,Tear=0,Early=72,Stale=0,Stale2/5/10/max=0/0/0/0,VSnc=1,Lat=1,Fov=0,CPU4/GPU=5/2,1478/441MHz,OC=FF,TA=0/0/0,SP=N/N/N,Mem=2092MHz,Free=6732MB,PLS=0,Temp=27.7C/0.0C,TW=0.74ms,App=0.98ms,GD=0.00ms,CPU&GPU=2.57ms,LCnt=1(DR72,LM0),GPU%=0.14,CPU%=0.23(W0.30),DSF=1.00,CFL=15.15/19.10,ICFLp95=17.76,LD=0,SF=1.00,LP=0,DVFS=0
01-16 14:13:47.003 29334 29479 I VrApi   : FPS=72/72,Prd=44ms,Tear=0,Early=72,Stale=0,Stale2/5/10/max=0/0/0/0,VSnc=1,Lat=1,Fov=0,CPU4/GPU=5/2,1478/441MHz,OC=FF,TA=0/0/0,SP=N/N/N,Mem=2092MHz,Free=6732MB,PLS=0,Temp=27.7C/0.0C,TW=0.74ms,App=1.04ms,GD=0.00ms,CPU&GPU=3.08ms,LCnt=1(DR72,LM0),GPU%=0.15,CPU%=0.21(W0.25),DSF=1.00,CFL=15.12/19.21,ICFLp95=17.74,LD=0,SF=1.00,LP=0,DVFS=0
01-16 14:13:48.003 29334 29479 I VrApi   : FPS=72/72,Prd=43ms,Tear=0,Early=72,Stale=0,Stale2/5/10/max=0/0/0/0,VSnc=1,Lat=1,Fov=0,CPU4/GPU=5/2,1478/441MHz,OC=FF,TA=0/0/0,SP=N/N/N,Mem=2092MHz,Free=6732MB,PLS=0,Temp=27.7C/0.0C,TW=0.75ms,App=1.02ms,GD=0.00ms,CPU&GPU=3.03ms,LCnt=1(DR72,LM0),GPU%=0.15,CPU%=0.22(W0.32),DSF=1.00,CFL=15.22/19.01,ICFLp95=17.72,LD=0,SF=1.00,LP=0,DVFS=0
01-16 14:13:49.003 29334 29479 I VrApi   : FPS=72/72,Prd=43ms,Tear=0,Early=72,Stale=0,Stale2/5/10/max=0/0/0/0,VSnc=1,Lat=1,Fov=0,CPU4/GPU=5/2,1478/441MHz,OC=FF,TA=0/0/0,SP=N/N/N,Mem=2092MHz,Free=6732MB,PLS=0,Temp=27.7C/0.0C,TW=0.75ms,App=1.01ms,GD=0.00ms,CPU&GPU=3.07ms,LCnt=1(DR72,LM0),GPU%=0.15,CPU%=0.17(W0.29),DSF=1.00,CFL=15.16/18.84,ICFLp95=17.75,LD=0,SF=1.00,LP=0,DVFS=0
01-16 14:13:50.003 29334 29479 I VrApi   : FPS=72/72,Prd=43ms,Tear=0,Early=72,Stale=0,Stale2/5/10/max=0/0/0/0,VSnc=1,Lat=1,Fov=0,CPU4/GPU=5/2,1478/441MHz,OC=FF,TA=0/0/0,SP=N/N/N,Mem=2092MHz,Free=6732MB,PLS=0,Temp=27.7C/0.0C,TW=0.74ms,App=1.01ms,GD=0.00ms,CPU&GPU=3.08ms,LCnt=1(DR72,LM0),GPU%=0.15,CPU%=0.22(W0.26),DSF=1.00,CFL=15.31/18.77,ICFLp95=17.68,LD=0,SF=1.00,LP=0,DVFS=0
01-16 14:13:51.003 29334 29479 I VrApi   : FPS=72/72,Prd=43ms,Tear=0,Early=72,Stale=0,Stale2/5/10/max=0/0/0/0,VSnc=1,Lat=1,Fov=0,CPU4/GPU=5/2,1478/441MHz,OC=FF,TA=0/0/0,SP=N/N/N,Mem=2092MHz,Free=6732MB,PLS=0,Temp=27.7C/0.0C,TW=0.74ms,App=0.99ms,GD=0.00ms,CPU&GPU=3.04ms,LCnt=1(DR72,LM0),GPU%=0.15,CPU%=0.27(W0.33),DSF=1.00,CFL=15.39/18.91,ICFLp95=17.78,LD=0,SF=1.00,LP=0,DVFS=0
01-16 14:13:52.003 29334 29479 I VrApi   : FPS=72/72,Prd=44ms,Tear=0,Early=72,Stale=0,Stale2/5/10/max=0/0/0/0,VSnc=1,Lat=1,Fov=0,CPU4/GPU=5/2,1478/441MHz,OC=FF,TA=0/0/0,SP=N/N/N,Mem=2092MHz,Free=6732MB,PLS=0,Temp=27.7C/0.0C,TW=0.74ms,App=1.02ms,GD=0.00ms,CPU&GPU=3.07ms,LCnt=1(DR72,LM0),GPU%=0.15,CPU%=0.24(W0.32),DSF=1.00,CFL=15.37/18.74,ICFLp95=17.76,LD=0,SF=1.00,LP=0,DVFS=0
01-16 14:13:53.003 29334 29479 I VrApi   : FPS=72/72,Prd=43ms,Tear=0,Early=72,Stale=0,Stale2/5/10/max=0/0/0/0,VSnc=1,Lat=1,Fov=0,CPU4/GPU=5/2,1478/441MHz,OC=FF,TA=0/0/0,SP=N/N/N,Mem=2092MHz,Free=6732MB,PLS=0,Temp=27.7C/0.0C,TW=0.74ms,App=1.04ms,GD=0.00ms,CPU&GPU=3.08ms,LCnt=1(DR72,LM0),GPU%=0.15,CPU%=0.21(W0.29),DSF=1.00,CFL=15.03/18.82,ICFLp95=17.73,LD=0,SF=1.00,LP=0,DVFS=0
01-16 14:13:54.003 29334 29479 I VrApi   : FPS=72/72,Prd=44ms,Tear=0,Early=72,Stale=0,Stale2/5/10/max=0/0/0/0,VSnc=1,Lat=1,Fov=0,CPU4/GPU=5/2,1478/441MHz,OC=FF,TA=0/0/0,SP=N/N/N,Mem=2092MHz,Free=6732MB,PLS=0,Temp=27.7C/0.0C,TW=0.74ms,App=1.03ms,GD=0.00ms,CPU&GPU=3.08ms,LCnt=1(DR72,LM0),GPU%=0.15,CPU%=0.22(W0.29),DSF=1.00,CFL=14.98/18.77,ICFLp95=17.71,LD=0,SF=1.00,LP=0,DVFS=0
01-16 14:13:55.003 29334 29479 I VrApi   : FPS=72/72,Prd=44ms,Tear=0,Early=72,Stale=0,Stale2/5/10/max=0/0/0/0,VSnc=1,Lat=1,Fov=0,CPU4/GPU=5/2,1478/441MHz,OC=FF,TA=0/0/0,SP=N/N/N,Mem=2092MHz,Free=6732MB,PLS=0,Temp=27.7C/0.0C,TW=0.74ms,App=1.02ms,GD=0.00ms,CPU&GPU=3.07ms,LCnt=1(DR72,LM0),GPU%=0.14,CPU%=0.21(W0.32),DSF=1.00,CFL=15.23/18.78,ICFLp95=17.76,LD=0,SF=1.00,LP=0,DVFS=0
01-16 14:13:56.003 29334 29479 I VrApi   : FPS=72/72,Prd=44ms,Tear=0,Early=72,Stale=0,Stale2/5/10/max=0/0/0/0,VSnc=1,Lat=1,Fov=0,CPU4/GPU=5/2,1478/441MHz,OC=FF,TA=0/0/0,SP=N/N/N,Mem=2092MHz,Free=6732MB,PLS=0,Temp=27.7C/0.0C,TW=0.74ms,App=0.99ms,GD=0.00ms,CPU&GPU=3.03ms,LCnt=1(DR72,LM0),GPU%=0.14,CPU%=0.29(W0.33),DSF=1.00,CFL=15.15/19.76,ICFLp95=17.98,LD=0,SF=1.00,LP=0,DVFS=0
01-16 14:13:57.003 29334 29479 I VrApi   : FPS=72/72,Prd=44ms,Tear=0,Early=72,Stale=0,Stale2/5/10/max=0/0/0/0,VSnc=1,Lat=1,Fov=0,CPU4/GPU=5/2,1478/441MHz,OC=FF,TA=0/0/0,SP=N/N/N,Mem=2092MHz,Free=6732MB,PLS=0,Temp=27.7C/0.0C,TW=0.74ms,App=1.01ms,GD=0.00ms,CPU&GPU=3.07ms,LCnt=1(DR72,LM0),GPU%=0.15,CPU%=0.18(W0.30),DSF=1.00,CFL=15.03/19.62,ICFLp95=17.90,LD=0,SF=1.00,LP=0,DVFS=0
01-16 14:13:58.034 29334 29479 I VrApi   : FPS=72/72,Prd=44ms,Tear=0,Early=72,Stale=0,Stale2/5/10/max=0/0/0/0,VSnc=1,Lat=1,Fov=0,CPU4/GPU=5/2,1478/441MHz,OC=FF,TA=0/0/0,SP=N/N/N,Mem=2092MHz,Free=6852MB,PLS=0,Temp=27.7C/0.0C,TW=0.75ms,App=1.03ms,GD=0.00ms,CPU&GPU=3.05ms,LCnt=1(DR72,LM0),GPU%=0.15,CPU%=0.23(W0.29),DSF=1.00,CFL=15.56/19.36,ICFLp95=17.93,LD=0,SF=1.00,LP=0,DVFS=0
01-16 14:13:59.003 29334 29479 I VrApi   : FPS=72/72,Prd=44ms,Tear=0,Early=72,Stale=0,Stale2/5/10/max=0/0/0/0,VSnc=1,Lat=1,Fov=0,CPU4/GPU=5/2,1478/441MHz,OC=FF,TA=0/0/0,SP=N/N/N,Mem=2092MHz,Free=6852MB,PLS=0,Temp=27.7C/0.0C,TW=0.77ms,App=0.98ms,GD=0.00ms,CPU&GPU=3.02ms,LCnt=1(DR72,LM0),GPU%=0.14,CPU%=0.24(W0.33),DSF=1.00,CFL=15.05/19.02,ICFLp95=17.91,LD=0,SF=1.00,LP=0,DVFS=0
01-16 14:14:00.003 29334 29479 I VrApi   : FPS=68/72,Prd=43ms,Tear=0,Early=72,Stale=0,Stale2/5/10/max=0/0/0/0,VSnc=1,Lat=1,Fov=0,CPU4/GPU=5/2,1478/441MHz,OC=FF,TA=0/0/0,SP=N/N/N,Mem=2092MHz,Free=6852MB,PLS=0,Temp=27.7C/0.0C,TW=0.78ms,App=2.90ms,GD=0.00ms,CPU&GPU=3.15ms,LCnt=1(DR72,LM0),GPU%=0.11,CPU%=0.37(W0.59),DSF=1.00,CFL=15.24/19.46,ICFLp95=17.82,LD=0,SF=1.00,LP=0,DVFS=0
01-16 14:14:01.003 29334 29479 I VrApi   : FPS=69/72,Prd=50ms,Tear=0,Early=51,Stale=22,Stale2/5/10/max=0/0/1/22,VSnc=1,Lat=1,Fov=0,CPU4/GPU=5/2,1478/441MHz,OC=FF,TA=0/0/0,SP=N/N/N,Mem=2092MHz,Free=6852MB,PLS=0,Temp=27.7C/0.0C,TW=1.50ms,App=1.89ms,GD=0.00ms,CPU&GPU=1.62ms,LCnt=2(DR63,LM0),GPU%=0.15,CPU%=0.15(W0.16),DSF=1.00,CFL=15.20/27.28,ICFLp95=22.71,LD=0,SF=1.00,LP=0,DVFS=0
01-16 14:14:02.004 29334 29479 I VrApi   : FPS=58/72,Prd=44ms,Tear=0,Early=63,Stale=8,Stale2/5/10/max=0/1/0/7,VSnc=1,Lat=1,Fov=0,CPU4/GPU=5/2,2419/441MHz,OC=FF,TA=0/0/0,SP=N/N/N,Mem=2092MHz,Free=6852MB,PLS=0,Temp=27.7C/0.0C,TW=1.52ms,App=0.51ms,GD=0.00ms,CPU&GPU=1.49ms,LCnt=2(DR0,LM0),GPU%=0.16,CPU%=0.14(W0.26),DSF=1.00,CFL=20.09/27.44,ICFLp95=25.45,LD=0,SF=1.00,LP=0,DVFS=0
01-16 14:14:03.004 29334 29479 I VrApi   : FPS=72/72,Prd=46ms,Tear=0,Early=52,Stale=16,Stale2/5/10/max=0/0/1/13,VSnc=1,Lat=1,Fov=0,CPU4/GPU=5/2,1478/441MHz,OC=FF,TA=0/0/0,SP=N/N/N,Mem=2092MHz,Free=6852MB,PLS=0,Temp=27.7C/0.0C,TW=1.52ms,App=0.33ms,GD=0.00ms,CPU&GPU=1.90ms,LCnt=2(DR0,LM0),GPU%=0.17,CPU%=0.24(W0.26),DSF=1.00,CFL=18.13/22.65,ICFLp95=21.59,LD=0,SF=1.00,LP=0,DVFS=0
01-16 14:14:04.004 29334 29479 I VrApi   : FPS=37/72,Prd=38ms,Tear=0,Early=71,Stale=0,Stale2/5/10/max=0/0/0/0,VSnc=1,Lat=1,Fov=0,CPU4/GPU=5/2,1478/441MHz,OC=FF,TA=0/0/0,SP=N/N/N,Mem=2092MHz,Free=6852MB,PLS=0,Temp=27.7C/0.0C,TW=1.30ms,App=1.94ms,GD=0.00ms,CPU&GPU=6.68ms,LCnt=2(DR0,LM0),GPU%=0.23,CPU%=0.34(W0.43),DSF=1.00,CFL=16.91/21.15,ICFLp95=19.86,LD=0,SF=1.00,LP=0,DVFS=0
01-16 14:14:05.004 29334 29479 I VrApi   : FPS=70/72,Prd=43ms,Tear=0,Early=34,Stale=41,Stale2/5/10/max=1/0/2/22,VSnc=1,Lat=1,Fov=0,CPU4/GPU=5/2,1478/441MHz,OC=FF,TA=0/0/0,SP=N/N/N,Mem=2092MHz,Free=6852MB,PLS=0,Temp=27.7C/0.0C,TW=0.80ms,App=1.46ms,GD=0.00ms,CPU&GPU=4.11ms,LCnt=2(DR0,LM0),GPU%=0.24,CPU%=0.23(W0.30),DSF=1.00,CFL=16.08/20.22,ICFLp95=19.05,LD=0,SF=1.00,LP=0,DVFS=0
01-16 14:14:06.004 29334 29479 I VrApi   : FPS=72/72,Prd=44ms,Tear=0,Early=69,Stale=3,Stale2/5/10/max=1/0/0/3,VSnc=1,Lat=1,Fov=0,CPU4/GPU=5/2,1478/441MHz,OC=FF,TA=0/0/0,SP=N/N/N,Mem=2092MHz,Free=6852MB,PLS=0,Temp=27.7C/0.0C,TW=0.80ms,App=2.34ms,GD=0.00ms,CPU&GPU=3.99ms,LCnt=1(DR47,LM0),GPU%=0.24,CPU%=0.25(W0.29),DSF=1.00,CFL=15.62/19.11,ICFLp95=18.30,LD=0,SF=1.00,LP=0,DVFS=0
01-16 14:14:07.004 29334 29479 I VrApi   : FPS=72/72,Prd=43ms,Tear=0,Early=72,Stale=0,Stale2/5/10/max=0/0/0/0,VSnc=1,Lat=1,Fov=0,CPU4/GPU=5/2,1478/441MHz,OC=FF,TA=0/0/0,SP=N/N/N,Mem=2092MHz,Free=6852MB,PLS=0,Temp=27.7C/0.0C,TW=0.80ms,App=2.36ms,GD=0.00ms,CPU&GPU=3.89ms,LCnt=1(DR72,LM0),GPU%=0.24,CPU%=0.17(W0.30),DSF=1.00,CFL=15.61/19.39,ICFLp95=18.00,LD=0,SF=1.00,LP=0,DVFS=0
01-16 14:14:08.004 29334 29479 I VrApi   : FPS=72/72,Prd=43ms,Tear=0,Early=72,Stale=0,Stale2/5/10/max=0/0/0/0,VSnc=1,Lat=1,Fov=0,CPU4/GPU=5/2,1478/441MHz,OC=FF,TA=0/0/0,SP=N/N/N,Mem=2092MHz,Free=6852MB,PLS=0,Temp=27.7C/0.0C,TW=0.80ms,App=2.47ms,GD=0.00ms,CPU&GPU=3.98ms,LCnt=1(DR72,LM0),GPU%=0.25,CPU%=0.31(W0.36),DSF=1.00,CFL=15.37/18.96,ICFLp95=18.04,LD=0,SF=1.00,LP=0,DVFS=0
01-16 14:14:09.004 29334 29479 I VrApi   : FPS=72/72,Prd=43ms,Tear=0,Early=72,Stale=0,Stale2/5/10/max=0/0/0/0,VSnc=1,Lat=1,Fov=0,CPU4/GPU=5/2,1478/441MHz,OC=FF,TA=0/0/0,SP=N/N/N,Mem=1555MHz,Free=6852MB,PLS=0,Temp=27.7C/0.0C,TW=0.81ms,App=2.57ms,GD=0.00ms,CPU&GPU=4.19ms,LCnt=1(DR72,LM0),GPU%=0.26,CPU%=0.29(W0.36),DSF=1.00,CFL=15.29/18.97,ICFLp95=17.87,LD=0,SF=1.00,LP=0,DVFS=0
01-16 14:14:10.004 29334 29479 I VrApi   : FPS=72/72,Prd=43ms,Tear=0,Early=72,Stale=0,Stale2/5/10/max=0/0/0/0,VSnc=1,Lat=1,Fov=0,CPU4/GPU=5/2,1478/441MHz,OC=FF,TA=0/0/0,SP=N/N/N,Mem=2092MHz,Free=6852MB,PLS=0,Temp=27.7C/0.0C,TW=0.81ms,App=2.59ms,GD=0.00ms,CPU&GPU=4.11ms,LCnt=1(DR72,LM0),GPU%=0.26,CPU%=0.25(W0.30),DSF=1.00,CFL=15.14/18.88,ICFLp95=17.89,LD=0,SF=1.00,LP=0,DVFS=0
01-16 14:14:11.004 29334 29479 I VrApi   : FPS=72/72,Prd=44ms,Tear=0,Early=72,Stale=0,Stale2/5/10/max=0/0/0/0,VSnc=1,Lat=1,Fov=0,CPU4/GPU=5/2,1478/441MHz,OC=FF,TA=0/0/0,SP=N/N/N,Mem=1555MHz,Free=6852MB,PLS=0,Temp=27.7C/0.0C,TW=0.81ms,App=2.63ms,GD=0.00ms,CPU&GPU=4.18ms,LCnt=1(DR72,LM0),GPU%=0.26,CPU%=0.28(W0.38),DSF=1.00,CFL=15.20/19.06,ICFLp95=17.82,LD=0,SF=1.00,LP=0,DVFS=0
01-16 14:14:12.004 29334 29479 I VrApi   : FPS=72/72,Prd=43ms,Tear=0,Early=72,Stale=0,Stale2/5/10/max=0/0/0/0,VSnc=1,Lat=1,Fov=0,CPU4/GPU=5/2,1478/441MHz,OC=FF,TA=0/0/0,SP=N/N/N,Mem=1804MHz,Free=6852MB,PLS=0,Temp=27.7C/0.0C,TW=0.81ms,App=2.65ms,GD=0.00ms,CPU&GPU=4.18ms,LCnt=1(DR72,LM0),GPU%=0.27,CPU%=0.25(W0.30),DSF=1.00,CFL=14.98/19.00,ICFLp95=17.86,LD=0,SF=1.00,LP=0,DVFS=0
01-16 14:14:13.004 29334 29479 I VrApi   : FPS=72/72,Prd=43ms,Tear=0,Early=72,Stale=0,Stale2/5/10/max=0/0/0/0,VSnc=1,Lat=1,Fov=0,CPU4/GPU=5/2,1478/441MHz,OC=FF,TA=0/0/0,SP=N/N/N,Mem=2092MHz,Free=6852MB,PLS=0,Temp=27.7C/0.0C,TW=0.81ms,App=2.66ms,GD=0.00ms,CPU&GPU=4.24ms,LCnt=1(DR72,LM0),GPU%=0.27,CPU%=0.22(W0.29),DSF=1.00,CFL=15.28/19.16,ICFLp95=17.89,LD=0,SF=1.00,LP=0,DVFS=0
01-16 14:14:14.004 29334 29479 I VrApi   : FPS=72/72,Prd=43ms,Tear=0,Early=72,Stale=0,Stale2/5/10/max=0/0/0/0,VSnc=1,Lat=1,Fov=0,CPU4/GPU=5/2,1478/441MHz,OC=FF,TA=0/0/0,SP=N/N/N,Mem=1555MHz,Free=6852MB,PLS=0,Temp=27.7C/0.0C,TW=0.81ms,App=2.60ms,GD=0.00ms,CPU&GPU=4.26ms,LCnt=1(DR72,LM0),GPU%=0.27,CPU%=0.30(W0.39),DSF=1.00,CFL=15.37/19.11,ICFLp95=17.87,LD=0,SF=1.00,LP=0,DVFS=0
01-16 14:14:15.004 29334 29479 I VrApi   : FPS=72/72,Prd=43ms,Tear=0,Early=72,Stale=0,Stale2/5/10/max=0/0/0/0,VSnc=1,Lat=1,Fov=0,CPU4/GPU=5/2,1478/441MHz,OC=FF,TA=0/0/0,SP=N/N/N,Mem=1555MHz,Free=6852MB,PLS=0,Temp=27.7C/0.0C,TW=0.81ms,App=2.72ms,GD=0.00ms,CPU&GPU=4.23ms,LCnt=1(DR72,LM0),GPU%=0.27,CPU%=0.22(W0.26),DSF=1.00,CFL=15.33/19.30,ICFLp95=17.84,LD=0,SF=1.00,LP=0,DVFS=0
01-16 14:14:16.005 29334 29479 I VrApi   : FPS=72/72,Prd=43ms,Tear=0,Early=72,Stale=0,Stale2/5/10/max=0/0/0/0,VSnc=1,Lat=1,Fov=0,CPU4/GPU=5/2,1478/441MHz,OC=FF,TA=0/0/0,SP=N/N/N,Mem=1555MHz,Free=6852MB,PLS=0,Temp=27.7C/0.0C,TW=0.82ms,App=2.74ms,GD=0.00ms,CPU&GPU=4.21ms,LCnt=1(DR72,LM0),GPU%=0.27,CPU%=0.26(W0.35),DSF=1.00,CFL=15.05/18.78,ICFLp95=17.78,LD=0,SF=1.00,LP=0,DVFS=0
01-16 14:14:17.005 29334 29479 I VrApi   : FPS=72/72,Prd=43ms,Tear=0,Early=72,Stale=0,Stale2/5/10/max=0/0/0/0,VSnc=1,Lat=1,Fov=0,CPU4/GPU=5/2,1478/441MHz,OC=FF,TA=0/0/0,SP=N/N/N,Mem=1555MHz,Free=6852MB,PLS=0,Temp=27.7C/0.0C,TW=0.81ms,App=2.72ms,GD=0.00ms,CPU&GPU=4.21ms,LCnt=1(DR72,LM0),GPU%=0.27,CPU%=0.26(W0.29),DSF=1.00,CFL=15.17/18.88,ICFLp95=17.89,LD=0,SF=1.00,LP=0,DVFS=0
01-16 14:14:18.039 29334 29479 I VrApi   : FPS=72/72,Prd=43ms,Tear=0,Early=72,Stale=0,Stale2/5/10/max=0/0/0/0,VSnc=1,Lat=1,Fov=0,CPU4/GPU=5/2,1478/441MHz,OC=FF,TA=0/0/0,SP=N/N/N,Mem=1555MHz,Free=6731MB,PLS=0,Temp=27.7C/0.0C,TW=0.81ms,App=2.59ms,GD=0.00ms,CPU&GPU=4.31ms,LCnt=1(DR72,LM0),GPU%=0.26,CPU%=0.22(W0.25),DSF=1.00,CFL=15.24/19.23,ICFLp95=17.99,LD=0,SF=1.00,LP=0,DVFS=0
01-16 14:14:19.005 29334 29479 I VrApi   : FPS=72/72,Prd=43ms,Tear=0,Early=72,Stale=0,Stale2/5/10/max=0/0/0/0,VSnc=1,Lat=1,Fov=0,CPU4/GPU=5/2,1478/441MHz,OC=FF,TA=0/0/0,SP=N/N/N,Mem=2092MHz,Free=6731MB,PLS=0,Temp=27.7C/0.0C,TW=0.81ms,App=2.59ms,GD=0.00ms,CPU&GPU=4.23ms,LCnt=1(DR72,LM0),GPU%=0.27,CPU%=0.20(W0.32),DSF=1.00,CFL=15.50/19.36,ICFLp95=17.93,LD=0,SF=1.00,LP=0,DVFS=0
01-16 14:14:20.005 29334 29479 I VrApi   : FPS=72/72,Prd=43ms,Tear=0,Early=72,Stale=0,Stale2/5/10/max=0/0/0/0,VSnc=1,Lat=1,Fov=0,CPU4/GPU=5/2,1478/441MHz,OC=FF,TA=0/0/0,SP=N/N/N,Mem=1555MHz,Free=6731MB,PLS=0,Temp=27.7C/0.0C,TW=0.81ms,App=2.66ms,GD=0.00ms,CPU&GPU=4.20ms,LCnt=1(DR72,LM0),GPU%=0.27,CPU%=0.19(W0.32),DSF=1.00,CFL=15.20/19.10,ICFLp95=17.85,LD=0,SF=1.00,LP=0,DVFS=0
01-16 14:14:21.005 29334 29479 I VrApi   : FPS=72/72,Prd=43ms,Tear=0,Early=72,Stale=0,Stale2/5/10/max=0/0/0/0,VSnc=1,Lat=1,Fov=0,CPU4/GPU=5/2,1478/441MHz,OC=FF,TA=0/0/0,SP=N/N/N,Mem=1555MHz,Free=6731MB,PLS=0,Temp=27.7C/0.0C,TW=0.81ms,App=2.69ms,GD=0.00ms,CPU&GPU=4.22ms,LCnt=1(DR72,LM0),GPU%=0.27,CPU%=0.19(W0.27),DSF=1.00,CFL=15.35/19.27,ICFLp95=17.90,LD=0,SF=1.00,LP=0,DVFS=0
01-16 14:14:22.005 29334 29479 I VrApi   : FPS=72/72,Prd=43ms,Tear=0,Early=72,Stale=0,Stale2/5/10/max=0/0/0/0,VSnc=1,Lat=1,Fov=0,CPU4/GPU=5/2,1478/441MHz,OC=FF,TA=0/0/0,SP=N/N/N,Mem=1555MHz,Free=6731MB,PLS=0,Temp=27.7C/0.0C,TW=0.81ms,App=2.67ms,GD=0.00ms,CPU&GPU=4.28ms,LCnt=1(DR72,LM0),GPU%=0.27,CPU%=0.22(W0.29),DSF=1.00,CFL=15.06/19.21,ICFLp95=17.87,LD=0,SF=1.00,LP=0,DVFS=0
01-16 14:14:23.005 29334 29479 I VrApi   : FPS=72/72,Prd=43ms,Tear=0,Early=72,Stale=0,Stale2/5/10/max=0/0/0/0,VSnc=1,Lat=1,Fov=0,CPU4/GPU=5/2,1478/441MHz,OC=FF,TA=0/0/0,SP=N/N/N,Mem=1555MHz,Free=6731MB,PLS=0,Temp=27.2C/0.0C,TW=0.81ms,App=2.67ms,GD=0.00ms,CPU&GPU=4.26ms,LCnt=1(DR72,LM0),GPU%=0.27,CPU%=0.23(W0.25),DSF=1.00,CFL=15.18/19.25,ICFLp95=17.81,LD=0,SF=1.00,LP=0,DVFS=0
01-16 14:14:24.005 29334 29479 I VrApi   : FPS=72/72,Prd=43ms,Tear=0,Early=72,Stale=0,Stale2/5/10/max=0/0/0/0,VSnc=1,Lat=1,Fov=0,CPU4/GPU=5/2,1478/441MHz,OC=FF,TA=0/0/0,SP=N/N/N,Mem=1555MHz,Free=6731MB,PLS=0,Temp=27.2C/0.0C,TW=0.81ms,App=2.65ms,GD=0.00ms,CPU&GPU=4.26ms,LCnt=1(DR72,LM0),GPU%=0.27,CPU%=0.24(W0.29),DSF=1.00,CFL=15.22/19.12,ICFLp95=17.87,LD=0,SF=1.00,LP=0,DVFS=0
01-16 14:14:25.005 29334 29479 I VrApi   : FPS=72/72,Prd=44ms,Tear=0,Early=72,Stale=0,Stale2/5/10/max=0/0/0/0,VSnc=1,Lat=1,Fov=0,CPU4/GPU=5/2,1478/441MHz,OC=FF,TA=0/0/0,SP=N/N/N,Mem=1555MHz,Free=6731MB,PLS=0,Temp=27.2C/0.0C,TW=0.81ms,App=2.72ms,GD=0.00ms,CPU&GPU=4.29ms,LCnt=1(DR72,LM0),GPU%=0.27,CPU%=0.22(W0.25),DSF=1.00,CFL=15.13/19.10,ICFLp95=17.88,LD=0,SF=1.00,LP=0,DVFS=0
01-16 14:14:26.005 29334 29479 I VrApi   : FPS=72/72,Prd=43ms,Tear=0,Early=72,Stale=0,Stale2/5/10/max=0/0/0/0,VSnc=1,Lat=1,Fov=0,CPU4/GPU=5/2,1478/441MHz,OC=FF,TA=0/0/0,SP=N/N/N,Mem=1555MHz,Free=6731MB,PLS=0,Temp=27.2C/0.0C,TW=0.81ms,App=2.68ms,GD=0.00ms,CPU&GPU=4.33ms,LCnt=1(DR72,LM0),GPU%=0.27,CPU%=0.24(W0.32),DSF=1.00,CFL=15.26/19.60,ICFLp95=17.86,LD=0,SF=1.00,LP=0,DVFS=0
01-16 14:14:27.005 29334 29479 I VrApi   : FPS=72/72,Prd=43ms,Tear=0,Early=71,Stale=0,Stale2/5/10/max=0/0/0/0,VSnc=1,Lat=1,Fov=0,CPU4/GPU=5/2,1478/441MHz,OC=FF,TA=0/0/0,SP=N/N/N,Mem=1555MHz,Free=6731MB,PLS=0,Temp=27.2C/0.0C,TW=0.81ms,App=2.76ms,GD=0.00ms,CPU&GPU=4.26ms,LCnt=1(DR72,LM0),GPU%=0.28,CPU%=0.23(W0.25),DSF=1.00,CFL=15.22/19.70,ICFLp95=17.90,LD=0,SF=1.00,LP=0,DVFS=0
01-16 14:14:28.005 29334 29479 I VrApi   : FPS=72/72,Prd=43ms,Tear=0,Early=72,Stale=0,Stale2/5/10/max=0/0/0/0,VSnc=1,Lat=1,Fov=0,CPU4/GPU=5/2,1478/441MHz,OC=FF,TA=0/0/0,SP=N/N/N,Mem=1555MHz,Free=6731MB,PLS=0,Temp=27.2C/0.0C,TW=0.81ms,App=2.76ms,GD=0.00ms,CPU&GPU=4.34ms,LCnt=1(DR72,LM0),GPU%=0.28,CPU%=0.20(W0.30),DSF=1.00,CFL=15.03/18.80,ICFLp95=17.86,LD=0,SF=1.00,LP=0,DVFS=0
01-16 14:14:29.005 29334 29479 I VrApi   : FPS=72/72,Prd=43ms,Tear=0,Early=72,Stale=0,Stale2/5/10/max=0/0/0/0,VSnc=1,Lat=1,Fov=0,CPU4/GPU=5/2,1478/441MHz,OC=FF,TA=0/0/0,SP=N/N/N,Mem=1555MHz,Free=6731MB,PLS=0,Temp=27.2C/0.0C,TW=0.81ms,App=2.76ms,GD=0.00ms,CPU&GPU=4.38ms,LCnt=1(DR72,LM0),GPU%=0.28,CPU%=0.22(W0.25),DSF=1.00,CFL=15.20/19.16,ICFLp95=17.80,LD=0,SF=1.00,LP=0,DVFS=0
01-16 14:14:30.005 29334 29479 I VrApi   : FPS=72/72,Prd=43ms,Tear=0,Early=72,Stale=0,Stale2/5/10/max=0/0/0/0,VSnc=1,Lat=1,Fov=0,CPU4/GPU=5/2,1478/441MHz,OC=FF,TA=0/0/0,SP=N/N/N,Mem=1555MHz,Free=6731MB,PLS=0,Temp=27.2C/0.0C,TW=0.81ms,App=2.85ms,GD=0.00ms,CPU&GPU=4.42ms,LCnt=1(DR72,LM0),GPU%=0.28,CPU%=0.20(W0.24),DSF=1.00,CFL=15.36/19.89,ICFLp95=17.91,LD=0,SF=1.00,LP=0,DVFS=0
01-16 14:14:31.006 29334 29479 I VrApi   : FPS=72/72,Prd=44ms,Tear=0,Early=72,Stale=0,Stale2/5/10/max=0/0/0/0,VSnc=1,Lat=1,Fov=0,CPU4/GPU=5/2,1478/441MHz,OC=FF,TA=0/0/0,SP=N/N/N,Mem=1555MHz,Free=6731MB,PLS=0,Temp=27.2C/0.0C,TW=0.81ms,App=2.82ms,GD=0.00ms,CPU&GPU=4.52ms,LCnt=1(DR72,LM0),GPU%=0.28,CPU%=0.20(W0.26),DSF=1.00,CFL=15.30/19.07,ICFLp95=17.90,LD=0,SF=1.00,LP=0,DVFS=0
01-16 14:14:32.006 29334 29479 I VrApi   : FPS=72/72,Prd=44ms,Tear=0,Early=72,Stale=0,Stale2/5/10/max=0/0/0/0,VSnc=1,Lat=1,Fov=0,CPU4/GPU=5/2,1478/441MHz,OC=FF,TA=0/0/0,SP=N/N/N,Mem=2092MHz,Free=6731MB,PLS=0,Temp=27.2C/0.0C,TW=0.82ms,App=2.22ms,GD=0.00ms,CPU&GPU=4.53ms,LCnt=1(DR72,LM0),GPU%=0.25,CPU%=0.16(W0.21),DSF=1.00,CFL=15.18/19.19,ICFLp95=17.90,LD=0,SF=1.00,LP=0,DVFS=0
01-16 14:14:33.006 29334 29479 I VrApi   : FPS=72/72,Prd=44ms,Tear=0,Early=72,Stale=0,Stale2/5/10/max=0/0/0/0,VSnc=1,Lat=1,Fov=0,CPU4/GPU=5/2,1478/441MHz,OC=FF,TA=0/0/0,SP=N/N/N,Mem=1555MHz,Free=6731MB,PLS=0,Temp=27.2C/0.0C,TW=0.81ms,App=3.00ms,GD=0.00ms,CPU&GPU=3.95ms,LCnt=1(DR72,LM0),GPU%=0.30,CPU%=0.17(W0.25),DSF=1.00,CFL=15.33/18.84,ICFLp95=18.03,LD=0,SF=1.00,LP=0,DVFS=0
01-16 14:14:34.006 29334 29479 I VrApi   : FPS=72/72,Prd=44ms,Tear=0,Early=72,Stale=0,Stale2/5/10/max=0/0/0/0,VSnc=1,Lat=1,Fov=0,CPU4/GPU=5/2,1478/441MHz,OC=FF,TA=0/0/0,SP=N/N/N,Mem=1804MHz,Free=6731MB,PLS=0,Temp=27.2C/0.0C,TW=0.81ms,App=2.83ms,GD=0.00ms,CPU&GPU=4.58ms,LCnt=1(DR72,LM0),GPU%=0.28,CPU%=0.21(W0.25),DSF=1.00,CFL=15.26/20.80,ICFLp95=17.95,LD=0,SF=1.00,LP=0,DVFS=0
01-16 14:14:35.006 29334 29479 I VrApi   : FPS=72/72,Prd=44ms,Tear=0,Early=72,Stale=0,Stale2/5/10/max=0/0/0/0,VSnc=1,Lat=1,Fov=0,CPU4/GPU=5/2,1478/441MHz,OC=FF,TA=0/0/0,SP=N/N/N,Mem=1804MHz,Free=6731MB,PLS=0,Temp=27.2C/0.0C,TW=0.81ms,App=2.84ms,GD=0.00ms,CPU&GPU=4.51ms,LCnt=1(DR72,LM0),GPU%=0.28,CPU%=0.23(W0.30),DSF=1.00,CFL=15.13/19.40,ICFLp95=18.04,LD=0,SF=1.00,LP=0,DVFS=0
01-16 14:14:36.006 29334 29479 I VrApi   : FPS=72/72,Prd=44ms,Tear=0,Early=72,Stale=0,Stale2/5/10/max=0/0/0/0,VSnc=1,Lat=1,Fov=0,CPU4/GPU=5/2,1478/441MHz,OC=FF,TA=0/0/0,SP=N/N/N,Mem=1804MHz,Free=6731MB,PLS=0,Temp=27.2C/0.0C,TW=0.81ms,App=2.96ms,GD=0.00ms,CPU&GPU=4.46ms,LCnt=1(DR72,LM0),GPU%=0.29,CPU%=0.18(W0.24),DSF=1.00,CFL=15.23/19.20,ICFLp95=17.98,LD=0,SF=1.00,LP=0,DVFS=0
01-16 14:14:37.006 29334 29479 I VrApi   : FPS=72/72,Prd=44ms,Tear=0,Early=72,Stale=0,Stale2/5/10/max=0/0/0/0,VSnc=1,Lat=1,Fov=0,CPU4/GPU=5/2,1478/441MHz,OC=FF,TA=0/0/0,SP=N/N/N,Mem=1555MHz,Free=6731MB,PLS=0,Temp=27.2C/0.0C,TW=0.81ms,App=2.73ms,GD=0.00ms,CPU&GPU=4.51ms,LCnt=1(DR72,LM0),GPU%=0.28,CPU%=0.22(W0.27),DSF=1.00,CFL=15.33/19.50,ICFLp95=17.94,LD=0,SF=1.00,LP=0,DVFS=0
01-16 14:14:38.041 29334 29479 I VrApi   : FPS=72/72,Prd=44ms,Tear=0,Early=72,Stale=0,Stale2/5/10/max=0/0/0/0,VSnc=1,Lat=1,Fov=0,CPU4/GPU=5/2,1478/441MHz,OC=FF,TA=0/0/0,SP=N/N/N,Mem=1555MHz,Free=6707MB,PLS=0,Temp=27.2C/0.0C,TW=0.81ms,App=2.53ms,GD=0.00ms,CPU&GPU=4.38ms,LCnt=1(DR72,LM0),GPU%=0.26,CPU%=0.22(W0.32),DSF=1.00,CFL=15.20/19.18,ICFLp95=17.88,LD=0,SF=1.00,LP=0,DVFS=0
01-16 14:14:39.006 29334 29479 I VrApi   : FPS=72/72,Prd=44ms,Tear=0,Early=72,Stale=0,Stale2/5/10/max=0/0/0/0,VSnc=1,Lat=1,Fov=0,CPU4/GPU=5/2,1478/441MHz,OC=FF,TA=0/0/0,SP=N/N/N,Mem=2092MHz,Free=6707MB,PLS=0,Temp=27.2C/0.0C,TW=0.80ms,App=2.32ms,GD=0.00ms,CPU&GPU=4.13ms,LCnt=1(DR72,LM0),GPU%=0.25,CPU%=0.18(W0.23),DSF=1.00,CFL=15.24/18.94,ICFLp95=17.90,LD=0,SF=1.00,LP=0,DVFS=0
01-16 14:14:40.006 29334 29479 I VrApi   : FPS=72/72,Prd=44ms,Tear=0,Early=72,Stale=0,Stale2/5/10/max=0/0/0/0,VSnc=1,Lat=1,Fov=0,CPU4/GPU=5/2,1478/441MHz,OC=FF,TA=0/0/0,SP=N/N/N,Mem=1555MHz,Free=6707MB,PLS=0,Temp=27.2C/0.0C,TW=0.83ms,App=3.50ms,GD=0.00ms,CPU&GPU=3.96ms,LCnt=1(DR72,LM0),GPU%=0.32,CPU%=0.24(W0.24),DSF=1.00,CFL=15.27/18.87,ICFLp95=17.79,LD=0,SF=1.00,LP=0,DVFS=0
01-16 14:14:41.006 29334 29479 I VrApi   : FPS=72/72,Prd=44ms,Tear=0,Early=72,Stale=0,Stale2/5/10/max=0/0/0/0,VSnc=1,Lat=1,Fov=0,CPU4/GPU=5/2,1478/441MHz,OC=FF,TA=0/0/0,SP=N/N/N,Mem=1555MHz,Free=6707MB,PLS=0,Temp=27.2C/0.0C,TW=0.81ms,App=2.98ms,GD=0.00ms,CPU&GPU=4.83ms,LCnt=1(DR72,LM0),GPU%=0.29,CPU%=0.26(W0.32),DSF=1.00,CFL=15.33/19.19,ICFLp95=17.96,LD=0,SF=1.00,LP=0,DVFS=0
01-16 14:14:42.006 29334 29479 I VrApi   : FPS=72/72,Prd=43ms,Tear=0,Early=72,Stale=0,Stale2/5/10/max=0/0/0/0,VSnc=1,Lat=1,Fov=0,CPU4/GPU=5/2,1478/441MHz,OC=FF,TA=0/0/0,SP=N/N/N,Mem=1555MHz,Free=6707MB,PLS=0,Temp=27.2C/0.0C,TW=0.80ms,App=2.38ms,GD=0.00ms,CPU&GPU=4.63ms,LCnt=1(DR72,LM0),GPU%=0.10,CPU%=0.42(W0.61),DSF=1.00,CFL=15.31/19.27,ICFLp95=18.04,LD=0,SF=1.00,LP=0,DVFS=0
01-16 14:14:43.007 29334 29479 I VrApi   : FPS=51/72,Prd=43ms,Tear=0,Early=44,Stale=26,Stale2/5/10/max=0/0/0/0,VSnc=1,Lat=1,Fov=0,CPU4/GPU=5/2,1478/441MHz,OC=FF,TA=0/0/0,SP=N/N/N,Mem=1555MHz,Free=6707MB,PLS=0,Temp=27.0C/0.0C,TW=1.52ms,App=-0.04ms,GD=0.00ms,CPU&GPU=4.35ms,LCnt=2(DR71,LM0),GPU%=0.17,CPU%=0.16(W0.23),DSF=1.00,CFL=15.16/19.38,ICFLp95=17.92,LD=0,SF=1.00,LP=0,DVFS=0
01-16 14:14:44.007 29334 29479 I VrApi   : FPS=73/72,Prd=45ms,Tear=0,Early=72,Stale=1,Stale2/5/10/max=0/0/1/27,VSnc=1,Lat=1,Fov=0,CPU4/GPU=5/2,1862/441MHz,OC=FF,TA=0/0/0,SP=N/N/N,Mem=2092MHz,Free=6707MB,PLS=0,Temp=27.0C/0.0C,TW=1.48ms,App=1.95ms,GD=0.00ms,CPU&GPU=1.65ms,LCnt=2(DR0,LM0),GPU%=0.13,CPU%=0.78(W0.89),DSF=1.00,CFL=15.88/19.42,ICFLp95=18.48,LD=0,SF=1.00,LP=0,DVFS=0
01-16 14:14:45.007 29334 29479 I VrApi   : FPS=73/72,Prd=45ms,Tear=0,Early=72,Stale=1,Stale2/5/10/max=0/0/1/27,VSnc=1,Lat=1,Fov=0,CPU4/GPU=5/2,1862/441MHz,OC=FF,TA=0/0/0,SP=N/N/N,Mem=2092MHz,Free=6707MB,PLS=0,Temp=27.0C/0.0C,TW=1.48ms,App=1.95ms,GD=0.00ms,CPU&GPU=1.65ms,LCnt=2(DR0,LM0),GPU%=0.13,CPU%=0.78(W0.89),DSF=1.00,CFL=15.88/19.42,ICFLp95=18.48,LD=0,SF=1.00,LP=0,DVFS=0
01-16 14:14:46.007 29334 29479 I VrApi   : FPS=73/72,Prd=45ms,Tear=0,Early=72,Stale=1,Stale2/5/10/max=0/0/1/27,VSnc=1,Lat=1,Fov=0,CPU4/GPU=5/2,1862/441MHz,OC=FF,TA=0/0/0,SP=N/N/N,Mem=2092MHz,Free=6707MB,PLS=0,Temp=27.0C/0.0C,TW=1.48ms,App=1.95ms,GD=0.00ms,CPU&GPU=1.65ms,LCnt=2(DR0,LM0),GPU%=0.13,CPU%=0.78(W0.89),DSF=1.00,CFL=15.88/19.42,ICFLp95=18.48,LD=0,SF=1.00,LP=0,DVFS=0
01-16 14:14:47.007 29334 29479 I VrApi   : FPS=46/72,Prd=44ms,Tear=0,Early=0,Stale=72,Stale2/5/10/max=0/0/0/0,VSnc=1,Lat=1,Fov=0,CPU4/GPU=5/3,1862/441MHz,OC=FF,TA=0/0/0,SP=N/N/N,Mem=1804MHz,Free=6707MB,PLS=0,Temp=27.0C/0.0C,TW=1.45ms,App=10.07ms,GD=0.00ms,CPU&GPU=2.01ms,LCnt=2(DR0,LM0),GPU%=0.26,CPU%=0.62(W0.74),DSF=1.00,CFL=15.46/19.48,ICFLp95=18.18,LD=0,SF=1.00,LP=0,DVFS=0
01-16 14:14:48.007 29334 29479 I VrApi   : FPS=20/72,Prd=19ms,Tear=1,Early=0,Stale=67,Stale2/5/10/max=0/0/2/124,VSnc=1,Lat=1,Fov=0,CPU4/GPU=5/4,1862/525MHz,OC=FF,TA=0/0/0,SP=N/N/N,Mem=1804MHz,Free=6707MB,PLS=0,Temp=27.0C/0.0C,TW=1.11ms,App=5.25ms,GD=0.00ms,CPU&GPU=12.34ms,LCnt=2(DR0,LM0),GPU%=0.44,CPU%=0.53(W0.61),DSF=1.00,CFL=15.59/19.68,ICFLp95=18.36,LD=0,SF=1.00,LP=0,DVFS=0
01-16 14:14:49.008 29334 29479 I VrApi   : FPS=48/72,Prd=36ms,Tear=0,Early=8,Stale=55,Stale2/5/10/max=0/0/2/32,VSnc=1,Lat=1,Fov=0,CPU4/GPU=5/4,1478/525MHz,OC=FF,TA=0/0/0,SP=N/N/N,Mem=1804MHz,Free=6707MB,PLS=0,Temp=27.0C/0.0C,TW=0.91ms,App=7.86ms,GD=0.00ms,CPU&GPU=20.35ms,LCnt=1(DR23,LM0),GPU%=0.67,CPU%=0.23(W0.38),DSF=1.00,CFL=15.56/20.86,ICFLp95=19.08,LD=0,SF=1.00,LP=0,DVFS=0
01-16 14:14:50.008 29334 29479 I VrApi   : FPS=72/72,Prd=43ms,Tear=0,Early=64,Stale=6,Stale2/5/10/max=0/0/1/13,VSnc=1,Lat=1,Fov=0,CPU4/GPU=5/4,1478/525MHz,OC=FF,TA=0/0/0,SP=N/N/N,Mem=1804MHz,Free=6707MB,PLS=0,Temp=27.0C/0.0C,TW=0.92ms,App=7.80ms,GD=0.00ms,CPU&GPU=10.55ms,LCnt=1(DR72,LM0),GPU%=0.64,CPU%=0.29(W0.30),DSF=1.00,CFL=16.16/19.95,ICFLp95=18.94,LD=0,SF=1.00,LP=0,DVFS=0
01-16 14:14:51.008 29334 29479 I VrApi   : FPS=72/72,Prd=42ms,Tear=0,Early=70,Stale=0,Stale2/5/10/max=0/0/0/0,VSnc=1,Lat=1,Fov=0,CPU4/GPU=5/4,1478/525MHz,OC=FF,TA=0/0/0,SP=N/N/N,Mem=1804MHz,Free=6707MB,PLS=0,Temp=27.0C/0.0C,TW=0.93ms,App=7.77ms,GD=0.00ms,CPU&GPU=10.21ms,LCnt=1(DR72,LM0),GPU%=0.65,CPU%=0.26(W0.35),DSF=1.00,CFL=15.79/19.49,ICFLp95=18.45,LD=0,SF=1.00,LP=0,DVFS=0
01-16 14:14:52.008 29334 29479 I VrApi   : FPS=72/72,Prd=42ms,Tear=0,Early=69,Stale=0,Stale2/5/10/max=0/0/0/0,VSnc=1,Lat=1,Fov=0,CPU4/GPU=5/3,1478/490MHz,OC=FF,TA=0/0/0,SP=N/N/N,Mem=1804MHz,Free=6707MB,PLS=0,Temp=27.0C/0.0C,TW=0.95ms,App=8.25ms,GD=0.00ms,CPU&GPU=10.29ms,LCnt=1(DR72,LM0),GPU%=0.68,CPU%=0.31(W0.35),DSF=1.00,CFL=15.50/18.99,ICFLp95=18.12,LD=0,SF=1.00,LP=0,DVFS=0
01-16 14:14:53.008 29334 29479 I VrApi   : FPS=72/72,Prd=42ms,Tear=0,Early=71,Stale=0,Stale2/5/10/max=0/0/0/0,VSnc=1,Lat=1,Fov=0,CPU4/GPU=5/3,1478/441MHz,OC=FF,TA=0/0/0,SP=N/N/N,Mem=1804MHz,Free=6707MB,PLS=0,Temp=27.2C/0.0C,TW=0.95ms,App=7.89ms,GD=0.00ms,CPU&GPU=10.58ms,LCnt=1(DR72,LM0),GPU%=0.66,CPU%=0.29(W0.33),DSF=1.00,CFL=15.47/19.60,ICFLp95=18.15,LD=0,SF=1.00,LP=0,DVFS=0
01-16 14:14:54.008 29334 29479 I VrApi   : FPS=72/72,Prd=43ms,Tear=0,Early=70,Stale=0,Stale2/5/10/max=0/0/0/0,VSnc=1,Lat=1,Fov=0,CPU4/GPU=5/2,1478/490MHz,OC=FF,TA=0/0/0,SP=N/N/N,Mem=1804MHz,Free=6707MB,PLS=0,Temp=27.2C/0.0C,TW=0.99ms,App=8.82ms,GD=0.00ms,CPU&GPU=10.15ms,LCnt=1(DR72,LM0),GPU%=0.71,CPU%=0.29(W0.35),DSF=1.00,CFL=15.28/19.70,ICFLp95=18.26,LD=0,SF=1.00,LP=0,DVFS=0
01-16 14:14:55.008 29334 29479 I VrApi   : FPS=72/72,Prd=42ms,Tear=0,Early=71,Stale=0,Stale2/5/10/max=0/0/0/0,VSnc=1,Lat=1,Fov=0,CPU4/GPU=5/2,1478/441MHz,OC=FF,TA=0/0/0,SP=N/N/N,Mem=1804MHz,Free=6707MB,PLS=0,Temp=27.2C/0.0C,TW=0.96ms,App=7.90ms,GD=0.00ms,CPU&GPU=11.08ms,LCnt=1(DR72,LM0),GPU%=0.66,CPU%=0.28(W0.30),DSF=1.00,CFL=15.40/19.44,ICFLp95=18.20,LD=0,SF=1.00,LP=0,DVFS=0
01-16 14:14:56.008 29334 29479 I VrApi   : FPS=73/72,Prd=45ms,Tear=0,Early=72,Stale=0,Stale2/5/10/max=0/0/0/0,VSnc=1,Lat=1,Fov=0,CPU4/GPU=5/3,1478/490MHz,OC=FF,TA=0/0/0,SP=N/N/N,Mem=1804MHz,Free=6707MB,PLS=0,Temp=27.2C/0.0C,TW=1.60ms,App=9.06ms,GD=0.62ms,CPU&GPU=10.80ms,LCnt=1(DR72,LM0),GPU%=0.81,CPU%=0.22(W0.27),DSF=1.00,CFL=15.52/19.82,ICFLp95=18.05,LD=0,SF=1.00,LP=0,DVFS=0
01-16 14:14:56.877  3186  3386 I VrApi   : OVR::Stats thread Resume
01-16 14:14:56.899  3186  3386 I VrApi   : OVR::Stats thread started
01-16 14:14:57.008 29334 29479 I VrApi   : FPS=72/72,Prd=48ms,Tear=0,Early=37,Stale=0,Stale2/5/10/max=0/0/0/0,VSnc=1,Lat=1,Fov=0,CPU4/GPU=5/5,1670/525MHz,OC=FF,TA=0/0/0,SP=N/N/N,Mem=2092MHz,Free=6707MB,PLS=0,Temp=27.2C/0.0C,TW=1.38ms,App=8.05ms,GD=0.66ms,CPU&GPU=12.10ms,LCnt=2(DR73,LM2),GPU%=0.76,CPU%=0.33(W0.35),DSF=1.00,CFL=15.67/27.62,ICFLp95=27.64,LD=0,SF=1.00,LP=0,DVFS=0
01-16 14:14:57.222 29334 29385 I VrApi   : ---------- vrapi_LeaveVrMode [start] ----------
01-16 14:14:57.244 29334 29385 I VrApi   : OVR::Stats thread stopped
01-16 14:14:57.287 29334 29385 I VrApi   : Skipping delete of ovrMobile for misbehaving app!
01-16 14:14:57.287 29334 29385 I VrApi   : ---------- vrapi_LeaveVrMode [end] ----------
01-16 14:15:02.967  3186  3386 I VrApi   : OVR::Stats thread Suspend
01-16 14:15:02.999  3186  3386 I VrApi   : OVR::Stats thread stopped
01-16 14:15:04.679 29334 29356 W VrApi   : vrapi_GetPredictedDisplayTime: ovr->Destroyed
01-16 14:15:04.679 29334 29356 W VrApi   : IsOvrValid: ovr->Destroyed == true. Package: com.vertigogames.azsq
01-16 14:15:04.679 29334 29356 W VrApi   : ovr_GetPredictedTracking2: ovr is invalid
01-16 14:15:04.679 29334 29356 W VrApi   : vrapi_WaitFrame: ovr->Destroyed
01-16 14:15:04.680 29334 29356 W VrApi   : vrapi_GetPredictedDisplayTime: ovr->Destroyed
01-16 14:15:04.680 29334 29356 W VrApi   : IsOvrValid: ovr->Destroyed == true. Package: com.vertigogames.azsq
01-16 14:15:04.680 29334 29356 W VrApi   : ovr_GetPredictedTracking2: ovr is invalid
01-16 14:15:04.681 29334 29385 I VrApi   : ---------- vrapi_EnterVrMode [start] ----------
01-16 14:15:04.681 29334 29356 W VrApi   : IsOvrValid: ovr->Destroyed == true. Package: com.vertigogames.azsq
01-16 14:15:04.682 29334 29356 W VrApi   : ovr_GetPredictedTracking2: ovr is invalid
01-16 14:15:04.682 29334 29356 W VrApi   : IsOvrValid: ovr->Destroyed == true. Package: com.vertigogames.azsq
01-16 14:15:04.682 29334 29356 W VrApi   : ovr_GetPredictedTracking2: ovr is invalid
01-16 14:15:04.684 29334 29356 W VrApi   : vrapi_GetPredictedDisplayTime: ovr->Destroyed
01-16 14:15:04.684 29334 29356 W VrApi   : IsOvrValid: ovr->Destroyed == true. Package: com.vertigogames.azsq
01-16 14:15:04.684 29334 29356 W VrApi   : ovr_GetPredictedTracking2: ovr is invalid
01-16 14:15:04.685 29334 29356 W VrApi   : IsOvrValid: ovr->Destroyed == true. Package: com.vertigogames.azsq
01-16 14:15:04.685 29334 29356 W VrApi   : ovr_GetPredictedTracking2: ovr is invalid
01-16 14:15:04.686 29334 29356 W VrApi   : IsOvrValid: ovr->Destroyed == true. Package: com.vertigogames.azsq
01-16 14:15:04.686 29334 29356 W VrApi   : ovr_GetPredictedTracking2: ovr is invalid
01-16 14:15:04.686 29334 29356 W VrApi   : IsOvrValid: ovr->Destroyed == true. Package: com.vertigogames.azsq
01-16 14:15:04.686 29334 29356 W VrApi   : ovr_GetPredictedTracking2: ovr is invalid
01-16 14:15:04.686 29334 29356 W VrApi   : IsOvrValid: ovr->Destroyed == true. Package: com.vertigogames.azsq
01-16 14:15:04.686 29334 29356 W VrApi   : ovr_GetPredictedTracking2: ovr is invalid
01-16 14:15:04.686 29334 29356 W VrApi   : IsOvrValid: ovr->Destroyed == true. Package: com.vertigogames.azsq
01-16 14:15:04.686 29334 29356 W VrApi   : ovr_GetPredictedTracking2: ovr is invalid
01-16 14:15:04.686 29334 29356 W VrApi   : IsOvrValid: ovr->Destroyed == true. Package: com.vertigogames.azsq
01-16 14:15:04.686 29334 29356 W VrApi   : ovr_GetPredictedTracking2: ovr is invalid
01-16 14:15:04.686 29334 29356 W VrApi   : IsOvrValid: ovr->Destroyed == true. Package: com.vertigogames.azsq
01-16 14:15:04.686 29334 29356 W VrApi   : ovr_GetPredictedTracking2: ovr is invalid
01-16 14:15:04.686 29334 29356 W VrApi   : IsOvrValid: ovr->Destroyed == true. Package: com.vertigogames.azsq
01-16 14:15:04.686 29334 29356 W VrApi   : ovr_GetPredictedTracking2: ovr is invalid
01-16 14:15:04.686 29334 29356 W VrApi   : IsOvrValid: ovr->Destroyed == true. Package: com.vertigogames.azsq
01-16 14:15:04.686 29334 29356 W VrApi   : ovr_GetPredictedTracking2: ovr is invalid
01-16 14:15:04.686 29334 29356 W VrApi   : IsOvrValid: ovr->Destroyed == true. Package: com.vertigogames.azsq
01-16 14:15:04.686 29334 29356 W VrApi   : ovr_GetPredictedTracking2: ovr is invalid
01-16 14:15:04.688 29334 29356 W VrApi   : vrapi_GetPredictedDisplayTime: ovr->Destroyed
01-16 14:15:04.688 29334 29356 W VrApi   : IsOvrValid: ovr->Destroyed == true. Package: com.vertigogames.azsq
01-16 14:15:04.688 29334 29356 W VrApi   : ovr_GetPredictedTracking2: ovr is invalid
01-16 14:15:04.700 29334 29385 I VrApi   : ovrModeParms::VRAPI_MODE_FLAG_RESET_WINDOW_FULLSCREEN = 1
01-16 14:15:04.700 29334 29385 I VrApi   : ovrModeParms::VRAPI_MODE_FLAG_NATIVE_WINDOW = 1
01-16 14:15:04.700 29334 29385 I VrApi   : ovrModeParms::VRAPI_MODE_FLAG_FRONT_BUFFER_SRGB = 1
01-16 14:15:04.700 29334 29385 I VrApi   : ovrModeParms::VRAPI_MODE_FLAG_PHASE_SYNC = 0
01-16 14:15:04.700 29334 29385 I VrApi   : ovrModeParms::VRAPI_MODE_FLAG_APP_SPACE_WARP = 0
01-16 14:15:04.700 29334 29385 I VrApi   : PhaseSync disabled
01-16 14:15:04.700 29334 29385 I VrApi   : HMD sensor attached.
01-16 14:15:04.709 29334 29385 I VrApi   : Creating Default swapchain
01-16 14:15:04.709 29334 29385 I VrApi   : Creating Loading Icon swapchain
01-16 14:15:04.709 29334 29385 I VrApi   : OVR::Stats thread started
01-16 14:15:04.710 29334 29385 I VrApi   : Initial BaseVsync 89918 
01-16 14:15:04.710 29334 29385 I VrApi   : ---------- vrapi_EnterVrMode [end] ----------
01-16 14:15:04.710 29334 29356 W VrApi   : vrapi_WaitFrame: ovr->Destroyed
01-16 14:15:04.710 29334 29356 W VrApi   : vrapi_GetPredictedDisplayTime: ovr->Destroyed
01-16 14:15:04.710 29334 29356 W VrApi   : IsOvrValid: ovr->Destroyed == true. Package: com.vertigogames.azsq
01-16 14:15:04.710 29334 29356 W VrApi   : ovr_GetPredictedTracking2: ovr is invalid
01-16 14:15:04.718 29334 29385 I VrApi   : ---------- vrapi_LeaveVrMode [start] ----------
01-16 14:15:04.739  3186  3386 I VrApi   : OVR::Stats thread Resume
01-16 14:15:04.754  3186  3386 I VrApi   : OVR::Stats thread started
01-16 14:15:05.001 29334 29385 I VrApi   : OVR::Stats thread stopped
01-16 14:15:05.017 29334 29385 I VrApi   : Skipping delete of ovrMobile for misbehaving app!
01-16 14:15:05.017 29334 29385 I VrApi   : ---------- vrapi_LeaveVrMode [end] ----------
01-16 14:15:05.020 29334 29385 I VrApi   : ---------- vrapi_EnterVrMode [start] ----------
01-16 14:15:05.029 29334 29385 I VrApi   : ovrModeParms::VRAPI_MODE_FLAG_RESET_WINDOW_FULLSCREEN = 1
01-16 14:15:05.029 29334 29385 I VrApi   : ovrModeParms::VRAPI_MODE_FLAG_NATIVE_WINDOW = 1
01-16 14:15:05.029 29334 29385 I VrApi   : ovrModeParms::VRAPI_MODE_FLAG_FRONT_BUFFER_SRGB = 1
01-16 14:15:05.029 29334 29385 I VrApi   : ovrModeParms::VRAPI_MODE_FLAG_PHASE_SYNC = 0
01-16 14:15:05.029 29334 29385 I VrApi   : ovrModeParms::VRAPI_MODE_FLAG_APP_SPACE_WARP = 0
01-16 14:15:05.029 29334 29385 I VrApi   : PhaseSync disabled
01-16 14:15:05.029 29334 29385 I VrApi   : HMD sensor attached.
01-16 14:15:05.036 29334 29385 I VrApi   : Creating Default swapchain
01-16 14:15:05.036 29334 29385 I VrApi   : Creating Loading Icon swapchain
01-16 14:15:05.037 29334 29385 I VrApi   : OVR::Stats thread started
01-16 14:15:05.040 29334 29385 I VrApi   : Initial BaseVsync 89941 
01-16 14:15:05.040 29334 29385 I VrApi   : ---------- vrapi_EnterVrMode [end] ----------
01-16 14:15:07.041 29334 31999 I VrApi   : FPS=73/72,Prd=42ms,Tear=0,Early=54,Stale=2,Stale2/5/10/max=0/0/1/26,VSnc=1,Lat=1,Fov=0,CPU4/GPU=2/3,1171/490MHz,OC=FF,TA=0/0/0,SP=N/N/N,Mem=1555MHz,Free=7006MB,PLS=0,Temp=27.5C/0.0C,TW=0.92ms,App=8.39ms,GD=0.00ms,CPU&GPU=10.69ms,LCnt=1(DR70,LM0),GPU%=0.67,CPU%=0.36(W0.43),DSF=1.00,CFL=15.79/27.49,ICFLp95=25.37,LD=0,SF=1.00,LP=0,DVFS=0
01-16 14:15:08.000 29334 31999 I VrApi   : FPS=72/72,Prd=42ms,Tear=0,Early=60,Stale=0,Stale2/5/10/max=0/0/0/0,VSnc=1,Lat=1,Fov=0,CPU4/GPU=2/2,1171/490MHz,OC=FF,TA=0/0/0,SP=N/N/N,Mem=2092MHz,Free=7006MB,PLS=0,Temp=27.5C/0.0C,TW=0.97ms,App=8.79ms,GD=0.00ms,CPU&GPU=11.13ms,LCnt=1(DR72,LM0),GPU%=0.73,CPU%=0.35(W0.40),DSF=1.00,CFL=15.70/19.56,ICFLp95=18.40,LD=0,SF=1.00,LP=0,DVFS=0
01-16 14:15:09.000 29334 31999 I VrApi   : FPS=72/72,Prd=42ms,Tear=0,Early=24,Stale=0,Stale2/5/10/max=0/0/0/0,VSnc=1,Lat=1,Fov=0,CPU4/GPU=2/2,1171/441MHz,OC=FF,TA=0/0/0,SP=N/N/N,Mem=1555MHz,Free=7006MB,PLS=0,Temp=27.5C/0.0C,TW=0.96ms,App=9.09ms,GD=0.00ms,CPU&GPU=11.91ms,LCnt=1(DR72,LM0),GPU%=0.74,CPU%=0.37(W0.43),DSF=1.00,CFL=15.36/19.69,ICFLp95=18.16,LD=0,SF=1.00,LP=0,DVFS=0
01-16 14:15:10.000 29334 31999 I VrApi   : FPS=72/72,Prd=42ms,Tear=0,Early=3,Stale=0,Stale2/5/10/max=0/0/0/0,VSnc=1,Lat=1,Fov=0,CPU4/GPU=2/2,1171/441MHz,OC=FF,TA=0/0/0,SP=N/N/N,Mem=1555MHz,Free=7006MB,PLS=0,Temp=27.5C/0.0C,TW=0.97ms,App=9.08ms,GD=0.00ms,CPU&GPU=11.86ms,LCnt=1(DR72,LM0),GPU%=0.74,CPU%=0.34(W0.45),DSF=1.00,CFL=15.36/19.44,ICFLp95=18.07,LD=0,SF=1.00,LP=0,DVFS=0
