--------- beginning of main
01-16 15:57:33.836  2265  2826 I VrApi   : OVR::Stats thread Suspend
01-16 15:57:33.843  2265  2826 I VrApi   : OVR::Stats thread stopped
01-16 15:57:33.939  2479  2822 I VrApi   : OVR::Stats thread Suspend
01-16 15:57:33.944  2479  2822 I VrApi   : OVR::Stats thread stopped
01-16 15:57:34.993  3901  3971 I VrApi   : ----------- vrapi_Initialize [start] ----------
01-16 15:57:35.007  3901  3971 I VrApi   : Client type: 0 flags: 0x0 placement: 0
01-16 15:57:35.035  3901  3971 I VrApi   : vrapi_Initialize: Connected to VrRuntimeService after 0.027489s
01-16 15:57:35.083  3901  3971 I VrApi   : SkipPushFinalBlack=1
01-16 15:57:35.084  3901  3971 I VrApi   : isActivityFocusAware = 1
01-16 15:57:35.095  3901  3971 I VrApi   : ----------- vrapi_Initialize [end] ----------
01-16 15:57:35.095  3901  3971 I VrApi   : ------------ vrapi_Shutdown [start] -----------
01-16 15:57:35.095  3901  3971 W VrApi   : IsOvrValid: ovr == nullptr. Package: com.AnotherAxiom.GorillaTag
01-16 15:57:35.100  3901  3971 I VrApi   : ------------ vrapi_Shutdown [end] -----------
01-16 15:57:35.129  3901  3971 I VrApi   : ----------- vrapi_Initialize [start] ----------
01-16 15:57:35.234  3901  3971 I VrApi   : Client type: 0 flags: 0x0 placement: 0
01-16 15:57:35.353  3901  3971 I VrApi   : vrapi_Initialize: Connected to VrRuntimeService after 0.119016s
01-16 15:57:35.378  3901  3971 I VrApi   : SkipPushFinalBlack=1
01-16 15:57:35.378  3901  3971 I VrApi   : isActivityFocusAware = 1
01-16 15:57:35.388  3901  3971 I VrApi   : ----------- vrapi_Initialize [end] ----------
01-16 15:57:35.388  3901  3971 W VrApi   : vrapi_LocateTrackingSpace: ovr == NULL
01-16 15:57:35.453  3901  4016 I VrApi   : ---------- vrapi_EnterVrMode [start] ----------
01-16 15:57:35.474  3901  4016 I VrApi   : ovrModeParms::VRAPI_MODE_FLAG_RESET_WINDOW_FULLSCREEN = 1
01-16 15:57:35.474  3901  4016 I VrApi   : ovrModeParms::VRAPI_MODE_FLAG_NATIVE_WINDOW = 1
01-16 15:57:35.474  3901  4016 I VrApi   : ovrModeParms::VRAPI_MODE_FLAG_FRONT_BUFFER_SRGB = 1
01-16 15:57:35.474  3901  4016 I VrApi   : ovrModeParms::VRAPI_MODE_FLAG_PHASE_SYNC = 0
01-16 15:57:35.474  3901  4016 I VrApi   : ovrModeParms::VRAPI_MODE_FLAG_APP_SPACE_WARP = 0
01-16 15:57:35.474  3901  4016 I VrApi   : PhaseSync disabled
01-16 15:57:35.474  3901  4016 I VrApi   : HMD sensor attached.
01-16 15:57:35.490  3901  4016 I VrApi   : Creating Default swapchain
01-16 15:57:35.491  3901  4016 I VrApi   : Creating Loading Icon swapchain
01-16 15:57:35.491  3901  4016 I VrApi   : OVR::Stats thread started
01-16 15:57:35.496  3901  4016 I VrApi   : Initial BaseVsync 17043 
01-16 15:57:35.496  3901  4016 I VrApi   : ---------- vrapi_EnterVrMode [end] ----------
01-16 15:57:37.020  3901  4097 I VrApi   : FPS=0/72,Prd=0ms,Tear=0,Early=0,Stale=0,Stale2/5/10/max=0/0/0/0,VSnc=1,Lat=0,Fov=0,CPU4/GPU=-1/-1,1862/490MHz,OC=FF,TA=0/0/0,SP=N/N/N,Mem=1804MHz,Free=7627MB,PLS=0,Temp=0.0C/0.0C,TW=0.00ms,App=0.00ms,GD=0.00ms,CPU&GPU=0.00ms,LCnt=0(DR0,LM0),GPU%=0.26,CPU%=0.35(W0.42),DSF=1.00,CFL=0.00/0.00,ICFLp95=0.00,LD=0,SF=0.00,LP=0,DVFS=0
01-16 15:57:38.000  3901  4097 I VrApi   : FPS=0/72,Prd=0ms,Tear=0,Early=0,Stale=0,Stale2/5/10/max=0/0/0/0,VSnc=1,Lat=0,Fov=0,CPU4/GPU=-1/-1,1862/490MHz,OC=FF,TA=0/0/0,SP=N/N/N,Mem=1804MHz,Free=7627MB,PLS=0,Temp=0.0C/0.0C,TW=0.00ms,App=0.00ms,GD=0.00ms,CPU&GPU=0.00ms,LCnt=0(DR0,LM0),GPU%=0.26,CPU%=0.35(W0.42),DSF=1.00,CFL=0.00/0.00,ICFLp95=0.00,LD=0,SF=0.00,LP=0,DVFS=0
01-16 15:57:38.385  3901  4016 W VrApi   : Time to first swap: 3.405 seconds
01-16 15:57:39.001  3901  4097 I VrApi   : FPS=1/72,Prd=0ms,Tear=0,Early=0,Stale=72,Stale2/5/10/max=0/0/0/0,VSnc=0,Lat=1,Fov=0,CPU4/GPU=3/2,2419/441MHz,OC=FF,TA=0/0/0,SP=N/N/N,Mem=2092MHz,Free=7627MB,PLS=0,Temp=24.2C/0.0C,TW=1.16ms,App=-82.28ms,GD=0.00ms,CPU&GPU=0.00ms,LCnt=3(DR2,LM3),GPU%=0.13,CPU%=0.48(W0.57),DSF=1.00,CFL=16.25/21.17,ICFLp95=19.99,LD=0,SF=0.00,LP=0,DVFS=0
01-16 15:57:40.001  3901  4097 I VrApi   : FPS=67/72,Prd=52ms,Tear=0,Early=64,Stale=10,Stale2/5/10/max=0/0/1/232,VSnc=1,Lat=1,Fov=0,CPU4/GPU=5/2,2419/441MHz,OC=FF,TA=0/0/0,SP=N/N/N,Mem=2092MHz,Free=7627MB,PLS=0,Temp=24.2C/0.0C,TW=0.75ms,App=0.29ms,GD=0.00ms,CPU&GPU=2.04ms,LCnt=2(DR66,LM2),GPU%=0.10,CPU%=0.48(W0.87),DSF=1.00,CFL=14.65/28.28,ICFLp95=28.95,LD=0,SF=1.00,LP=0,DVFS=0
01-16 15:57:40.512  3186  3386 I VrApi   : OVR::Stats thread Suspend
01-16 15:57:40.518  3186  3386 I VrApi   : OVR::Stats thread stopped
01-16 15:57:41.001  3901  4097 I VrApi   : FPS=67/72,Prd=52ms,Tear=0,Early=64,Stale=10,Stale2/5/10/max=0/0/1/232,VSnc=1,Lat=1,Fov=0,CPU4/GPU=5/2,2419/441MHz,OC=FF,TA=0/0/0,SP=N/N/N,Mem=2092MHz,Free=7627MB,PLS=0,Temp=24.2C/0.0C,TW=0.75ms,App=0.29ms,GD=0.00ms,CPU&GPU=2.04ms,LCnt=2(DR66,LM2),GPU%=0.10,CPU%=0.48(W0.87),DSF=1.00,CFL=14.65/28.28,ICFLp95=28.95,LD=0,SF=1.00,LP=0,DVFS=0
01-16 15:57:42.001  3901  4097 I VrApi   : FPS=67/72,Prd=52ms,Tear=0,Early=64,Stale=10,Stale2/5/10/max=0/0/1/232,VSnc=1,Lat=1,Fov=0,CPU4/GPU=5/2,2419/441MHz,OC=FF,TA=0/0/0,SP=N/N/N,Mem=2092MHz,Free=7627MB,PLS=0,Temp=24.2C/0.0C,TW=0.75ms,App=0.29ms,GD=0.00ms,CPU&GPU=2.04ms,LCnt=2(DR66,LM2),GPU%=0.10,CPU%=0.48(W0.87),DSF=1.00,CFL=14.65/28.28,ICFLp95=28.95,LD=0,SF=1.00,LP=0,DVFS=0
01-16 15:57:42.253  3186  3386 I VrApi   : OVR::Stats thread Resume
01-16 15:57:42.262  3186  3386 I VrApi   : OVR::Stats thread started
01-16 15:57:43.001  3901  4097 I VrApi   : FPS=67/72,Prd=52ms,Tear=0,Early=64,Stale=10,Stale2/5/10/max=0/0/1/232,VSnc=1,Lat=1,Fov=0,CPU4/GPU=5/2,2419/441MHz,OC=FF,TA=0/0/0,SP=N/N/N,Mem=2092MHz,Free=7627MB,PLS=0,Temp=24.2C/0.0C,TW=0.75ms,App=0.29ms,GD=0.00ms,CPU&GPU=2.04ms,LCnt=2(DR66,LM2),GPU%=0.10,CPU%=0.48(W0.87),DSF=1.00,CFL=14.65/28.28,ICFLp95=28.95,LD=0,SF=1.00,LP=0,DVFS=0
01-16 15:57:43.781  4680  4751 I VrApi   : OVR::Stats thread Resume
01-16 15:57:43.809  4680  4751 I VrApi   : OVR::Stats thread started
01-16 15:57:44.001  3901  4097 I VrApi   : FPS=67/72,Prd=52ms,Tear=0,Early=64,Stale=10,Stale2/5/10/max=0/0/1/232,VSnc=1,Lat=1,Fov=0,CPU4/GPU=5/2,2419/441MHz,OC=FF,TA=0/0/0,SP=N/N/N,Mem=2092MHz,Free=7627MB,PLS=0,Temp=24.2C/0.0C,TW=0.75ms,App=0.29ms,GD=0.00ms,CPU&GPU=2.04ms,LCnt=2(DR66,LM2),GPU%=0.10,CPU%=0.48(W0.87),DSF=1.00,CFL=14.65/28.28,ICFLp95=28.95,LD=0,SF=1.00,LP=0,DVFS=0
01-16 15:57:45.008  4680  4805 I VrApi   : FPS=35/72,Prd=31ms,Tear=0,Early=0,Stale=0,Stale2/5/10/max=0/0/0/0,VSnc=1,Lat=-1,Fov=0D,CPU4/GPU=2/2,1171/441MHz,OC=FF,TA=0/0/0,SP=N/E/E,Mem=1804MHz,Free=6408MB,PLS=0,Temp=24.2C/0.0C,TW=0.00ms,App=12.72ms,GD=0.00ms,CPU&GPU=0.29ms,LCnt=0(DR0,LM0),GPU%=0.45,CPU%=0.13(W0.15),DSF=1.00,CFL=0.00/0.00,ICFLp95=0.00,LD=0,SF=0.00,LP=0,DVFS=0
01-16 15:57:45.032  3901  4097 I VrApi   : FPS=67/72,Prd=52ms,Tear=0,Early=64,Stale=10,Stale2/5/10/max=0/0/1/232,VSnc=1,Lat=1,Fov=0,CPU4/GPU=5/2,2419/441MHz,OC=FF,TA=0/0/0,SP=N/N/N,Mem=2092MHz,Free=7627MB,PLS=0,Temp=24.2C/0.0C,TW=0.75ms,App=0.29ms,GD=0.00ms,CPU&GPU=2.04ms,LCnt=2(DR66,LM2),GPU%=0.10,CPU%=0.48(W0.87),DSF=1.00,CFL=14.65/28.28,ICFLp95=28.95,LD=0,SF=1.00,LP=0,DVFS=0
01-16 15:57:46.000  4680  4805 I VrApi   : FPS=36/72,Prd=31ms,Tear=0,Early=0,Stale=0,Stale2/5/10/max=0/0/0/0,VSnc=1,Lat=-1,Fov=0D,CPU4/GPU=2/2,1171/441MHz,OC=FF,TA=0/0/0,SP=N/E/E,Mem=2092MHz,Free=6408MB,PLS=0,Temp=24.2C/0.0C,TW=0.00ms,App=6.79ms,GD=0.00ms,CPU&GPU=0.28ms,LCnt=0(DR0,LM0),GPU%=0.29,CPU%=0.12(W0.23),DSF=1.00,CFL=0.00/0.00,ICFLp95=0.00,LD=0,SF=0.00,LP=0,DVFS=0
01-16 15:57:46.069  3901  4097 I VrApi   : FPS=67/72,Prd=52ms,Tear=0,Early=64,Stale=10,Stale2/5/10/max=0/0/1/232,VSnc=1,Lat=1,Fov=0,CPU4/GPU=5/2,2419/441MHz,OC=FF,TA=0/0/0,SP=N/N/N,Mem=2092MHz,Free=7627MB,PLS=0,Temp=24.2C/0.0C,TW=0.75ms,App=0.29ms,GD=0.00ms,CPU&GPU=2.04ms,LCnt=2(DR66,LM2),GPU%=0.10,CPU%=0.48(W0.87),DSF=1.00,CFL=14.65/28.28,ICFLp95=28.95,LD=0,SF=1.00,LP=0,DVFS=0
01-16 15:57:47.000  4680  4805 I VrApi   : FPS=37/72,Prd=48ms,Tear=0,Early=0,Stale=0,Stale2/5/10/max=0/0/0/0,VSnc=1,Lat=-1,Fov=0D,CPU4/GPU=2/2,1171/441MHz,OC=FF,TA=0/0/0,SP=N/E/E,Mem=2092MHz,Free=6408MB,PLS=0,Temp=24.2C/0.0C,TW=0.00ms,App=8.09ms,GD=0.00ms,CPU&GPU=0.22ms,LCnt=0(DR0,LM0),GPU%=0.31,CPU%=0.27(W0.27),DSF=1.00,CFL=0.00/0.00,ICFLp95=0.00,LD=0,SF=0.00,LP=0,DVFS=0
01-16 15:57:47.105  3901  4097 I VrApi   : FPS=67/72,Prd=52ms,Tear=0,Early=64,Stale=10,Stale2/5/10/max=0/0/1/232,VSnc=1,Lat=1,Fov=0,CPU4/GPU=5/2,2419/441MHz,OC=FF,TA=0/0/0,SP=N/N/N,Mem=2092MHz,Free=7627MB,PLS=0,Temp=24.2C/0.0C,TW=0.75ms,App=0.29ms,GD=0.00ms,CPU&GPU=2.04ms,LCnt=2(DR66,LM2),GPU%=0.10,CPU%=0.48(W0.87),DSF=1.00,CFL=14.65/28.28,ICFLp95=28.95,LD=0,SF=1.00,LP=0,DVFS=0
01-16 15:57:48.000  4680  4805 I VrApi   : FPS=37/72,Prd=48ms,Tear=0,Early=0,Stale=0,Stale2/5/10/max=0/0/0/0,VSnc=1,Lat=-1,Fov=0D,CPU4/GPU=2/2,1171/441MHz,OC=FF,TA=0/0/0,SP=N/E/E,Mem=1555MHz,Free=6408MB,PLS=0,Temp=24.2C/0.0C,TW=0.00ms,App=7.51ms,GD=0.00ms,CPU&GPU=0.22ms,LCnt=0(DR0,LM0),GPU%=0.30,CPU%=0.18(W0.23),DSF=1.00,CFL=0.00/0.00,ICFLp95=0.00,LD=0,SF=0.00,LP=0,DVFS=0
01-16 15:57:48.125  3901  4097 I VrApi   : FPS=67/72,Prd=52ms,Tear=0,Early=64,Stale=10,Stale2/5/10/max=0/0/1/232,VSnc=1,Lat=1,Fov=0,CPU4/GPU=5/2,2419/441MHz,OC=FF,TA=0/0/0,SP=N/N/N,Mem=2092MHz,Free=7627MB,PLS=0,Temp=24.2C/0.0C,TW=0.75ms,App=0.29ms,GD=0.00ms,CPU&GPU=2.04ms,LCnt=2(DR66,LM2),GPU%=0.10,CPU%=0.48(W0.87),DSF=1.00,CFL=14.65/28.28,ICFLp95=28.95,LD=0,SF=1.00,LP=0,DVFS=0
01-16 15:57:48.439  4680  4751 I VrApi   : OVR::Stats thread Suspend
01-16 15:57:48.449  4680  4751 I VrApi   : OVR::Stats thread stopped
01-16 15:57:49.157  3901  4097 I VrApi   : FPS=67/72,Prd=52ms,Tear=0,Early=64,Stale=10,Stale2/5/10/max=0/0/1/232,VSnc=1,Lat=1,Fov=0,CPU4/GPU=5/2,2419/441MHz,OC=FF,TA=0/0/0,SP=N/N/N,Mem=2092MHz,Free=7627MB,PLS=0,Temp=24.2C/0.0C,TW=0.75ms,App=0.29ms,GD=0.00ms,CPU&GPU=2.04ms,LCnt=2(DR66,LM2),GPU%=0.10,CPU%=0.48(W0.87),DSF=1.00,CFL=14.65/28.28,ICFLp95=28.95,LD=0,SF=1.00,LP=0,DVFS=0
01-16 15:57:50.157  3901  4097 I VrApi   : FPS=67/72,Prd=52ms,Tear=0,Early=64,Stale=10,Stale2/5/10/max=0/0/1/232,VSnc=1,Lat=1,Fov=0,CPU4/GPU=5/2,2419/441MHz,OC=FF,TA=0/0/0,SP=N/N/N,Mem=2092MHz,Free=7627MB,PLS=0,Temp=24.2C/0.0C,TW=0.75ms,App=0.29ms,GD=0.00ms,CPU&GPU=2.04ms,LCnt=2(DR66,LM2),GPU%=0.10,CPU%=0.48(W0.87),DSF=1.00,CFL=14.65/28.28,ICFLp95=28.95,LD=0,SF=1.00,LP=0,DVFS=0
01-16 15:57:51.157  3901  4097 I VrApi   : FPS=67/72,Prd=52ms,Tear=0,Early=64,Stale=10,Stale2/5/10/max=0/0/1/232,VSnc=1,Lat=1,Fov=0,CPU4/GPU=5/2,2419/441MHz,OC=FF,TA=0/0/0,SP=N/N/N,Mem=2092MHz,Free=7627MB,PLS=0,Temp=24.2C/0.0C,TW=0.75ms,App=0.29ms,GD=0.00ms,CPU&GPU=2.04ms,LCnt=2(DR66,LM2),GPU%=0.10,CPU%=0.48(W0.87),DSF=1.00,CFL=14.65/28.28,ICFLp95=28.95,LD=0,SF=1.00,LP=0,DVFS=0
01-16 15:57:52.157  3901  4097 I VrApi   : FPS=67/72,Prd=52ms,Tear=0,Early=64,Stale=10,Stale2/5/10/max=0/0/1/232,VSnc=1,Lat=1,Fov=0,CPU4/GPU=5/2,2419/441MHz,OC=FF,TA=0/0/0,SP=N/N/N,Mem=2092MHz,Free=7627MB,PLS=0,Temp=24.2C/0.0C,TW=0.75ms,App=0.29ms,GD=0.00ms,CPU&GPU=2.04ms,LCnt=2(DR66,LM2),GPU%=0.10,CPU%=0.48(W0.87),DSF=1.00,CFL=14.65/28.28,ICFLp95=28.95,LD=0,SF=1.00,LP=0,DVFS=0
01-16 15:57:53.157  3901  4097 I VrApi   : FPS=67/72,Prd=52ms,Tear=0,Early=64,Stale=10,Stale2/5/10/max=0/0/1/232,VSnc=1,Lat=1,Fov=0,CPU4/GPU=5/2,2419/441MHz,OC=FF,TA=0/0/0,SP=N/N/N,Mem=2092MHz,Free=7627MB,PLS=0,Temp=24.2C/0.0C,TW=0.75ms,App=0.29ms,GD=0.00ms,CPU&GPU=2.04ms,LCnt=2(DR66,LM2),GPU%=0.10,CPU%=0.48(W0.87),DSF=1.00,CFL=14.65/28.28,ICFLp95=28.95,LD=0,SF=1.00,LP=0,DVFS=0
01-16 15:57:54.157  3901  4097 I VrApi   : FPS=67/72,Prd=52ms,Tear=0,Early=64,Stale=10,Stale2/5/10/max=0/0/1/232,VSnc=1,Lat=1,Fov=0,CPU4/GPU=5/2,2419/441MHz,OC=FF,TA=0/0/0,SP=N/N/N,Mem=2092MHz,Free=7627MB,PLS=0,Temp=24.2C/0.0C,TW=0.75ms,App=0.29ms,GD=0.00ms,CPU&GPU=2.04ms,LCnt=2(DR66,LM2),GPU%=0.10,CPU%=0.48(W0.87),DSF=1.00,CFL=14.65/28.28,ICFLp95=28.95,LD=0,SF=1.00,LP=0,DVFS=0
01-16 15:57:55.124  3901  4016 I VrApi   : ---------- vrapi_LeaveVrMode [start] ----------
01-16 15:57:55.134  3901  4016 I VrApi   : OVR::Stats thread stopped
01-16 15:57:55.167  3901  4016 I VrApi   : ---------- vrapi_LeaveVrMode [end] ----------
01-16 15:57:55.225  3901  4016 I VrApi   : ---------- vrapi_EnterVrMode [start] ----------
01-16 15:57:55.235  3901  4016 I VrApi   : ovrModeParms::VRAPI_MODE_FLAG_RESET_WINDOW_FULLSCREEN = 1
01-16 15:57:55.235  3901  4016 I VrApi   : ovrModeParms::VRAPI_MODE_FLAG_NATIVE_WINDOW = 1
01-16 15:57:55.235  3901  4016 I VrApi   : ovrModeParms::VRAPI_MODE_FLAG_FRONT_BUFFER_SRGB = 1
01-16 15:57:55.235  3901  4016 I VrApi   : ovrModeParms::VRAPI_MODE_FLAG_PHASE_SYNC = 0
01-16 15:57:55.235  3901  4016 I VrApi   : ovrModeParms::VRAPI_MODE_FLAG_APP_SPACE_WARP = 0
01-16 15:57:55.235  3901  4016 I VrApi   : PhaseSync disabled
01-16 15:57:55.235  3901  4016 I VrApi   : HMD sensor attached.
01-16 15:57:55.238  3901  4016 I VrApi   : Creating Default swapchain
01-16 15:57:55.240  3901  4016 I VrApi   : Creating Loading Icon swapchain
01-16 15:57:55.241  3901  4016 I VrApi   : OVR::Stats thread started
01-16 15:57:55.248  3901  4016 I VrApi   : Initial BaseVsync 18464 
01-16 15:57:55.248  3901  4016 I VrApi   : ---------- vrapi_EnterVrMode [end] ----------
01-16 15:57:57.047  3901  5148 I VrApi   : FPS=63/90,Prd=40ms,Tear=0,Early=83,Stale=4,Stale2/5/10/max=1/0/0/4,VSnc=1,Lat=1,Fov=0,CPU4/GPU=2/2,1171/441MHz,OC=FF,TA=0/0/0,SP=N/N/N,Mem=2092MHz,Free=6224MB,PLS=0,Temp=24.5C/0.0C,TW=0.95ms,App=3.20ms,GD=0.00ms,CPU&GPU=9.09ms,LCnt=1(DR90,LM0),GPU%=0.43,CPU%=0.39(W0.63),DSF=1.00,CFL=15.92/20.18,ICFLp95=18.47,LD=0,SF=1.00,LP=0,DVFS=0
01-16 15:57:58.000  3901  5148 I VrApi   : FPS=87/90,Prd=40ms,Tear=0,Early=82,Stale=5,Stale2/5/10/max=0/1/0/5,VSnc=1,Lat=1,Fov=0,CPU4/GPU=3/2,1382/441MHz,OC=FF,TA=0/0/0,SP=N/N/N,Mem=1804MHz,Free=6224MB,PLS=0,Temp=24.5C/0.0C,TW=0.95ms,App=3.56ms,GD=0.00ms,CPU&GPU=8.71ms,LCnt=1(DR90,LM0),GPU%=0.43,CPU%=0.57(W0.62),DSF=1.00,CFL=16.07/19.54,ICFLp95=18.38,LD=0,SF=1.00,LP=0,DVFS=0
01-16 15:57:59.000  3901  5148 I VrApi   : FPS=90/90,Prd=41ms,Tear=0,Early=88,Stale=0,Stale2/5/10/max=0/0/0/0,VSnc=1,Lat=1,Fov=0,CPU4/GPU=2/2,1382/441MHz,OC=FF,TA=0/0/0,SP=N/N/N,Mem=2092MHz,Free=6224MB,PLS=0,Temp=24.2C/0.0C,TW=0.95ms,App=3.58ms,GD=0.00ms,CPU&GPU=8.21ms,LCnt=1(DR90,LM0),GPU%=0.43,CPU%=0.46(W0.63),DSF=1.00,CFL=16.07/19.63,ICFLp95=18.42,LD=0,SF=1.00,LP=0,DVFS=0
01-16 15:58:00.000  3901  5148 I VrApi   : FPS=90/90,Prd=41ms,Tear=0,Early=80,Stale=5,Stale2/5/10/max=0/0/0/0,VSnc=1,Lat=1,Fov=0,CPU4/GPU=2/2,1171/441MHz,OC=FF,TA=0/0/0,SP=N/N/N,Mem=2092MHz,Free=6224MB,PLS=0,Temp=24.2C/0.0C,TW=0.92ms,App=3.49ms,GD=0.00ms,CPU&GPU=8.74ms,LCnt=1(DR90,LM0),GPU%=0.40,CPU%=0.47(W0.65),DSF=1.00,CFL=15.94/20.33,ICFLp95=18.43,LD=0,SF=1.00,LP=0,DVFS=0
01-16 15:58:00.259  3186  3386 I VrApi   : OVR::Stats thread Suspend
01-16 15:58:00.280  3186  3386 I VrApi   : OVR::Stats thread stopped
01-16 15:58:01.000  3901  5148 I VrApi   : FPS=75/90,Prd=41ms,Tear=0,Early=78,Stale=13,Stale2/5/10/max=0/2/0/9,VSnc=1,Lat=1,Fov=0,CPU4/GPU=2/2,1171/441MHz,OC=FF,TA=0/0/0,SP=N/N/N,Mem=2092MHz,Free=6224MB,PLS=0,Temp=24.2C/0.0C,TW=0.95ms,App=3.36ms,GD=0.00ms,CPU&GPU=9.79ms,LCnt=1(DR90,LM0),GPU%=0.43,CPU%=0.51(W0.53),DSF=1.00,CFL=15.85/20.11,ICFLp95=18.32,LD=0,SF=1.00,LP=0,DVFS=0
01-16 15:58:02.000  3901  5148 I VrApi   : FPS=90/90,Prd=41ms,Tear=0,Early=89,Stale=0,Stale2/5/10/max=0/0/0/0,VSnc=1,Lat=1,Fov=0,CPU4/GPU=2/2,1171/441MHz,OC=FF,TA=0/0/0,SP=N/N/N,Mem=2092MHz,Free=6224MB,PLS=0,Temp=24.2C/0.0C,TW=0.95ms,App=3.63ms,GD=0.00ms,CPU&GPU=8.79ms,LCnt=1(DR90,LM0),GPU%=0.43,CPU%=0.46(W0.55),DSF=1.00,CFL=15.95/19.86,ICFLp95=18.48,LD=0,SF=1.00,LP=0,DVFS=0
01-16 15:58:03.000  3901  5148 I VrApi   : FPS=90/90,Prd=41ms,Tear=0,Early=89,Stale=0,Stale2/5/10/max=0/0/0/0,VSnc=1,Lat=1,Fov=0,CPU4/GPU=2/2,1171/441MHz,OC=FF,TA=0/0/0,SP=N/N/N,Mem=2092MHz,Free=6224MB,PLS=0,Temp=24.2C/0.0C,TW=0.94ms,App=3.61ms,GD=0.00ms,CPU&GPU=8.33ms,LCnt=1(DR90,LM0),GPU%=0.43,CPU%=0.42(W0.65),DSF=1.00,CFL=16.04/19.76,ICFLp95=18.50,LD=0,SF=1.00,LP=0,DVFS=0
01-16 15:58:04.000  3901  5148 I VrApi   : FPS=90/90,Prd=41ms,Tear=0,Early=90,Stale=0,Stale2/5/10/max=0/0/0/0,VSnc=1,Lat=1,Fov=0,CPU4/GPU=2/2,1171/441MHz,OC=FF,TA=0/0/0,SP=N/N/N,Mem=2092MHz,Free=6224MB,PLS=0,Temp=24.2C/0.0C,TW=0.95ms,App=3.62ms,GD=0.00ms,CPU&GPU=8.46ms,LCnt=1(DR90,LM0),GPU%=0.43,CPU%=0.43(W0.52),DSF=1.00,CFL=16.15/19.70,ICFLp95=18.34,LD=0,SF=1.00,LP=0,DVFS=0
01-16 15:58:05.000  3901  5148 I VrApi   : FPS=90/90,Prd=41ms,Tear=0,Early=90,Stale=0,Stale2/5/10/max=0/0/0/0,VSnc=1,Lat=1,Fov=0,CPU4/GPU=2/2,1171/441MHz,OC=FF,TA=0/0/0,SP=N/N/N,Mem=2092MHz,Free=6224MB,PLS=0,Temp=24.2C/0.0C,TW=0.94ms,App=3.62ms,GD=0.00ms,CPU&GPU=8.41ms,LCnt=1(DR90,LM0),GPU%=0.43,CPU%=0.38(W0.53),DSF=1.00,CFL=16.12/19.67,ICFLp95=18.56,LD=0,SF=1.00,LP=0,DVFS=0
01-16 15:58:06.001  3901  5148 I VrApi   : FPS=90/90,Prd=41ms,Tear=0,Early=90,Stale=0,Stale2/5/10/max=0/0/0/0,VSnc=1,Lat=1,Fov=0,CPU4/GPU=2/2,1171/441MHz,OC=FF,TA=0/0/0,SP=N/N/N,Mem=2092MHz,Free=6224MB,PLS=0,Temp=24.2C/0.0C,TW=0.94ms,App=3.49ms,GD=0.00ms,CPU&GPU=8.23ms,LCnt=1(DR90,LM0),GPU%=0.42,CPU%=0.41(W0.55),DSF=1.00,CFL=15.98/19.34,ICFLp95=18.39,LD=0,SF=1.00,LP=0,DVFS=0
01-16 15:58:07.001  3901  5148 I VrApi   : FPS=90/90,Prd=41ms,Tear=0,Early=90,Stale=0,Stale2/5/10/max=0/0/0/0,VSnc=1,Lat=1,Fov=0,CPU4/GPU=2/2,1171/441MHz,OC=FF,TA=0/0/0,SP=N/N/N,Mem=1804MHz,Free=6224MB,PLS=0,Temp=24.2C/0.0C,TW=0.92ms,App=3.54ms,GD=0.00ms,CPU&GPU=8.12ms,LCnt=1(DR90,LM0),GPU%=0.42,CPU%=0.39(W0.62),DSF=1.00,CFL=15.82/19.75,ICFLp95=18.86,LD=0,SF=1.00,LP=0,DVFS=0
01-16 15:58:08.001  3901  5148 I VrApi   : FPS=90/90,Prd=41ms,Tear=0,Early=90,Stale=0,Stale2/5/10/max=0/0/0/0,VSnc=1,Lat=1,Fov=0,CPU4/GPU=2/2,1171/441MHz,OC=FF,TA=0/0/0,SP=N/N/N,Mem=2092MHz,Free=6224MB,PLS=0,Temp=24.2C/0.0C,TW=0.94ms,App=3.62ms,GD=0.00ms,CPU&GPU=8.19ms,LCnt=1(DR90,LM0),GPU%=0.43,CPU%=0.38(W0.63),DSF=1.00,CFL=16.17/19.68,ICFLp95=18.61,LD=0,SF=1.00,LP=0,DVFS=0
01-16 15:58:09.001  3901  5148 I VrApi   : FPS=90/90,Prd=41ms,Tear=0,Early=90,Stale=0,Stale2/5/10/max=0/0/0/0,VSnc=1,Lat=1,Fov=0,CPU4/GPU=2/2,1171/441MHz,OC=FF,TA=0/0/0,SP=N/N/N,Mem=2092MHz,Free=6224MB,PLS=0,Temp=24.2C/0.0C,TW=0.94ms,App=3.62ms,GD=0.00ms,CPU&GPU=8.24ms,LCnt=1(DR90,LM0),GPU%=0.43,CPU%=0.38(W0.63),DSF=1.00,CFL=16.08/19.36,ICFLp95=18.43,LD=0,SF=1.00,LP=0,DVFS=0
01-16 15:58:10.001  3901  5148 I VrApi   : FPS=90/90,Prd=41ms,Tear=0,Early=90,Stale=0,Stale2/5/10/max=0/0/0/0,VSnc=1,Lat=1,Fov=0,CPU4/GPU=2/2,1171/441MHz,OC=FF,TA=0/0/0,SP=N/N/N,Mem=2092MHz,Free=6224MB,PLS=0,Temp=24.2C/0.0C,TW=0.94ms,App=3.60ms,GD=0.00ms,CPU&GPU=8.25ms,LCnt=1(DR90,LM0),GPU%=0.43,CPU%=0.36(W0.50),DSF=1.00,CFL=16.11/19.39,ICFLp95=18.35,LD=0,SF=1.00,LP=0,DVFS=0
01-16 15:58:11.001  3901  5148 I VrApi   : FPS=90/90,Prd=41ms,Tear=0,Early=90,Stale=0,Stale2/5/10/max=0/0/0/0,VSnc=1,Lat=1,Fov=0,CPU4/GPU=2/2,1171/441MHz,OC=FF,TA=0/0/0,SP=N/N/N,Mem=2092MHz,Free=6224MB,PLS=0,Temp=24.5C/0.0C,TW=0.94ms,App=3.59ms,GD=0.00ms,CPU&GPU=8.16ms,LCnt=1(DR90,LM0),GPU%=0.43,CPU%=0.43(W0.64),DSF=1.00,CFL=15.84/19.04,ICFLp95=18.34,LD=0,SF=1.00,LP=0,DVFS=0
01-16 15:58:12.001  3901  5148 I VrApi   : FPS=90/90,Prd=41ms,Tear=0,Early=90,Stale=0,Stale2/5/10/max=0/0/0/0,VSnc=1,Lat=1,Fov=0,CPU4/GPU=2/2,1171/441MHz,OC=FF,TA=0/0/0,SP=N/N/N,Mem=2092MHz,Free=6224MB,PLS=0,Temp=24.5C/0.0C,TW=0.95ms,App=3.59ms,GD=0.00ms,CPU&GPU=8.26ms,LCnt=1(DR90,LM0),GPU%=0.43,CPU%=0.39(W0.53),DSF=1.00,CFL=16.01/20.33,ICFLp95=18.76,LD=0,SF=1.00,LP=0,DVFS=0
01-16 15:58:13.001  3901  5148 I VrApi   : FPS=90/90,Prd=41ms,Tear=0,Early=90,Stale=0,Stale2/5/10/max=0/0/0/0,VSnc=1,Lat=1,Fov=0,CPU4/GPU=2/2,1171/441MHz,OC=FF,TA=0/0/0,SP=N/N/N,Mem=2092MHz,Free=6224MB,PLS=0,Temp=24.5C/0.0C,TW=0.93ms,App=3.58ms,GD=0.00ms,CPU&GPU=8.22ms,LCnt=1(DR90,LM0),GPU%=0.43,CPU%=0.42(W0.63),DSF=1.00,CFL=16.13/19.88,ICFLp95=18.55,LD=0,SF=1.00,LP=0,DVFS=0
01-16 15:58:14.001  3901  5148 I VrApi   : FPS=90/90,Prd=41ms,Tear=0,Early=90,Stale=0,Stale2/5/10/max=0/0/0/0,VSnc=1,Lat=1,Fov=0,CPU4/GPU=2/2,1171/441MHz,OC=FF,TA=0/0/0,SP=N/N/N,Mem=2092MHz,Free=6224MB,PLS=0,Temp=24.5C/0.0C,TW=0.89ms,App=3.61ms,GD=0.00ms,CPU&GPU=8.17ms,LCnt=1(DR90,LM0),GPU%=0.42,CPU%=0.41(W0.50),DSF=1.00,CFL=16.18/19.82,ICFLp95=18.46,LD=0,SF=1.00,LP=0,DVFS=0
01-16 15:58:15.001  3901  5148 I VrApi   : FPS=90/90,Prd=41ms,Tear=0,Early=90,Stale=0,Stale2/5/10/max=0/0/0/0,VSnc=1,Lat=1,Fov=0,CPU4/GPU=2/2,1171/441MHz,OC=FF,TA=0/0/0,SP=N/N/N,Mem=2092MHz,Free=6224MB,PLS=0,Temp=24.5C/0.0C,TW=0.95ms,App=3.58ms,GD=0.00ms,CPU&GPU=8.13ms,LCnt=1(DR91,LM0),GPU%=0.43,CPU%=0.45(W0.60),DSF=1.00,CFL=16.08/20.33,ICFLp95=18.99,LD=0,SF=1.00,LP=0,DVFS=0
01-16 15:58:16.001  3901  5148 I VrApi   : FPS=90/90,Prd=41ms,Tear=0,Early=90,Stale=0,Stale2/5/10/max=0/0/0/0,VSnc=1,Lat=1,Fov=0,CPU4/GPU=2/2,1171/441MHz,OC=FF,TA=0/0/0,SP=N/N/N,Mem=2092MHz,Free=6224MB,PLS=0,Temp=24.5C/0.0C,TW=0.93ms,App=3.64ms,GD=0.00ms,CPU&GPU=8.22ms,LCnt=1(DR90,LM0),GPU%=0.43,CPU%=0.31(W0.44),DSF=1.00,CFL=16.01/19.94,ICFLp95=18.81,LD=0,SF=1.00,LP=0,DVFS=0
01-16 15:58:17.048  3901  5148 I VrApi   : FPS=90/90,Prd=41ms,Tear=0,Early=90,Stale=0,Stale2/5/10/max=0/0/0/0,VSnc=1,Lat=1,Fov=0,CPU4/GPU=2/2,1171/441MHz,OC=FF,TA=0/0/0,SP=N/N/N,Mem=2092MHz,Free=6202MB,PLS=0,Temp=24.5C/0.0C,TW=0.93ms,App=3.62ms,GD=0.00ms,CPU&GPU=8.14ms,LCnt=1(DR90,LM0),GPU%=0.43,CPU%=0.38(W0.57),DSF=1.00,CFL=16.17/19.83,ICFLp95=18.67,LD=0,SF=1.00,LP=0,DVFS=0
01-16 15:58:18.001  3901  5148 I VrApi   : FPS=90/90,Prd=40ms,Tear=0,Early=90,Stale=0,Stale2/5/10/max=0/0/0/0,VSnc=1,Lat=1,Fov=0,CPU4/GPU=2/2,1171/441MHz,OC=FF,TA=0/0/0,SP=N/N/N,Mem=2092MHz,Free=6202MB,PLS=0,Temp=24.5C/0.0C,TW=0.92ms,App=3.69ms,GD=0.00ms,CPU&GPU=8.23ms,LCnt=1(DR90,LM0),GPU%=0.44,CPU%=0.32(W0.58),DSF=1.00,CFL=16.00/19.43,ICFLp95=18.45,LD=0,SF=1.00,LP=0,DVFS=0
01-16 15:58:19.001  3901  5148 I VrApi   : FPS=90/90,Prd=41ms,Tear=0,Early=90,Stale=0,Stale2/5/10/max=0/0/0/0,VSnc=1,Lat=1,Fov=0,CPU4/GPU=2/2,1171/441MHz,OC=FF,TA=0/0/0,SP=N/N/N,Mem=2092MHz,Free=6202MB,PLS=0,Temp=24.5C/0.0C,TW=0.93ms,App=3.35ms,GD=0.00ms,CPU&GPU=8.33ms,LCnt=1(DR90,LM0),GPU%=0.41,CPU%=0.40(W0.60),DSF=1.00,CFL=16.21/19.80,ICFLp95=18.65,LD=0,SF=1.00,LP=0,DVFS=0
01-16 15:58:20.002  3901  5148 I VrApi   : FPS=90/90,Prd=41ms,Tear=0,Early=90,Stale=0,Stale2/5/10/max=0/0/0/0,VSnc=1,Lat=1,Fov=0,CPU4/GPU=2/2,1171/441MHz,OC=FF,TA=0/0/0,SP=N/N/N,Mem=2092MHz,Free=6202MB,PLS=0,Temp=24.5C/0.0C,TW=0.93ms,App=3.30ms,GD=0.00ms,CPU&GPU=7.80ms,LCnt=1(DR90,LM0),GPU%=0.40,CPU%=0.40(W0.53),DSF=1.00,CFL=16.13/19.64,ICFLp95=18.41,LD=0,SF=1.00,LP=0,DVFS=0
01-16 15:58:21.002  3901  5148 I VrApi   : FPS=90/90,Prd=41ms,Tear=0,Early=86,Stale=4,Stale2/5/10/max=1/0/0/4,VSnc=1,Lat=1,Fov=0,CPU4/GPU=2/2,1171/441MHz,OC=FF,TA=0/0/0,SP=N/N/N,Mem=2092MHz,Free=6202MB,PLS=0,Temp=24.5C/0.0C,TW=0.87ms,App=3.20ms,GD=0.00ms,CPU&GPU=7.31ms,LCnt=1(DR90,LM0),GPU%=0.30,CPU%=0.36(W0.44),DSF=1.00,CFL=15.98/20.16,ICFLp95=18.49,LD=0,SF=1.00,LP=0,DVFS=0
01-16 15:58:22.002  3901  5148 I VrApi   : FPS=80/90,Prd=41ms,Tear=0,Early=83,Stale=8,Stale2/5/10/max=0/1/0/8,VSnc=1,Lat=1,Fov=0,CPU4/GPU=2/2,1171/441MHz,OC=FF,TA=0/0/0,SP=N/N/N,Mem=2092MHz,Free=6202MB,PLS=0,Temp=24.5C/0.0C,TW=0.92ms,App=2.84ms,GD=0.00ms,CPU&GPU=8.22ms,LCnt=1(DR90,LM0),GPU%=0.37,CPU%=0.37(W0.53),DSF=1.00,CFL=16.08/21.08,ICFLp95=19.09,LD=0,SF=1.00,LP=0,DVFS=0
01-16 15:58:23.002  3901  5148 I VrApi   : FPS=86/90,Prd=41ms,Tear=0,Early=84,Stale=6,Stale2/5/10/max=0/1/0/6,VSnc=1,Lat=1,Fov=0,CPU4/GPU=2/2,1171/441MHz,OC=FF,TA=0/0/0,SP=N/N/N,Mem=2092MHz,Free=6202MB,PLS=0,Temp=24.5C/0.0C,TW=0.92ms,App=3.13ms,GD=0.00ms,CPU&GPU=8.11ms,LCnt=1(DR90,LM0),GPU%=0.39,CPU%=0.36(W0.57),DSF=1.00,CFL=16.28/19.60,ICFLp95=18.62,LD=0,SF=1.00,LP=0,DVFS=0
01-16 15:58:24.002  3901  5148 I VrApi   : FPS=90/90,Prd=41ms,Tear=0,Early=90,Stale=0,Stale2/5/10/max=0/0/0/0,VSnc=1,Lat=1,Fov=0,CPU4/GPU=2/2,1171/441MHz,OC=FF,TA=0/0/0,SP=N/N/N,Mem=2092MHz,Free=6202MB,PLS=0,Temp=24.5C/0.0C,TW=0.93ms,App=3.64ms,GD=0.00ms,CPU&GPU=8.02ms,LCnt=1(DR90,LM0),GPU%=0.43,CPU%=0.37(W0.62),DSF=1.00,CFL=16.13/19.49,ICFLp95=18.49,LD=0,SF=1.00,LP=0,DVFS=0
01-16 15:58:25.002  3901  5148 I VrApi   : FPS=90/90,Prd=41ms,Tear=0,Early=88,Stale=0,Stale2/5/10/max=0/0/0/0,VSnc=1,Lat=1,Fov=0,CPU4/GPU=2/2,1171/441MHz,OC=FF,TA=0/0/0,SP=N/N/N,Mem=2092MHz,Free=6202MB,PLS=0,Temp=24.5C/0.0C,TW=0.90ms,App=3.58ms,GD=0.00ms,CPU&GPU=8.82ms,LCnt=1(DR90,LM0),GPU%=0.43,CPU%=0.40(W0.47),DSF=1.00,CFL=15.80/19.66,ICFLp95=18.44,LD=0,SF=1.00,LP=0,DVFS=0
01-16 15:58:26.002  3901  5148 I VrApi   : FPS=90/90,Prd=41ms,Tear=0,Early=65,Stale=22,Stale2/5/10/max=0/0/0/0,VSnc=1,Lat=1,Fov=0,CPU4/GPU=2/2,1171/441MHz,OC=FF,TA=0/0/0,SP=N/N/N,Mem=2092MHz,Free=6202MB,PLS=0,Temp=24.5C/0.0C,TW=1.67ms,App=6.02ms,GD=0.70ms,CPU&GPU=8.84ms,LCnt=2(DR90,LM2),GPU%=0.47,CPU%=0.56(W0.73),DSF=1.00,CFL=16.07/21.87,ICFLp95=21.03,LD=0,SF=1.00,LP=0,DVFS=0
01-16 15:58:27.002  3901  5148 I VrApi   : FPS=56/90,Prd=41ms,Tear=0,Early=56,Stale=16,Stale2/5/10/max=0/2/1/26,VSnc=1,Lat=1,Fov=0,CPU4/GPU=2/2,1171/441MHz,OC=FF,TA=0/0/0,SP=N/N/N,Mem=2092MHz,Free=6202MB,PLS=0,Temp=24.5C/0.0C,TW=1.69ms,App=3.12ms,GD=0.81ms,CPU&GPU=13.52ms,LCnt=2(DR90,LM2),GPU%=0.47,CPU%=0.48(W0.53),DSF=1.00,CFL=17.12/21.50,ICFLp95=20.13,LD=0,SF=1.00,LP=0,DVFS=0
01-16 15:58:28.002  3901  5148 I VrApi   : FPS=79/90,Prd=41ms,Tear=0,Early=67,Stale=13,Stale2/5/10/max=1/1/0/9,VSnc=1,Lat=1,Fov=0,CPU4/GPU=2/2,1171/441MHz,OC=FF,TA=0/0/0,SP=N/N/N,Mem=2092MHz,Free=6202MB,PLS=0,Temp=24.5C/0.0C,TW=1.65ms,App=3.21ms,GD=0.73ms,CPU&GPU=9.81ms,LCnt=1(DR90,LM0),GPU%=0.47,CPU%=0.63(W0.76),DSF=1.00,CFL=16.11/20.76,ICFLp95=19.35,LD=0,SF=1.00,LP=0,DVFS=0
01-16 15:58:29.002  3901  5148 I VrApi   : FPS=90/90,Prd=41ms,Tear=0,Early=90,Stale=0,Stale2/5/10/max=0/0/0/0,VSnc=1,Lat=1,Fov=0,CPU4/GPU=2/2,1171/441MHz,OC=FF,TA=0/0/0,SP=N/N/N,Mem=2092MHz,Free=6202MB,PLS=0,Temp=24.0C/0.0C,TW=1.72ms,App=2.79ms,GD=0.75ms,CPU&GPU=8.17ms,LCnt=2(DR90,LM2),GPU%=0.50,CPU%=0.61(W0.67),DSF=1.00,CFL=16.37/20.07,ICFLp95=19.24,LD=0,SF=1.00,LP=0,DVFS=0
01-16 15:58:30.002  3901  5148 I VrApi   : FPS=90/90,Prd=41ms,Tear=0,Early=90,Stale=0,Stale2/5/10/max=0/0/0/0,VSnc=1,Lat=1,Fov=0,CPU4/GPU=2/2,1171/441MHz,OC=FF,TA=0/0/0,SP=N/N/N,Mem=2092MHz,Free=6202MB,PLS=0,Temp=24.0C/0.0C,TW=0.93ms,App=2.60ms,GD=0.00ms,CPU&GPU=7.93ms,LCnt=1(DR90,LM0),GPU%=0.34,CPU%=0.51(W0.86),DSF=1.00,CFL=16.08/20.08,ICFLp95=18.80,LD=0,SF=1.00,LP=0,DVFS=0
01-16 15:58:31.003  3901  5148 I VrApi   : FPS=90/90,Prd=41ms,Tear=0,Early=90,Stale=0,Stale2/5/10/max=0/0/0/0,VSnc=1,Lat=1,Fov=0,CPU4/GPU=2/2,1171/441MHz,OC=FF,TA=0/0/0,SP=N/N/N,Mem=2092MHz,Free=6202MB,PLS=0,Temp=24.0C/0.0C,TW=0.92ms,App=2.59ms,GD=0.00ms,CPU&GPU=6.94ms,LCnt=1(DR90,LM0),GPU%=0.34,CPU%=0.51(W0.61),DSF=1.00,CFL=15.95/20.30,ICFLp95=18.40,LD=0,SF=1.00,LP=0,DVFS=0
01-16 15:58:32.002  3901  5148 I VrApi   : FPS=90/90,Prd=41ms,Tear=0,Early=90,Stale=0,Stale2/5/10/max=0/0/0/0,VSnc=1,Lat=1,Fov=0,CPU4/GPU=2/2,1171/441MHz,OC=FF,TA=0/0/0,SP=N/N/N,Mem=2092MHz,Free=6202MB,PLS=0,Temp=24.0C/0.0C,TW=0.95ms,App=2.68ms,GD=0.00ms,CPU&GPU=6.81ms,LCnt=1(DR90,LM0),GPU%=0.36,CPU%=0.58(W0.79),DSF=1.00,CFL=15.83/19.90,ICFLp95=18.48,LD=0,SF=1.00,LP=0,DVFS=0
01-16 15:58:33.003  3901  5148 I VrApi   : FPS=90/90,Prd=41ms,Tear=0,Early=90,Stale=0,Stale2/5/10/max=0/0/0/0,VSnc=1,Lat=1,Fov=0,CPU4/GPU=2/2,1171/441MHz,OC=FF,TA=0/0/0,SP=N/N/N,Mem=2092MHz,Free=6202MB,PLS=0,Temp=24.0C/0.0C,TW=0.96ms,App=3.05ms,GD=0.00ms,CPU&GPU=8.34ms,LCnt=1(DR90,LM0),GPU%=0.38,CPU%=0.59(W0.68),DSF=1.00,CFL=15.87/19.95,ICFLp95=18.50,LD=0,SF=1.00,LP=0,DVFS=0
01-16 15:58:34.003  3901  5148 I VrApi   : FPS=90/90,Prd=41ms,Tear=0,Early=90,Stale=0,Stale2/5/10/max=0/0/0/0,VSnc=1,Lat=1,Fov=0,CPU4/GPU=2/2,1171/441MHz,OC=FF,TA=0/0/0,SP=N/N/N,Mem=2092MHz,Free=6202MB,PLS=0,Temp=24.0C/0.0C,TW=0.95ms,App=3.22ms,GD=0.00ms,CPU&GPU=8.26ms,LCnt=1(DR90,LM0),GPU%=0.39,CPU%=0.54(W0.65),DSF=1.00,CFL=15.88/19.66,ICFLp95=18.46,LD=0,SF=1.00,LP=0,DVFS=0
01-16 15:58:35.003  3901  5148 I VrApi   : FPS=90/90,Prd=41ms,Tear=0,Early=90,Stale=0,Stale2/5/10/max=0/0/0/0,VSnc=1,Lat=1,Fov=0,CPU4/GPU=2/2,1171/441MHz,OC=FF,TA=0/0/0,SP=N/N/N,Mem=1804MHz,Free=6202MB,PLS=0,Temp=24.0C/0.0C,TW=1.15ms,App=3.12ms,GD=0.79ms,CPU&GPU=8.23ms,LCnt=1(DR90,LM0),GPU%=0.43,CPU%=0.59(W0.64),DSF=1.00,CFL=16.18/19.55,ICFLp95=18.51,LD=0,SF=1.00,LP=0,DVFS=0
01-16 15:58:36.003  3901  5148 I VrApi   : FPS=90/90,Prd=41ms,Tear=0,Early=90,Stale=0,Stale2/5/10/max=0/0/0/0,VSnc=1,Lat=1,Fov=0,CPU4/GPU=2/2,1171/441MHz,OC=FF,TA=0/0/0,SP=N/N/N,Mem=2092MHz,Free=6202MB,PLS=0,Temp=24.0C/0.0C,TW=1.71ms,App=3.06ms,GD=0.77ms,CPU&GPU=8.14ms,LCnt=2(DR90,LM2),GPU%=0.49,CPU%=0.66(W0.81),DSF=1.00,CFL=15.91/19.87,ICFLp95=18.67,LD=0,SF=1.00,LP=0,DVFS=0
01-16 15:58:37.056  3901  5148 I VrApi   : FPS=90/90,Prd=42ms,Tear=0,Early=79,Stale=1,Stale2/5/10/max=0/0/0/1,VSnc=1,Lat=1,Fov=0,CPU4/GPU=2/2,1171/441MHz,OC=FF,TA=0/0/0,SP=N/N/N,Mem=2092MHz,Free=6189MB,PLS=0,Temp=24.0C/0.0C,TW=0.95ms,App=3.45ms,GD=0.00ms,CPU&GPU=9.81ms,LCnt=1(DR90,LM0),GPU%=0.42,CPU%=0.56(W0.70),DSF=1.00,CFL=15.88/21.70,ICFLp95=20.74,LD=0,SF=1.00,LP=0,DVFS=0
01-16 15:58:38.003  3901  5148 I VrApi   : FPS=89/90,Prd=42ms,Tear=0,Early=83,Stale=0,Stale2/5/10/max=0/0/0/0,VSnc=1,Lat=1,Fov=0,CPU4/GPU=2/2,1171/441MHz,OC=FF,TA=0/0/0,SP=N/N/N,Mem=2092MHz,Free=6189MB,PLS=0,Temp=24.0C/0.0C,TW=0.96ms,App=3.13ms,GD=0.00ms,CPU&GPU=9.23ms,LCnt=1(DR90,LM0),GPU%=0.39,CPU%=0.59(W0.73),DSF=1.00,CFL=16.71/21.01,ICFLp95=19.62,LD=0,SF=1.00,LP=0,DVFS=0
01-16 15:58:39.003  3901  5148 I VrApi   : FPS=90/90,Prd=41ms,Tear=0,Early=89,Stale=0,Stale2/5/10/max=0/0/0/0,VSnc=1,Lat=1,Fov=0,CPU4/GPU=2/2,1171/441MHz,OC=FF,TA=0/0/0,SP=N/N/N,Mem=2092MHz,Free=6189MB,PLS=0,Temp=24.7C/0.0C,TW=0.97ms,App=3.13ms,GD=0.00ms,CPU&GPU=8.79ms,LCnt=1(DR90,LM0),GPU%=0.39,CPU%=0.55(W0.68),DSF=1.00,CFL=16.08/20.46,ICFLp95=18.93,LD=0,SF=1.00,LP=0,DVFS=0
01-16 15:58:40.003  3901  5148 I VrApi   : FPS=90/90,Prd=41ms,Tear=0,Early=87,Stale=0,Stale2/5/10/max=0/0/0/0,VSnc=1,Lat=1,Fov=0,CPU4/GPU=2/2,1171/441MHz,OC=FF,TA=0/0/0,SP=N/N/N,Mem=2092MHz,Free=6189MB,PLS=0,Temp=24.7C/0.0C,TW=0.97ms,App=3.07ms,GD=0.00ms,CPU&GPU=8.55ms,LCnt=1(DR90,LM0),GPU%=0.38,CPU%=0.55(W0.71),DSF=1.00,CFL=15.92/20.29,ICFLp95=18.56,LD=0,SF=1.00,LP=0,DVFS=0
01-16 15:58:41.003  3901  5148 I VrApi   : FPS=90/90,Prd=41ms,Tear=0,Early=90,Stale=0,Stale2/5/10/max=0/0/0/0,VSnc=1,Lat=1,Fov=0,CPU4/GPU=2/2,1171/441MHz,OC=FF,TA=0/0/0,SP=N/N/N,Mem=2092MHz,Free=6189MB,PLS=0,Temp=24.7C/0.0C,TW=0.96ms,App=3.19ms,GD=0.00ms,CPU&GPU=8.07ms,LCnt=1(DR90,LM0),GPU%=0.39,CPU%=0.63(W0.90),DSF=1.00,CFL=15.88/20.14,ICFLp95=18.44,LD=0,SF=1.00,LP=0,DVFS=0
01-16 15:58:42.003  3901  5148 I VrApi   : FPS=90/90,Prd=41ms,Tear=0,Early=90,Stale=0,Stale2/5/10/max=0/0/0/0,VSnc=1,Lat=1,Fov=0,CPU4/GPU=2/2,1171/441MHz,OC=FF,TA=0/0/0,SP=N/N/N,Mem=2092MHz,Free=6189MB,PLS=0,Temp=24.7C/0.0C,TW=0.99ms,App=3.45ms,GD=0.00ms,CPU&GPU=8.57ms,LCnt=1(DR90,LM0),GPU%=0.41,CPU%=0.62(W0.84),DSF=1.00,CFL=16.04/19.36,ICFLp95=18.28,LD=0,SF=1.00,LP=0,DVFS=0
01-16 15:58:43.003  3901  5148 I VrApi   : FPS=90/90,Prd=41ms,Tear=0,Early=90,Stale=0,Stale2/5/10/max=0/0/0/0,VSnc=1,Lat=1,Fov=0,CPU4/GPU=2/2,1171/441MHz,OC=FF,TA=0/0/0,SP=N/N/N,Mem=2092MHz,Free=6189MB,PLS=0,Temp=24.7C/0.0C,TW=1.45ms,App=3.84ms,GD=0.76ms,CPU&GPU=8.84ms,LCnt=2(DR90,LM2),GPU%=0.54,CPU%=0.61(W0.83),DSF=1.00,CFL=15.87/19.62,ICFLp95=18.58,LD=0,SF=1.00,LP=0,DVFS=0
01-16 15:58:44.003  3901  5148 I VrApi   : FPS=90/90,Prd=41ms,Tear=0,Early=90,Stale=0,Stale2/5/10/max=0/0/0/0,VSnc=1,Lat=1,Fov=0,CPU4/GPU=2/2,1171/441MHz,OC=FF,TA=0/0/0,SP=N/N/N,Mem=2092MHz,Free=6189MB,PLS=0,Temp=24.7C/0.0C,TW=0.93ms,App=3.02ms,GD=0.00ms,CPU&GPU=9.73ms,LCnt=1(DR90,LM0),GPU%=0.39,CPU%=0.46(W0.71),DSF=1.00,CFL=16.16/20.00,ICFLp95=18.63,LD=0,SF=1.00,LP=0,DVFS=0
01-16 15:58:45.003  3901  5148 I VrApi   : FPS=90/90,Prd=41ms,Tear=0,Early=90,Stale=0,Stale2/5/10/max=0/0/0/0,VSnc=1,Lat=1,Fov=0,CPU4/GPU=2/2,1171/441MHz,OC=FF,TA=0/0/0,SP=N/N/N,Mem=2092MHz,Free=6189MB,PLS=0,Temp=24.7C/0.0C,TW=0.98ms,App=3.08ms,GD=0.00ms,CPU&GPU=7.91ms,LCnt=1(DR90,LM0),GPU%=0.38,CPU%=0.56(W0.68),DSF=1.00,CFL=15.94/19.82,ICFLp95=18.33,LD=0,SF=1.00,LP=0,DVFS=0
01-16 15:58:46.003  3901  5148 I VrApi   : FPS=90/90,Prd=41ms,Tear=0,Early=90,Stale=0,Stale2/5/10/max=0/0/0/0,VSnc=1,Lat=1,Fov=0,CPU4/GPU=2/2,1171/441MHz,OC=FF,TA=0/0/0,SP=N/N/N,Mem=2092MHz,Free=6189MB,PLS=0,Temp=24.7C/0.0C,TW=0.93ms,App=3.04ms,GD=0.00ms,CPU&GPU=8.20ms,LCnt=1(DR90,LM0),GPU%=0.38,CPU%=0.47(W0.68),DSF=1.00,CFL=15.88/19.75,ICFLp95=18.27,LD=0,SF=1.00,LP=0,DVFS=0
01-16 15:58:47.003  3901  5148 I VrApi   : FPS=90/90,Prd=40ms,Tear=0,Early=90,Stale=0,Stale2/5/10/max=0/0/0/0,VSnc=1,Lat=1,Fov=0,CPU4/GPU=2/2,1171/441MHz,OC=FF,TA=0/0/0,SP=N/N/N,Mem=2092MHz,Free=6189MB,PLS=0,Temp=24.7C/0.0C,TW=0.94ms,App=2.91ms,GD=0.00ms,CPU&GPU=8.56ms,LCnt=1(DR90,LM0),GPU%=0.37,CPU%=0.56(W0.75),DSF=1.00,CFL=15.67/19.71,ICFLp95=18.40,LD=0,SF=1.00,LP=0,DVFS=0
01-16 15:58:48.004  3901  5148 I VrApi   : FPS=90/90,Prd=41ms,Tear=0,Early=90,Stale=0,Stale2/5/10/max=0/0/0/0,VSnc=1,Lat=1,Fov=0,CPU4/GPU=2/2,1171/441MHz,OC=FF,TA=0/0/0,SP=N/N/N,Mem=2092MHz,Free=6189MB,PLS=0,Temp=24.7C/0.0C,TW=0.96ms,App=2.77ms,GD=0.00ms,CPU&GPU=8.03ms,LCnt=1(DR90,LM0),GPU%=0.36,CPU%=0.45(W0.74),DSF=1.00,CFL=15.81/19.43,ICFLp95=18.31,LD=0,SF=1.00,LP=0,DVFS=0
01-16 15:58:49.004  3901  5148 I VrApi   : FPS=90/90,Prd=41ms,Tear=0,Early=90,Stale=0,Stale2/5/10/max=0/0/0/0,VSnc=1,Lat=1,Fov=0,CPU4/GPU=2/2,1171/441MHz,OC=FF,TA=0/0/0,SP=N/N/N,Mem=2092MHz,Free=6189MB,PLS=0,Temp=24.2C/0.0C,TW=0.92ms,App=2.92ms,GD=0.00ms,CPU&GPU=7.70ms,LCnt=1(DR90,LM0),GPU%=0.37,CPU%=0.54(W0.67),DSF=1.00,CFL=16.27/19.59,ICFLp95=18.41,LD=0,SF=1.00,LP=0,DVFS=0
01-16 15:58:50.004  3901  5148 I VrApi   : FPS=90/90,Prd=41ms,Tear=0,Early=90,Stale=0,Stale2/5/10/max=0/0/0/0,VSnc=1,Lat=1,Fov=0,CPU4/GPU=2/2,1171/441MHz,OC=FF,TA=0/0/0,SP=N/N/N,Mem=2092MHz,Free=6189MB,PLS=0,Temp=24.2C/0.0C,TW=0.95ms,App=2.80ms,GD=0.00ms,CPU&GPU=7.90ms,LCnt=1(DR90,LM0),GPU%=0.36,CPU%=0.44(W0.72),DSF=1.00,CFL=15.95/19.67,ICFLp95=18.44,LD=0,SF=1.00,LP=0,DVFS=0
01-16 15:58:51.004  3901  5148 I VrApi   : FPS=90/90,Prd=41ms,Tear=0,Early=80,Stale=5,Stale2/5/10/max=0/1/0/5,VSnc=1,Lat=1,Fov=0,CPU4/GPU=2/2,1171/441MHz,OC=FF,TA=0/0/0,SP=N/N/N,Mem=2092MHz,Free=6189MB,PLS=0,Temp=24.2C/0.0C,TW=0.92ms,App=2.91ms,GD=0.00ms,CPU&GPU=7.74ms,LCnt=1(DR90,LM0),GPU%=0.37,CPU%=0.58(W0.65),DSF=1.00,CFL=16.04/19.41,ICFLp95=18.40,LD=0,SF=1.00,LP=0,DVFS=0
01-16 15:58:52.004  3901  5148 I VrApi   : FPS=81/90,Prd=40ms,Tear=0,Early=70,Stale=8,Stale2/5/10/max=1/1/0/5,VSnc=1,Lat=1,Fov=0,CPU4/GPU=2/2,1171/441MHz,OC=FF,TA=0/0/0,SP=N/N/N,Mem=2092MHz,Free=6189MB,PLS=0,Temp=24.2C/0.0C,TW=0.99ms,App=4.10ms,GD=0.00ms,CPU&GPU=10.26ms,LCnt=1(DR90,LM0),GPU%=0.49,CPU%=0.60(W0.90),DSF=1.00,CFL=15.72/19.40,ICFLp95=18.36,LD=0,SF=1.00,LP=0,DVFS=0
01-16 15:58:53.004  3901  5148 I VrApi   : FPS=90/90,Prd=41ms,Tear=0,Early=85,Stale=0,Stale2/5/10/max=0/0/0/0,VSnc=1,Lat=1,Fov=0,CPU4/GPU=2/2,1171/441MHz,OC=FF,TA=0/0/0,SP=N/N/N,Mem=2092MHz,Free=6189MB,PLS=0,Temp=24.2C/0.0C,TW=0.98ms,App=2.97ms,GD=0.00ms,CPU&GPU=9.85ms,LCnt=1(DR90,LM0),GPU%=0.38,CPU%=0.61(W0.79),DSF=1.00,CFL=15.89/19.42,ICFLp95=18.38,LD=0,SF=1.00,LP=0,DVFS=0
01-16 15:58:54.004  3901  5148 I VrApi   : FPS=90/90,Prd=41ms,Tear=0,Early=90,Stale=0,Stale2/5/10/max=0/0/0/0,VSnc=1,Lat=1,Fov=0,CPU4/GPU=2/2,1171/441MHz,OC=FF,TA=0/0/0,SP=N/N/N,Mem=2092MHz,Free=6189MB,PLS=0,Temp=24.2C/0.0C,TW=0.95ms,App=2.79ms,GD=0.00ms,CPU&GPU=7.87ms,LCnt=1(DR90,LM0),GPU%=0.37,CPU%=0.53(W0.65),DSF=1.00,CFL=16.01/19.37,ICFLp95=18.33,LD=0,SF=1.00,LP=0,DVFS=0
01-16 15:58:55.004  3901  5148 I VrApi   : FPS=90/90,Prd=41ms,Tear=0,Early=90,Stale=0,Stale2/5/10/max=0/0/0/0,VSnc=1,Lat=1,Fov=0,CPU4/GPU=2/2,1171/441MHz,OC=FF,TA=0/0/0,SP=N/N/N,Mem=2092MHz,Free=6189MB,PLS=0,Temp=24.2C/0.0C,TW=1.70ms,App=2.94ms,GD=0.74ms,CPU&GPU=8.45ms,LCnt=2(DR90,LM2),GPU%=0.51,CPU%=0.58(W0.70),DSF=1.00,CFL=15.83/20.37,ICFLp95=18.88,LD=0,SF=1.00,LP=0,DVFS=0
01-16 15:58:56.004  3901  5148 I VrApi   : FPS=90/90,Prd=41ms,Tear=0,Early=90,Stale=0,Stale2/5/10/max=0/0/0/0,VSnc=1,Lat=1,Fov=0,CPU4/GPU=2/2,1171/441MHz,OC=FF,TA=0/0/0,SP=N/N/N,Mem=2092MHz,Free=6189MB,PLS=0,Temp=24.2C/0.0C,TW=1.70ms,App=2.78ms,GD=0.72ms,CPU&GPU=8.67ms,LCnt=2(DR90,LM2),GPU%=0.49,CPU%=0.51(W0.79),DSF=1.00,CFL=16.41/19.84,ICFLp95=18.77,LD=0,SF=1.00,LP=0,DVFS=0
01-16 15:58:57.055  3901  5148 I VrApi   : FPS=90/90,Prd=41ms,Tear=0,Early=90,Stale=0,Stale2/5/10/max=0/0/0/0,VSnc=1,Lat=1,Fov=0,CPU4/GPU=2/2,1171/441MHz,OC=FF,TA=0/0/0,SP=N/N/N,Mem=2092MHz,Free=6185MB,PLS=0,Temp=24.2C/0.0C,TW=0.93ms,App=2.65ms,GD=0.00ms,CPU&GPU=7.83ms,LCnt=1(DR90,LM0),GPU%=0.35,CPU%=0.53(W0.71),DSF=1.00,CFL=15.95/19.93,ICFLp95=18.56,LD=0,SF=1.00,LP=0,DVFS=0
01-16 15:58:58.004  3901  5148 I VrApi   : FPS=90/90,Prd=41ms,Tear=0,Early=90,Stale=0,Stale2/5/10/max=0/0/0/0,VSnc=1,Lat=1,Fov=0,CPU4/GPU=2/2,1171/441MHz,OC=FF,TA=0/0/0,SP=N/N/N,Mem=2092MHz,Free=6185MB,PLS=0,Temp=24.2C/0.0C,TW=0.92ms,App=2.61ms,GD=0.00ms,CPU&GPU=7.30ms,LCnt=1(DR90,LM0),GPU%=0.34,CPU%=0.48(W0.62),DSF=1.00,CFL=15.94/19.58,ICFLp95=18.36,LD=0,SF=1.00,LP=0,DVFS=0
01-16 15:58:59.005  3901  5148 I VrApi   : FPS=90/90,Prd=40ms,Tear=0,Early=90,Stale=0,Stale2/5/10/max=0/0/0/0,VSnc=1,Lat=1,Fov=0,CPU4/GPU=2/2,1171/441MHz,OC=FF,TA=0/0/0,SP=N/N/N,Mem=2092MHz,Free=6185MB,PLS=0,Temp=24.7C/0.0C,TW=0.94ms,App=2.77ms,GD=0.00ms,CPU&GPU=7.21ms,LCnt=1(DR90,LM0),GPU%=0.36,CPU%=0.51(W0.57),DSF=1.00,CFL=15.78/19.87,ICFLp95=18.30,LD=0,SF=1.00,LP=0,DVFS=0
01-16 15:59:00.005  3901  5148 I VrApi   : FPS=90/90,Prd=41ms,Tear=0,Early=90,Stale=0,Stale2/5/10/max=0/0/0/0,VSnc=1,Lat=1,Fov=0,CPU4/GPU=2/2,1171/441MHz,OC=FF,TA=0/0/0,SP=N/N/N,Mem=2092MHz,Free=6185MB,PLS=0,Temp=24.7C/0.0C,TW=1.71ms,App=2.93ms,GD=0.73ms,CPU&GPU=7.85ms,LCnt=2(DR90,LM2),GPU%=0.51,CPU%=0.60(W0.80),DSF=1.00,CFL=15.99/19.84,ICFLp95=18.57,LD=0,SF=1.00,LP=0,DVFS=0
01-16 15:59:01.005  3901  5148 I VrApi   : FPS=90/90,Prd=41ms,Tear=0,Early=90,Stale=0,Stale2/5/10/max=0/0/0/0,VSnc=1,Lat=1,Fov=0,CPU4/GPU=2/2,1171/441MHz,OC=FF,TA=0/0/0,SP=N/N/N,Mem=2092MHz,Free=6185MB,PLS=0,Temp=24.7C/0.0C,TW=1.70ms,App=3.36ms,GD=0.73ms,CPU&GPU=8.67ms,LCnt=2(DR90,LM2),GPU%=0.55,CPU%=0.55(W0.84),DSF=1.00,CFL=16.11/19.62,ICFLp95=18.73,LD=0,SF=1.00,LP=0,DVFS=0
01-16 15:59:02.005  3901  5148 I VrApi   : FPS=90/90,Prd=41ms,Tear=0,Early=89,Stale=0,Stale2/5/10/max=0/0/0/0,VSnc=1,Lat=1,Fov=0,CPU4/GPU=2/2,1171/441MHz,OC=FF,TA=0/0/0,SP=N/N/N,Mem=2092MHz,Free=6185MB,PLS=0,Temp=24.7C/0.0C,TW=1.02ms,App=3.70ms,GD=0.00ms,CPU&GPU=9.33ms,LCnt=1(DR90,LM0),GPU%=0.45,CPU%=0.59(W0.73),DSF=1.00,CFL=16.07/20.82,ICFLp95=18.72,LD=0,SF=1.00,LP=0,DVFS=0
01-16 15:59:03.005  3901  5148 I VrApi   : FPS=90/90,Prd=41ms,Tear=0,Early=87,Stale=0,Stale2/5/10/max=0/0/0/0,VSnc=1,Lat=1,Fov=0,CPU4/GPU=2/2,1171/441MHz,OC=FF,TA=0/0/0,SP=N/N/N,Mem=2092MHz,Free=6185MB,PLS=0,Temp=24.7C/0.0C,TW=0.99ms,App=3.58ms,GD=0.00ms,CPU&GPU=9.03ms,LCnt=1(DR90,LM0),GPU%=0.42,CPU%=0.57(W0.72),DSF=1.00,CFL=15.92/20.75,ICFLp95=18.54,LD=0,SF=1.00,LP=0,DVFS=0
01-16 15:59:04.005  3901  5148 I VrApi   : FPS=90/90,Prd=41ms,Tear=0,Early=90,Stale=0,Stale2/5/10/max=0/0/0/0,VSnc=1,Lat=1,Fov=0,CPU4/GPU=2/2,1171/441MHz,OC=FF,TA=0/0/0,SP=N/N/N,Mem=2092MHz,Free=6185MB,PLS=0,Temp=24.7C/0.0C,TW=0.96ms,App=2.99ms,GD=0.00ms,CPU&GPU=8.24ms,LCnt=1(DR90,LM0),GPU%=0.41,CPU%=0.42(W0.62),DSF=1.00,CFL=15.88/19.55,ICFLp95=18.42,LD=0,SF=1.00,LP=0,DVFS=0
01-16 15:59:05.005  3901  5148 I VrApi   : FPS=90/90,Prd=41ms,Tear=0,Early=90,Stale=0,Stale2/5/10/max=0/0/0/0,VSnc=1,Lat=1,Fov=0,CPU4/GPU=2/2,1171/441MHz,OC=FF,TA=0/0/0,SP=N/N/N,Mem=2092MHz,Free=6185MB,PLS=0,Temp=24.7C/0.0C,TW=1.69ms,App=2.85ms,GD=0.78ms,CPU&GPU=8.10ms,LCnt=2(DR90,LM2),GPU%=0.50,CPU%=0.52(W0.63),DSF=1.00,CFL=16.13/19.80,ICFLp95=18.61,LD=0,SF=1.00,LP=0,DVFS=0
01-16 15:59:06.005  3901  5148 I VrApi   : FPS=90/90,Prd=41ms,Tear=0,Early=90,Stale=0,Stale2/5/10/max=0/0/0/0,VSnc=1,Lat=1,Fov=0,CPU4/GPU=2/2,1171/441MHz,OC=FF,TA=0/0/0,SP=N/N/N,Mem=2092MHz,Free=6185MB,PLS=0,Temp=24.7C/0.0C,TW=1.70ms,App=2.82ms,GD=0.74ms,CPU&GPU=7.86ms,LCnt=2(DR90,LM2),GPU%=0.51,CPU%=0.47(W0.63),DSF=1.00,CFL=15.99/19.74,ICFLp95=18.67,LD=0,SF=1.00,LP=0,DVFS=0
01-16 15:59:07.005  3901  5148 I VrApi   : FPS=90/90,Prd=41ms,Tear=0,Early=90,Stale=0,Stale2/5/10/max=0/0/0/0,VSnc=1,Lat=1,Fov=0,CPU4/GPU=2/2,1171/441MHz,OC=FF,TA=0/0/0,SP=N/N/N,Mem=2092MHz,Free=6185MB,PLS=0,Temp=24.7C/0.0C,TW=0.97ms,App=2.71ms,GD=0.00ms,CPU&GPU=8.50ms,LCnt=1(DR90,LM0),GPU%=0.36,CPU%=0.45(W0.68),DSF=1.00,CFL=15.81/19.58,ICFLp95=18.52,LD=0,SF=1.00,LP=0,DVFS=0
01-16 15:59:08.005  3901  5148 I VrApi   : FPS=90/90,Prd=40ms,Tear=0,Early=90,Stale=0,Stale2/5/10/max=0/0/0/0,VSnc=1,Lat=1,Fov=0,CPU4/GPU=2/2,1171/441MHz,OC=FF,TA=0/0/0,SP=N/N/N,Mem=2092MHz,Free=6185MB,PLS=0,Temp=24.7C/0.0C,TW=0.95ms,App=2.72ms,GD=0.00ms,CPU&GPU=7.14ms,LCnt=1(DR90,LM0),GPU%=0.35,CPU%=0.50(W0.63),DSF=1.00,CFL=15.83/19.37,ICFLp95=18.26,LD=0,SF=1.00,LP=0,DVFS=0
01-16 15:59:09.005  3901  5148 I VrApi   : FPS=90/90,Prd=41ms,Tear=0,Early=90,Stale=0,Stale2/5/10/max=0/0/0/0,VSnc=1,Lat=1,Fov=0,CPU4/GPU=2/2,1171/441MHz,OC=FF,TA=0/0/0,SP=N/N/N,Mem=2092MHz,Free=6185MB,PLS=0,Temp=24.5C/0.0C,TW=0.93ms,App=2.79ms,GD=0.00ms,CPU&GPU=7.52ms,LCnt=1(DR90,LM0),GPU%=0.35,CPU%=0.50(W0.76),DSF=1.00,CFL=15.80/20.18,ICFLp95=18.39,LD=0,SF=1.00,LP=0,DVFS=0
01-16 15:59:10.006  3901  5148 I VrApi   : FPS=90/90,Prd=40ms,Tear=0,Early=90,Stale=0,Stale2/5/10/max=0/0/0/0,VSnc=1,Lat=1,Fov=0,CPU4/GPU=2/2,1171/441MHz,OC=FF,TA=0/0/0,SP=N/N/N,Mem=2092MHz,Free=6185MB,PLS=0,Temp=24.5C/0.0C,TW=0.95ms,App=2.96ms,GD=0.00ms,CPU&GPU=7.62ms,LCnt=1(DR90,LM0),GPU%=0.37,CPU%=0.44(W0.58),DSF=1.00,CFL=15.73/19.49,ICFLp95=18.26,LD=0,SF=1.00,LP=0,DVFS=0
01-16 15:59:11.006  3901  5148 I VrApi   : FPS=90/90,Prd=40ms,Tear=0,Early=89,Stale=0,Stale2/5/10/max=0/0/0/0,VSnc=1,Lat=1,Fov=0,CPU4/GPU=2/2,1171/441MHz,OC=FF,TA=0/0/0,SP=N/N/N,Mem=2092MHz,Free=6185MB,PLS=0,Temp=24.5C/0.0C,TW=0.98ms,App=4.32ms,GD=0.00ms,CPU&GPU=8.05ms,LCnt=1(DR90,LM0),GPU%=0.49,CPU%=0.52(W0.80),DSF=1.00,CFL=15.83/19.44,ICFLp95=18.30,LD=0,SF=1.00,LP=0,DVFS=0
01-16 15:59:12.006  3901  5148 I VrApi   : FPS=90/90,Prd=40ms,Tear=0,Early=60,Stale=0,Stale2/5/10/max=0/0/0/0,VSnc=1,Lat=1,Fov=0,CPU4/GPU=2/2,1171/441MHz,OC=FF,TA=0/0/0,SP=N/N/N,Mem=2092MHz,Free=6185MB,PLS=0,Temp=24.5C/0.0C,TW=0.98ms,App=4.79ms,GD=0.00ms,CPU&GPU=10.85ms,LCnt=1(DR90,LM0),GPU%=0.54,CPU%=0.56(W0.79),DSF=1.00,CFL=15.77/19.78,ICFLp95=18.36,LD=0,SF=1.00,LP=0,DVFS=0
01-16 15:59:13.006  3901  5148 I VrApi   : FPS=90/90,Prd=41ms,Tear=0,Early=20,Stale=0,Stale2/5/10/max=0/0/0/0,VSnc=1,Lat=1,Fov=0,CPU4/GPU=2/2,1171/441MHz,OC=FF,TA=0/0/0,SP=N/N/N,Mem=2092MHz,Free=6185MB,PLS=0,Temp=24.5C/0.0C,TW=0.99ms,App=4.71ms,GD=0.00ms,CPU&GPU=11.50ms,LCnt=1(DR90,LM0),GPU%=0.54,CPU%=0.67(W0.90),DSF=1.00,CFL=16.05/19.29,ICFLp95=18.36,LD=0,SF=1.00,LP=0,DVFS=0
01-16 15:59:14.006  3901  5148 I VrApi   : FPS=90/90,Prd=41ms,Tear=0,Early=36,Stale=0,Stale2/5/10/max=0/0/0/0,VSnc=1,Lat=1,Fov=0,CPU4/GPU=2/2,1171/441MHz,OC=FF,TA=0/0/0,SP=N/N/N,Mem=2092MHz,Free=6185MB,PLS=0,Temp=24.5C/0.0C,TW=0.94ms,App=3.58ms,GD=0.00ms,CPU&GPU=11.52ms,LCnt=1(DR90,LM0),GPU%=0.44,CPU%=0.57(W0.65),DSF=1.00,CFL=16.01/19.64,ICFLp95=18.45,LD=0,SF=1.00,LP=0,DVFS=0
01-16 15:59:15.006  3901  5148 I VrApi   : FPS=90/90,Prd=41ms,Tear=0,Early=89,Stale=0,Stale2/5/10/max=0/0/0/0,VSnc=1,Lat=1,Fov=0,CPU4/GPU=2/2,1171/441MHz,OC=FF,TA=0/0/0,SP=N/N/N,Mem=2092MHz,Free=6185MB,PLS=0,Temp=24.5C/0.0C,TW=0.95ms,App=4.28ms,GD=0.00ms,CPU&GPU=8.91ms,LCnt=1(DR90,LM0),GPU%=0.49,CPU%=0.54(W0.78),DSF=1.00,CFL=15.92/19.71,ICFLp95=18.59,LD=0,SF=1.00,LP=0,DVFS=0
01-16 15:59:16.006  3901  5148 I VrApi   : FPS=90/90,Prd=41ms,Tear=0,Early=89,Stale=0,Stale2/5/10/max=0/0/0/0,VSnc=1,Lat=1,Fov=0,CPU4/GPU=2/2,1171/441MHz,OC=FF,TA=0/0/0,SP=N/N/N,Mem=2092MHz,Free=6185MB,PLS=0,Temp=24.5C/0.0C,TW=0.96ms,App=3.43ms,GD=0.00ms,CPU&GPU=10.19ms,LCnt=1(DR90,LM0),GPU%=0.44,CPU%=0.50(W0.79),DSF=1.00,CFL=16.00/19.45,ICFLp95=18.42,LD=0,SF=1.00,LP=0,DVFS=0
01-16 15:59:17.058  3901  5148 I VrApi   : FPS=90/90,Prd=40ms,Tear=0,Early=90,Stale=0,Stale2/5/10/max=0/0/0/0,VSnc=1,Lat=1,Fov=0,CPU4/GPU=2/2,1171/441MHz,OC=FF,TA=0/0/0,SP=N/N/N,Mem=2092MHz,Free=6184MB,PLS=0,Temp=24.5C/0.0C,TW=0.96ms,App=3.28ms,GD=0.00ms,CPU&GPU=7.72ms,LCnt=1(DR90,LM0),GPU%=0.40,CPU%=0.48(W0.68),DSF=1.00,CFL=15.98/19.77,ICFLp95=18.21,LD=0,SF=1.00,LP=0,DVFS=0
01-16 15:59:18.007  3901  5148 I VrApi   : FPS=90/90,Prd=40ms,Tear=0,Early=90,Stale=0,Stale2/5/10/max=0/0/0/0,VSnc=1,Lat=1,Fov=0,CPU4/GPU=2/2,1171/441MHz,OC=FF,TA=0/0/0,SP=N/N/N,Mem=2092MHz,Free=6184MB,PLS=0,Temp=24.5C/0.0C,TW=0.93ms,App=3.13ms,GD=0.00ms,CPU&GPU=8.04ms,LCnt=1(DR90,LM0),GPU%=0.39,CPU%=0.47(W0.61),DSF=1.00,CFL=15.70/19.06,ICFLp95=18.27,LD=0,SF=1.00,LP=0,DVFS=0
01-16 15:59:19.007  3901  5148 I VrApi   : FPS=90/90,Prd=40ms,Tear=0,Early=90,Stale=0,Stale2/5/10/max=0/0/0/0,VSnc=1,Lat=1,Fov=0,CPU4/GPU=2/2,1171/441MHz,OC=FF,TA=0/0/0,SP=N/N/N,Mem=2092MHz,Free=6184MB,PLS=0,Temp=24.7C/0.0C,TW=1.21ms,App=3.00ms,GD=0.77ms,CPU&GPU=7.53ms,LCnt=1(DR90,LM0),GPU%=0.43,CPU%=0.49(W0.76),DSF=1.00,CFL=15.92/19.38,ICFLp95=18.23,LD=0,SF=1.00,LP=0,DVFS=0
01-16 15:59:20.007  3901  5148 I VrApi   : FPS=90/90,Prd=41ms,Tear=0,Early=90,Stale=0,Stale2/5/10/max=0/0/0/0,VSnc=1,Lat=1,Fov=0,CPU4/GPU=2/2,1171/441MHz,OC=FF,TA=0/0/0,SP=N/N/N,Mem=2092MHz,Free=6184MB,PLS=0,Temp=24.7C/0.0C,TW=1.70ms,App=3.09ms,GD=0.73ms,CPU&GPU=7.87ms,LCnt=2(DR90,LM2),GPU%=0.49,CPU%=0.52(W0.75),DSF=1.00,CFL=15.93/20.13,ICFLp95=18.73,LD=0,SF=1.00,LP=0,DVFS=0
01-16 15:59:21.007  3901  5148 I VrApi   : FPS=90/90,Prd=41ms,Tear=0,Early=90,Stale=0,Stale2/5/10/max=0/0/0/0,VSnc=1,Lat=1,Fov=0,CPU4/GPU=2/2,1171/441MHz,OC=FF,TA=0/0/0,SP=N/N/N,Mem=2092MHz,Free=6184MB,PLS=0,Temp=24.7C/0.0C,TW=0.91ms,App=2.77ms,GD=0.00ms,CPU&GPU=7.89ms,LCnt=1(DR90,LM0),GPU%=0.37,CPU%=0.47(W0.75),DSF=1.00,CFL=16.05/19.95,ICFLp95=18.88,LD=0,SF=1.00,LP=0,DVFS=0
01-16 15:59:22.007  3901  5148 I VrApi   : FPS=88/90,Prd=41ms,Tear=0,Early=86,Stale=3,Stale2/5/10/max=1/0/0/3,VSnc=1,Lat=1,Fov=0,CPU4/GPU=2/2,1171/441MHz,OC=FF,TA=0/0/0,SP=N/N/N,Mem=2092MHz,Free=6184MB,PLS=0,Temp=24.7C/0.0C,TW=1.39ms,App=3.71ms,GD=0.75ms,CPU&GPU=8.65ms,LCnt=2(DR90,LM2),GPU%=0.52,CPU%=0.52(W0.68),DSF=1.00,CFL=15.76/19.15,ICFLp95=18.26,LD=0,SF=1.00,LP=0,DVFS=0
01-16 15:59:23.007  3901  5148 I VrApi   : FPS=90/90,Prd=41ms,Tear=0,Early=87,Stale=0,Stale2/5/10/max=0/0/0/0,VSnc=1,Lat=1,Fov=0,CPU4/GPU=2/2,1171/441MHz,OC=FF,TA=0/0/0,SP=N/N/N,Mem=2092MHz,Free=6184MB,PLS=0,Temp=25.0C/0.0C,TW=1.69ms,App=3.56ms,GD=0.76ms,CPU&GPU=10.57ms,LCnt=2(DR90,LM2),GPU%=0.57,CPU%=0.47(W0.75),DSF=1.00,CFL=16.32/19.78,ICFLp95=18.74,LD=0,SF=1.00,LP=0,DVFS=0
01-16 15:59:24.008  3901  5148 I VrApi   : FPS=90/90,Prd=41ms,Tear=0,Early=90,Stale=0,Stale2/5/10/max=0/0/0/0,VSnc=1,Lat=1,Fov=0,CPU4/GPU=2/2,1171/441MHz,OC=FF,TA=0/0/0,SP=N/N/N,Mem=2092MHz,Free=6184MB,PLS=0,Temp=25.0C/0.0C,TW=1.71ms,App=3.29ms,GD=0.73ms,CPU&GPU=9.60ms,LCnt=2(DR90,LM2),GPU%=0.54,CPU%=0.55(W0.74),DSF=1.00,CFL=16.11/19.97,ICFLp95=18.68,LD=0,SF=1.00,LP=0,DVFS=0
01-16 15:59:25.008  3901  5148 I VrApi   : FPS=90/90,Prd=41ms,Tear=0,Early=90,Stale=0,Stale2/5/10/max=0/0/0/0,VSnc=1,Lat=1,Fov=0,CPU4/GPU=2/2,1171/441MHz,OC=FF,TA=0/0/0,SP=N/N/N,Mem=2092MHz,Free=6184MB,PLS=0,Temp=25.0C/0.0C,TW=1.70ms,App=2.99ms,GD=0.74ms,CPU&GPU=8.63ms,LCnt=2(DR90,LM2),GPU%=0.51,CPU%=0.55(W0.67),DSF=1.00,CFL=16.18/19.94,ICFLp95=18.72,LD=0,SF=1.00,LP=0,DVFS=0
01-16 15:59:26.008  3901  5148 I VrApi   : FPS=90/90,Prd=41ms,Tear=0,Early=61,Stale=0,Stale2/5/10/max=0/0/0/0,VSnc=1,Lat=1,Fov=0,CPU4/GPU=2/2,1171/441MHz,OC=FF,TA=0/0/0,SP=N/N/N,Mem=2092MHz,Free=6184MB,PLS=0,Temp=25.0C/0.0C,TW=1.70ms,App=4.45ms,GD=0.78ms,CPU&GPU=8.89ms,LCnt=2(DR90,LM2),GPU%=0.64,CPU%=0.66(W0.75),DSF=1.00,CFL=16.32/20.15,ICFLp95=18.74,LD=0,SF=1.00,LP=0,DVFS=0
01-16 15:59:27.008  3901  5148 I VrApi   : FPS=90/90,Prd=41ms,Tear=0,Early=2,Stale=0,Stale2/5/10/max=0/0/0/0,VSnc=1,Lat=1,Fov=0,CPU4/GPU=2/2,1171/441MHz,OC=FF,TA=0/0/0,SP=N/N/N,Mem=2092MHz,Free=6184MB,PLS=0,Temp=25.0C/0.0C,TW=1.71ms,App=4.23ms,GD=0.77ms,CPU&GPU=11.74ms,LCnt=2(DR90,LM2),GPU%=0.63,CPU%=0.62(W0.79),DSF=1.00,CFL=16.14/19.91,ICFLp95=18.66,LD=0,SF=1.00,LP=0,DVFS=0
01-16 15:59:28.008  3901  5148 I VrApi   : FPS=90/90,Prd=41ms,Tear=0,Early=49,Stale=0,Stale2/5/10/max=0/0/0/0,VSnc=1,Lat=1,Fov=0,CPU4/GPU=2/2,1171/441MHz,OC=FF,TA=0/0/0,SP=N/N/N,Mem=2092MHz,Free=6184MB,PLS=0,Temp=25.0C/0.0C,TW=1.70ms,App=3.66ms,GD=0.73ms,CPU&GPU=11.20ms,LCnt=2(DR90,LM2),GPU%=0.59,CPU%=0.62(W0.80),DSF=1.00,CFL=16.14/19.83,ICFLp95=18.72,LD=0,SF=1.00,LP=0,DVFS=0
01-16 15:59:29.008  3901  5148 I VrApi   : FPS=90/90,Prd=41ms,Tear=0,Early=85,Stale=0,Stale2/5/10/max=0/0/0/0,VSnc=1,Lat=1,Fov=0,CPU4/GPU=2/2,1171/441MHz,OC=FF,TA=0/0/0,SP=N/N/N,Mem=2092MHz,Free=6184MB,PLS=0,Temp=25.0C/0.0C,TW=1.70ms,App=3.75ms,GD=0.76ms,CPU&GPU=10.49ms,LCnt=2(DR90,LM2),GPU%=0.59,CPU%=0.63(W0.80),DSF=1.00,CFL=16.15/19.51,ICFLp95=18.79,LD=0,SF=1.00,LP=0,DVFS=0
01-16 15:59:30.008  3901  5148 I VrApi   : FPS=90/90,Prd=41ms,Tear=0,Early=90,Stale=0,Stale2/5/10/max=0/0/0/0,VSnc=1,Lat=1,Fov=0,CPU4/GPU=2/2,1171/441MHz,OC=FF,TA=0/0/0,SP=N/N/N,Mem=2092MHz,Free=6184MB,PLS=0,Temp=25.0C/0.0C,TW=1.70ms,App=2.89ms,GD=0.75ms,CPU&GPU=9.48ms,LCnt=2(DR90,LM2),GPU%=0.51,CPU%=0.58(W0.80),DSF=1.00,CFL=16.44/20.29,ICFLp95=18.75,LD=0,SF=1.00,LP=0,DVFS=0
01-16 15:59:31.008  3901  5148 I VrApi   : FPS=90/90,Prd=41ms,Tear=0,Early=90,Stale=0,Stale2/5/10/max=0/0/0/0,VSnc=1,Lat=1,Fov=0,CPU4/GPU=2/2,1171/441MHz,OC=FF,TA=0/0/0,SP=N/N/N,Mem=2092MHz,Free=6184MB,PLS=0,Temp=25.0C/0.0C,TW=1.70ms,App=2.69ms,GD=0.73ms,CPU&GPU=8.12ms,LCnt=2(DR90,LM2),GPU%=0.49,CPU%=0.49(W0.71),DSF=1.00,CFL=16.17/19.89,ICFLp95=18.61,LD=0,SF=1.00,LP=0,DVFS=0
01-16 15:59:32.008  3901  5148 I VrApi   : FPS=90/90,Prd=41ms,Tear=0,Early=90,Stale=0,Stale2/5/10/max=0/0/0/0,VSnc=1,Lat=1,Fov=0,CPU4/GPU=2/2,1171/441MHz,OC=FF,TA=0/0/0,SP=N/N/N,Mem=2092MHz,Free=6184MB,PLS=0,Temp=24.7C/0.0C,TW=1.70ms,App=2.72ms,GD=0.73ms,CPU&GPU=7.90ms,LCnt=2(DR90,LM2),GPU%=0.49,CPU%=0.45(W0.75),DSF=1.00,CFL=16.07/19.91,ICFLp95=18.68,LD=0,SF=1.00,LP=0,DVFS=0
01-16 15:59:33.008  3901  5148 I VrApi   : FPS=90/90,Prd=41ms,Tear=0,Early=90,Stale=0,Stale2/5/10/max=0/0/0/0,VSnc=1,Lat=1,Fov=0,CPU4/GPU=2/2,1171/441MHz,OC=FF,TA=0/0/0,SP=N/N/N,Mem=2092MHz,Free=6184MB,PLS=0,Temp=24.7C/0.0C,TW=1.70ms,App=2.73ms,GD=0.75ms,CPU&GPU=7.88ms,LCnt=2(DR90,LM2),GPU%=0.49,CPU%=0.49(W0.80),DSF=1.00,CFL=16.36/20.34,ICFLp95=18.65,LD=0,SF=1.00,LP=0,DVFS=0
