--------- beginning of main
01-16 13:10:31.066  2265  4592 I VrApi   : FPS=90/90,Prd=33ms,Tear=0,Early=0,Stale=0,Stale2/5/10/max=0/0/0/0,VSnc=1,Lat=-1,Fov=0,CPU4/GPU=5/3,1478/490MHz,OC=FF,TA=0/70/0,SP=N/F/N,Mem=1555MHz,Free=8260MB,PLS=0,Temp=25.5C/0.0C,TW=3.27ms,App=4.50ms,GD=0.00ms,CPU&GPU=8.81ms,LCnt=6(DR0,LM0),GPU%=0.72,CPU%=0.22(W0.25),DSF=1.00,CFL=16.55/20.44,ICFLp95=19.30,LD=0,SF=1.00,LP=0,DVFS=0
01-16 13:10:31.615  2265  2826 I VrApi   : OVR::Stats thread Suspend
01-16 13:10:31.623  2265  2826 I VrApi   : OVR::Stats thread stopped
01-16 13:10:31.699  2479  2822 I VrApi   : OVR::Stats thread Suspend
01-16 13:10:31.703  2479  2822 I VrApi   : OVR::Stats thread stopped
01-16 13:10:32.345  6537  6565 I VrApi   : ----------- vrapi_Initialize [start] ----------
01-16 13:10:32.357  6537  6565 I VrApi   : Client type: 0 flags: 0x0 placement: 0
01-16 13:10:32.484  6537  6565 I VrApi   : vrapi_Initialize: Connected to VrRuntimeService after 0.126643s
01-16 13:10:32.629  6537  6565 I VrApi   : SkipPushFinalBlack=1
01-16 13:10:32.629  6537  6565 I VrApi   : isActivityFocusAware = 1
01-16 13:10:32.643  6537  6565 I VrApi   : ----------- vrapi_Initialize [end] ----------
01-16 13:10:32.643  6537  6565 I VrApi   : ------------ vrapi_Shutdown [start] -----------
01-16 13:10:32.643  6537  6565 W VrApi   : IsOvrValid: ovr == nullptr. Package: com.polyarc.MossGame
01-16 13:10:32.648  6537  6565 I VrApi   : ------------ vrapi_Shutdown [end] -----------
01-16 13:10:34.276  3186  3386 I VrApi   : OVR::Stats thread Resume
01-16 13:10:34.303  3186  3386 I VrApi   : OVR::Stats thread started
01-16 13:10:36.656  6537  6565 I VrApi   : ----------- vrapi_Initialize [start] ----------
01-16 13:10:36.762  6537  6565 I VrApi   : Client type: 0 flags: 0x0 placement: 0
01-16 13:10:36.787  3186  3386 I VrApi   : OVR::Stats thread Suspend
01-16 13:10:36.800  3186  3386 I VrApi   : OVR::Stats thread stopped
01-16 13:10:36.897  6537  6565 I VrApi   : vrapi_Initialize: Connected to VrRuntimeService after 0.134745s
01-16 13:10:36.922  6537  6565 I VrApi   : SkipPushFinalBlack=1
01-16 13:10:36.923  6537  6565 I VrApi   : isActivityFocusAware = 1
01-16 13:10:36.933  6537  6565 I VrApi   : ----------- vrapi_Initialize [end] ----------
01-16 13:10:36.937  6537  6565 I VrApi   : ---------- vrapi_EnterVrMode [start] ----------
01-16 13:10:36.958  6537  6565 I VrApi   : ovrModeParms::VRAPI_MODE_FLAG_RESET_WINDOW_FULLSCREEN = 1
01-16 13:10:36.958  6537  6565 I VrApi   : ovrModeParms::VRAPI_MODE_FLAG_NATIVE_WINDOW = 1
01-16 13:10:36.958  6537  6565 I VrApi   : ovrModeParms::VRAPI_MODE_FLAG_FRONT_BUFFER_SRGB = 1
01-16 13:10:36.958  6537  6565 I VrApi   : ovrModeParms::VRAPI_MODE_FLAG_PHASE_SYNC = 0
01-16 13:10:36.958  6537  6565 I VrApi   : ovrModeParms::VRAPI_MODE_FLAG_APP_SPACE_WARP = 0
01-16 13:10:36.958  6537  6565 I VrApi   : PhaseSync disabled
01-16 13:10:36.958  6537  6565 I VrApi   : HMD sensor attached.
01-16 13:10:36.966  6537  6565 I VrApi   : Creating Default swapchain
01-16 13:10:36.968  6537  6565 I VrApi   : Creating Loading Icon swapchain
01-16 13:10:36.968  6537  6565 I VrApi   : OVR::Stats thread started
01-16 13:10:36.968  6537  6565 I VrApi   : Initial BaseVsync 69168 
01-16 13:10:36.968  6537  6565 I VrApi   : ---------- vrapi_EnterVrMode [end] ----------
01-16 13:10:37.010  6537  6682 W VrApi   : Time to first swap: 4.672 seconds
01-16 13:10:37.010  6537  6682 I VrApi   : Opaque frame needs background layer.
01-16 13:10:37.135  3186  3386 I VrApi   : OVR::Stats thread Resume
01-16 13:10:37.164  3186  3386 I VrApi   : OVR::Stats thread started
01-16 13:10:38.009  6537  6854 I VrApi   : FPS=0/72,Prd=0ms,Tear=0,Early=0,Stale=0,Stale2/5/10/max=0/0/0/0,VSnc=1,Lat=0,Fov=0D,CPU4/GPU=2/2,1766/490MHz,OC=FF,TA=0/0/0,SP=N/N/N,Mem=2092MHz,Free=7737MB,PLS=0,Temp=25.7C/0.0C,TW=0.00ms,App=0.00ms,GD=0.00ms,CPU&GPU=0.00ms,LCnt=0(DR0,LM0),GPU%=0.23,CPU%=0.52(W0.53),DSF=1.00,CFL=0.00/0.00,ICFLp95=0.00,LD=0,SF=0.00,LP=0,DVFS=0
01-16 13:10:39.000  6537  6854 I VrApi   : FPS=0/72,Prd=0ms,Tear=0,Early=0,Stale=0,Stale2/5/10/max=0/0/0/0,VSnc=1,Lat=0,Fov=0D,CPU4/GPU=2/2,1766/490MHz,OC=FF,TA=0/0/0,SP=N/N/N,Mem=2092MHz,Free=7737MB,PLS=0,Temp=25.7C/0.0C,TW=0.00ms,App=0.00ms,GD=0.00ms,CPU&GPU=0.00ms,LCnt=0(DR0,LM0),GPU%=0.23,CPU%=0.52(W0.53),DSF=1.00,CFL=0.00/0.00,ICFLp95=0.00,LD=0,SF=0.00,LP=0,DVFS=0
01-16 13:10:40.000  6537  6854 I VrApi   : FPS=1/72,Prd=0ms,Tear=0,Early=13,Stale=63,Stale2/5/10/max=0/0/1/168,VSnc=0,Lat=1,Fov=0D,CPU4/GPU=5/1,2419/400MHz,OC=FF,TA=0/70/0,SP=N/N/E,Mem=2092MHz,Free=7737MB,PLS=0,Temp=25.7C/0.0C,TW=2.46ms,App=-220.04ms,GD=0.64ms,CPU&GPU=822131.31ms,LCnt=3(DR72,LM3),GPU%=0.26,CPU%=0.42(W0.57),DSF=1.00,CFL=20.44/26.41,ICFLp95=25.22,LD=0,SF=0.00,LP=0,DVFS=0
01-16 13:10:41.000  6537  6854 I VrApi   : FPS=1/72,Prd=0ms,Tear=0,Early=13,Stale=63,Stale2/5/10/max=0/0/1/168,VSnc=0,Lat=1,Fov=0D,CPU4/GPU=5/1,2419/400MHz,OC=FF,TA=0/70/0,SP=N/N/E,Mem=2092MHz,Free=7737MB,PLS=0,Temp=25.7C/0.0C,TW=2.46ms,App=-220.04ms,GD=0.64ms,CPU&GPU=822131.31ms,LCnt=3(DR72,LM3),GPU%=0.26,CPU%=0.42(W0.57),DSF=1.00,CFL=20.44/26.41,ICFLp95=25.22,LD=0,SF=0.00,LP=0,DVFS=0
01-16 13:10:42.000  6537  6854 I VrApi   : FPS=1/72,Prd=0ms,Tear=0,Early=13,Stale=63,Stale2/5/10/max=0/0/1/168,VSnc=0,Lat=1,Fov=0D,CPU4/GPU=5/1,2419/400MHz,OC=FF,TA=0/70/0,SP=N/N/E,Mem=2092MHz,Free=7737MB,PLS=0,Temp=25.7C/0.0C,TW=2.46ms,App=-220.04ms,GD=0.64ms,CPU&GPU=822131.31ms,LCnt=3(DR72,LM3),GPU%=0.26,CPU%=0.42(W0.57),DSF=1.00,CFL=20.44/26.41,ICFLp95=25.22,LD=0,SF=0.00,LP=0,DVFS=0
01-16 13:10:43.000  6537  6854 I VrApi   : FPS=1/72,Prd=0ms,Tear=0,Early=13,Stale=63,Stale2/5/10/max=0/0/1/168,VSnc=0,Lat=1,Fov=0D,CPU4/GPU=5/1,2419/400MHz,OC=FF,TA=0/70/0,SP=N/N/E,Mem=2092MHz,Free=7737MB,PLS=0,Temp=25.7C/0.0C,TW=2.46ms,App=-220.04ms,GD=0.64ms,CPU&GPU=822131.31ms,LCnt=3(DR72,LM3),GPU%=0.26,CPU%=0.42(W0.57),DSF=1.00,CFL=20.44/26.41,ICFLp95=25.22,LD=0,SF=0.00,LP=0,DVFS=0
01-16 13:10:44.000  6537  6854 I VrApi   : FPS=25/72,Prd=47ms,Tear=0,Early=0,Stale=72,Stale2/5/10/max=0/0/0/0,VSnc=1,Lat=1,Fov=0D,CPU4/GPU=5/0,2419/305MHz,OC=FF,TA=0/70/0,SP=N/N/E,Mem=2092MHz,Free=7737MB,PLS=0,Temp=25.5C/0.0C,TW=2.87ms,App=46.19ms,GD=0.77ms,CPU&GPU=32886.63ms,LCnt=2(DR0,LM0),GPU%=0.34,CPU%=0.39(W0.57),DSF=1.00,CFL=18.21/27.82,ICFLp95=26.41,LD=0,SF=0.00,LP=0,DVFS=0
01-16 13:10:45.000  6537  6854 I VrApi   : FPS=25/72,Prd=47ms,Tear=0,Early=0,Stale=72,Stale2/5/10/max=0/0/0/0,VSnc=1,Lat=1,Fov=0D,CPU4/GPU=5/0,2419/305MHz,OC=FF,TA=0/70/0,SP=N/N/E,Mem=2092MHz,Free=7737MB,PLS=0,Temp=25.5C/0.0C,TW=2.87ms,App=46.19ms,GD=0.77ms,CPU&GPU=32886.63ms,LCnt=2(DR0,LM0),GPU%=0.34,CPU%=0.39(W0.57),DSF=1.00,CFL=18.21/27.82,ICFLp95=26.41,LD=0,SF=0.00,LP=0,DVFS=0
01-16 13:10:45.126  3186  3386 I VrApi   : OVR::Stats thread Suspend
01-16 13:10:45.132  3186  3386 I VrApi   : OVR::Stats thread stopped
01-16 13:10:46.001  6537  6854 I VrApi   : FPS=8/72,Prd=42ms,Tear=0,Early=0,Stale=72,Stale2/5/10/max=0/0/0/0,VSnc=1,Lat=1,Fov=0D,CPU4/GPU=5/0,2419/305MHz,OC=FF,TA=0/70/70,SP=N/N/N,Mem=2092MHz,Free=7737MB,PLS=0,Temp=25.2C/0.0C,TW=3.49ms,App=132.62ms,GD=1.00ms,CPU&GPU=24360.19ms,LCnt=2(DR0,LM0),GPU%=0.35,CPU%=0.39(W0.95),DSF=1.00,CFL=17.31/21.21,ICFLp95=20.04,LD=0,SF=0.00,LP=0,DVFS=0
01-16 13:10:47.001  6537  6854 I VrApi   : FPS=8/72,Prd=42ms,Tear=0,Early=0,Stale=72,Stale2/5/10/max=0/0/0/0,VSnc=1,Lat=1,Fov=0D,CPU4/GPU=5/0,2419/305MHz,OC=FF,TA=0/70/70,SP=N/N/N,Mem=2092MHz,Free=7737MB,PLS=0,Temp=25.2C/0.0C,TW=3.49ms,App=132.62ms,GD=1.00ms,CPU&GPU=24360.19ms,LCnt=2(DR0,LM0),GPU%=0.35,CPU%=0.39(W0.95),DSF=1.00,CFL=17.31/21.21,ICFLp95=20.04,LD=0,SF=0.00,LP=0,DVFS=0
01-16 13:10:48.001  6537  6854 I VrApi   : FPS=8/72,Prd=42ms,Tear=0,Early=0,Stale=72,Stale2/5/10/max=0/0/0/0,VSnc=1,Lat=1,Fov=0D,CPU4/GPU=5/0,2419/305MHz,OC=FF,TA=0/70/70,SP=N/N/N,Mem=2092MHz,Free=7737MB,PLS=0,Temp=25.2C/0.0C,TW=3.49ms,App=132.62ms,GD=1.00ms,CPU&GPU=24360.19ms,LCnt=2(DR0,LM0),GPU%=0.35,CPU%=0.39(W0.95),DSF=1.00,CFL=17.31/21.21,ICFLp95=20.04,LD=0,SF=0.00,LP=0,DVFS=0
01-16 13:10:49.001  6537  6854 I VrApi   : FPS=8/72,Prd=42ms,Tear=0,Early=0,Stale=72,Stale2/5/10/max=0/0/0/0,VSnc=1,Lat=1,Fov=0D,CPU4/GPU=5/0,2419/305MHz,OC=FF,TA=0/70/70,SP=N/N/N,Mem=2092MHz,Free=7737MB,PLS=0,Temp=25.2C/0.0C,TW=3.49ms,App=132.62ms,GD=1.00ms,CPU&GPU=24360.19ms,LCnt=2(DR0,LM0),GPU%=0.35,CPU%=0.39(W0.95),DSF=1.00,CFL=17.31/21.21,ICFLp95=20.04,LD=0,SF=0.00,LP=0,DVFS=0
01-16 13:10:50.001  6537  6854 I VrApi   : FPS=8/72,Prd=42ms,Tear=0,Early=0,Stale=72,Stale2/5/10/max=0/0/0/0,VSnc=1,Lat=1,Fov=0D,CPU4/GPU=5/0,2419/305MHz,OC=FF,TA=0/70/70,SP=N/N/N,Mem=2092MHz,Free=7737MB,PLS=0,Temp=25.2C/0.0C,TW=3.49ms,App=132.62ms,GD=1.00ms,CPU&GPU=24360.19ms,LCnt=2(DR0,LM0),GPU%=0.35,CPU%=0.39(W0.95),DSF=1.00,CFL=17.31/21.21,ICFLp95=20.04,LD=0,SF=0.00,LP=0,DVFS=0
01-16 13:10:51.001  6537  6854 I VrApi   : FPS=8/72,Prd=42ms,Tear=0,Early=0,Stale=72,Stale2/5/10/max=0/0/0/0,VSnc=1,Lat=1,Fov=0D,CPU4/GPU=5/0,2419/305MHz,OC=FF,TA=0/70/70,SP=N/N/N,Mem=2092MHz,Free=7737MB,PLS=0,Temp=25.2C/0.0C,TW=3.49ms,App=132.62ms,GD=1.00ms,CPU&GPU=24360.19ms,LCnt=2(DR0,LM0),GPU%=0.35,CPU%=0.39(W0.95),DSF=1.00,CFL=17.31/21.21,ICFLp95=20.04,LD=0,SF=0.00,LP=0,DVFS=0
01-16 13:10:52.001  6537  6854 I VrApi   : FPS=3/72,Prd=31ms,Tear=0,Early=3,Stale=69,Stale2/5/10/max=0/0/1/148,VSnc=1,Lat=1,Fov=0D,CPU4/GPU=5/0,2419/305MHz,OC=FF,TA=0/70/0,SP=N/N/E,Mem=2092MHz,Free=7737MB,PLS=0,Temp=25.2C/0.0C,TW=3.55ms,App=-99.70ms,GD=1.01ms,CPU&GPU=23007.95ms,LCnt=2(DR0,LM0),GPU%=0.35,CPU%=0.35(W0.57),DSF=1.00,CFL=16.70/21.19,ICFLp95=19.38,LD=0,SF=0.00,LP=0,DVFS=0
01-16 13:10:53.001  6537  6854 I VrApi   : FPS=3/72,Prd=31ms,Tear=0,Early=3,Stale=69,Stale2/5/10/max=0/0/1/148,VSnc=1,Lat=1,Fov=0D,CPU4/GPU=5/0,2419/305MHz,OC=FF,TA=0/70/0,SP=N/N/E,Mem=2092MHz,Free=7737MB,PLS=0,Temp=25.2C/0.0C,TW=3.55ms,App=-99.70ms,GD=1.01ms,CPU&GPU=23007.95ms,LCnt=2(DR0,LM0),GPU%=0.35,CPU%=0.35(W0.57),DSF=1.00,CFL=16.70/21.19,ICFLp95=19.38,LD=0,SF=0.00,LP=0,DVFS=0
01-16 13:10:53.905  3186  3386 I VrApi   : OVR::Stats thread Resume
01-16 13:10:53.919  3186  3386 I VrApi   : OVR::Stats thread started
01-16 13:10:54.397  7295  7320 I VrApi   : ----------- vrapi_Initialize [start] ----------
01-16 13:10:54.420  7295  7320 I VrApi   : Client type: 0 flags: 0x0 placement: 0
01-16 13:10:54.441  7295  7320 I VrApi   : vrapi_Initialize: Connected to VrRuntimeService after 0.020851s
01-16 13:10:54.579  7295  7320 I VrApi   : SkipPushFinalBlack=1
01-16 13:10:54.579  7295  7320 I VrApi   : isActivityFocusAware = 1
01-16 13:10:54.591  7295  7320 I VrApi   : ----------- vrapi_Initialize [end] ----------
01-16 13:10:54.591  7295  7320 I VrApi   : ------------ vrapi_Shutdown [start] -----------
01-16 13:10:54.591  7295  7320 W VrApi   : IsOvrValid: ovr == nullptr. Package: com.polyarc.MossGame
01-16 13:10:54.596  7295  7320 I VrApi   : ------------ vrapi_Shutdown [end] -----------
01-16 13:10:57.445  7295  7320 I VrApi   : ----------- vrapi_Initialize [start] ----------
01-16 13:10:57.550  7295  7320 I VrApi   : Client type: 0 flags: 0x0 placement: 0
01-16 13:10:57.670  7295  7320 I VrApi   : vrapi_Initialize: Connected to VrRuntimeService after 0.119595s
01-16 13:10:57.790  7295  7320 I VrApi   : SkipPushFinalBlack=1
01-16 13:10:57.790  7295  7320 I VrApi   : isActivityFocusAware = 1
01-16 13:10:57.800  7295  7320 I VrApi   : ----------- vrapi_Initialize [end] ----------
01-16 13:10:57.804  7295  7320 I VrApi   : ---------- vrapi_EnterVrMode [start] ----------
01-16 13:10:57.818  7295  7320 I VrApi   : ovrModeParms::VRAPI_MODE_FLAG_RESET_WINDOW_FULLSCREEN = 1
01-16 13:10:57.818  7295  7320 I VrApi   : ovrModeParms::VRAPI_MODE_FLAG_NATIVE_WINDOW = 1
01-16 13:10:57.818  7295  7320 I VrApi   : ovrModeParms::VRAPI_MODE_FLAG_FRONT_BUFFER_SRGB = 1
01-16 13:10:57.818  7295  7320 I VrApi   : ovrModeParms::VRAPI_MODE_FLAG_PHASE_SYNC = 0
01-16 13:10:57.818  7295  7320 I VrApi   : ovrModeParms::VRAPI_MODE_FLAG_APP_SPACE_WARP = 0
01-16 13:10:57.818  7295  7320 I VrApi   : PhaseSync disabled
01-16 13:10:57.818  7295  7320 I VrApi   : HMD sensor attached.
01-16 13:10:57.827  7295  7320 I VrApi   : Creating Default swapchain
01-16 13:10:57.830  7295  7320 I VrApi   : Creating Loading Icon swapchain
01-16 13:10:57.830  7295  7320 I VrApi   : OVR::Stats thread started
01-16 13:10:57.832  7295  7320 I VrApi   : Initial BaseVsync 70667 
01-16 13:10:57.832  7295  7320 I VrApi   : ---------- vrapi_EnterVrMode [end] ----------
01-16 13:10:57.862  7295  7432 W VrApi   : Time to first swap: 3.472 seconds
01-16 13:10:57.862  7295  7432 I VrApi   : Opaque frame needs background layer.
01-16 13:10:59.013  7295  7529 I VrApi   : FPS=1/72,Prd=0ms,Tear=0,Early=0,Stale=72,Stale2/5/10/max=0/0/0/0,VSnc=0,Lat=1,Fov=0D,CPU4/GPU=2/3,2419/305MHz,OC=FF,TA=0/70/0,SP=N/N/E,Mem=2092MHz,Free=7613MB,PLS=0,Temp=25.2C/0.0C,TW=2.42ms,App=548323.44ms,GD=1.00ms,CPU&GPU=842983.06ms,LCnt=3(DR72,LM3),GPU%=0.31,CPU%=0.44(W0.55),DSF=1.00,CFL=16.76/20.55,ICFLp95=19.36,LD=0,SF=0.00,LP=0,DVFS=0
01-16 13:11:00.001  7295  7529 I VrApi   : FPS=30/72,Prd=39ms,Tear=0,Early=14,Stale=59,Stale2/5/10/max=0/2/3/28,VSnc=1,Lat=1,Fov=0D,CPU4/GPU=5/1,1478/441MHz,OC=FF,TA=0/70/70,SP=N/F/F,Mem=2092MHz,Free=7613MB,PLS=0,Temp=25.2C/0.0C,TW=2.46ms,App=12.87ms,GD=0.70ms,CPU&GPU=28120.85ms,LCnt=2(DR0,LM0),GPU%=0.25,CPU%=0.45(W0.81),DSF=1.00,CFL=16.73/22.34,ICFLp95=20.83,LD=0,SF=0.00,LP=0,DVFS=0
01-16 13:11:01.001  7295  7529 I VrApi   : FPS=30/72,Prd=39ms,Tear=0,Early=14,Stale=59,Stale2/5/10/max=0/2/3/28,VSnc=1,Lat=1,Fov=0D,CPU4/GPU=5/1,1478/441MHz,OC=FF,TA=0/70/70,SP=N/N/N,Mem=2092MHz,Free=7613MB,PLS=0,Temp=25.2C/0.0C,TW=2.46ms,App=12.87ms,GD=0.70ms,CPU&GPU=28120.85ms,LCnt=2(DR0,LM0),GPU%=0.25,CPU%=0.45(W0.81),DSF=1.00,CFL=16.73/22.34,ICFLp95=20.83,LD=0,SF=0.00,LP=0,DVFS=0
01-16 13:11:02.001  7295  7529 I VrApi   : FPS=19/72,Prd=37ms,Tear=0,Early=0,Stale=72,Stale2/5/10/max=0/0/0/0,VSnc=1,Lat=1,Fov=0D,CPU4/GPU=5/0,2419/305MHz,OC=FF,TA=0/70/70,SP=N/F/F,Mem=2092MHz,Free=7613MB,PLS=0,Temp=25.5C/0.0C,TW=3.55ms,App=557.52ms,GD=1.00ms,CPU&GPU=17236.25ms,LCnt=2(DR0,LM0),GPU%=0.35,CPU%=0.44(W1.00),DSF=1.00,CFL=16.60/20.39,ICFLp95=19.25,LD=0,SF=0.00,LP=0,DVFS=0
01-16 13:11:02.833  3186  3386 I VrApi   : OVR::Stats thread Suspend
01-16 13:11:02.837  3186  3386 I VrApi   : OVR::Stats thread stopped
01-16 13:11:03.001  7295  7529 I VrApi   : FPS=71/72,Prd=47ms,Tear=0,Early=59,Stale=13,Stale2/5/10/max=1/0/1/146,VSnc=1,Lat=1,Fov=0D,CPU4/GPU=5/0,1478/305MHz,OC=FF,TA=0/70/70,SP=N/F/F,Mem=2092MHz,Free=7613MB,PLS=0,Temp=25.5C/0.0C,TW=3.55ms,App=-12.55ms,GD=1.00ms,CPU&GPU=1.97ms,LCnt=2(DR0,LM0),GPU%=0.36,CPU%=0.32(W0.38),DSF=1.00,CFL=16.61/20.24,ICFLp95=19.41,LD=0,SF=0.00,LP=0,DVFS=0
01-16 13:11:03.702  7295  7587 W VrApi   : ovr_SubmitFrameInternal: FrameIndex discontinuity: Expected 177, Received 178
01-16 13:11:03.874  7295  7587 W VrApi   : ovr_SubmitFrameInternal: FrameIndex discontinuity: Expected 179, Received 177
01-16 13:11:03.877  7295  7587 W VrApi   : ovr_SubmitFrameInternal: FrameIndex discontinuity: Expected 178, Received 179
01-16 13:11:03.907  7295  7587 W VrApi   : FrameIndex = 178, RetiredClientFrameIndex = 175, waited for 25 msec for frame to retire
01-16 13:11:03.932  7295  7587 W VrApi   : FrameIndex = 178, RetiredClientFrameIndex = 175, waited for 50 msec for frame to retire
01-16 13:11:03.958  7295  7587 W VrApi   : FrameIndex = 178, RetiredClientFrameIndex = 175, waited for 75 msec for frame to retire
01-16 13:11:04.001  7295  7529 I VrApi   : FPS=57/72,Prd=44ms,Tear=0,Early=62,Stale=7,Stale2/5/10/max=2/0/0/3,VSnc=1,Lat=1,Fov=0D,CPU4/GPU=5/4,2419/490MHz,OC=FF,TA=0/70/70,SP=N/F/F,Mem=2092MHz,Free=7613MB,PLS=0,Temp=25.5C/0.0C,TW=2.28ms,App=4.42ms,GD=0.67ms,CPU&GPU=5.12ms,LCnt=2(DR0,LM0),GPU%=0.65,CPU%=0.31(W0.43),DSF=1.00,CFL=16.85/20.57,ICFLp95=19.53,LD=0,SF=0.00,LP=0,DVFS=0
01-16 13:11:05.001  7295  7529 I VrApi   : FPS=68/72,Prd=53ms,Tear=1,Early=55,Stale=17,Stale2/5/10/max=0/0/1/18,VSnc=1,Lat=1,Fov=1D,CPU4/GPU=5/5,1478/587MHz,OC=FF,TA=0/70/70,SP=N/F/F,Mem=2092MHz,Free=7613MB,PLS=0,Temp=25.5C/0.0C,TW=1.30ms,App=4.23ms,GD=0.55ms,CPU&GPU=8.52ms,LCnt=2(DR49,LM2),GPU%=0.50,CPU%=0.24(W0.28),DSF=1.00,CFL=17.01/27.85,ICFLp95=28.87,LD=0,SF=0.91,LP=0,DVFS=0
01-16 13:11:06.001  7295  7529 I VrApi   : FPS=68/72,Prd=53ms,Tear=0,Early=72,Stale=0,Stale2/5/10/max=0/0/0/0,VSnc=1,Lat=1,Fov=0D,CPU4/GPU=5/5,1478/587MHz,OC=FF,TA=0/70/70,SP=N/F/F,Mem=2092MHz,Free=7613MB,PLS=0,Temp=25.5C/0.0C,TW=1.29ms,App=4.83ms,GD=0.54ms,CPU&GPU=8.52ms,LCnt=2(DR72,LM2),GPU%=0.51,CPU%=0.18(W0.21),DSF=1.00,CFL=19.54/25.13,ICFLp95=24.17,LD=0,SF=0.91,LP=0,DVFS=0
01-16 13:11:07.001  7295  7529 I VrApi   : FPS=72/72,Prd=51ms,Tear=0,Early=72,Stale=0,Stale2/5/10/max=0/0/0/0,VSnc=1,Lat=1,Fov=0D,CPU4/GPU=5/4,1478/525MHz,OC=FF,TA=0/70/70,SP=N/F/F,Mem=2092MHz,Free=7613MB,PLS=0,Temp=25.5C/0.0C,TW=1.43ms,App=5.48ms,GD=0.61ms,CPU&GPU=8.57ms,LCnt=2(DR72,LM2),GPU%=0.57,CPU%=0.32(W0.35),DSF=1.00,CFL=17.62/22.75,ICFLp95=21.29,LD=0,SF=0.91,LP=0,DVFS=0
01-16 13:11:08.001  7295  7529 I VrApi   : FPS=72/72,Prd=48ms,Tear=0,Early=72,Stale=0,Stale2/5/10/max=0/0/0/0,VSnc=1,Lat=1,Fov=0D,CPU4/GPU=5/3,1478/490MHz,OC=FF,TA=0/70/70,SP=N/F/F,Mem=2092MHz,Free=7613MB,PLS=0,Temp=25.5C/0.0C,TW=1.57ms,App=5.93ms,GD=0.72ms,CPU&GPU=9.13ms,LCnt=2(DR72,LM2),GPU%=0.63,CPU%=0.32(W0.40),DSF=1.00,CFL=17.05/21.13,ICFLp95=19.72,LD=0,SF=0.91,LP=0,DVFS=0
01-16 13:11:09.001  7295  7529 I VrApi   : FPS=72/72,Prd=47ms,Tear=2,Early=69,Stale=0,Stale2/5/10/max=0/0/0/0,VSnc=1,Lat=1,Fov=0D,CPU4/GPU=5/3,1478/490MHz,OC=FF,TA=0/70/70,SP=N/F/F,Mem=2092MHz,Free=7613MB,PLS=0,Temp=25.5C/0.0C,TW=1.53ms,App=4.81ms,GD=0.66ms,CPU&GPU=10.08ms,LCnt=2(DR68,LM2),GPU%=0.53,CPU%=0.32(W0.36),DSF=1.00,CFL=12.52/25.65,ICFLp95=26.55,LD=0,SF=0.91,LP=0,DVFS=0
01-16 13:11:10.001  7295  7529 I VrApi   : FPS=73/72,Prd=51ms,Tear=0,Early=72,Stale=0,Stale2/5/10/max=0/0/0/0,VSnc=1,Lat=1,Fov=0D,CPU4/GPU=5/3,1478/490MHz,OC=FF,TA=0/70/70,SP=N/F/F,Mem=2092MHz,Free=7613MB,PLS=0,Temp=25.5C/0.0C,TW=1.53ms,App=4.87ms,GD=0.72ms,CPU&GPU=9.49ms,LCnt=2(DR72,LM2),GPU%=0.54,CPU%=0.32(W0.40),DSF=1.00,CFL=18.98/24.21,ICFLp95=22.87,LD=0,SF=0.91,LP=0,DVFS=0
01-16 13:11:11.001  7295  7529 I VrApi   : FPS=72/72,Prd=50ms,Tear=0,Early=72,Stale=0,Stale2/5/10/max=0/0/0/0,VSnc=1,Lat=1,Fov=0D,CPU4/GPU=5/3,1478/490MHz,OC=FF,TA=0/70/70,SP=N/F/F,Mem=2092MHz,Free=7613MB,PLS=0,Temp=25.5C/0.0C,TW=1.53ms,App=4.88ms,GD=0.73ms,CPU&GPU=9.11ms,LCnt=2(DR72,LM2),GPU%=0.54,CPU%=0.30(W0.35),DSF=1.00,CFL=17.34/21.49,ICFLp95=20.52,LD=0,SF=0.91,LP=0,DVFS=0
01-16 13:11:12.001  7295  7529 I VrApi   : FPS=72/72,Prd=48ms,Tear=0,Early=72,Stale=0,Stale2/5/10/max=0/0/0/0,VSnc=1,Lat=1,Fov=0D,CPU4/GPU=5/3,1478/490MHz,OC=FF,TA=0/70/70,SP=N/F/F,Mem=2092MHz,Free=7613MB,PLS=0,Temp=25.5C/0.0C,TW=1.54ms,App=4.90ms,GD=0.68ms,CPU&GPU=9.14ms,LCnt=2(DR72,LM2),GPU%=0.54,CPU%=0.20(W0.30),DSF=1.00,CFL=16.55/21.30,ICFLp95=19.46,LD=0,SF=0.91,LP=0,DVFS=0
01-16 13:11:13.001  7295  7529 I VrApi   : FPS=72/72,Prd=47ms,Tear=0,Early=72,Stale=0,Stale2/5/10/max=0/0/0/0,VSnc=1,Lat=1,Fov=0D,CPU4/GPU=5/3,1478/490MHz,OC=FF,TA=0/70/70,SP=N/F/F,Mem=2092MHz,Free=7613MB,PLS=0,Temp=25.5C/0.0C,TW=1.54ms,App=4.89ms,GD=0.66ms,CPU&GPU=9.16ms,LCnt=2(DR72,LM2),GPU%=0.54,CPU%=0.37(W0.53),DSF=1.00,CFL=16.26/20.26,ICFLp95=19.04,LD=0,SF=0.91,LP=0,DVFS=0
01-16 13:11:14.001  7295  7529 I VrApi   : FPS=72/72,Prd=47ms,Tear=0,Early=72,Stale=0,Stale2/5/10/max=0/0/0/0,VSnc=1,Lat=1,Fov=0D,CPU4/GPU=5/3,1478/490MHz,OC=FF,TA=0/70/70,SP=N/F/F,Mem=2092MHz,Free=7613MB,PLS=0,Temp=25.5C/0.0C,TW=1.54ms,App=4.89ms,GD=0.68ms,CPU&GPU=9.01ms,LCnt=2(DR72,LM2),GPU%=0.54,CPU%=0.30(W0.30),DSF=1.00,CFL=15.94/20.06,ICFLp95=18.77,LD=0,SF=0.91,LP=0,DVFS=0
01-16 13:11:15.001  7295  7529 I VrApi   : FPS=72/72,Prd=46ms,Tear=0,Early=72,Stale=0,Stale2/5/10/max=0/0/0/0,VSnc=1,Lat=1,Fov=0D,CPU4/GPU=5/3,1478/490MHz,OC=FF,TA=0/70/70,SP=N/F/F,Mem=2092MHz,Free=7613MB,PLS=0,Temp=25.5C/0.0C,TW=1.54ms,App=4.87ms,GD=0.65ms,CPU&GPU=9.04ms,LCnt=2(DR72,LM2),GPU%=0.54,CPU%=0.36(W0.36),DSF=1.00,CFL=15.85/19.66,ICFLp95=18.65,LD=0,SF=0.91,LP=0,DVFS=0
01-16 13:11:16.002  7295  7529 I VrApi   : FPS=72/72,Prd=46ms,Tear=0,Early=72,Stale=0,Stale2/5/10/max=0/0/0/0,VSnc=1,Lat=1,Fov=0D,CPU4/GPU=5/3,1478/490MHz,OC=FF,TA=0/70/70,SP=N/F/F,Mem=2092MHz,Free=7613MB,PLS=0,Temp=25.5C/0.0C,TW=1.54ms,App=4.46ms,GD=0.66ms,CPU&GPU=9.00ms,LCnt=2(DR72,LM2),GPU%=0.50,CPU%=0.33(W0.35),DSF=1.00,CFL=15.97/20.17,ICFLp95=18.71,LD=0,SF=0.91,LP=0,DVFS=0
01-16 13:11:17.002  7295  7529 I VrApi   : FPS=72/72,Prd=46ms,Tear=0,Early=72,Stale=0,Stale2/5/10/max=0/0/0/0,VSnc=1,Lat=1,Fov=0D,CPU4/GPU=5/3,1478/490MHz,OC=FF,TA=0/70/70,SP=N/F/F,Mem=2092MHz,Free=7613MB,PLS=0,Temp=25.5C/0.0C,TW=1.53ms,App=4.62ms,GD=0.65ms,CPU&GPU=8.02ms,LCnt=2(DR72,LM2),GPU%=0.51,CPU%=0.33(W0.36),DSF=1.00,CFL=15.99/19.79,ICFLp95=18.70,LD=0,SF=0.91,LP=0,DVFS=0
01-16 13:11:18.002  7295  7529 I VrApi   : FPS=72/72,Prd=46ms,Tear=0,Early=72,Stale=0,Stale2/5/10/max=0/0/0/0,VSnc=1,Lat=1,Fov=0D,CPU4/GPU=5/3,1478/490MHz,OC=FF,TA=0/70/70,SP=N/F/F,Mem=2092MHz,Free=7613MB,PLS=0,Temp=25.5C/0.0C,TW=1.53ms,App=4.64ms,GD=0.64ms,CPU&GPU=8.05ms,LCnt=2(DR72,LM2),GPU%=0.52,CPU%=0.27(W0.35),DSF=1.00,CFL=15.85/20.28,ICFLp95=18.69,LD=0,SF=0.91,LP=0,DVFS=0
01-16 13:11:19.021  7295  7529 I VrApi   : FPS=72/72,Prd=46ms,Tear=0,Early=72,Stale=0,Stale2/5/10/max=0/0/0/0,VSnc=1,Lat=1,Fov=0D,CPU4/GPU=5/3,1478/490MHz,OC=FF,TA=0/70/70,SP=N/F/F,Mem=2092MHz,Free=7015MB,PLS=0,Temp=25.5C/0.0C,TW=1.52ms,App=4.75ms,GD=0.66ms,CPU&GPU=8.43ms,LCnt=2(DR72,LM2),GPU%=0.53,CPU%=0.34(W0.36),DSF=1.00,CFL=15.75/19.54,ICFLp95=18.43,LD=0,SF=0.91,LP=0,DVFS=0
01-16 13:11:20.002  7295  7529 I VrApi   : FPS=72/72,Prd=46ms,Tear=0,Early=72,Stale=0,Stale2/5/10/max=0/0/0/0,VSnc=1,Lat=1,Fov=0D,CPU4/GPU=5/3,1478/490MHz,OC=FF,TA=0/70/70,SP=N/F/F,Mem=2092MHz,Free=7015MB,PLS=0,Temp=25.5C/0.0C,TW=1.53ms,App=4.86ms,GD=0.66ms,CPU&GPU=8.60ms,LCnt=2(DR72,LM2),GPU%=0.53,CPU%=0.37(W0.39),DSF=1.00,CFL=15.87/19.57,ICFLp95=18.45,LD=0,SF=0.91,LP=0,DVFS=0
01-16 13:11:21.002  7295  7529 I VrApi   : FPS=72/72,Prd=46ms,Tear=0,Early=72,Stale=0,Stale2/5/10/max=0/0/0/0,VSnc=1,Lat=1,Fov=0D,CPU4/GPU=5/3,1478/490MHz,OC=FF,TA=0/70/70,SP=N/F/F,Mem=2092MHz,Free=7015MB,PLS=0,Temp=25.5C/0.0C,TW=1.53ms,App=4.89ms,GD=0.64ms,CPU&GPU=8.97ms,LCnt=2(DR72,LM2),GPU%=0.54,CPU%=0.35(W0.38),DSF=1.00,CFL=15.89/19.41,ICFLp95=18.44,LD=0,SF=0.91,LP=0,DVFS=0
01-16 13:11:22.002  7295  7529 I VrApi   : FPS=72/72,Prd=46ms,Tear=0,Early=72,Stale=0,Stale2/5/10/max=0/0/0/0,VSnc=1,Lat=1,Fov=0D,CPU4/GPU=5/3,1478/490MHz,OC=FF,TA=0/70/70,SP=N/F/F,Mem=2092MHz,Free=7015MB,PLS=0,Temp=25.5C/0.0C,TW=1.53ms,App=4.93ms,GD=0.65ms,CPU&GPU=9.08ms,LCnt=2(DR72,LM2),GPU%=0.54,CPU%=0.25(W0.26),DSF=1.00,CFL=15.91/19.75,ICFLp95=18.43,LD=0,SF=0.91,LP=0,DVFS=0
01-16 13:11:23.002  7295  7529 I VrApi   : FPS=72/72,Prd=46ms,Tear=0,Early=72,Stale=0,Stale2/5/10/max=0/0/0/0,VSnc=1,Lat=1,Fov=0D,CPU4/GPU=5/3,1478/490MHz,OC=FF,TA=0/70/70,SP=N/F/F,Mem=2092MHz,Free=7015MB,PLS=0,Temp=25.5C/0.0C,TW=1.53ms,App=4.90ms,GD=0.65ms,CPU&GPU=9.04ms,LCnt=2(DR72,LM2),GPU%=0.54,CPU%=0.26(W0.30),DSF=1.00,CFL=15.81/19.45,ICFLp95=18.33,LD=0,SF=0.91,LP=0,DVFS=0
01-16 13:11:24.002  7295  7529 I VrApi   : FPS=72/72,Prd=46ms,Tear=0,Early=72,Stale=0,Stale2/5/10/max=0/0/0/0,VSnc=1,Lat=1,Fov=0D,CPU4/GPU=5/3,1478/490MHz,OC=FF,TA=0/70/70,SP=N/F/F,Mem=2092MHz,Free=7015MB,PLS=0,Temp=25.5C/0.0C,TW=1.52ms,App=4.79ms,GD=0.65ms,CPU&GPU=9.11ms,LCnt=2(DR72,LM2),GPU%=0.53,CPU%=0.29(W0.30),DSF=1.00,CFL=15.63/19.78,ICFLp95=18.32,LD=0,SF=0.91,LP=0,DVFS=0
01-16 13:11:25.002  7295  7529 I VrApi   : FPS=72/72,Prd=46ms,Tear=0,Early=72,Stale=0,Stale2/5/10/max=0/0/0/0,VSnc=1,Lat=1,Fov=0D,CPU4/GPU=5/3,1478/490MHz,OC=FF,TA=0/70/70,SP=N/F/F,Mem=2092MHz,Free=7015MB,PLS=0,Temp=25.5C/0.0C,TW=1.53ms,App=4.80ms,GD=0.67ms,CPU&GPU=8.85ms,LCnt=2(DR72,LM2),GPU%=0.53,CPU%=0.24(W0.27),DSF=1.00,CFL=15.84/19.59,ICFLp95=18.46,LD=0,SF=0.91,LP=0,DVFS=0
01-16 13:11:26.002  7295  7529 I VrApi   : FPS=72/72,Prd=46ms,Tear=0,Early=72,Stale=0,Stale2/5/10/max=0/0/0/0,VSnc=1,Lat=1,Fov=0D,CPU4/GPU=5/3,1478/490MHz,OC=FF,TA=0/70/70,SP=N/F/F,Mem=2092MHz,Free=7015MB,PLS=0,Temp=25.5C/0.0C,TW=1.53ms,App=4.86ms,GD=0.65ms,CPU&GPU=8.64ms,LCnt=2(DR72,LM2),GPU%=0.53,CPU%=0.28(W0.33),DSF=1.00,CFL=15.66/19.33,ICFLp95=18.37,LD=0,SF=0.91,LP=0,DVFS=0
01-16 13:11:27.002  7295  7529 I VrApi   : FPS=72/72,Prd=46ms,Tear=0,Early=72,Stale=0,Stale2/5/10/max=0/0/0/0,VSnc=1,Lat=1,Fov=0D,CPU4/GPU=5/3,1478/490MHz,OC=FF,TA=0/70/70,SP=N/F/F,Mem=2092MHz,Free=7015MB,PLS=0,Temp=25.5C/0.0C,TW=1.53ms,App=4.95ms,GD=0.65ms,CPU&GPU=8.66ms,LCnt=2(DR72,LM2),GPU%=0.54,CPU%=0.36(W0.38),DSF=1.00,CFL=15.67/20.00,ICFLp95=18.40,LD=0,SF=0.91,LP=0,DVFS=0
01-16 13:11:28.003  7295  7529 I VrApi   : FPS=72/72,Prd=46ms,Tear=0,Early=67,Stale=4,Stale2/5/10/max=1/0/0/4,VSnc=1,Lat=1,Fov=0D,CPU4/GPU=5/3,1478/490MHz,OC=FF,TA=0/70/70,SP=N/F/F,Mem=2092MHz,Free=7015MB,PLS=0,Temp=25.5C/0.0C,TW=2.63ms,App=5.38ms,GD=0.67ms,CPU&GPU=8.85ms,LCnt=3(DR64,LM0),GPU%=0.62,CPU%=0.26(W0.30),DSF=1.00,CFL=15.69/27.11,ICFLp95=22.70,LD=0,SF=0.91,LP=0,DVFS=0
01-16 13:11:29.003  7295  7529 I VrApi   : FPS=70/72,Prd=47ms,Tear=0,Early=72,Stale=0,Stale2/5/10/max=0/0/0/0,VSnc=1,Lat=1,Fov=0D,CPU4/GPU=5/3,1478/490MHz,OC=FF,TA=0/70/70,SP=N/F/F,Mem=2092MHz,Free=7015MB,PLS=0,Temp=25.5C/0.0C,TW=3.24ms,App=5.36ms,GD=0.65ms,CPU&GPU=10.70ms,LCnt=3(DR0,LM0),GPU%=0.69,CPU%=0.17(W0.22),DSF=1.00,CFL=20.50/27.06,ICFLp95=25.76,LD=0,SF=0.91,LP=0,DVFS=0
01-16 13:11:30.003  7295  7529 I VrApi   : FPS=72/72,Prd=52ms,Tear=0,Early=72,Stale=0,Stale2/5/10/max=0/0/0/0,VSnc=1,Lat=1,Fov=0D,CPU4/GPU=5/3,1478/490MHz,OC=FF,TA=0/70/70,SP=N/F/F,Mem=2092MHz,Free=7015MB,PLS=0,Temp=25.5C/0.0C,TW=3.23ms,App=5.62ms,GD=0.69ms,CPU&GPU=10.94ms,LCnt=3(DR0,LM0),GPU%=0.70,CPU%=0.31(W0.33),DSF=1.00,CFL=18.75/23.54,ICFLp95=22.53,LD=0,SF=0.91,LP=0,DVFS=0
01-16 13:11:31.003  7295  7529 I VrApi   : FPS=72/72,Prd=50ms,Tear=0,Early=72,Stale=0,Stale2/5/10/max=0/0/0/0,VSnc=1,Lat=1,Fov=0D,CPU4/GPU=5/3,1478/490MHz,OC=FF,TA=0/70/70,SP=N/F/F,Mem=2092MHz,Free=7015MB,PLS=0,Temp=25.5C/0.0C,TW=1.55ms,App=4.80ms,GD=0.66ms,CPU&GPU=10.97ms,LCnt=2(DR55,LM2),GPU%=0.54,CPU%=0.27(W0.30),DSF=1.00,CFL=15.90/21.92,ICFLp95=20.57,LD=0,SF=0.91,LP=0,DVFS=0
01-16 13:11:32.003  7295  7529 I VrApi   : FPS=72/72,Prd=47ms,Tear=0,Early=72,Stale=0,Stale2/5/10/max=0/0/0/0,VSnc=1,Lat=1,Fov=0D,CPU4/GPU=5/3,1478/490MHz,OC=FF,TA=0/70/70,SP=N/F/F,Mem=2092MHz,Free=7015MB,PLS=0,Temp=25.5C/0.0C,TW=1.53ms,App=4.78ms,GD=0.66ms,CPU&GPU=9.10ms,LCnt=2(DR72,LM2),GPU%=0.53,CPU%=0.36(W0.38),DSF=1.00,CFL=16.07/19.74,ICFLp95=18.53,LD=0,SF=0.91,LP=0,DVFS=0
01-16 13:11:33.003  7295  7529 I VrApi   : FPS=72/72,Prd=46ms,Tear=0,Early=72,Stale=0,Stale2/5/10/max=0/0/0/0,VSnc=1,Lat=1,Fov=0D,CPU4/GPU=5/3,1478/490MHz,OC=FF,TA=0/70/70,SP=N/F/F,Mem=2092MHz,Free=7015MB,PLS=0,Temp=25.5C/0.0C,TW=1.53ms,App=4.77ms,GD=0.65ms,CPU&GPU=8.97ms,LCnt=2(DR72,LM2),GPU%=0.53,CPU%=0.30(W0.36),DSF=1.00,CFL=15.77/19.77,ICFLp95=18.39,LD=0,SF=0.91,LP=0,DVFS=0
01-16 13:11:34.003  7295  7529 I VrApi   : FPS=72/72,Prd=46ms,Tear=0,Early=72,Stale=0,Stale2/5/10/max=0/0/0/0,VSnc=1,Lat=1,Fov=0D,CPU4/GPU=5/3,1478/490MHz,OC=FF,TA=0/70/70,SP=N/F/F,Mem=2092MHz,Free=7015MB,PLS=0,Temp=25.5C/0.0C,TW=1.54ms,App=4.78ms,GD=0.65ms,CPU&GPU=8.88ms,LCnt=2(DR72,LM2),GPU%=0.53,CPU%=0.37(W0.48),DSF=1.00,CFL=15.61/19.95,ICFLp95=18.56,LD=0,SF=0.91,LP=0,DVFS=0
01-16 13:11:35.003  7295  7529 I VrApi   : FPS=72/72,Prd=46ms,Tear=0,Early=72,Stale=0,Stale2/5/10/max=0/0/0/0,VSnc=1,Lat=1,Fov=0D,CPU4/GPU=5/3,2419/490MHz,OC=FF,TA=0/70/70,SP=N/F/F,Mem=2092MHz,Free=7015MB,PLS=0,Temp=25.5C/0.0C,TW=1.53ms,App=4.81ms,GD=0.67ms,CPU&GPU=8.85ms,LCnt=2(DR72,LM2),GPU%=0.53,CPU%=0.42(W0.47),DSF=1.00,CFL=15.79/19.31,ICFLp95=18.36,LD=0,SF=0.91,LP=0,DVFS=0
01-16 13:11:36.003  7295  7529 I VrApi   : FPS=72/72,Prd=46ms,Tear=0,Early=72,Stale=0,Stale2/5/10/max=0/0/0/0,VSnc=1,Lat=1,Fov=0D,CPU4/GPU=5/3,1478/490MHz,OC=FF,TA=0/70/70,SP=N/F/F,Mem=2092MHz,Free=7015MB,PLS=0,Temp=25.5C/0.0C,TW=1.53ms,App=4.87ms,GD=0.66ms,CPU&GPU=9.08ms,LCnt=2(DR72,LM2),GPU%=0.53,CPU%=0.38(W0.38),DSF=1.00,CFL=15.81/19.65,ICFLp95=18.55,LD=0,SF=0.91,LP=0,DVFS=0
01-16 13:11:37.003  7295  7529 I VrApi   : FPS=72/72,Prd=46ms,Tear=0,Early=72,Stale=0,Stale2/5/10/max=0/0/0/0,VSnc=1,Lat=1,Fov=0D,CPU4/GPU=5/3,1478/490MHz,OC=FF,TA=0/70/70,SP=N/F/F,Mem=2092MHz,Free=7015MB,PLS=0,Temp=25.5C/0.0C,TW=1.55ms,App=4.78ms,GD=0.66ms,CPU&GPU=8.99ms,LCnt=2(DR72,LM2),GPU%=0.53,CPU%=0.39(W0.42),DSF=1.00,CFL=15.82/19.35,ICFLp95=18.39,LD=0,SF=0.91,LP=0,DVFS=0
01-16 13:11:38.003  7295  7529 I VrApi   : FPS=72/72,Prd=46ms,Tear=0,Early=72,Stale=0,Stale2/5/10/max=0/0/0/0,VSnc=1,Lat=1,Fov=0D,CPU4/GPU=5/3,1478/490MHz,OC=FF,TA=0/70/70,SP=N/F/F,Mem=2092MHz,Free=7015MB,PLS=0,Temp=25.5C/0.0C,TW=1.53ms,App=4.87ms,GD=0.65ms,CPU&GPU=9.14ms,LCnt=2(DR72,LM2),GPU%=0.53,CPU%=0.30(W0.30),DSF=1.00,CFL=15.84/20.17,ICFLp95=18.58,LD=0,SF=0.91,LP=0,DVFS=0
01-16 13:11:39.023  7295  7529 I VrApi   : FPS=72/72,Prd=46ms,Tear=0,Early=72,Stale=0,Stale2/5/10/max=0/0/0/0,VSnc=1,Lat=1,Fov=0D,CPU4/GPU=5/3,1478/490MHz,OC=FF,TA=0/70/70,SP=N/F/F,Mem=2092MHz,Free=7009MB,PLS=0,Temp=25.7C/0.0C,TW=1.54ms,App=4.79ms,GD=0.64ms,CPU&GPU=8.95ms,LCnt=2(DR72,LM2),GPU%=0.53,CPU%=0.24(W0.29),DSF=1.00,CFL=15.84/19.54,ICFLp95=18.43,LD=0,SF=0.91,LP=0,DVFS=0
01-16 13:11:40.003  7295  7529 I VrApi   : FPS=72/72,Prd=46ms,Tear=0,Early=72,Stale=0,Stale2/5/10/max=0/0/0/0,VSnc=1,Lat=1,Fov=0D,CPU4/GPU=5/3,1478/490MHz,OC=FF,TA=0/70/70,SP=N/F/F,Mem=2092MHz,Free=7009MB,PLS=0,Temp=25.7C/0.0C,TW=1.52ms,App=4.38ms,GD=0.65ms,CPU&GPU=8.78ms,LCnt=2(DR72,LM2),GPU%=0.49,CPU%=0.32(W0.35),DSF=1.00,CFL=15.84/19.54,ICFLp95=18.43,LD=0,SF=0.91,LP=0,DVFS=0
01-16 13:11:41.003  7295  7529 I VrApi   : FPS=72/72,Prd=46ms,Tear=1,Early=73,Stale=0,Stale2/5/10/max=0/0/0/0,VSnc=1,Lat=1,Fov=0D,CPU4/GPU=5/3,1478/490MHz,OC=FF,TA=0/70/70,SP=N/F/F,Mem=2092MHz,Free=7009MB,PLS=0,Temp=25.7C/0.0C,TW=1.52ms,App=4.36ms,GD=0.66ms,CPU&GPU=7.51ms,LCnt=2(DR73,LM2),GPU%=0.49,CPU%=0.39(W0.43),DSF=1.00,CFL=15.92/20.57,ICFLp95=19.13,LD=0,SF=0.91,LP=0,DVFS=0
01-16 13:11:42.003  7295  7529 I VrApi   : FPS=72/72,Prd=46ms,Tear=0,Early=72,Stale=0,Stale2/5/10/max=0/0/0/0,VSnc=1,Lat=1,Fov=0D,CPU4/GPU=5/3,1478/490MHz,OC=FF,TA=0/70/70,SP=N/F/F,Mem=2092MHz,Free=7009MB,PLS=0,Temp=25.7C/0.0C,TW=1.52ms,App=4.29ms,GD=0.66ms,CPU&GPU=7.12ms,LCnt=2(DR72,LM2),GPU%=0.49,CPU%=0.34(W0.35),DSF=1.00,CFL=15.76/21.48,ICFLp95=19.12,LD=0,SF=0.91,LP=0,DVFS=0
01-16 13:11:43.003  7295  7529 I VrApi   : FPS=72/72,Prd=46ms,Tear=0,Early=72,Stale=0,Stale2/5/10/max=0/0/0/0,VSnc=1,Lat=1,Fov=0D,CPU4/GPU=5/3,1478/490MHz,OC=FF,TA=0/70/70,SP=N/F/F,Mem=2092MHz,Free=7009MB,PLS=0,Temp=25.7C/0.0C,TW=1.53ms,App=4.40ms,GD=0.66ms,CPU&GPU=7.08ms,LCnt=2(DR72,LM2),GPU%=0.50,CPU%=0.22(W0.26),DSF=1.00,CFL=15.88/20.69,ICFLp95=19.05,LD=0,SF=0.91,LP=0,DVFS=0
01-16 13:11:44.004  7295  7529 I VrApi   : FPS=72/72,Prd=46ms,Tear=0,Early=72,Stale=0,Stale2/5/10/max=0/0/0/0,VSnc=1,Lat=1,Fov=0D,CPU4/GPU=5/3,1478/490MHz,OC=FF,TA=0/70/70,SP=N/F/F,Mem=2092MHz,Free=7009MB,PLS=0,Temp=25.7C/0.0C,TW=1.53ms,App=4.62ms,GD=0.64ms,CPU&GPU=7.63ms,LCnt=2(DR72,LM2),GPU%=0.52,CPU%=0.36(W0.38),DSF=1.00,CFL=15.89/19.91,ICFLp95=18.70,LD=0,SF=0.91,LP=0,DVFS=0
01-16 13:11:45.004  7295  7529 I VrApi   : FPS=72/72,Prd=46ms,Tear=0,Early=72,Stale=0,Stale2/5/10/max=0/0/0/0,VSnc=1,Lat=1,Fov=0D,CPU4/GPU=5/3,1862/490MHz,OC=FF,TA=0/70/70,SP=N/F/F,Mem=2092MHz,Free=7009MB,PLS=0,Temp=25.7C/0.0C,TW=1.52ms,App=4.65ms,GD=0.65ms,CPU&GPU=8.15ms,LCnt=2(DR72,LM2),GPU%=0.52,CPU%=0.30(W0.35),DSF=1.00,CFL=15.92/19.61,ICFLp95=18.52,LD=0,SF=0.91,LP=0,DVFS=0
01-16 13:11:46.004  7295  7529 I VrApi   : FPS=72/72,Prd=46ms,Tear=0,Early=72,Stale=0,Stale2/5/10/max=0/0/0/0,VSnc=1,Lat=1,Fov=0D,CPU4/GPU=5/3,1478/490MHz,OC=FF,TA=0/70/70,SP=N/F/F,Mem=2092MHz,Free=7009MB,PLS=0,Temp=25.7C/0.0C,TW=1.53ms,App=4.70ms,GD=0.65ms,CPU&GPU=8.30ms,LCnt=2(DR72,LM2),GPU%=0.52,CPU%=0.32(W0.36),DSF=1.00,CFL=15.82/19.45,ICFLp95=18.34,LD=0,SF=0.91,LP=0,DVFS=0
01-16 13:11:47.004  7295  7529 I VrApi   : FPS=72/72,Prd=46ms,Tear=0,Early=72,Stale=0,Stale2/5/10/max=0/0/0/0,VSnc=1,Lat=1,Fov=0D,CPU4/GPU=5/3,1478/490MHz,OC=FF,TA=0/70/70,SP=N/F/F,Mem=2092MHz,Free=7009MB,PLS=0,Temp=25.7C/0.0C,TW=1.53ms,App=4.78ms,GD=0.66ms,CPU&GPU=8.39ms,LCnt=2(DR72,LM2),GPU%=0.52,CPU%=0.39(W0.44),DSF=1.00,CFL=15.62/19.26,ICFLp95=18.40,LD=0,SF=0.91,LP=0,DVFS=0
01-16 13:11:48.004  7295  7529 I VrApi   : FPS=72/72,Prd=46ms,Tear=0,Early=72,Stale=0,Stale2/5/10/max=0/0/0/0,VSnc=1,Lat=1,Fov=0D,CPU4/GPU=5/3,1478/490MHz,OC=FF,TA=0/70/70,SP=N/F/F,Mem=2092MHz,Free=7009MB,PLS=0,Temp=25.7C/0.0C,TW=1.52ms,App=4.74ms,GD=0.66ms,CPU&GPU=8.48ms,LCnt=2(DR72,LM2),GPU%=0.52,CPU%=0.32(W0.36),DSF=1.00,CFL=15.66/19.34,ICFLp95=18.34,LD=0,SF=0.91,LP=0,DVFS=0
01-16 13:11:49.004  7295  7529 I VrApi   : FPS=72/72,Prd=46ms,Tear=0,Early=72,Stale=0,Stale2/5/10/max=0/0/0/0,VSnc=1,Lat=1,Fov=0D,CPU4/GPU=5/3,1478/490MHz,OC=FF,TA=0/70/70,SP=N/F/F,Mem=2092MHz,Free=7009MB,PLS=0,Temp=25.7C/0.0C,TW=1.53ms,App=4.75ms,GD=0.65ms,CPU&GPU=8.49ms,LCnt=2(DR72,LM2),GPU%=0.53,CPU%=0.30(W0.33),DSF=1.00,CFL=15.98/19.89,ICFLp95=18.54,LD=0,SF=0.91,LP=0,DVFS=0
01-16 13:11:50.005  7295  7529 I VrApi   : FPS=72/72,Prd=46ms,Tear=0,Early=72,Stale=0,Stale2/5/10/max=0/0/0/0,VSnc=1,Lat=1,Fov=0D,CPU4/GPU=5/3,1478/490MHz,OC=FF,TA=0/70/70,SP=N/F/F,Mem=2092MHz,Free=7009MB,PLS=0,Temp=25.7C/0.0C,TW=1.53ms,App=4.75ms,GD=0.64ms,CPU&GPU=8.53ms,LCnt=2(DR72,LM2),GPU%=0.53,CPU%=0.34(W0.41),DSF=1.00,CFL=15.85/19.90,ICFLp95=18.47,LD=0,SF=0.91,LP=0,DVFS=0
01-16 13:11:51.005  7295  7529 I VrApi   : FPS=72/72,Prd=46ms,Tear=0,Early=72,Stale=0,Stale2/5/10/max=0/0/0/0,VSnc=1,Lat=1,Fov=0D,CPU4/GPU=5/3,1478/490MHz,OC=FF,TA=0/70/70,SP=N/F/F,Mem=2092MHz,Free=7009MB,PLS=0,Temp=25.7C/0.0C,TW=1.53ms,App=4.81ms,GD=0.67ms,CPU&GPU=8.59ms,LCnt=2(DR72,LM2),GPU%=0.53,CPU%=0.37(W0.42),DSF=1.00,CFL=15.70/21.15,ICFLp95=18.62,LD=0,SF=0.91,LP=0,DVFS=0
01-16 13:11:52.005  7295  7529 I VrApi   : FPS=72/72,Prd=46ms,Tear=0,Early=72,Stale=0,Stale2/5/10/max=0/0/0/0,VSnc=1,Lat=1,Fov=0D,CPU4/GPU=5/3,1478/490MHz,OC=FF,TA=0/70/70,SP=N/F/F,Mem=2092MHz,Free=7009MB,PLS=0,Temp=25.7C/0.0C,TW=1.53ms,App=4.76ms,GD=0.64ms,CPU&GPU=8.59ms,LCnt=2(DR72,LM2),GPU%=0.53,CPU%=0.31(W0.33),DSF=1.00,CFL=15.78/19.68,ICFLp95=18.43,LD=0,SF=0.91,LP=0,DVFS=0
01-16 13:11:53.005  7295  7529 I VrApi   : FPS=72/72,Prd=46ms,Tear=0,Early=72,Stale=0,Stale2/5/10/max=0/0/0/0,VSnc=1,Lat=1,Fov=0D,CPU4/GPU=5/3,1478/490MHz,OC=FF,TA=0/70/70,SP=N/F/F,Mem=2092MHz,Free=7009MB,PLS=0,Temp=25.7C/0.0C,TW=1.53ms,App=4.80ms,GD=0.65ms,CPU&GPU=8.62ms,LCnt=2(DR72,LM2),GPU%=0.53,CPU%=0.35(W0.38),DSF=1.00,CFL=15.75/19.54,ICFLp95=18.57,LD=0,SF=0.91,LP=0,DVFS=0
01-16 13:11:54.005  7295  7529 I VrApi   : FPS=72/72,Prd=46ms,Tear=0,Early=72,Stale=0,Stale2/5/10/max=0/0/0/0,VSnc=1,Lat=1,Fov=0D,CPU4/GPU=5/3,1478/490MHz,OC=FF,TA=0/70/70,SP=N/F/F,Mem=2092MHz,Free=7009MB,PLS=0,Temp=25.7C/0.0C,TW=3.24ms,App=5.77ms,GD=0.68ms,CPU&GPU=8.60ms,LCnt=2(DR72,LM2),GPU%=0.68,CPU%=0.30(W0.31),DSF=1.00,CFL=15.61/19.87,ICFLp95=18.45,LD=0,SF=0.91,LP=0,DVFS=0
01-16 13:11:55.005  7295  7529 I VrApi   : FPS=72/72,Prd=47ms,Tear=0,Early=68,Stale=0,Stale2/5/10/max=0/0/0/0,VSnc=1,Lat=1,Fov=0D,CPU4/GPU=5/3,1478/490MHz,OC=FF,TA=0/70/70,SP=N/F/F,Mem=1804MHz,Free=7009MB,PLS=0,Temp=25.7C/0.0C,TW=3.23ms,App=5.58ms,GD=0.70ms,CPU&GPU=10.80ms,LCnt=3(DR44,LM0),GPU%=0.71,CPU%=0.20(W0.25),DSF=1.00,CFL=15.61/21.39,ICFLp95=20.57,LD=0,SF=0.91,LP=0,DVFS=0
01-16 13:11:56.005  7295  7529 I VrApi   : FPS=72/72,Prd=48ms,Tear=0,Early=72,Stale=0,Stale2/5/10/max=0/0/0/0,VSnc=1,Lat=1,Fov=0D,CPU4/GPU=5/3,1478/490MHz,OC=FF,TA=0/70/70,SP=N/F/F,Mem=1804MHz,Free=7009MB,PLS=0,Temp=25.7C/0.0C,TW=3.22ms,App=5.62ms,GD=0.72ms,CPU&GPU=10.97ms,LCnt=3(DR0,LM0),GPU%=0.71,CPU%=0.30(W0.32),DSF=1.00,CFL=17.56/21.60,ICFLp95=20.40,LD=0,SF=0.91,LP=0,DVFS=0
01-16 13:11:57.005  7295  7529 I VrApi   : FPS=72/72,Prd=48ms,Tear=0,Early=72,Stale=0,Stale2/5/10/max=0/0/0/0,VSnc=1,Lat=1,Fov=0D,CPU4/GPU=5/3,1478/490MHz,OC=FF,TA=0/70/70,SP=N/F/F,Mem=1804MHz,Free=7009MB,PLS=0,Temp=25.7C/0.0C,TW=3.22ms,App=5.65ms,GD=0.69ms,CPU&GPU=10.98ms,LCnt=3(DR0,LM0),GPU%=0.71,CPU%=0.27(W0.35),DSF=1.00,CFL=17.23/20.78,ICFLp95=19.86,LD=0,SF=0.91,LP=0,DVFS=0
01-16 13:11:58.005  7295  7529 I VrApi   : FPS=72/72,Prd=47ms,Tear=0,Early=72,Stale=0,Stale2/5/10/max=0/0/0/0,VSnc=1,Lat=1,Fov=0D,CPU4/GPU=5/3,1478/490MHz,OC=FF,TA=0/70/70,SP=N/F/F,Mem=1804MHz,Free=7009MB,PLS=0,Temp=25.7C/0.0C,TW=3.23ms,App=5.59ms,GD=0.69ms,CPU&GPU=10.96ms,LCnt=3(DR0,LM0),GPU%=0.70,CPU%=0.35(W0.37),DSF=1.00,CFL=16.85/21.11,ICFLp95=19.60,LD=0,SF=0.91,LP=0,DVFS=0
01-16 13:11:59.025  7295  7529 I VrApi   : FPS=72/72,Prd=47ms,Tear=0,Early=72,Stale=0,Stale2/5/10/max=0/0/0/0,VSnc=1,Lat=1,Fov=0D,CPU4/GPU=5/3,1478/490MHz,OC=FF,TA=0/70/70,SP=N/F/F,Mem=1804MHz,Free=7035MB,PLS=0,Temp=25.7C/0.0C,TW=3.23ms,App=5.66ms,GD=0.68ms,CPU&GPU=10.86ms,LCnt=3(DR0,LM0),GPU%=0.70,CPU%=0.30(W0.32),DSF=1.00,CFL=16.65/20.91,ICFLp95=19.49,LD=0,SF=0.91,LP=0,DVFS=0
01-16 13:12:00.005  7295  7529 I VrApi   : FPS=72/72,Prd=47ms,Tear=0,Early=72,Stale=0,Stale2/5/10/max=0/0/0/0,VSnc=1,Lat=1,Fov=0D,CPU4/GPU=5/3,1478/490MHz,OC=FF,TA=0/70/70,SP=N/F/F,Mem=2092MHz,Free=7035MB,PLS=0,Temp=25.7C/0.0C,TW=3.24ms,App=5.65ms,GD=0.67ms,CPU&GPU=10.92ms,LCnt=3(DR0,LM0),GPU%=0.70,CPU%=0.20(W0.23),DSF=1.00,CFL=16.34/20.54,ICFLp95=19.50,LD=0,SF=0.91,LP=0,DVFS=0
01-16 13:12:01.005  7295  7529 I VrApi   : FPS=72/72,Prd=47ms,Tear=0,Early=72,Stale=0,Stale2/5/10/max=0/0/0/0,VSnc=1,Lat=1,Fov=0D,CPU4/GPU=5/3,1478/490MHz,OC=FF,TA=0/70/70,SP=N/F/F,Mem=1555MHz,Free=7035MB,PLS=0,Temp=25.7C/0.0C,TW=3.22ms,App=5.69ms,GD=0.69ms,CPU&GPU=10.93ms,LCnt=3(DR0,LM0),GPU%=0.70,CPU%=0.32(W0.39),DSF=1.00,CFL=16.89/20.70,ICFLp95=19.40,LD=0,SF=0.91,LP=0,DVFS=0
01-16 13:12:01.900  7295  7587 W VrApi   : FrameIndex = 4322, RetiredClientFrameIndex = 4319, waited for 25 msec for frame to retire
01-16 13:12:01.925  7295  7587 W VrApi   : FrameIndex = 4322, RetiredClientFrameIndex = 4319, waited for 50 msec for frame to retire
01-16 13:12:01.950  7295  7587 W VrApi   : FrameIndex = 4322, RetiredClientFrameIndex = 4319, waited for 75 msec for frame to retire
01-16 13:12:02.005  7295  7529 I VrApi   : FPS=70/72,Prd=47ms,Tear=0,Early=69,Stale=3,Stale2/5/10/max=1/0/0/3,VSnc=1,Lat=1,Fov=0D,CPU4/GPU=5/5,1862/490MHz,OC=FF,TA=0/70/70,SP=N/F/F,Mem=2092MHz,Free=7035MB,PLS=0,Temp=25.7C/0.0C,TW=1.51ms,App=1.17ms,GD=0.65ms,CPU&GPU=11.29ms,LCnt=3(DR0,LM0),GPU%=0.59,CPU%=0.43(W0.58),DSF=1.00,CFL=16.40/20.98,ICFLp95=19.49,LD=0,SF=0.91,LP=0,DVFS=0
01-16 13:12:03.005  7295  7529 I VrApi   : FPS=56/72,Prd=43ms,Tear=2,Early=50,Stale=19,Stale2/5/10/max=1/0/0/4,VSnc=1,Lat=1,Fov=0D,CPU4/GPU=5/5,1478/587MHz,OC=FF,TA=0/70/70,SP=N/F/F,Mem=1804MHz,Free=7035MB,PLS=0,Temp=25.7C/0.0C,TW=1.29ms,App=3.42ms,GD=0.55ms,CPU&GPU=12.19ms,LCnt=2(DR70,LM2),GPU%=0.45,CPU%=0.25(W0.29),DSF=1.00,CFL=16.14/22.87,ICFLp95=20.10,LD=0,SF=0.91,LP=0,DVFS=0
01-16 13:12:04.005  7295  7529 I VrApi   : FPS=72/72,Prd=50ms,Tear=0,Early=70,Stale=3,Stale2/5/10/max=0/0/1/14,VSnc=1,Lat=1,Fov=0D,CPU4/GPU=5/4,1478/587MHz,OC=FF,TA=0/70/70,SP=N/F/F,Mem=1804MHz,Free=7035MB,PLS=0,Temp=25.7C/0.0C,TW=1.43ms,App=4.47ms,GD=0.61ms,CPU&GPU=7.61ms,LCnt=2(DR72,LM2),GPU%=0.49,CPU%=0.33(W0.36),DSF=1.00,CFL=19.30/24.84,ICFLp95=22.99,LD=0,SF=0.91,LP=0,DVFS=0
01-16 13:12:05.006  7295  7529 I VrApi   : FPS=72/72,Prd=48ms,Tear=0,Early=72,Stale=0,Stale2/5/10/max=0/0/0/0,VSnc=1,Lat=1,Fov=0D,CPU4/GPU=5/3,1478/525MHz,OC=FF,TA=0/70/70,SP=N/F/F,Mem=1804MHz,Free=7035MB,PLS=0,Temp=25.7C/0.0C,TW=1.54ms,App=4.80ms,GD=0.65ms,CPU&GPU=8.23ms,LCnt=2(DR72,LM2),GPU%=0.53,CPU%=0.30(W0.38),DSF=1.00,CFL=17.45/22.06,ICFLp95=20.85,LD=0,SF=0.91,LP=0,DVFS=0
01-16 13:12:06.006  7295  7529 I VrApi   : FPS=72/72,Prd=47ms,Tear=0,Early=72,Stale=0,Stale2/5/10/max=0/0/0/0,VSnc=1,Lat=1,Fov=0D,CPU4/GPU=5/3,1478/490MHz,OC=FF,TA=0/70/70,SP=N/F/F,Mem=1804MHz,Free=7035MB,PLS=0,Temp=25.7C/0.0C,TW=1.55ms,App=4.66ms,GD=0.67ms,CPU&GPU=8.97ms,LCnt=2(DR72,LM2),GPU%=0.52,CPU%=0.30(W0.33),DSF=1.00,CFL=16.77/20.88,ICFLp95=19.53,LD=0,SF=0.91,LP=0,DVFS=0
01-16 13:12:07.006  7295  7529 I VrApi   : FPS=72/72,Prd=47ms,Tear=0,Early=72,Stale=0,Stale2/5/10/max=0/0/0/0,VSnc=1,Lat=1,Fov=0D,CPU4/GPU=5/3,1478/490MHz,OC=FF,TA=0/70/70,SP=N/F/F,Mem=2092MHz,Free=7035MB,PLS=0,Temp=25.7C/0.0C,TW=1.53ms,App=4.57ms,GD=0.68ms,CPU&GPU=8.90ms,LCnt=2(DR72,LM2),GPU%=0.52,CPU%=0.34(W0.38),DSF=1.00,CFL=16.31/20.15,ICFLp95=19.04,LD=0,SF=0.91,LP=0,DVFS=0
01-16 13:12:08.006  7295  7529 I VrApi   : FPS=72/72,Prd=46ms,Tear=0,Early=72,Stale=0,Stale2/5/10/max=0/0/0/0,VSnc=1,Lat=1,Fov=0D,CPU4/GPU=5/3,1478/490MHz,OC=FF,TA=0/70/70,SP=N/F/F,Mem=2092MHz,Free=7035MB,PLS=0,Temp=25.7C/0.0C,TW=1.53ms,App=4.60ms,GD=0.65ms,CPU&GPU=8.95ms,LCnt=2(DR72,LM2),GPU%=0.52,CPU%=0.23(W0.33),DSF=1.00,CFL=16.17/20.28,ICFLp95=18.71,LD=0,SF=0.91,LP=0,DVFS=0
01-16 13:12:09.006  7295  7529 I VrApi   : FPS=72/72,Prd=46ms,Tear=0,Early=72,Stale=0,Stale2/5/10/max=0/0/0/0,VSnc=1,Lat=1,Fov=0D,CPU4/GPU=5/3,1478/490MHz,OC=FF,TA=0/70/70,SP=N/F/F,Mem=2092MHz,Free=7035MB,PLS=0,Temp=25.7C/0.0C,TW=1.52ms,App=4.71ms,GD=0.66ms,CPU&GPU=8.70ms,LCnt=2(DR72,LM2),GPU%=0.52,CPU%=0.30(W0.39),DSF=1.00,CFL=16.02/19.97,ICFLp95=18.63,LD=0,SF=0.91,LP=0,DVFS=0
01-16 13:12:10.006  7295  7529 I VrApi   : FPS=72/72,Prd=46ms,Tear=0,Early=72,Stale=0,Stale2/5/10/max=0/0/0/0,VSnc=1,Lat=1,Fov=0D,CPU4/GPU=5/3,1478/490MHz,OC=FF,TA=0/70/70,SP=N/F/F,Mem=2092MHz,Free=7035MB,PLS=0,Temp=25.7C/0.0C,TW=1.52ms,App=4.71ms,GD=0.66ms,CPU&GPU=8.91ms,LCnt=2(DR72,LM2),GPU%=0.52,CPU%=0.39(W0.40),DSF=1.00,CFL=15.94/19.41,ICFLp95=18.53,LD=0,SF=0.91,LP=0,DVFS=0
01-16 13:12:11.006  7295  7529 I VrApi   : FPS=72/72,Prd=46ms,Tear=0,Early=72,Stale=0,Stale2/5/10/max=0/0/0/0,VSnc=1,Lat=1,Fov=0D,CPU4/GPU=5/3,1478/490MHz,OC=FF,TA=0/70/70,SP=N/F/F,Mem=2092MHz,Free=7035MB,PLS=0,Temp=25.7C/0.0C,TW=1.52ms,App=4.65ms,GD=0.65ms,CPU&GPU=8.88ms,LCnt=2(DR72,LM2),GPU%=0.52,CPU%=0.34(W0.38),DSF=1.00,CFL=15.74/19.68,ICFLp95=18.48,LD=0,SF=0.91,LP=0,DVFS=0
01-16 13:12:12.006  7295  7529 I VrApi   : FPS=72/72,Prd=46ms,Tear=0,Early=72,Stale=0,Stale2/5/10/max=0/0/0/0,VSnc=1,Lat=1,Fov=0D,CPU4/GPU=5/3,1478/490MHz,OC=FF,TA=0/70/70,SP=N/F/F,Mem=2092MHz,Free=7035MB,PLS=0,Temp=25.5C/0.0C,TW=1.52ms,App=4.60ms,GD=0.68ms,CPU&GPU=8.45ms,LCnt=2(DR72,LM2),GPU%=0.52,CPU%=0.35(W0.40),DSF=1.00,CFL=15.59/19.60,ICFLp95=18.48,LD=0,SF=0.91,LP=0,DVFS=0
01-16 13:12:13.006  7295  7529 I VrApi   : FPS=72/72,Prd=46ms,Tear=0,Early=72,Stale=0,Stale2/5/10/max=0/0/0/0,VSnc=1,Lat=1,Fov=0D,CPU4/GPU=5/3,1478/490MHz,OC=FF,TA=0/70/70,SP=N/F/F,Mem=2092MHz,Free=7035MB,PLS=0,Temp=25.5C/0.0C,TW=1.52ms,App=4.62ms,GD=0.65ms,CPU&GPU=8.55ms,LCnt=2(DR72,LM2),GPU%=0.52,CPU%=0.36(W0.39),DSF=1.00,CFL=15.66/19.55,ICFLp95=18.39,LD=0,SF=0.91,LP=0,DVFS=0
01-16 13:12:14.006  7295  7529 I VrApi   : FPS=72/72,Prd=46ms,Tear=0,Early=72,Stale=0,Stale2/5/10/max=0/0/0/0,VSnc=1,Lat=1,Fov=0D,CPU4/GPU=5/3,1478/490MHz,OC=FF,TA=0/70/70,SP=N/F/F,Mem=2092MHz,Free=7035MB,PLS=0,Temp=25.5C/0.0C,TW=1.52ms,App=4.57ms,GD=0.65ms,CPU&GPU=8.40ms,LCnt=2(DR72,LM2),GPU%=0.51,CPU%=0.37(W0.48),DSF=1.00,CFL=15.83/20.41,ICFLp95=18.49,LD=0,SF=0.91,LP=0,DVFS=0
01-16 13:12:15.006  7295  7529 I VrApi   : FPS=72/72,Prd=46ms,Tear=0,Early=72,Stale=0,Stale2/5/10/max=0/0/0/0,VSnc=1,Lat=1,Fov=0D,CPU4/GPU=5/3,1478/490MHz,OC=FF,TA=0/70/70,SP=N/F/F,Mem=2092MHz,Free=7035MB,PLS=0,Temp=25.5C/0.0C,TW=1.52ms,App=4.62ms,GD=0.65ms,CPU&GPU=8.30ms,LCnt=2(DR72,LM2),GPU%=0.52,CPU%=0.36(W0.42),DSF=1.00,CFL=15.83/19.32,ICFLp95=18.40,LD=0,SF=0.91,LP=0,DVFS=0
01-16 13:12:16.006  7295  7529 I VrApi   : FPS=72/72,Prd=46ms,Tear=0,Early=72,Stale=0,Stale2/5/10/max=0/0/0/0,VSnc=1,Lat=1,Fov=0D,CPU4/GPU=5/3,1478/490MHz,OC=FF,TA=0/70/70,SP=N/F/F,Mem=2092MHz,Free=7035MB,PLS=0,Temp=25.5C/0.0C,TW=1.52ms,App=4.69ms,GD=0.64ms,CPU&GPU=8.58ms,LCnt=2(DR72,LM2),GPU%=0.52,CPU%=0.38(W0.39),DSF=1.00,CFL=15.69/19.81,ICFLp95=18.51,LD=0,SF=0.91,LP=0,DVFS=0
01-16 13:12:17.006  7295  7529 I VrApi   : FPS=72/72,Prd=46ms,Tear=0,Early=72,Stale=0,Stale2/5/10/max=0/0/0/0,VSnc=1,Lat=1,Fov=0D,CPU4/GPU=5/3,1478/490MHz,OC=FF,TA=0/70/70,SP=N/F/F,Mem=2092MHz,Free=7035MB,PLS=0,Temp=25.5C/0.0C,TW=1.52ms,App=5.70ms,GD=0.65ms,CPU&GPU=9.15ms,LCnt=2(DR72,LM2),GPU%=0.59,CPU%=0.36(W0.42),DSF=1.00,CFL=15.66/20.30,ICFLp95=18.52,LD=0,SF=0.91,LP=0,DVFS=0
01-16 13:12:18.006  7295  7529 I VrApi   : FPS=72/72,Prd=46ms,Tear=0,Early=72,Stale=0,Stale2/5/10/max=0/0/0/0,VSnc=1,Lat=1,Fov=0D,CPU4/GPU=5/3,1478/490MHz,OC=FF,TA=0/70/70,SP=N/F/F,Mem=2092MHz,Free=7035MB,PLS=0,Temp=25.5C/0.0C,TW=1.54ms,App=5.47ms,GD=0.68ms,CPU&GPU=10.07ms,LCnt=2(DR72,LM2),GPU%=0.58,CPU%=0.31(W0.35),DSF=1.00,CFL=15.69/19.99,ICFLp95=18.42,LD=0,SF=0.91,LP=0,DVFS=0
01-16 13:12:19.027  7295  7529 I VrApi   : FPS=72/72,Prd=46ms,Tear=0,Early=72,Stale=0,Stale2/5/10/max=0/0/0/0,VSnc=1,Lat=1,Fov=0D,CPU4/GPU=5/3,1478/490MHz,OC=FF,TA=0/70/70,SP=N/F/F,Mem=2092MHz,Free=7001MB,PLS=0,Temp=25.5C/0.0C,TW=1.55ms,App=5.52ms,GD=0.64ms,CPU&GPU=10.07ms,LCnt=2(DR72,LM2),GPU%=0.59,CPU%=0.39(W0.47),DSF=1.00,CFL=15.90/19.50,ICFLp95=18.45,LD=0,SF=0.91,LP=0,DVFS=0
01-16 13:12:20.007  7295  7529 I VrApi   : FPS=72/72,Prd=46ms,Tear=0,Early=72,Stale=0,Stale2/5/10/max=0/0/0/0,VSnc=1,Lat=1,Fov=0D,CPU4/GPU=5/3,1478/490MHz,OC=FF,TA=0/70/70,SP=N/F/F,Mem=2092MHz,Free=7001MB,PLS=0,Temp=25.5C/0.0C,TW=1.53ms,App=5.76ms,GD=0.65ms,CPU&GPU=10.08ms,LCnt=2(DR72,LM2),GPU%=0.60,CPU%=0.45(W0.52),DSF=1.00,CFL=15.77/19.49,ICFLp95=18.35,LD=0,SF=0.91,LP=0,DVFS=0
01-16 13:12:21.007  7295  7529 I VrApi   : FPS=72/72,Prd=46ms,Tear=0,Early=72,Stale=0,Stale2/5/10/max=0/0/0/0,VSnc=1,Lat=1,Fov=0D,CPU4/GPU=5/3,1478/490MHz,OC=FF,TA=0/70/70,SP=N/F/F,Mem=2092MHz,Free=7001MB,PLS=0,Temp=25.5C/0.0C,TW=1.54ms,App=5.60ms,GD=0.65ms,CPU&GPU=10.16ms,LCnt=2(DR72,LM2),GPU%=0.60,CPU%=0.38(W0.42),DSF=1.00,CFL=15.79/19.66,ICFLp95=18.37,LD=0,SF=0.91,LP=0,DVFS=0
01-16 13:12:22.007  7295  7529 I VrApi   : FPS=72/72,Prd=46ms,Tear=0,Early=72,Stale=0,Stale2/5/10/max=0/0/0/0,VSnc=1,Lat=1,Fov=0D,CPU4/GPU=5/3,1478/490MHz,OC=FF,TA=0/70/70,SP=N/F/F,Mem=2092MHz,Free=7001MB,PLS=0,Temp=25.7C/0.0C,TW=1.54ms,App=5.85ms,GD=0.66ms,CPU&GPU=10.21ms,LCnt=2(DR72,LM2),GPU%=0.61,CPU%=0.32(W0.35),DSF=1.00,CFL=15.76/19.45,ICFLp95=18.45,LD=0,SF=0.91,LP=0,DVFS=0
01-16 13:12:23.007  7295  7529 I VrApi   : FPS=72/72,Prd=46ms,Tear=0,Early=72,Stale=0,Stale2/5/10/max=0/0/0/0,VSnc=1,Lat=1,Fov=0D,CPU4/GPU=5/3,1478/490MHz,OC=FF,TA=0/70/70,SP=N/F/F,Mem=2092MHz,Free=7001MB,PLS=0,Temp=25.7C/0.0C,TW=1.53ms,App=5.73ms,GD=0.67ms,CPU&GPU=10.23ms,LCnt=2(DR72,LM2),GPU%=0.60,CPU%=0.36(W0.39),DSF=1.00,CFL=15.75/19.79,ICFLp95=18.34,LD=0,SF=0.91,LP=0,DVFS=0
01-16 13:12:24.007  7295  7529 I VrApi   : FPS=72/72,Prd=46ms,Tear=0,Early=72,Stale=0,Stale2/5/10/max=0/0/0/0,VSnc=1,Lat=1,Fov=0D,CPU4/GPU=5/3,1478/490MHz,OC=FF,TA=0/70/70,SP=N/F/F,Mem=2092MHz,Free=7001MB,PLS=0,Temp=25.7C/0.0C,TW=1.53ms,App=5.58ms,GD=0.65ms,CPU&GPU=10.31ms,LCnt=2(DR72,LM2),GPU%=0.59,CPU%=0.39(W0.44),DSF=1.00,CFL=15.84/19.86,ICFLp95=18.40,LD=0,SF=0.91,LP=0,DVFS=0
01-16 13:12:25.007  7295  7529 I VrApi   : FPS=72/72,Prd=46ms,Tear=0,Early=72,Stale=0,Stale2/5/10/max=0/0/0/0,VSnc=1,Lat=1,Fov=0D,CPU4/GPU=5/3,1478/490MHz,OC=FF,TA=0/70/70,SP=N/F/F,Mem=2092MHz,Free=7001MB,PLS=0,Temp=25.7C/0.0C,TW=1.53ms,App=5.80ms,GD=0.65ms,CPU&GPU=10.22ms,LCnt=2(DR72,LM2),GPU%=0.60,CPU%=0.32(W0.33),DSF=1.00,CFL=15.87/19.36,ICFLp95=18.45,LD=0,SF=0.91,LP=0,DVFS=0
01-16 13:12:26.007  7295  7529 I VrApi   : FPS=72/72,Prd=46ms,Tear=0,Early=72,Stale=0,Stale2/5/10/max=0/0/0/0,VSnc=1,Lat=1,Fov=0D,CPU4/GPU=5/3,1478/490MHz,OC=FF,TA=0/70/70,SP=N/F/F,Mem=2092MHz,Free=7001MB,PLS=0,Temp=25.7C/0.0C,TW=1.54ms,App=5.82ms,GD=0.65ms,CPU&GPU=10.22ms,LCnt=2(DR72,LM2),GPU%=0.60,CPU%=0.36(W0.38),DSF=1.00,CFL=15.52/20.16,ICFLp95=18.44,LD=0,SF=0.91,LP=0,DVFS=0
01-16 13:12:27.007  7295  7529 I VrApi   : FPS=72/72,Prd=46ms,Tear=0,Early=72,Stale=0,Stale2/5/10/max=0/0/0/0,VSnc=1,Lat=1,Fov=0D,CPU4/GPU=5/3,1478/490MHz,OC=FF,TA=0/70/70,SP=N/F/F,Mem=2092MHz,Free=7001MB,PLS=0,Temp=25.7C/0.0C,TW=1.53ms,App=5.83ms,GD=0.64ms,CPU&GPU=10.30ms,LCnt=2(DR72,LM2),GPU%=0.60,CPU%=0.42(W0.45),DSF=1.00,CFL=15.87/19.55,ICFLp95=18.42,LD=0,SF=0.91,LP=0,DVFS=0
01-16 13:12:28.007  7295  7529 I VrApi   : FPS=72/72,Prd=46ms,Tear=0,Early=72,Stale=0,Stale2/5/10/max=0/0/0/0,VSnc=1,Lat=1,Fov=0D,CPU4/GPU=5/3,1478/490MHz,OC=FF,TA=0/70/70,SP=N/F/F,Mem=2092MHz,Free=7001MB,PLS=0,Temp=25.7C/0.0C,TW=1.55ms,App=5.68ms,GD=0.67ms,CPU&GPU=10.26ms,LCnt=2(DR72,LM2),GPU%=0.59,CPU%=0.38(W0.39),DSF=1.00,CFL=15.89/19.57,ICFLp95=18.40,LD=0,SF=0.91,LP=0,DVFS=0
01-16 13:12:29.007  7295  7529 I VrApi   : FPS=72/72,Prd=46ms,Tear=0,Early=72,Stale=0,Stale2/5/10/max=0/0/0/0,VSnc=1,Lat=1,Fov=0D,CPU4/GPU=5/3,1478/490MHz,OC=FF,TA=0/70/70,SP=N/F/F,Mem=2092MHz,Free=7001MB,PLS=0,Temp=25.7C/0.0C,TW=1.55ms,App=5.61ms,GD=0.66ms,CPU&GPU=10.08ms,LCnt=2(DR72,LM2),GPU%=0.60,CPU%=0.38(W0.42),DSF=1.00,CFL=15.75/20.02,ICFLp95=18.53,LD=0,SF=0.91,LP=0,DVFS=0
01-16 13:12:30.007  7295  7529 I VrApi   : FPS=69/72,Prd=46ms,Tear=0,Early=72,Stale=0,Stale2/5/10/max=0/0/0/0,VSnc=1,Lat=1,Fov=0D,CPU4/GPU=5/2,1670/490MHz,OC=FF,TA=0/70/70,SP=N/F/F,Mem=2092MHz,Free=7001MB,PLS=0,Temp=25.7C/0.0C,TW=1.65ms,App=2.19ms,GD=0.70ms,CPU&GPU=9.96ms,LCnt=2(DR72,LM2),GPU%=0.22,CPU%=0.41(W0.63),DSF=1.00,CFL=15.78/19.29,ICFLp95=18.34,LD=0,SF=0.91,LP=0,DVFS=0
01-16 13:12:31.007  7295  7529 I VrApi   : FPS=60/72,Prd=42ms,Tear=0,Early=51,Stale=18,Stale2/5/10/max=1/2/0/5,VSnc=1,Lat=1,Fov=0D,CPU4/GPU=5/4,1478/441MHz,OC=FF,TA=0/70/70,SP=N/F/F,Mem=2092MHz,Free=7001MB,PLS=0,Temp=25.7C/0.0C,TW=1.48ms,App=6.09ms,GD=0.64ms,CPU&GPU=9.25ms,LCnt=2(DR72,LM2),GPU%=0.62,CPU%=0.40(W0.43),DSF=1.00,CFL=15.62/19.31,ICFLp95=18.36,LD=0,SF=0.91,LP=0,DVFS=0
01-16 13:12:31.872  3186  3386 I VrApi   : OVR::Stats thread Resume
01-16 13:12:31.877  2265  2826 I VrApi   : OVR::Stats thread Resume
01-16 13:12:31.912  2265  2826 I VrApi   : OVR::Stats thread started
01-16 13:12:31.932  2479  2822 I VrApi   : OVR::Stats thread Resume
01-16 13:12:31.950  2479  2822 I VrApi   : OVR::Stats thread started
01-16 13:12:31.970  3186  3386 I VrApi   : OVR::Stats thread started
