12-16 20:39:21.057  5231  5496 I VrApi   : FPS=70/72,Prd=0ms,Tear=0,Early=0,Stale=9,Stale2/5/10/max=0/1/0/6,VSnc=1,Lat=0,Fov=0,CPU4/GPU=3/4,1382/525MHz,OC=FF,TA=0/70/0,SP=N/F/N,Mem=1555MHz,Free=8113MB,PLS=0,Temp=27.0C/0.0C,TW=1.80ms,App=-0.71ms,GD=0.00ms,CPU&GPU=14.29ms,LCnt=1(DR22,LM0),GPU%=0.22,CPU%=0.02(W0.05),DSF=1.00,CFL=18.17/23.23,ICFLp95=21.95,LD=1,SF=1.21,LP=0,DVFS=0
12-16 20:39:22.057  5231  5496 I VrApi   : FPS=68/72,Prd=0ms,Tear=0,Early=0,Stale=13,Stale2/5/10/max=0/2/0/5,VSnc=1,Lat=0,Fov=0,CPU4/GPU=3/4,1382/525MHz,OC=FF,TA=0/70/0,SP=N/F/N,Mem=1555MHz,Free=8113MB,PLS=0,Temp=27.0C/0.0C,TW=1.52ms,App=0.56ms,GD=0.00ms,CPU&GPU=14.94ms,LCnt=1(DR73,LM0),GPU%=0.18,CPU%=0.14(W0.18),DSF=1.00,CFL=18.04/21.82,ICFLp95=20.60,LD=1,SF=1.21,LP=0,DVFS=0
12-16 20:39:23.057  5231  5496 I VrApi   : FPS=73/72,Prd=0ms,Tear=0,Early=0,Stale=0,Stale2/5/10/max=0/0/0/0,VSnc=1,Lat=0,Fov=0,CPU4/GPU=3/4,1382/525MHz,OC=FF,TA=0/70/0,SP=N/F/N,Mem=1555MHz,Free=8113MB,PLS=0,Temp=27.0C/0.0C,TW=1.43ms,App=0.85ms,GD=0.00ms,CPU&GPU=13.86ms,LCnt=1(DR72,LM0),GPU%=0.21,CPU%=0.22(W0.29),DSF=1.00,CFL=17.76/21.70,ICFLp95=20.49,LD=1,SF=1.21,LP=0,DVFS=0
12-16 20:39:24.057  5231  5496 I VrApi   : FPS=72/72,Prd=0ms,Tear=0,Early=0,Stale=6,Stale2/5/10/max=2/0/0/3,VSnc=1,Lat=0,Fov=0,CPU4/GPU=3/4,1382/525MHz,OC=FF,TA=0/70/0,SP=N/F/N,Mem=1555MHz,Free=8113MB,PLS=0,Temp=27.2C/0.0C,TW=3.18ms,App=0.63ms,GD=0.25ms,CPU&GPU=14.01ms,LCnt=2(DR3,LM0),GPU%=0.32,CPU%=0.25(W0.29),DSF=1.00,CFL=17.70/22.48,ICFLp95=21.54,LD=1,SF=1.21,LP=0,DVFS=0
12-16 20:39:24.507  2955  3059 I VrApi   : OVR::Stats thread Resume
12-16 20:39:24.518  2955  3059 I VrApi   : OVR::Stats thread started
12-16 20:39:24.560  5231  5268 W VrApi   : ovr_SubmitFrameInternal: FrameIndex discontinuity: Expected 56222, Received 56221
12-16 20:39:24.562  5231  5268 I VrApi   : ---------- vrapi_LeaveVrMode [start] ----------
12-16 20:39:24.569  5231  5268 I VrApi   : OVR::Stats thread stopped
12-16 20:39:24.597  5231  5268 I VrApi   : ---------- vrapi_LeaveVrMode [end] ----------
12-16 20:39:34.415  2955  3059 I VrApi   : OVR::Stats thread Suspend
12-16 20:39:34.418  2955  3059 I VrApi   : OVR::Stats thread stopped
12-16 20:39:34.556  5231  5268 I VrApi   : ---------- vrapi_EnterVrMode [start] ----------
12-16 20:39:34.570  5231  5268 I VrApi   : ovrModeParms::VRAPI_MODE_FLAG_RESET_WINDOW_FULLSCREEN = 0
12-16 20:39:34.571  5231  5268 I VrApi   : ovrModeParms::VRAPI_MODE_FLAG_NATIVE_WINDOW = 1
12-16 20:39:34.571  5231  5268 I VrApi   : ovrModeParms::VRAPI_MODE_FLAG_FRONT_BUFFER_SRGB = 0
12-16 20:39:34.571  5231  5268 I VrApi   : ovrModeParms::VRAPI_MODE_FLAG_PHASE_SYNC = 0
12-16 20:39:34.571  5231  5268 I VrApi   : ovrModeParms::VRAPI_MODE_FLAG_APP_SPACE_WARP = 0
12-16 20:39:34.571  5231  5268 I VrApi   : PhaseSync disabled
12-16 20:39:34.571  5231  5268 W VrApi   : Operating without a sensor.
12-16 20:39:34.588  5231  5268 I VrApi   : Creating Default swapchain
12-16 20:39:34.588  5231  5268 I VrApi   : Creating Loading Icon swapchain
12-16 20:39:34.588  5231  5268 I VrApi   : OVR::Stats thread started
12-16 20:39:34.588  5231  5268 I VrApi   : Initial BaseVsync 84963 
12-16 20:39:34.588  5231  5268 I VrApi   : ---------- vrapi_EnterVrMode [end] ----------
12-16 20:39:34.629  2955  3059 I VrApi   : OVR::Stats thread Resume
12-16 20:39:34.659  2955  3059 I VrApi   : OVR::Stats thread started
12-16 20:39:34.666  5231  5268 I VrApi   : MakeNonblockingRequest: blocked for 4.29ms
12-16 20:39:34.788  5231  5268 W VrApi   : ovr_SubmitFrameInternal: FrameIndex discontinuity: Expected 56225, Received 56226
12-16 20:39:36.007  5231  9968 I VrApi   : FPS=60/72,Prd=0ms,Tear=0,Early=0,Stale=19,Stale2/5/10/max=3/0/1/15,VSnc=1,Lat=0,Fov=0,CPU4/GPU=3/4,1382/525MHz,OC=FF,TA=0/70/0,SP=N/F/N,Mem=2092MHz,Free=8067MB,PLS=0,Temp=27.2C/0.0C,TW=1.46ms,App=0.57ms,GD=0.00ms,CPU&GPU=173.83ms,LCnt=1(DR64,LM0),GPU%=0.17,CPU%=0.14(W0.23),DSF=1.00,CFL=17.35/27.11,ICFLp95=24.29,LD=1,SF=1.21,LP=0,DVFS=0
12-16 20:39:37.001  5231  9968 I VrApi   : FPS=73/72,Prd=0ms,Tear=0,Early=0,Stale=19,Stale2/5/10/max=3/0/1/15,VSnc=1,Lat=0,Fov=0,CPU4/GPU=3/4,1382/525MHz,OC=FF,TA=0/70/0,SP=N/F/N,Mem=1555MHz,Free=8067MB,PLS=0,Temp=27.2C/0.0C,TW=3.18ms,App=-0.12ms,GD=0.24ms,CPU&GPU=13.82ms,LCnt=1(DR64,LM0),GPU%=0.31,CPU%=0.17(W0.19),DSF=1.00,CFL=17.35/27.11,ICFLp95=24.29,LD=1,SF=1.21,LP=0,DVFS=0
12-16 20:39:38.001  5231  9968 I VrApi   : FPS=71/72,Prd=0ms,Tear=0,Early=0,Stale=0,Stale2/5/10/max=0/0/0/0,VSnc=1,Lat=0,Fov=0,CPU4/GPU=3/4,1382/525MHz,OC=FF,TA=0/70/0,SP=N/F/N,Mem=1555MHz,Free=8067MB,PLS=0,Temp=27.2C/0.0C,TW=3.18ms,App=0.70ms,GD=0.25ms,CPU&GPU=13.94ms,LCnt=2(DR4,LM0),GPU%=0.31,CPU%=0.19(W0.33),DSF=1.00,CFL=18.50/22.34,ICFLp95=21.24,LD=1,SF=1.21,LP=0,DVFS=0
12-16 20:39:38.839  5231  5268 W VrApi   : ovr_SubmitFrameInternal: FrameIndex discontinuity: Expected 56486, Received 56487
12-16 20:39:38.855  5231  5268 W VrApi   : ovr_SubmitFrameInternal: FrameIndex discontinuity: Expected 56488, Received 56489
12-16 20:39:38.891  5231  5268 W VrApi   : ovr_SubmitFrameInternal: FrameIndex discontinuity: Expected 56490, Received 56491
12-16 20:39:38.927  5231  5268 W VrApi   : ovr_SubmitFrameInternal: FrameIndex discontinuity: Expected 56495, Received 56496
12-16 20:39:38.949  5231  5268 W VrApi   : ovr_SubmitFrameInternal: FrameIndex discontinuity: Expected 56497, Received 56498
12-16 20:39:39.001  5231  9968 I VrApi   : FPS=71/72,Prd=0ms,Tear=0,Early=0,Stale=6,Stale2/5/10/max=2/0/0/3,VSnc=1,Lat=0,Fov=0,CPU4/GPU=3/4,1382/525MHz,OC=FF,TA=0/70/0,SP=N/F/N,Mem=1555MHz,Free=8067MB,PLS=0,Temp=27.2C/0.0C,TW=3.18ms,App=1.37ms,GD=0.25ms,CPU&GPU=13.94ms,LCnt=2(DR0,LM0),GPU%=0.20,CPU%=0.16(W0.22),DSF=1.00,CFL=18.57/22.16,ICFLp95=21.10,LD=1,SF=1.21,LP=0,DVFS=0
12-16 20:39:39.593  2955  3059 I VrApi   : OVR::Stats thread Suspend
12-16 20:39:39.597  2955  3059 I VrApi   : OVR::Stats thread stopped
12-16 20:39:39.685  5231  5268 W VrApi   : ovr_SubmitFrameInternal: FrameIndex discontinuity: Expected 56548, Received 56549
12-16 20:39:40.001  5231  9968 I VrApi   : FPS=55/72,Prd=0ms,Tear=0,Early=0,Stale=29,Stale2/5/10/max=1/1/0/6,VSnc=1,Lat=0,Fov=0,CPU4/GPU=3/4,1382/525MHz,OC=FF,TA=0/70/0,SP=N/F/N,Mem=1555MHz,Free=8067MB,PLS=0,Temp=27.2C/0.0C,TW=1.81ms,App=0.24ms,GD=0.00ms,CPU&GPU=14.24ms,LCnt=1(DR7,LM0),GPU%=0.21,CPU%=0.11(W0.14),DSF=1.00,CFL=18.42/22.38,ICFLp95=21.08,LD=1,SF=1.21,LP=0,DVFS=0
12-16 20:39:40.029  5231  5268 W VrApi   : Warning: app-submitted vsync 85365 for display time 1133.451s exceeds max future display vsync -- clamping to 85358
12-16 20:39:40.085  5231  5268 W VrApi   : Warning: app-submitted vsync 85366 for display time 1133.465s exceeds max future display vsync -- clamping to 85362
12-16 20:39:40.140  5231  5268 W VrApi   : Warning: app-submitted vsync 85367 for display time 1133.479s exceeds max future display vsync -- clamping to 85366
12-16 20:39:40.196  5231  5268 W VrApi   : Warning: app-submitted vsync 85378 for display time 1133.632s exceeds max future display vsync -- clamping to 85370
12-16 20:39:40.251  5231  5268 W VrApi   : Warning: app-submitted vsync 85379 for display time 1133.646s exceeds max future display vsync -- clamping to 85374
12-16 20:39:40.307  5231  5268 W VrApi   : Warning: app-submitted vsync 85383 for display time 1133.701s exceeds max future display vsync -- clamping to 85378
12-16 20:39:40.362  5231  5268 W VrApi   : Warning: app-submitted vsync 85387 for display time 1133.757s exceeds max future display vsync -- clamping to 85382
12-16 20:39:40.432  5231  5268 W VrApi   : ovr_SubmitFrameInternal: FrameIndex discontinuity: Expected 56582, Received 56583
12-16 20:39:40.432  5231  5268 W VrApi   : Warning: app-submitted vsync 85395 for display time 1133.868s exceeds max future display vsync -- clamping to 85387
12-16 20:39:40.487  5231  5268 W VrApi   : Warning: app-submitted vsync 85396 for display time 1133.882s exceeds max future display vsync -- clamping to 85391
12-16 20:39:40.543  5231  5268 W VrApi   : Warning: app-submitted vsync 85400 for display time 1133.937s exceeds max future display vsync -- clamping to 85395
12-16 20:39:40.598  5231  5268 W VrApi   : Warning: app-submitted vsync 85404 for display time 1133.993s exceeds max future display vsync -- clamping to 85399
12-16 20:39:40.654  5231  5268 W VrApi   : Warning: app-submitted vsync 85408 for display time 1134.049s exceeds max future display vsync -- clamping to 85403
12-16 20:39:40.710  5231  5268 W VrApi   : Warning: app-submitted vsync 85412 for display time 1134.104s exceeds max future display vsync -- clamping to 85407
12-16 20:39:40.765  5231  5268 W VrApi   : Warning: app-submitted vsync 85416 for display time 1134.160s exceeds max future display vsync -- clamping to 85411
12-16 20:39:40.821  5231  5268 W VrApi   : Warning: app-submitted vsync 85420 for display time 1134.215s exceeds max future display vsync -- clamping to 85415
12-16 20:39:40.876  5231  5268 W VrApi   : Warning: app-submitted vsync 85424 for display time 1134.271s exceeds max future display vsync -- clamping to 85419
12-16 20:39:40.932  5231  5268 W VrApi   : Warning: app-submitted vsync 85428 for display time 1134.326s exceeds max future display vsync -- clamping to 85423
12-16 20:39:40.987  5231  5268 W VrApi   : Warning: app-submitted vsync 85432 for display time 1134.382s exceeds max future display vsync -- clamping to 85427
12-16 20:39:41.001  5231  9968 I VrApi   : FPS=70/72,Prd=0ms,Tear=0,Early=0,Stale=61,Stale2/5/10/max=0/0/1/54,VSnc=1,Lat=0,Fov=0,CPU4/GPU=3/4,1382/525MHz,OC=FF,TA=0/70/0,SP=N/F/N,Mem=1555MHz,Free=8067MB,PLS=0,Temp=27.2C/0.0C,TW=1.52ms,App=4.37ms,GD=0.00ms,CPU&GPU=14.20ms,LCnt=1(DR73,LM0),GPU%=0.13,CPU%=0.03(W0.05),DSF=1.00,CFL=17.98/21.91,ICFLp95=20.72,LD=1,SF=1.21,LP=0,DVFS=0
12-16 20:39:41.043  5231  5268 W VrApi   : Warning: app-submitted vsync 85436 for display time 1134.437s exceeds max future display vsync -- clamping to 85431
12-16 20:39:41.098  5231  5268 W VrApi   : Warning: app-submitted vsync 85440 for display time 1134.493s exceeds max future display vsync -- clamping to 85435
12-16 20:39:41.154  5231  5268 W VrApi   : Warning: app-submitted vsync 85444 for display time 1134.548s exceeds max future display vsync -- clamping to 85439
12-16 20:39:41.210  5231  5268 W VrApi   : Warning: app-submitted vsync 85448 for display time 1134.604s exceeds max future display vsync -- clamping to 85443
12-16 20:39:41.265  5231  5268 W VrApi   : Warning: app-submitted vsync 85452 for display time 1134.660s exceeds max future display vsync -- clamping to 85447
12-16 20:39:41.320  5231  5268 W VrApi   : Warning: app-submitted vsync 85455 for display time 1134.701s exceeds max future display vsync -- clamping to 85451
12-16 20:39:41.376  5231  5268 W VrApi   : Warning: app-submitted vsync 85459 for display time 1134.757s exceeds max future display vsync -- clamping to 85455
12-16 20:39:41.431  5231  5268 W VrApi   : Warning: app-submitted vsync 85464 for display time 1134.826s exceeds max future display vsync -- clamping to 85459
12-16 20:39:41.487  5231  5268 W VrApi   : Warning: app-submitted vsync 85468 for display time 1134.882s exceeds max future display vsync -- clamping to 85463
12-16 20:39:41.542  5231  5268 W VrApi   : Warning: app-submitted vsync 85472 for display time 1134.937s exceeds max future display vsync -- clamping to 85467
12-16 20:39:41.598  5231  5268 W VrApi   : Warning: app-submitted vsync 85476 for display time 1134.993s exceeds max future display vsync -- clamping to 85471
12-16 20:39:41.653  5231  5268 W VrApi   : Warning: app-submitted vsync 85480 for display time 1135.048s exceeds max future display vsync -- clamping to 85475
12-16 20:39:41.709  5231  5268 W VrApi   : Warning: app-submitted vsync 85484 for display time 1135.104s exceeds max future display vsync -- clamping to 85479
12-16 20:39:41.764  5231  5268 W VrApi   : Warning: app-submitted vsync 85488 for display time 1135.159s exceeds max future display vsync -- clamping to 85483
12-16 20:39:41.820  5231  5268 W VrApi   : Warning: app-submitted vsync 85492 for display time 1135.215s exceeds max future display vsync -- clamping to 85487
12-16 20:39:41.876  5231  5268 W VrApi   : Warning: app-submitted vsync 85496 for display time 1135.271s exceeds max future display vsync -- clamping to 85491
12-16 20:39:41.931  5231  5268 W VrApi   : Warning: app-submitted vsync 85500 for display time 1135.326s exceeds max future display vsync -- clamping to 85495
12-16 20:39:41.987  5231  5268 W VrApi   : Warning: app-submitted vsync 85504 for display time 1135.382s exceeds max future display vsync -- clamping to 85499
12-16 20:39:42.001  5231  9968 I VrApi   : FPS=32/72,Prd=0ms,Tear=0,Early=27,Stale=58,Stale2/5/10/max=13/0/1/41,VSnc=1,Lat=0,Fov=0,CPU4/GPU=3/4,1382/525MHz,OC=FF,TA=0/70/0,SP=N/F/N,Mem=1555MHz,Free=8067MB,PLS=0,Temp=27.2C/0.0C,TW=3.17ms,App=6.53ms,GD=0.24ms,CPU&GPU=23.75ms,LCnt=1(DR73,LM0),GPU%=0.27,CPU%=0.14(W0.22),DSF=1.00,CFL=17.90/21.53,ICFLp95=20.47,LD=1,SF=1.21,LP=0,DVFS=0
12-16 20:39:42.042  5231  5268 W VrApi   : Warning: app-submitted vsync 85508 for display time 1135.437s exceeds max future display vsync -- clamping to 85503
12-16 20:39:42.098  5231  5268 W VrApi   : Warning: app-submitted vsync 85512 for display time 1135.493s exceeds max future display vsync -- clamping to 85507
12-16 20:39:42.153  5231  5268 W VrApi   : Warning: app-submitted vsync 85516 for display time 1135.548s exceeds max future display vsync -- clamping to 85511
12-16 20:39:42.209  5231  5268 W VrApi   : Warning: app-submitted vsync 85520 for display time 1135.604s exceeds max future display vsync -- clamping to 85515
12-16 20:39:42.264  5231  5268 W VrApi   : Warning: app-submitted vsync 85524 for display time 1135.659s exceeds max future display vsync -- clamping to 85519
12-16 20:39:42.320  5231  5268 W VrApi   : Warning: app-submitted vsync 85528 for display time 1135.715s exceeds max future display vsync -- clamping to 85523
12-16 20:39:42.375  5231  5268 W VrApi   : Warning: app-submitted vsync 85532 for display time 1135.770s exceeds max future display vsync -- clamping to 85527
12-16 20:39:42.431  5231  5268 W VrApi   : Warning: app-submitted vsync 85536 for display time 1135.826s exceeds max future display vsync -- clamping to 85531
12-16 20:39:42.487  5231  5268 W VrApi   : Warning: app-submitted vsync 85540 for display time 1135.882s exceeds max future display vsync -- clamping to 85535
12-16 20:39:42.542  5231  5268 W VrApi   : Warning: app-submitted vsync 85544 for display time 1135.937s exceeds max future display vsync -- clamping to 85539
12-16 20:39:42.598  5231  5268 W VrApi   : Warning: app-submitted vsync 85548 for display time 1135.993s exceeds max future display vsync -- clamping to 85543
12-16 20:39:42.653  5231  5268 W VrApi   : Warning: app-submitted vsync 85552 for display time 1136.048s exceeds max future display vsync -- clamping to 85547
12-16 20:39:42.709  5231  5268 W VrApi   : Warning: app-submitted vsync 85556 for display time 1136.104s exceeds max future display vsync -- clamping to 85551
12-16 20:39:42.764  5231  5268 W VrApi   : Warning: app-submitted vsync 85560 for display time 1136.159s exceeds max future display vsync -- clamping to 85555
12-16 20:39:42.820  5231  5268 W VrApi   : Warning: app-submitted vsync 85564 for display time 1136.215s exceeds max future display vsync -- clamping to 85559
12-16 20:39:42.875  5231  5268 W VrApi   : Warning: app-submitted vsync 85568 for display time 1136.270s exceeds max future display vsync -- clamping to 85563
12-16 20:39:42.931  5231  5268 W VrApi   : Warning: app-submitted vsync 85572 for display time 1136.326s exceeds max future display vsync -- clamping to 85567
12-16 20:39:42.987  5231  5268 W VrApi   : Warning: app-submitted vsync 85576 for display time 1136.382s exceeds max future display vsync -- clamping to 85571
12-16 20:39:43.001  5231  9968 I VrApi   : FPS=19/72,Prd=0ms,Tear=0,Early=37,Stale=55,Stale2/5/10/max=18/0/0/3,VSnc=1,Lat=0,Fov=0,CPU4/GPU=3/4,1382/525MHz,OC=FF,TA=0/70/0,SP=N/F/N,Mem=1555MHz,Free=8067MB,PLS=0,Temp=27.2C/0.0C,TW=3.17ms,App=1.16ms,GD=0.25ms,CPU&GPU=35.53ms,LCnt=2(DR27,LM0),GPU%=0.28,CPU%=0.09(W0.21),DSF=1.00,CFL=17.92/21.90,ICFLp95=20.90,LD=1,SF=1.21,LP=0,DVFS=0
12-16 20:39:43.028  5231  5268 W VrApi   : ovr_SubmitFrameInternal: FrameIndex discontinuity: Expected 56631, Received 56632
12-16 20:39:43.056  5231  5268 W VrApi   : Warning: app-submitted vsync 85583 for display time 1136.479s exceeds max future display vsync -- clamping to 85576
12-16 20:39:43.111  5231  5268 W VrApi   : Warning: app-submitted vsync 85585 for display time 1136.506s exceeds max future display vsync -- clamping to 85580
12-16 20:39:43.181  5231  5268 W VrApi   : ovr_SubmitFrameInternal: FrameIndex discontinuity: Expected 56636, Received 56637
12-16 20:39:43.181  5231  5268 W VrApi   : Warning: app-submitted vsync 85593 for display time 1136.618s exceeds max future display vsync -- clamping to 85585
12-16 20:39:43.223  5231  5268 W VrApi   : ovr_SubmitFrameInternal: FrameIndex discontinuity: Expected 56639, Received 56640
12-16 20:39:43.292  5231  5268 W VrApi   : Warning: app-submitted vsync 85600 for display time 1136.715s exceeds max future display vsync -- clamping to 85593
12-16 20:39:43.347  5231  5268 W VrApi   : Warning: app-submitted vsync 85602 for display time 1136.743s exceeds max future display vsync -- clamping to 85597
12-16 20:39:43.403  5231  5268 W VrApi   : Warning: app-submitted vsync 85606 for display time 1136.798s exceeds max future display vsync -- clamping to 85601
12-16 20:39:43.459  5231  5268 W VrApi   : Warning: app-submitted vsync 85610 for display time 1136.854s exceeds max future display vsync -- clamping to 85605
12-16 20:39:43.515  5231  5268 W VrApi   : Warning: app-submitted vsync 85614 for display time 1136.909s exceeds max future display vsync -- clamping to 85609
12-16 20:39:43.556  5231  5268 W VrApi   : ovr_SubmitFrameInternal: FrameIndex discontinuity: Expected 56650, Received 56651
12-16 20:39:43.598  5231  5268 W VrApi   : Warning: app-submitted vsync 85622 for display time 1137.020s exceeds max future display vsync -- clamping to 85615
12-16 20:39:43.654  5231  5268 W VrApi   : Warning: app-submitted vsync 85624 for display time 1137.048s exceeds max future display vsync -- clamping to 85619
12-16 20:39:43.695  5231  5268 W VrApi   : ovr_SubmitFrameInternal: FrameIndex discontinuity: Expected 56656, Received 56657
12-16 20:39:44.001  5231  9968 I VrApi   : FPS=19/72,Prd=0ms,Tear=0,Early=37,Stale=55,Stale2/5/10/max=18/0/0/3,VSnc=1,Lat=0,Fov=0,CPU4/GPU=3/4,1382/525MHz,OC=FF,TA=0/70/0,SP=N/N/N,Mem=1555MHz,Free=8067MB,PLS=0,Temp=27.2C/0.0C,TW=1.50ms,App=-4.06ms,GD=0.00ms,CPU&GPU=47.94ms,LCnt=2(DR0,LM0),GPU%=0.17,CPU%=0.08(W0.10),DSF=1.00,CFL=18.39/22.44,ICFLp95=20.97,LD=1,SF=1.21,LP=0,DVFS=0
12-16 20:39:44.242  5231  5268 W VrApi   : ovr_SubmitFrameInternal: FrameIndex discontinuity: Expected 56686, Received 56687
12-16 20:39:44.256  5231  5268 W VrApi   : ovr_SubmitFrameInternal: FrameIndex discontinuity: Expected 56688, Received 56689
12-16 20:39:44.270  5231  5268 W VrApi   : ovr_SubmitFrameInternal: FrameIndex discontinuity: Expected 56690, Received 56691
12-16 20:39:44.306  5231  5268 W VrApi   : ovr_SubmitFrameInternal: FrameIndex discontinuity: Expected 56692, Received 56693
12-16 20:39:44.390  5231  5268 W VrApi   : Warning: app-submitted vsync 85674 for display time 1137.742s exceeds max future display vsync -- clamping to 85672
12-16 20:39:44.501  5231  5268 W VrApi   : Warning: app-submitted vsync 85687 for display time 1137.923s exceeds max future display vsync -- clamping to 85680
12-16 20:39:44.556  5231  5268 W VrApi   : Warning: app-submitted vsync 85689 for display time 1137.951s exceeds max future display vsync -- clamping to 85684
12-16 20:39:44.626  5231  5268 W VrApi   : ovr_SubmitFrameInternal: FrameIndex discontinuity: Expected 56701, Received 56702
12-16 20:39:44.626  5231  5268 W VrApi   : Warning: app-submitted vsync 85697 for display time 1138.062s exceeds max future display vsync -- clamping to 85689
12-16 20:39:44.681  5231  5268 W VrApi   : Warning: app-submitted vsync 85698 for display time 1138.076s exceeds max future display vsync -- clamping to 85693
12-16 20:39:44.737  5231  5268 W VrApi   : Warning: app-submitted vsync 85702 for display time 1138.131s exceeds max future display vsync -- clamping to 85697
12-16 20:39:44.779  5231  5268 W VrApi   : ovr_SubmitFrameInternal: FrameIndex discontinuity: Expected 56706, Received 56707
12-16 20:39:44.806  5231  5268 W VrApi   : Warning: app-submitted vsync 85709 for display time 1138.228s exceeds max future display vsync -- clamping to 85702
12-16 20:39:44.862  5231  5268 W VrApi   : Warning: app-submitted vsync 85711 for display time 1138.256s exceeds max future display vsync -- clamping to 85706
12-16 20:39:44.931  5231  5268 W VrApi   : ovr_SubmitFrameInternal: FrameIndex discontinuity: Expected 56711, Received 56712
12-16 20:39:44.959  5231  5268 W VrApi   : Warning: app-submitted vsync 85720 for display time 1138.381s exceeds max future display vsync -- clamping to 85713
12-16 20:39:45.001  5231  9968 I VrApi   : FPS=32/72,Prd=0ms,Tear=0,Early=33,Stale=43,Stale2/5/10/max=15/0/0/4,VSnc=1,Lat=0,Fov=0,CPU4/GPU=3/4,1382/525MHz,OC=FF,TA=0/70/0,SP=N/F/N,Mem=1555MHz,Free=8067MB,PLS=0,Temp=27.2C/0.0C,TW=1.58ms,App=2.75ms,GD=0.00ms,CPU&GPU=40.57ms,LCnt=1(DR33,LM0),GPU%=0.15,CPU%=0.08(W0.14),DSF=1.00,CFL=18.00/22.25,ICFLp95=20.99,LD=1,SF=1.21,LP=0,DVFS=0
12-16 20:39:45.029  5231  5268 W VrApi   : ovr_SubmitFrameInternal: FrameIndex discontinuity: Expected 56715, Received 56716
12-16 20:39:46.001  5231  9968 I VrApi   : FPS=42/72,Prd=0ms,Tear=0,Early=16,Stale=60,Stale2/5/10/max=7/0/1/35,VSnc=1,Lat=0,Fov=0,CPU4/GPU=3/4,1382/525MHz,OC=FF,TA=0/70/0,SP=N/F/N,Mem=1555MHz,Free=8067MB,PLS=0,Temp=27.2C/0.0C,TW=1.57ms,App=-0.38ms,GD=0.00ms,CPU&GPU=26.42ms,LCnt=1(DR73,LM0),GPU%=0.19,CPU%=0.03(W0.05),DSF=1.00,CFL=17.90/21.91,ICFLp95=20.52,LD=1,SF=1.21,LP=0,DVFS=0
12-16 20:39:47.001  5231  9968 I VrApi   : FPS=72/72,Prd=0ms,Tear=0,Early=8,Stale=13,Stale2/5/10/max=5/0/0/3,VSnc=1,Lat=0,Fov=0,CPU4/GPU=3/4,1382/525MHz,OC=FF,TA=0/70/0,SP=N/F/N,Mem=1555MHz,Free=8067MB,PLS=0,Temp=27.2C/0.0C,TW=1.58ms,App=0.80ms,GD=0.00ms,CPU&GPU=13.86ms,LCnt=1(DR73,LM0),GPU%=0.19,CPU%=0.15(W0.18),DSF=1.00,CFL=17.66/21.39,ICFLp95=20.31,LD=1,SF=1.21,LP=0,DVFS=0
12-16 20:39:48.001  5231  9968 I VrApi   : FPS=73/72,Prd=0ms,Tear=0,Early=0,Stale=0,Stale2/5/10/max=0/0/0/0,VSnc=1,Lat=0,Fov=0,CPU4/GPU=3/4,1382/525MHz,OC=FF,TA=0/70/0,SP=N/F/N,Mem=1555MHz,Free=8067MB,PLS=0,Temp=27.2C/0.0C,TW=1.58ms,App=0.73ms,GD=0.00ms,CPU&GPU=13.85ms,LCnt=1(DR73,LM0),GPU%=0.18,CPU%=0.09(W0.14),DSF=1.00,CFL=17.60/21.41,ICFLp95=20.25,LD=1,SF=1.21,LP=0,DVFS=0
12-16 20:39:49.001  5231  9968 I VrApi   : FPS=63/72,Prd=0ms,Tear=0,Early=0,Stale=24,Stale2/5/10/max=2/2/0/8,VSnc=1,Lat=0,Fov=0,CPU4/GPU=3/4,1382/525MHz,OC=FF,TA=0/70/0,SP=N/F/N,Mem=1555MHz,Free=8067MB,PLS=0,Temp=27.2C/0.0C,TW=1.52ms,App=0.56ms,GD=0.00ms,CPU&GPU=15.77ms,LCnt=1(DR73,LM0),GPU%=0.19,CPU%=0.10(W0.19),DSF=1.00,CFL=17.69/21.74,ICFLp95=20.50,LD=1,SF=1.21,LP=0,DVFS=0
12-16 20:39:50.002  5231  9968 I VrApi   : FPS=72/72,Prd=0ms,Tear=0,Early=0,Stale=8,Stale2/5/10/max=0/0/1/10,VSnc=1,Lat=0,Fov=0,CPU4/GPU=3/4,1382/525MHz,OC=FF,TA=0/70/0,SP=N/F/N,Mem=1555MHz,Free=8067MB,PLS=0,Temp=27.2C/0.0C,TW=1.55ms,App=0.84ms,GD=0.00ms,CPU&GPU=14.07ms,LCnt=1(DR72,LM0),GPU%=0.19,CPU%=0.09(W0.14),DSF=1.00,CFL=17.78/21.45,ICFLp95=20.44,LD=1,SF=1.21,LP=0,DVFS=0
12-16 20:39:50.486  5231  5268 W VrApi   : ovr_SubmitFrameInternal: FrameIndex discontinuity: Expected 57089, Received 57090
12-16 20:39:51.002  5231  9968 I VrApi   : FPS=68/72,Prd=0ms,Tear=0,Early=0,Stale=7,Stale2/5/10/max=2/0/0/4,VSnc=1,Lat=0,Fov=0,CPU4/GPU=3/4,1382/525MHz,OC=FF,TA=0/70/0,SP=N/F/N,Mem=1555MHz,Free=8067MB,PLS=0,Temp=27.2C/0.0C,TW=1.88ms,App=1.74ms,GD=0.00ms,CPU&GPU=14.84ms,LCnt=1(DR73,LM0),GPU%=0.21,CPU%=0.14(W0.22),DSF=1.00,CFL=17.55/21.71,ICFLp95=20.40,LD=1,SF=1.21,LP=0,DVFS=0
12-16 20:39:52.002  5231  9968 I VrApi   : FPS=66/72,Prd=0ms,Tear=0,Early=0,Stale=20,Stale2/5/10/max=3/0/1/10,VSnc=1,Lat=0,Fov=0,CPU4/GPU=3/4,1382/525MHz,OC=FF,TA=0/70/0,SP=N/F/N,Mem=1555MHz,Free=8067MB,PLS=0,Temp=27.2C/0.0C,TW=1.87ms,App=0.71ms,GD=0.00ms,CPU&GPU=15.23ms,LCnt=1(DR73,LM0),GPU%=0.15,CPU%=0.06(W0.14),DSF=1.00,CFL=17.87/21.56,ICFLp95=20.54,LD=1,SF=1.21,LP=0,DVFS=0
12-16 20:39:52.114  5231  5268 W VrApi   : ovr_SubmitFrameInternal: FrameIndex discontinuity: Expected 57180, Received 57181
12-16 20:39:52.558  5231  5268 W VrApi   : ovr_SubmitFrameInternal: FrameIndex discontinuity: Expected 57213, Received 57214
12-16 20:39:53.002  5231  9968 I VrApi   : FPS=49/72,Prd=0ms,Tear=0,Early=0,Stale=34,Stale2/5/10/max=1/0/0/2,VSnc=1,Lat=0,Fov=0,CPU4/GPU=3/4,1382/525MHz,OC=FF,TA=0/70/0,SP=N/F/N,Mem=1555MHz,Free=8067MB,PLS=0,Temp=27.2C/0.0C,TW=1.89ms,App=-0.14ms,GD=0.00ms,CPU&GPU=19.33ms,LCnt=1(DR73,LM0),GPU%=0.22,CPU%=0.24(W0.26),DSF=1.00,CFL=17.91/22.29,ICFLp95=20.58,LD=1,SF=1.21,LP=0,DVFS=0
12-16 20:39:53.110  5231  5268 W VrApi   : Warning: app-submitted vsync 86314 for display time 1146.630s exceeds max future display vsync -- clamping to 86300
12-16 20:39:53.166  5231  5268 W VrApi   : Warning: app-submitted vsync 86315 for display time 1146.644s exceeds max future display vsync -- clamping to 86304
12-16 20:39:53.222  5231  5268 W VrApi   : Warning: app-submitted vsync 86316 for display time 1146.658s exceeds max future display vsync -- clamping to 86308
12-16 20:39:53.277  5231  5268 W VrApi   : Warning: app-submitted vsync 86317 for display time 1146.672s exceeds max future display vsync -- clamping to 86312
12-16 20:39:53.333  5231  5268 W VrApi   : Warning: app-submitted vsync 86328 for display time 1146.824s exceeds max future display vsync -- clamping to 86316
12-16 20:39:53.388  5231  5268 W VrApi   : Warning: app-submitted vsync 86329 for display time 1146.838s exceeds max future display vsync -- clamping to 86320
12-16 20:39:53.444  5231  5268 W VrApi   : Warning: app-submitted vsync 86332 for display time 1146.880s exceeds max future display vsync -- clamping to 86324
12-16 20:39:53.499  5231  5268 W VrApi   : Warning: app-submitted vsync 86335 for display time 1146.922s exceeds max future display vsync -- clamping to 86328
12-16 20:39:53.555  5231  5268 W VrApi   : Warning: app-submitted vsync 86339 for display time 1146.977s exceeds max future display vsync -- clamping to 86332
12-16 20:39:53.610  5231  5268 W VrApi   : Warning: app-submitted vsync 86343 for display time 1147.033s exceeds max future display vsync -- clamping to 86336
12-16 20:39:53.666  5231  5268 W VrApi   : Warning: app-submitted vsync 86348 for display time 1147.102s exceeds max future display vsync -- clamping to 86340
12-16 20:39:53.722  5231  5268 W VrApi   : Warning: app-submitted vsync 86351 for display time 1147.144s exceeds max future display vsync -- clamping to 86344
12-16 20:39:53.777  5231  5268 W VrApi   : Warning: app-submitted vsync 86355 for display time 1147.199s exceeds max future display vsync -- clamping to 86348
12-16 20:39:53.833  5231  5268 W VrApi   : Warning: app-submitted vsync 86360 for display time 1147.269s exceeds max future display vsync -- clamping to 86352
12-16 20:39:53.888  5231  5268 W VrApi   : Warning: app-submitted vsync 86364 for display time 1147.324s exceeds max future display vsync -- clamping to 86356
12-16 20:39:53.944  5231  5268 W VrApi   : Warning: app-submitted vsync 86368 for display time 1147.380s exceeds max future display vsync -- clamping to 86360
12-16 20:39:54.000  5231  5268 W VrApi   : Warning: app-submitted vsync 86372 for display time 1147.435s exceeds max future display vsync -- clamping to 86364
12-16 20:39:54.002  5231  9968 I VrApi   : FPS=73/72,Prd=0ms,Tear=0,Early=0,Stale=55,Stale2/5/10/max=0/0/1/85,VSnc=1,Lat=0,Fov=0,CPU4/GPU=3/4,1382/525MHz,OC=FF,TA=0/70/0,SP=N/F/N,Mem=1804MHz,Free=8067MB,PLS=0,Temp=27.2C/0.0C,TW=1.87ms,App=6.37ms,GD=0.00ms,CPU&GPU=14.75ms,LCnt=1(DR73,LM0),GPU%=0.16,CPU%=0.11(W0.15),DSF=1.00,CFL=17.81/21.57,ICFLp95=20.57,LD=1,SF=1.21,LP=0,DVFS=0
